<testsuites id="" name="" tests="574" failures="550" skipped="0" errors="0" time="261.55456">
<testsuite name="accessibility.spec.ts" timestamp="2025-10-02T17:03:39.228Z" hostname="chromium" tests="16" failures="7" skipped="0" time="64.15" errors="0">
<testcase name="Accessibility › should have proper heading structure" classname="accessibility.spec.ts" time="9.367">
<failure message="accessibility.spec.ts:21:7 should have proper heading structure" type="FAILURE">
<![CDATA[  [chromium] › accessibility.spec.ts:21:7 › Accessibility › should have proper heading structure ───

    Error: expect(locator).toBeVisible() failed

    Locator:  getByRole('heading', { name: 'Test Area' })
    Expected: visible
    Received: <element(s) not found>
    Timeout:  5000ms

    Call log:
      - Expect "toBeVisible" with timeout 5000ms
      - waiting for getByRole('heading', { name: 'Test Area' })


      22 |     // Check for proper heading hierarchy
      23 |     await expect(page.getByRole('heading', { name: 'Accessibility Testing' })).toBeVisible()
    > 24 |     await expect(page.getByRole('heading', { name: 'Test Area' })).toBeVisible()
         |                                                                    ^
      25 |     await expect(page.getByRole('heading', { name: 'WCAG 2.1 Guidelines' })).toBeVisible()
      26 |   })
      27 |
        at /Users/nuno-peakros/Documents/Peakros OS/namedrop/tests/accessibility.spec.ts:24:68

    attachment #1: screenshot (image/png) ──────────────────────────────────────────────────────────
    ../test-results/accessibility-Accessibilit-3d715-ve-proper-heading-structure-chromium/test-failed-1.png
    ────────────────────────────────────────────────────────────────────────────────────────────────

    attachment #2: video (video/webm) ──────────────────────────────────────────────────────────────
    ../test-results/accessibility-Accessibilit-3d715-ve-proper-heading-structure-chromium/video.webm
    ────────────────────────────────────────────────────────────────────────────────────────────────

    Error Context: ../test-results/accessibility-Accessibilit-3d715-ve-proper-heading-structure-chromium/error-context.md
]]>
</failure>
<system-out>
<![CDATA[
[[ATTACHMENT|accessibility-Accessibilit-3d715-ve-proper-heading-structure-chromium/test-failed-1.png]]

[[ATTACHMENT|accessibility-Accessibilit-3d715-ve-proper-heading-structure-chromium/video.webm]]

[[ATTACHMENT|accessibility-Accessibilit-3d715-ve-proper-heading-structure-chromium/error-context.md]]
]]>
</system-out>
</testcase>
<testcase name="Accessibility › should be keyboard navigable" classname="accessibility.spec.ts" time="8.035">
<failure message="accessibility.spec.ts:28:7 should be keyboard navigable" type="FAILURE">
<![CDATA[  [chromium] › accessibility.spec.ts:28:7 › Accessibility › should be keyboard navigable ───────────

    Error: expect(locator).toBeVisible() failed

    Locator:  locator(':focus')
    Expected: visible
    Received: <element(s) not found>
    Timeout:  5000ms

    Call log:
      - Expect "toBeVisible" with timeout 5000ms
      - waiting for locator(':focus')


      33 |     // Test Shift+Tab navigation
      34 |     await page.keyboard.press('Shift+Tab')
    > 35 |     await expect(page.locator(':focus')).toBeVisible()
         |                                          ^
      36 |     
      37 |     // Test Enter key activation
      38 |     await page.keyboard.press('Tab')
        at /Users/nuno-peakros/Documents/Peakros OS/namedrop/tests/accessibility.spec.ts:35:42

    attachment #1: screenshot (image/png) ──────────────────────────────────────────────────────────
    ../test-results/accessibility-Accessibility-should-be-keyboard-navigable-chromium/test-failed-1.png
    ────────────────────────────────────────────────────────────────────────────────────────────────

    attachment #2: video (video/webm) ──────────────────────────────────────────────────────────────
    ../test-results/accessibility-Accessibility-should-be-keyboard-navigable-chromium/video.webm
    ────────────────────────────────────────────────────────────────────────────────────────────────

    Error Context: ../test-results/accessibility-Accessibility-should-be-keyboard-navigable-chromium/error-context.md
]]>
</failure>
<system-out>
<![CDATA[
[[ATTACHMENT|accessibility-Accessibility-should-be-keyboard-navigable-chromium/test-failed-1.png]]

[[ATTACHMENT|accessibility-Accessibility-should-be-keyboard-navigable-chromium/video.webm]]

[[ATTACHMENT|accessibility-Accessibility-should-be-keyboard-navigable-chromium/error-context.md]]
]]>
</system-out>
</testcase>
<testcase name="Accessibility › should have proper focus indicators" classname="accessibility.spec.ts" time="6.264">
</testcase>
<testcase name="Accessibility › should have proper ARIA attributes" classname="accessibility.spec.ts" time="3.498">
<failure message="accessibility.spec.ts:64:7 should have proper ARIA attributes" type="FAILURE">
<![CDATA[  [chromium] › accessibility.spec.ts:64:7 › Accessibility › should have proper ARIA attributes ─────

    Error: expect.toBeVisible: Error: strict mode violation: getByRole('button') resolved to 17 elements:
        1) <button data-slot="button" class="inline-flex items-center justify-center whitespace-nowrap text-sm font-medium transition-all disabled:pointer-events-none disabled:opacity-50 [&_svg]:pointer-events-none [&_svg:not([class*='size-'])]:size-4 shrink-0 [&_svg]:shrink-0 outline-none focus-visible:border-ring focus-visible:ring-ring/50 focus-visible:ring-[3px] aria-invalid:ring-destructive/20 dark:aria-invalid:ring-destructive/40 aria-invalid:border-destructive hover:bg-accent dark:hover:bg-accent/50 h-8 r…>Dashboard</button> aka getByRole('button', { name: 'Dashboard' })
        2) <button data-slot="button" class="inline-flex items-center justify-center whitespace-nowrap text-sm font-medium transition-all disabled:pointer-events-none disabled:opacity-50 [&_svg]:pointer-events-none [&_svg:not([class*='size-'])]:size-4 shrink-0 [&_svg]:shrink-0 outline-none focus-visible:border-ring focus-visible:ring-ring/50 focus-visible:ring-[3px] aria-invalid:ring-destructive/20 dark:aria-invalid:ring-destructive/40 aria-invalid:border-destructive hover:bg-accent dark:hover:bg-accent/50 h-8 r…>Users</button> aka getByRole('button', { name: 'Users' })
        3) <button data-slot="button" class="inline-flex items-center justify-center whitespace-nowrap text-sm font-medium transition-all disabled:pointer-events-none disabled:opacity-50 [&_svg]:pointer-events-none [&_svg:not([class*='size-'])]:size-4 shrink-0 [&_svg]:shrink-0 outline-none focus-visible:border-ring focus-visible:ring-ring/50 focus-visible:ring-[3px] aria-invalid:ring-destructive/20 dark:aria-invalid:ring-destructive/40 aria-invalid:border-destructive hover:bg-accent dark:hover:bg-accent/50 h-8 r…>Analytics</button> aka getByRole('button', { name: 'Analytics' })
        4) <button data-slot="button" class="inline-flex items-center justify-center whitespace-nowrap text-sm font-medium transition-all disabled:pointer-events-none disabled:opacity-50 [&_svg]:pointer-events-none [&_svg:not([class*='size-'])]:size-4 shrink-0 [&_svg]:shrink-0 outline-none focus-visible:border-ring focus-visible:ring-ring/50 focus-visible:ring-[3px] aria-invalid:ring-destructive/20 dark:aria-invalid:ring-destructive/40 aria-invalid:border-destructive hover:bg-accent dark:hover:bg-accent/50 h-8 r…>Settings</button> aka getByRole('button', { name: 'Settings' })
        5) <button type="button" data-state="closed" aria-haspopup="menu" id="radix-_R_ad5rlb_" aria-expanded="false" data-slot="dropdown-menu-trigger" class="justify-center gap-2 whitespace-nowrap rounded-md text-sm font-medium transition-all disabled:pointer-events-none disabled:opacity-50 [&_svg]:pointer-events-none [&_svg:not([class*='size-'])]:size-4 shrink-0 [&_svg]:shrink-0 outline-none focus-visible:border-ring focus-visible:ring-ring/50 focus-visible:ring-[3px] aria-invalid:ring-destructive/20 dark:aria…>…</button> aka getByRole('button', { name: 'D Demo Administrator admin@' })
        6) <button class="px-4 py-2 bg-primary text-primary-foreground rounded-md hover:bg-primary/90">Accessible Button</button> aka getByRole('button', { name: 'Accessible Button' })
        7) <button class="px-4 py-2 bg-secondary text-secondary-foreground rounded-md hover:bg-secondary/80">Secondary Button</button> aka getByRole('button', { name: 'Secondary Button' })
        8) <button data-slot="button" class="inline-flex items-center justify-center gap-2 whitespace-nowrap rounded-md text-sm font-medium transition-all disabled:pointer-events-none disabled:opacity-50 [&_svg]:pointer-events-none [&_svg:not([class*='size-'])]:size-4 shrink-0 [&_svg]:shrink-0 outline-none focus-visible:border-ring focus-visible:ring-ring/50 focus-visible:ring-[3px] aria-invalid:ring-destructive/20 dark:aria-invalid:ring-destructive/40 aria-invalid:border-destructive bg-primary text-primary-fore…>Test All Elements</button> aka getByRole('button', { name: 'Test All Elements' })
        9) <button data-slot="button" class="inline-flex items-center justify-center gap-2 whitespace-nowrap rounded-md text-sm font-medium transition-all disabled:pointer-events-none disabled:opacity-50 [&_svg]:pointer-events-none [&_svg:not([class*='size-'])]:size-4 shrink-0 [&_svg]:shrink-0 outline-none focus-visible:border-ring focus-visible:ring-ring/50 focus-visible:ring-[3px] aria-invalid:ring-destructive/20 dark:aria-invalid:ring-destructive/40 aria-invalid:border-destructive border bg-background shadow-…>Clear Results</button> aka getByRole('button', { name: 'Clear Results' })
        10) <button class="px-3 py-2 border border-input rounded-md hover:bg-accent focus:ring-2 focus:ring-ring">Button 1</button> aka getByRole('button', { name: 'Button 1' })
        ...

    Call log:
      - Expect "toBeVisible" with timeout 5000ms
      - waiting for getByRole('button')


      64 |   test('should have proper ARIA attributes', async ({ page }) => {
      65 |     // Check for proper ARIA roles
    > 66 |     await expect(page.getByRole('button')).toBeVisible()
         |                                            ^
      67 |     await expect(page.getByRole('textbox')).toBeVisible()
      68 |     await expect(page.getByRole('checkbox')).toBeVisible()
      69 |     await expect(page.getByRole('radio')).toBeVisible()
        at /Users/nuno-peakros/Documents/Peakros OS/namedrop/tests/accessibility.spec.ts:66:44

    attachment #1: screenshot (image/png) ──────────────────────────────────────────────────────────
    ../test-results/accessibility-Accessibilit-c1c7a-have-proper-ARIA-attributes-chromium/test-failed-1.png
    ────────────────────────────────────────────────────────────────────────────────────────────────

    attachment #2: video (video/webm) ──────────────────────────────────────────────────────────────
    ../test-results/accessibility-Accessibilit-c1c7a-have-proper-ARIA-attributes-chromium/video.webm
    ────────────────────────────────────────────────────────────────────────────────────────────────

    Error Context: ../test-results/accessibility-Accessibilit-c1c7a-have-proper-ARIA-attributes-chromium/error-context.md
]]>
</failure>
<system-out>
<![CDATA[
[[ATTACHMENT|accessibility-Accessibilit-c1c7a-have-proper-ARIA-attributes-chromium/test-failed-1.png]]

[[ATTACHMENT|accessibility-Accessibilit-c1c7a-have-proper-ARIA-attributes-chromium/video.webm]]

[[ATTACHMENT|accessibility-Accessibilit-c1c7a-have-proper-ARIA-attributes-chromium/error-context.md]]
]]>
</system-out>
</testcase>
<testcase name="Accessibility › should have proper form labels" classname="accessibility.spec.ts" time="3.46">
<failure message="accessibility.spec.ts:83:7 should have proper form labels" type="FAILURE">
<![CDATA[  [chromium] › accessibility.spec.ts:83:7 › Accessibility › should have proper form labels ─────────

    Error: expect(received).toBe(expected) // Object.is equality

    Expected: true
    Received: false

       95 |         return false
       96 |       })
    >  97 |       expect(hasLabel).toBe(true)
          |                        ^
       98 |     }
       99 |   })
      100 |
        at /Users/nuno-peakros/Documents/Peakros OS/namedrop/tests/accessibility.spec.ts:97:24

    attachment #1: screenshot (image/png) ──────────────────────────────────────────────────────────
    ../test-results/accessibility-Accessibility-should-have-proper-form-labels-chromium/test-failed-1.png
    ────────────────────────────────────────────────────────────────────────────────────────────────

    attachment #2: video (video/webm) ──────────────────────────────────────────────────────────────
    ../test-results/accessibility-Accessibility-should-have-proper-form-labels-chromium/video.webm
    ────────────────────────────────────────────────────────────────────────────────────────────────

    Error Context: ../test-results/accessibility-Accessibility-should-have-proper-form-labels-chromium/error-context.md
]]>
</failure>
<system-out>
<![CDATA[
[[ATTACHMENT|accessibility-Accessibility-should-have-proper-form-labels-chromium/test-failed-1.png]]

[[ATTACHMENT|accessibility-Accessibility-should-have-proper-form-labels-chromium/video.webm]]

[[ATTACHMENT|accessibility-Accessibility-should-have-proper-form-labels-chromium/error-context.md]]
]]>
</system-out>
</testcase>
<testcase name="Accessibility › should have proper color contrast" classname="accessibility.spec.ts" time="3.904">
</testcase>
<testcase name="Accessibility › should handle screen reader announcements" classname="accessibility.spec.ts" time="4.275">
</testcase>
<testcase name="Accessibility › should have proper table structure" classname="accessibility.spec.ts" time="3.503">
</testcase>
<testcase name="Accessibility › should handle modal accessibility" classname="accessibility.spec.ts" time="2.417">
</testcase>
<testcase name="Accessibility › should have proper error handling" classname="accessibility.spec.ts" time="2.639">
</testcase>
<testcase name="Accessibility › should be responsive and accessible on mobile" classname="accessibility.spec.ts" time="2.533">
<failure message="accessibility.spec.ts:182:7 should be responsive and accessible on mobile" type="FAILURE">
<![CDATA[  [chromium] › accessibility.spec.ts:182:7 › Accessibility › should be responsive and accessible on mobile 

    Error: page.tap: The page does not support tap. Use hasTouch context option to enable touch support.

      188 |     
      189 |     // Test touch navigation
    > 190 |     await page.tap('button')
          |                ^
      191 |     
      192 |     // Check if focus is visible on touch
      193 |     const focusedElement = page.locator(':focus')
        at /Users/nuno-peakros/Documents/Peakros OS/namedrop/tests/accessibility.spec.ts:190:16

    attachment #1: screenshot (image/png) ──────────────────────────────────────────────────────────
    ../test-results/accessibility-Accessibilit-f55d3-ve-and-accessible-on-mobile-chromium/test-failed-1.png
    ────────────────────────────────────────────────────────────────────────────────────────────────

    Error Context: ../test-results/accessibility-Accessibilit-f55d3-ve-and-accessible-on-mobile-chromium/error-context.md
]]>
</failure>
<system-out>
<![CDATA[
[[ATTACHMENT|accessibility-Accessibilit-f55d3-ve-and-accessible-on-mobile-chromium/test-failed-1.png]]

[[ATTACHMENT|accessibility-Accessibilit-f55d3-ve-and-accessible-on-mobile-chromium/error-context.md]]
]]>
</system-out>
</testcase>
<testcase name="Accessibility › should handle high contrast mode" classname="accessibility.spec.ts" time="2.423">
</testcase>
<testcase name="Accessibility › should have proper skip links" classname="accessibility.spec.ts" time="2.482">
<failure message="accessibility.spec.ts:217:7 should have proper skip links" type="FAILURE">
<![CDATA[  [chromium] › accessibility.spec.ts:217:7 › Accessibility › should have proper skip links ─────────

    Error: expect(received).toBeGreaterThan(expected)

    Expected: > 0
    Received:   0

      218 |     // Check if skip links are present
      219 |     const skipLinks = page.locator('a[href^="#"]')
    > 220 |     expect(await skipLinks.count()).toBeGreaterThan(0)
          |                                     ^
      221 |     
      222 |     // Test skip link functionality
      223 |     const skipLink = skipLinks.first()
        at /Users/nuno-peakros/Documents/Peakros OS/namedrop/tests/accessibility.spec.ts:220:37

    attachment #1: screenshot (image/png) ──────────────────────────────────────────────────────────
    ../test-results/accessibility-Accessibility-should-have-proper-skip-links-chromium/test-failed-1.png
    ────────────────────────────────────────────────────────────────────────────────────────────────

    Error Context: ../test-results/accessibility-Accessibility-should-have-proper-skip-links-chromium/error-context.md
]]>
</failure>
<system-out>
<![CDATA[
[[ATTACHMENT|accessibility-Accessibility-should-have-proper-skip-links-chromium/test-failed-1.png]]

[[ATTACHMENT|accessibility-Accessibility-should-have-proper-skip-links-chromium/error-context.md]]
]]>
</system-out>
</testcase>
<testcase name="Accessibility › should handle reduced motion preferences" classname="accessibility.spec.ts" time="3.111">
</testcase>
<testcase name="Accessibility › should have proper language attributes" classname="accessibility.spec.ts" time="3.125">
<failure message="accessibility.spec.ts:255:7 should have proper language attributes" type="FAILURE">
<![CDATA[  [chromium] › accessibility.spec.ts:255:7 › Accessibility › should have proper language attributes 

    Error: expect(received).toBeTruthy()

    Received: null

      262 |     const body = page.locator('body')
      263 |     const bodyLang = await body.getAttribute('lang')
    > 264 |     expect(bodyLang).toBeTruthy()
          |                      ^
      265 |   })
      266 |
      267 |   test('should handle zoom up to 200%', async ({ page }) => {
        at /Users/nuno-peakros/Documents/Peakros OS/namedrop/tests/accessibility.spec.ts:264:22

    attachment #1: screenshot (image/png) ──────────────────────────────────────────────────────────
    ../test-results/accessibility-Accessibilit-648f2--proper-language-attributes-chromium/test-failed-1.png
    ────────────────────────────────────────────────────────────────────────────────────────────────

    attachment #2: video (video/webm) ──────────────────────────────────────────────────────────────
    ../test-results/accessibility-Accessibilit-648f2--proper-language-attributes-chromium/video.webm
    ────────────────────────────────────────────────────────────────────────────────────────────────

    Error Context: ../test-results/accessibility-Accessibilit-648f2--proper-language-attributes-chromium/error-context.md
]]>
</failure>
<system-out>
<![CDATA[
[[ATTACHMENT|accessibility-Accessibilit-648f2--proper-language-attributes-chromium/test-failed-1.png]]

[[ATTACHMENT|accessibility-Accessibilit-648f2--proper-language-attributes-chromium/video.webm]]

[[ATTACHMENT|accessibility-Accessibilit-648f2--proper-language-attributes-chromium/error-context.md]]
]]>
</system-out>
</testcase>
<testcase name="Accessibility › should handle zoom up to 200%" classname="accessibility.spec.ts" time="3.114">
</testcase>
</testsuite>
<testsuite name="auth-flow.spec.ts" timestamp="2025-10-02T17:03:39.228Z" hostname="chromium" tests="14" failures="9" skipped="0" time="118.914" errors="0">
<testcase name="Authentication Flow › should display login form correctly" classname="auth-flow.spec.ts" time="2.531">
</testcase>
<testcase name="Authentication Flow › should show validation errors for invalid input" classname="auth-flow.spec.ts" time="7.645">
<failure message="auth-flow.spec.ts:34:7 should show validation errors for invalid input" type="FAILURE">
<![CDATA[  [chromium] › auth-flow.spec.ts:34:7 › Authentication Flow › should show validation errors for invalid input 

    Error: expect(locator).toBeVisible() failed

    Locator:  getByText('Invalid email')
    Expected: visible
    Received: <element(s) not found>
    Timeout:  5000ms

    Call log:
      - Expect "toBeVisible" with timeout 5000ms
      - waiting for getByText('Invalid email')


      39 |
      40 |     // Check validation errors
    > 41 |     await expect(page.getByText('Invalid email')).toBeVisible()
         |                                                   ^
      42 |     await expect(page.getByText('String must contain at least 8 character(s)')).toBeVisible()
      43 |   })
      44 |
        at /Users/nuno-peakros/Documents/Peakros OS/namedrop/tests/auth-flow.spec.ts:41:51

    attachment #1: screenshot (image/png) ──────────────────────────────────────────────────────────
    ../test-results/auth-flow-Authentication-F-80f65-on-errors-for-invalid-input-chromium/test-failed-1.png
    ────────────────────────────────────────────────────────────────────────────────────────────────

    attachment #2: video (video/webm) ──────────────────────────────────────────────────────────────
    ../test-results/auth-flow-Authentication-F-80f65-on-errors-for-invalid-input-chromium/video.webm
    ────────────────────────────────────────────────────────────────────────────────────────────────

    Error Context: ../test-results/auth-flow-Authentication-F-80f65-on-errors-for-invalid-input-chromium/error-context.md
]]>
</failure>
<system-out>
<![CDATA[
[[ATTACHMENT|auth-flow-Authentication-F-80f65-on-errors-for-invalid-input-chromium/test-failed-1.png]]

[[ATTACHMENT|auth-flow-Authentication-F-80f65-on-errors-for-invalid-input-chromium/video.webm]]

[[ATTACHMENT|auth-flow-Authentication-F-80f65-on-errors-for-invalid-input-chromium/error-context.md]]
]]>
</system-out>
</testcase>
<testcase name="Authentication Flow › should handle login with invalid credentials" classname="auth-flow.spec.ts" time="2.376">
</testcase>
<testcase name="Authentication Flow › should handle successful login" classname="auth-flow.spec.ts" time="9.044">
<failure message="auth-flow.spec.ts:70:7 should handle successful login" type="FAILURE">
<![CDATA[  [chromium] › auth-flow.spec.ts:70:7 › Authentication Flow › should handle successful login ───────

    Error: expect(locator).toBeVisible() failed

    Locator:  getByText('Signing in...')
    Expected: visible
    Received: <element(s) not found>
    Timeout:  5000ms

    Call log:
      - Expect "toBeVisible" with timeout 5000ms
      - waiting for getByText('Signing in...')
        - waiting for" http://localhost:3000/dashboard" navigation to finish...
        - navigated to "http://localhost:3000/dashboard"


       99 |
      100 |     // Check loading state
    > 101 |     await expect(page.getByText('Signing in...')).toBeVisible()
          |                                                   ^
      102 |
      103 |     // Check redirect to dashboard
      104 |     await expect(page).toHaveURL('/dashboard')
        at /Users/nuno-peakros/Documents/Peakros OS/namedrop/tests/auth-flow.spec.ts:101:51

    attachment #1: screenshot (image/png) ──────────────────────────────────────────────────────────
    ../test-results/auth-flow-Authentication-Flow-should-handle-successful-login-chromium/test-failed-1.png
    ────────────────────────────────────────────────────────────────────────────────────────────────

    attachment #2: video (video/webm) ──────────────────────────────────────────────────────────────
    ../test-results/auth-flow-Authentication-Flow-should-handle-successful-login-chromium/video.webm
    ────────────────────────────────────────────────────────────────────────────────────────────────

    Error Context: ../test-results/auth-flow-Authentication-Flow-should-handle-successful-login-chromium/error-context.md
]]>
</failure>
<system-out>
<![CDATA[
[[ATTACHMENT|auth-flow-Authentication-Flow-should-handle-successful-login-chromium/test-failed-1.png]]

[[ATTACHMENT|auth-flow-Authentication-Flow-should-handle-successful-login-chromium/video.webm]]

[[ATTACHMENT|auth-flow-Authentication-Flow-should-handle-successful-login-chromium/error-context.md]]
]]>
</system-out>
</testcase>
<testcase name="Authentication Flow › should handle rate limiting" classname="auth-flow.spec.ts" time="2.41">
</testcase>
<testcase name="Authentication Flow › should navigate to email verification page" classname="auth-flow.spec.ts" time="10.196">
<failure message="auth-flow.spec.ts:133:7 should navigate to email verification page" type="FAILURE">
<![CDATA[  [chromium] › auth-flow.spec.ts:133:7 › Authentication Flow › should navigate to email verification page 

    Error: expect(locator).toBeVisible() failed

    Locator:  getByText('Verify Email Address')
    Expected: visible
    Received: <element(s) not found>
    Timeout:  5000ms

    Call log:
      - Expect "toBeVisible" with timeout 5000ms
      - waiting for getByText('Verify Email Address')


      136 |
      137 |     // Check page elements
    > 138 |     await expect(page.getByText('Verify Email Address')).toBeVisible()
          |                                                          ^
      139 |     await expect(page.getByText('Please enter the verification code sent to your email')).toBeVisible()
      140 |     await expect(page.getByLabel('Verification Code')).toBeVisible()
      141 |     await expect(page.getByRole('button', { name: 'Verify Email' })).toBeVisible()
        at /Users/nuno-peakros/Documents/Peakros OS/namedrop/tests/auth-flow.spec.ts:138:58

    attachment #1: screenshot (image/png) ──────────────────────────────────────────────────────────
    ../test-results/auth-flow-Authentication-F-399d1--to-email-verification-page-chromium/test-failed-1.png
    ────────────────────────────────────────────────────────────────────────────────────────────────

    attachment #2: video (video/webm) ──────────────────────────────────────────────────────────────
    ../test-results/auth-flow-Authentication-F-399d1--to-email-verification-page-chromium/video.webm
    ────────────────────────────────────────────────────────────────────────────────────────────────

    Error Context: ../test-results/auth-flow-Authentication-F-399d1--to-email-verification-page-chromium/error-context.md
]]>
</failure>
<system-out>
<![CDATA[
[[ATTACHMENT|auth-flow-Authentication-F-399d1--to-email-verification-page-chromium/test-failed-1.png]]

[[ATTACHMENT|auth-flow-Authentication-F-399d1--to-email-verification-page-chromium/video.webm]]

[[ATTACHMENT|auth-flow-Authentication-F-399d1--to-email-verification-page-chromium/error-context.md]]
]]>
</system-out>
</testcase>
<testcase name="Authentication Flow › should handle email verification" classname="auth-flow.spec.ts" time="17.807">
<failure message="auth-flow.spec.ts:145:7 should handle email verification" type="FAILURE">
<![CDATA[  [chromium] › auth-flow.spec.ts:145:7 › Authentication Flow › should handle email verification ────

    TimeoutError: locator.fill: Timeout 10000ms exceeded.
    Call log:
      - waiting for getByLabel('Verification Code')


      165 |
      166 |     // Fill verification code
    > 167 |     await page.getByLabel('Verification Code').fill('verification-code-123')
          |                                                ^
      168 |     await page.getByRole('button', { name: 'Verify Email' }).click()
      169 |
      170 |     // Check success message
        at /Users/nuno-peakros/Documents/Peakros OS/namedrop/tests/auth-flow.spec.ts:167:48

    attachment #1: screenshot (image/png) ──────────────────────────────────────────────────────────
    ../test-results/auth-flow-Authentication-F-cd8b0-d-handle-email-verification-chromium/test-failed-1.png
    ────────────────────────────────────────────────────────────────────────────────────────────────

    attachment #2: video (video/webm) ──────────────────────────────────────────────────────────────
    ../test-results/auth-flow-Authentication-F-cd8b0-d-handle-email-verification-chromium/video.webm
    ────────────────────────────────────────────────────────────────────────────────────────────────

    Error Context: ../test-results/auth-flow-Authentication-F-cd8b0-d-handle-email-verification-chromium/error-context.md
]]>
</failure>
<system-out>
<![CDATA[
[[ATTACHMENT|auth-flow-Authentication-F-cd8b0-d-handle-email-verification-chromium/test-failed-1.png]]

[[ATTACHMENT|auth-flow-Authentication-F-cd8b0-d-handle-email-verification-chromium/video.webm]]

[[ATTACHMENT|auth-flow-Authentication-F-cd8b0-d-handle-email-verification-chromium/error-context.md]]
]]>
</system-out>
</testcase>
<testcase name="Authentication Flow › should handle password reset flow" classname="auth-flow.spec.ts" time="13.271">
<failure message="auth-flow.spec.ts:174:7 should handle password reset flow" type="FAILURE">
<![CDATA[  [chromium] › auth-flow.spec.ts:174:7 › Authentication Flow › should handle password reset flow ───

    Error: expect(locator).toBeVisible() failed

    Locator:  getByText('Reset Password')
    Expected: visible
    Received: <element(s) not found>
    Timeout:  5000ms

    Call log:
      - Expect "toBeVisible" with timeout 5000ms
      - waiting for getByText('Reset Password')


      177 |
      178 |     // Check page elements
    > 179 |     await expect(page.getByText('Reset Password')).toBeVisible()
          |                                                    ^
      180 |     await expect(page.getByText('Enter your email address and we\'ll send you a reset link')).toBeVisible()
      181 |     await expect(page.getByLabel('Email')).toBeVisible()
      182 |     await expect(page.getByRole('button', { name: 'Send Reset Link' })).toBeVisible()
        at /Users/nuno-peakros/Documents/Peakros OS/namedrop/tests/auth-flow.spec.ts:179:52

    attachment #1: screenshot (image/png) ──────────────────────────────────────────────────────────
    ../test-results/auth-flow-Authentication-F-9f37e--handle-password-reset-flow-chromium/test-failed-1.png
    ────────────────────────────────────────────────────────────────────────────────────────────────

    attachment #2: video (video/webm) ──────────────────────────────────────────────────────────────
    ../test-results/auth-flow-Authentication-F-9f37e--handle-password-reset-flow-chromium/video.webm
    ────────────────────────────────────────────────────────────────────────────────────────────────

    Error Context: ../test-results/auth-flow-Authentication-F-9f37e--handle-password-reset-flow-chromium/error-context.md
]]>
</failure>
<system-out>
<![CDATA[
[[ATTACHMENT|auth-flow-Authentication-F-9f37e--handle-password-reset-flow-chromium/test-failed-1.png]]

[[ATTACHMENT|auth-flow-Authentication-F-9f37e--handle-password-reset-flow-chromium/video.webm]]

[[ATTACHMENT|auth-flow-Authentication-F-9f37e--handle-password-reset-flow-chromium/error-context.md]]
]]>
</system-out>
</testcase>
<testcase name="Authentication Flow › should handle password change flow" classname="auth-flow.spec.ts" time="13.202">
<failure message="auth-flow.spec.ts:204:7 should handle password change flow" type="FAILURE">
<![CDATA[  [chromium] › auth-flow.spec.ts:204:7 › Authentication Flow › should handle password change flow ──

    Error: expect(locator).toBeVisible() failed

    Locator:  getByLabel('Confirm New Password')
    Expected: visible
    Received: <element(s) not found>
    Timeout:  5000ms

    Call log:
      - Expect "toBeVisible" with timeout 5000ms
      - waiting for getByLabel('Confirm New Password')


      210 |     await expect(page.getByLabel('Current Password')).toBeVisible()
      211 |     await expect(page.getByLabel('New Password')).toBeVisible()
    > 212 |     await expect(page.getByLabel('Confirm New Password')).toBeVisible()
          |                                                           ^
      213 |     await expect(page.getByRole('button', { name: 'Change Password' })).toBeVisible()
      214 |
      215 |     // Mock API response for password change
        at /Users/nuno-peakros/Documents/Peakros OS/namedrop/tests/auth-flow.spec.ts:212:59

    attachment #1: screenshot (image/png) ──────────────────────────────────────────────────────────
    ../test-results/auth-flow-Authentication-F-2217e-handle-password-change-flow-chromium/test-failed-1.png
    ────────────────────────────────────────────────────────────────────────────────────────────────

    attachment #2: video (video/webm) ──────────────────────────────────────────────────────────────
    ../test-results/auth-flow-Authentication-F-2217e-handle-password-change-flow-chromium/video.webm
    ────────────────────────────────────────────────────────────────────────────────────────────────

    Error Context: ../test-results/auth-flow-Authentication-F-2217e-handle-password-change-flow-chromium/error-context.md
]]>
</failure>
<system-out>
<![CDATA[
[[ATTACHMENT|auth-flow-Authentication-F-2217e-handle-password-change-flow-chromium/test-failed-1.png]]

[[ATTACHMENT|auth-flow-Authentication-F-2217e-handle-password-change-flow-chromium/video.webm]]

[[ATTACHMENT|auth-flow-Authentication-F-2217e-handle-password-change-flow-chromium/error-context.md]]
]]>
</system-out>
</testcase>
<testcase name="Authentication Flow › should validate password confirmation" classname="auth-flow.spec.ts" time="13.843">
<failure message="auth-flow.spec.ts:237:7 should validate password confirmation" type="FAILURE">
<![CDATA[  [chromium] › auth-flow.spec.ts:237:7 › Authentication Flow › should validate password confirmation 

    TimeoutError: locator.fill: Timeout 10000ms exceeded.
    Call log:
      - waiting for getByLabel('Confirm New Password')


      242 |     await page.getByLabel('Current Password').fill('currentPassword123')
      243 |     await page.getByLabel('New Password').fill('newPassword123')
    > 244 |     await page.getByLabel('Confirm New Password').fill('differentPassword123')
          |                                                   ^
      245 |     await page.getByRole('button', { name: 'Change Password' }).click()
      246 |
      247 |     // Check validation error
        at /Users/nuno-peakros/Documents/Peakros OS/namedrop/tests/auth-flow.spec.ts:244:51

    attachment #1: screenshot (image/png) ──────────────────────────────────────────────────────────
    ../test-results/auth-flow-Authentication-F-acb57-idate-password-confirmation-chromium/test-failed-1.png
    ────────────────────────────────────────────────────────────────────────────────────────────────

    attachment #2: video (video/webm) ──────────────────────────────────────────────────────────────
    ../test-results/auth-flow-Authentication-F-acb57-idate-password-confirmation-chromium/video.webm
    ────────────────────────────────────────────────────────────────────────────────────────────────

    Error Context: ../test-results/auth-flow-Authentication-F-acb57-idate-password-confirmation-chromium/error-context.md
]]>
</failure>
<system-out>
<![CDATA[
[[ATTACHMENT|auth-flow-Authentication-F-acb57-idate-password-confirmation-chromium/test-failed-1.png]]

[[ATTACHMENT|auth-flow-Authentication-F-acb57-idate-password-confirmation-chromium/video.webm]]

[[ATTACHMENT|auth-flow-Authentication-F-acb57-idate-password-confirmation-chromium/error-context.md]]
]]>
</system-out>
</testcase>
<testcase name="Authentication Flow › should handle logout" classname="auth-flow.spec.ts" time="9.434">
<failure message="auth-flow.spec.ts:251:7 should handle logout" type="FAILURE">
<![CDATA[  [chromium] › auth-flow.spec.ts:251:7 › Authentication Flow › should handle logout ────────────────

    Error: expect(page).toHaveURL(expected) failed

    Expected string: "http://localhost:3000/login"
    Received string: "http://localhost:3000/dashboard"
    Timeout: 5000ms

    Call log:
      - Expect "toHaveURL" with timeout 5000ms
        9 × unexpected value "http://localhost:3000/dashboard"


      301 |
      302 |     // Check redirect to login page
    > 303 |     await expect(page).toHaveURL('/login')
          |                        ^
      304 |   })
      305 |
      306 |   test('should handle network errors gracefully', async ({ page }) => {
        at /Users/nuno-peakros/Documents/Peakros OS/namedrop/tests/auth-flow.spec.ts:303:24

    attachment #1: screenshot (image/png) ──────────────────────────────────────────────────────────
    ../test-results/auth-flow-Authentication-Flow-should-handle-logout-chromium/test-failed-1.png
    ────────────────────────────────────────────────────────────────────────────────────────────────

    attachment #2: video (video/webm) ──────────────────────────────────────────────────────────────
    ../test-results/auth-flow-Authentication-Flow-should-handle-logout-chromium/video.webm
    ────────────────────────────────────────────────────────────────────────────────────────────────

    Error Context: ../test-results/auth-flow-Authentication-Flow-should-handle-logout-chromium/error-context.md
]]>
</failure>
<system-out>
<![CDATA[
[[ATTACHMENT|auth-flow-Authentication-Flow-should-handle-logout-chromium/test-failed-1.png]]

[[ATTACHMENT|auth-flow-Authentication-Flow-should-handle-logout-chromium/video.webm]]

[[ATTACHMENT|auth-flow-Authentication-Flow-should-handle-logout-chromium/error-context.md]]
]]>
</system-out>
</testcase>
<testcase name="Authentication Flow › should handle network errors gracefully" classname="auth-flow.spec.ts" time="7.249">
<failure message="auth-flow.spec.ts:306:7 should handle network errors gracefully" type="FAILURE">
<![CDATA[  [chromium] › auth-flow.spec.ts:306:7 › Authentication Flow › should handle network errors gracefully 

    Error: expect(locator).toBeVisible() failed

    Locator:  getByText('Network error')
    Expected: visible
    Received: <element(s) not found>
    Timeout:  5000ms

    Call log:
      - Expect "toBeVisible" with timeout 5000ms
      - waiting for getByText('Network error')


      316 |
      317 |     // Check error message
    > 318 |     await expect(page.getByText('Network error')).toBeVisible()
          |                                                   ^
      319 |   })
      320 |
      321 |   test('should be responsive on mobile devices', async ({ page }) => {
        at /Users/nuno-peakros/Documents/Peakros OS/namedrop/tests/auth-flow.spec.ts:318:51

    attachment #1: screenshot (image/png) ──────────────────────────────────────────────────────────
    ../test-results/auth-flow-Authentication-F-8f5fc-e-network-errors-gracefully-chromium/test-failed-1.png
    ────────────────────────────────────────────────────────────────────────────────────────────────

    attachment #2: video (video/webm) ──────────────────────────────────────────────────────────────
    ../test-results/auth-flow-Authentication-F-8f5fc-e-network-errors-gracefully-chromium/video.webm
    ────────────────────────────────────────────────────────────────────────────────────────────────

    Error Context: ../test-results/auth-flow-Authentication-F-8f5fc-e-network-errors-gracefully-chromium/error-context.md
]]>
</failure>
<system-out>
<![CDATA[
[[ATTACHMENT|auth-flow-Authentication-F-8f5fc-e-network-errors-gracefully-chromium/test-failed-1.png]]

[[ATTACHMENT|auth-flow-Authentication-F-8f5fc-e-network-errors-gracefully-chromium/video.webm]]

[[ATTACHMENT|auth-flow-Authentication-F-8f5fc-e-network-errors-gracefully-chromium/error-context.md]]
]]>
</system-out>
</testcase>
<testcase name="Authentication Flow › should be responsive on mobile devices" classname="auth-flow.spec.ts" time="5.056">
</testcase>
<testcase name="Authentication Flow › should have proper accessibility attributes" classname="auth-flow.spec.ts" time="4.85">
</testcase>
</testsuite>
<testsuite name="performance-monitoring.spec.ts" timestamp="2025-10-02T17:03:39.228Z" hostname="chromium" tests="14" failures="9" skipped="0" time="109.246" errors="0">
<testcase name="Performance Monitoring › should display performance metrics" classname="performance-monitoring.spec.ts" time="5.418">
<failure message="performance-monitoring.spec.ts:19:7 should display performance metrics" type="FAILURE">
<![CDATA[  [chromium] › performance-monitoring.spec.ts:19:7 › Performance Monitoring › should display performance metrics 

    Error: expect.toBeVisible: Error: strict mode violation: getByText('Core Web Vitals') resolved to 2 elements:
        1) <div data-slot="card-title" class="leading-none font-semibold">Core Web Vitals</div> aka getByText('Core Web Vitals', { exact: true })
        2) <p class="text-sm text-muted-foreground">Based on Core Web Vitals</p> aka getByText('Based on Core Web Vitals')

    Call log:
      - Expect "toBeVisible" with timeout 5000ms
      - waiting for getByText('Core Web Vitals')


      19 |   test('should display performance metrics', async ({ page }) => {
      20 |     // Check if performance monitor is visible
    > 21 |     await expect(page.getByText('Core Web Vitals')).toBeVisible()
         |                                                     ^
      22 |     await expect(page.getByText('Bundle Size')).toBeVisible()
      23 |     await expect(page.getByText('Performance Score')).toBeVisible()
      24 |   })
        at /Users/nuno-peakros/Documents/Peakros OS/namedrop/tests/performance-monitoring.spec.ts:21:53

    attachment #1: screenshot (image/png) ──────────────────────────────────────────────────────────
    ../test-results/performance-monitoring-Per-117a1-display-performance-metrics-chromium/test-failed-1.png
    ────────────────────────────────────────────────────────────────────────────────────────────────

    attachment #2: video (video/webm) ──────────────────────────────────────────────────────────────
    ../test-results/performance-monitoring-Per-117a1-display-performance-metrics-chromium/video.webm
    ────────────────────────────────────────────────────────────────────────────────────────────────

    Error Context: ../test-results/performance-monitoring-Per-117a1-display-performance-metrics-chromium/error-context.md
]]>
</failure>
<system-out>
<![CDATA[
[[ATTACHMENT|performance-monitoring-Per-117a1-display-performance-metrics-chromium/test-failed-1.png]]

[[ATTACHMENT|performance-monitoring-Per-117a1-display-performance-metrics-chromium/video.webm]]

[[ATTACHMENT|performance-monitoring-Per-117a1-display-performance-metrics-chromium/error-context.md]]
]]>
</system-out>
</testcase>
<testcase name="Performance Monitoring › should display performance tips" classname="performance-monitoring.spec.ts" time="5.499">
<failure message="performance-monitoring.spec.ts:26:7 should display performance tips" type="FAILURE">
<![CDATA[  [chromium] › performance-monitoring.spec.ts:26:7 › Performance Monitoring › should display performance tips 

    Error: expect.toBeVisible: Error: strict mode violation: getByText('Caching') resolved to 2 elements:
        1) <h4 class="font-medium text-sm">Caching</h4> aka getByRole('heading', { name: 'Caching' })
        2) <p class="text-sm text-muted-foreground">Leverage browser caching and CDN for static asset…</p> aka getByText('Leverage browser caching and')

    Call log:
      - Expect "toBeVisible" with timeout 5000ms
      - waiting for getByText('Caching')


      29 |     await expect(page.getByText('Optimize Images')).toBeVisible()
      30 |     await expect(page.getByText('Code Splitting')).toBeVisible()
    > 31 |     await expect(page.getByText('Caching')).toBeVisible()
         |                                             ^
      32 |     await expect(page.getByText('Lazy Loading')).toBeVisible()
      33 |   })
      34 |
        at /Users/nuno-peakros/Documents/Peakros OS/namedrop/tests/performance-monitoring.spec.ts:31:45

    attachment #1: screenshot (image/png) ──────────────────────────────────────────────────────────
    ../test-results/performance-monitoring-Per-185aa-ld-display-performance-tips-chromium/test-failed-1.png
    ────────────────────────────────────────────────────────────────────────────────────────────────

    attachment #2: video (video/webm) ──────────────────────────────────────────────────────────────
    ../test-results/performance-monitoring-Per-185aa-ld-display-performance-tips-chromium/video.webm
    ────────────────────────────────────────────────────────────────────────────────────────────────

    Error Context: ../test-results/performance-monitoring-Per-185aa-ld-display-performance-tips-chromium/error-context.md
]]>
</failure>
<system-out>
<![CDATA[
[[ATTACHMENT|performance-monitoring-Per-185aa-ld-display-performance-tips-chromium/test-failed-1.png]]

[[ATTACHMENT|performance-monitoring-Per-185aa-ld-display-performance-tips-chromium/video.webm]]

[[ATTACHMENT|performance-monitoring-Per-185aa-ld-display-performance-tips-chromium/error-context.md]]
]]>
</system-out>
</testcase>
<testcase name="Performance Monitoring › should display performance standards" classname="performance-monitoring.spec.ts" time="5.385">
</testcase>
<testcase name="Performance Monitoring › should show refresh button" classname="performance-monitoring.spec.ts" time="4.233">
</testcase>
<testcase name="Performance Monitoring › should refresh metrics when button is clicked" classname="performance-monitoring.spec.ts" time="11.151">
<failure message="performance-monitoring.spec.ts:49:7 should refresh metrics when button is clicked" type="FAILURE">
<![CDATA[  [chromium] › performance-monitoring.spec.ts:49:7 › Performance Monitoring › should refresh metrics when button is clicked 

    Error: expect.toBeVisible: Error: strict mode violation: getByText('Core Web Vitals') resolved to 2 elements:
        1) <div data-slot="card-title" class="leading-none font-semibold">Core Web Vitals</div> aka getByText('Core Web Vitals', { exact: true })
        2) <p class="text-sm text-muted-foreground">Based on Core Web Vitals</p> aka getByText('Based on Core Web Vitals')

    Call log:
      - Expect "toBeVisible" with timeout 5000ms
      - waiting for getByText('Core Web Vitals')


      55 |     
      56 |     // Check if metrics are still visible
    > 57 |     await expect(page.getByText('Core Web Vitals')).toBeVisible()
         |                                                     ^
      58 |   })
      59 |
      60 |   test('should display performance score', async ({ page }) => {
        at /Users/nuno-peakros/Documents/Peakros OS/namedrop/tests/performance-monitoring.spec.ts:57:53

    attachment #1: screenshot (image/png) ──────────────────────────────────────────────────────────
    ../test-results/performance-monitoring-Per-2f121-rics-when-button-is-clicked-chromium/test-failed-1.png
    ────────────────────────────────────────────────────────────────────────────────────────────────

    attachment #2: video (video/webm) ──────────────────────────────────────────────────────────────
    ../test-results/performance-monitoring-Per-2f121-rics-when-button-is-clicked-chromium/video.webm
    ────────────────────────────────────────────────────────────────────────────────────────────────

    Error Context: ../test-results/performance-monitoring-Per-2f121-rics-when-button-is-clicked-chromium/error-context.md
]]>
</failure>
<system-out>
<![CDATA[
[[ATTACHMENT|performance-monitoring-Per-2f121-rics-when-button-is-clicked-chromium/test-failed-1.png]]

[[ATTACHMENT|performance-monitoring-Per-2f121-rics-when-button-is-clicked-chromium/video.webm]]

[[ATTACHMENT|performance-monitoring-Per-2f121-rics-when-button-is-clicked-chromium/error-context.md]]
]]>
</system-out>
</testcase>
<testcase name="Performance Monitoring › should display performance score" classname="performance-monitoring.spec.ts" time="7.469">
</testcase>
<testcase name="Performance Monitoring › should display bundle size information" classname="performance-monitoring.spec.ts" time="7.5">
<failure message="performance-monitoring.spec.ts:69:7 should display bundle size information" type="FAILURE">
<![CDATA[  [chromium] › performance-monitoring.spec.ts:69:7 › Performance Monitoring › should display bundle size information 

    Error: expect.toBeVisible: Error: strict mode violation: getByText('CSS') resolved to 2 elements:
        1) <nav class="hidden md:flex items-center space-x-6">…</nav> aka getByText('DashboardUsersAnalyticsSettings')
        2) <span class="text-sm font-medium">CSS</span> aka getByText('CSS', { exact: true })

    Call log:
      - Expect "toBeVisible" with timeout 5000ms
      - waiting for getByText('CSS')


      70 |     // Check if bundle size information is displayed
      71 |     await expect(page.getByText('JavaScript')).toBeVisible()
    > 72 |     await expect(page.getByText('CSS')).toBeVisible()
         |                                         ^
      73 |     await expect(page.getByText('Total')).toBeVisible()
      74 |   })
      75 |
        at /Users/nuno-peakros/Documents/Peakros OS/namedrop/tests/performance-monitoring.spec.ts:72:41

    attachment #1: screenshot (image/png) ──────────────────────────────────────────────────────────
    ../test-results/performance-monitoring-Per-c48f7-lay-bundle-size-information-chromium/test-failed-1.png
    ────────────────────────────────────────────────────────────────────────────────────────────────

    attachment #2: video (video/webm) ──────────────────────────────────────────────────────────────
    ../test-results/performance-monitoring-Per-c48f7-lay-bundle-size-information-chromium/video.webm
    ────────────────────────────────────────────────────────────────────────────────────────────────

    Error Context: ../test-results/performance-monitoring-Per-c48f7-lay-bundle-size-information-chromium/error-context.md
]]>
</failure>
<system-out>
<![CDATA[
[[ATTACHMENT|performance-monitoring-Per-c48f7-lay-bundle-size-information-chromium/test-failed-1.png]]

[[ATTACHMENT|performance-monitoring-Per-c48f7-lay-bundle-size-information-chromium/video.webm]]

[[ATTACHMENT|performance-monitoring-Per-c48f7-lay-bundle-size-information-chromium/error-context.md]]
]]>
</system-out>
</testcase>
<testcase name="Performance Monitoring › should handle unsupported environment gracefully" classname="performance-monitoring.spec.ts" time="13.672">
</testcase>
<testcase name="Performance Monitoring › should update metrics in real-time" classname="performance-monitoring.spec.ts" time="10.474">
<failure message="performance-monitoring.spec.ts:92:7 should update metrics in real-time" type="FAILURE">
<![CDATA[  [chromium] › performance-monitoring.spec.ts:92:7 › Performance Monitoring › should update metrics in real-time 

    TimeoutError: page.waitForSelector: Timeout 5000ms exceeded.
    Call log:
      - waiting for locator('[data-testid="performance-metrics"]') to be visible


      92 |   test('should update metrics in real-time', async ({ page }) => {
      93 |     // Wait for initial metrics to load
    > 94 |     await page.waitForSelector('[data-testid="performance-metrics"]', { timeout: 5000 })
         |                ^
      95 |     
      96 |     // Check if metrics are displayed
      97 |     await expect(page.getByText('Core Web Vitals')).toBeVisible()
        at /Users/nuno-peakros/Documents/Peakros OS/namedrop/tests/performance-monitoring.spec.ts:94:16

    attachment #1: screenshot (image/png) ──────────────────────────────────────────────────────────
    ../test-results/performance-monitoring-Per-87a91-update-metrics-in-real-time-chromium/test-failed-1.png
    ────────────────────────────────────────────────────────────────────────────────────────────────

    attachment #2: video (video/webm) ──────────────────────────────────────────────────────────────
    ../test-results/performance-monitoring-Per-87a91-update-metrics-in-real-time-chromium/video.webm
    ────────────────────────────────────────────────────────────────────────────────────────────────

    Error Context: ../test-results/performance-monitoring-Per-87a91-update-metrics-in-real-time-chromium/error-context.md
]]>
</failure>
<system-out>
<![CDATA[
[[ATTACHMENT|performance-monitoring-Per-87a91-update-metrics-in-real-time-chromium/test-failed-1.png]]

[[ATTACHMENT|performance-monitoring-Per-87a91-update-metrics-in-real-time-chromium/video.webm]]

[[ATTACHMENT|performance-monitoring-Per-87a91-update-metrics-in-real-time-chromium/error-context.md]]
]]>
</system-out>
</testcase>
<testcase name="Performance Monitoring › should display performance recommendations" classname="performance-monitoring.spec.ts" time="6.653">
<failure message="performance-monitoring.spec.ts:106:7 should display performance recommendations" type="FAILURE">
<![CDATA[  [chromium] › performance-monitoring.spec.ts:106:7 › Performance Monitoring › should display performance recommendations 

    Error: expect.toBeVisible: Error: strict mode violation: getByText('Caching') resolved to 2 elements:
        1) <h4 class="font-medium text-sm">Caching</h4> aka getByRole('heading', { name: 'Caching' })
        2) <p class="text-sm text-muted-foreground">Leverage browser caching and CDN for static asset…</p> aka getByText('Leverage browser caching and')

    Call log:
      - Expect "toBeVisible" with timeout 5000ms
      - waiting for getByText('Caching')


      117 |     
      118 |     for (const recommendation of recommendations) {
    > 119 |       await expect(page.getByText(recommendation)).toBeVisible()
          |                                                    ^
      120 |     }
      121 |   })
      122 |
        at /Users/nuno-peakros/Documents/Peakros OS/namedrop/tests/performance-monitoring.spec.ts:119:52

    attachment #1: screenshot (image/png) ──────────────────────────────────────────────────────────
    ../test-results/performance-monitoring-Per-f9049-performance-recommendations-chromium/test-failed-1.png
    ────────────────────────────────────────────────────────────────────────────────────────────────

    attachment #2: video (video/webm) ──────────────────────────────────────────────────────────────
    ../test-results/performance-monitoring-Per-f9049-performance-recommendations-chromium/video.webm
    ────────────────────────────────────────────────────────────────────────────────────────────────

    Error Context: ../test-results/performance-monitoring-Per-f9049-performance-recommendations-chromium/error-context.md
]]>
</failure>
<system-out>
<![CDATA[
[[ATTACHMENT|performance-monitoring-Per-f9049-performance-recommendations-chromium/test-failed-1.png]]

[[ATTACHMENT|performance-monitoring-Per-f9049-performance-recommendations-chromium/video.webm]]

[[ATTACHMENT|performance-monitoring-Per-f9049-performance-recommendations-chromium/error-context.md]]
]]>
</system-out>
</testcase>
<testcase name="Performance Monitoring › should show performance thresholds" classname="performance-monitoring.spec.ts" time="6.395">
</testcase>
<testcase name="Performance Monitoring › should be responsive on mobile" classname="performance-monitoring.spec.ts" time="6.503">
<failure message="performance-monitoring.spec.ts:131:7 should be responsive on mobile" type="FAILURE">
<![CDATA[  [chromium] › performance-monitoring.spec.ts:131:7 › Performance Monitoring › should be responsive on mobile 

    Error: expect.toBeVisible: Error: strict mode violation: getByText('Core Web Vitals') resolved to 2 elements:
        1) <div data-slot="card-title" class="leading-none font-semibold">Core Web Vitals</div> aka getByText('Core Web Vitals', { exact: true })
        2) <p class="text-sm text-muted-foreground">Based on Core Web Vitals</p> aka getByText('Based on Core Web Vitals')

    Call log:
      - Expect "toBeVisible" with timeout 5000ms
      - waiting for getByText('Core Web Vitals')


      134 |     
      135 |     // Check if performance monitor is still visible
    > 136 |     await expect(page.getByText('Core Web Vitals')).toBeVisible()
          |                                                     ^
      137 |     await expect(page.getByText('Bundle Size')).toBeVisible()
      138 |     await expect(page.getByText('Performance Score')).toBeVisible()
      139 |   })
        at /Users/nuno-peakros/Documents/Peakros OS/namedrop/tests/performance-monitoring.spec.ts:136:53

    attachment #1: screenshot (image/png) ──────────────────────────────────────────────────────────
    ../test-results/performance-monitoring-Per-f1fff-uld-be-responsive-on-mobile-chromium/test-failed-1.png
    ────────────────────────────────────────────────────────────────────────────────────────────────

    attachment #2: video (video/webm) ──────────────────────────────────────────────────────────────
    ../test-results/performance-monitoring-Per-f1fff-uld-be-responsive-on-mobile-chromium/video.webm
    ────────────────────────────────────────────────────────────────────────────────────────────────

    Error Context: ../test-results/performance-monitoring-Per-f1fff-uld-be-responsive-on-mobile-chromium/error-context.md
]]>
</failure>
<system-out>
<![CDATA[
[[ATTACHMENT|performance-monitoring-Per-f1fff-uld-be-responsive-on-mobile-chromium/test-failed-1.png]]

[[ATTACHMENT|performance-monitoring-Per-f1fff-uld-be-responsive-on-mobile-chromium/video.webm]]

[[ATTACHMENT|performance-monitoring-Per-f1fff-uld-be-responsive-on-mobile-chromium/error-context.md]]
]]>
</system-out>
</testcase>
<testcase name="Performance Monitoring › should be responsive on tablet" classname="performance-monitoring.spec.ts" time="7.482">
<failure message="performance-monitoring.spec.ts:141:7 should be responsive on tablet" type="FAILURE">
<![CDATA[  [chromium] › performance-monitoring.spec.ts:141:7 › Performance Monitoring › should be responsive on tablet 

    Error: expect.toBeVisible: Error: strict mode violation: getByText('Core Web Vitals') resolved to 2 elements:
        1) <div data-slot="card-title" class="leading-none font-semibold">Core Web Vitals</div> aka getByText('Core Web Vitals', { exact: true })
        2) <p class="text-sm text-muted-foreground">Based on Core Web Vitals</p> aka getByText('Based on Core Web Vitals')

    Call log:
      - Expect "toBeVisible" with timeout 5000ms
      - waiting for getByText('Core Web Vitals')


      144 |     
      145 |     // Check if performance monitor is still visible
    > 146 |     await expect(page.getByText('Core Web Vitals')).toBeVisible()
          |                                                     ^
      147 |     await expect(page.getByText('Bundle Size')).toBeVisible()
      148 |     await expect(page.getByText('Performance Score')).toBeVisible()
      149 |   })
        at /Users/nuno-peakros/Documents/Peakros OS/namedrop/tests/performance-monitoring.spec.ts:146:53

    attachment #1: screenshot (image/png) ──────────────────────────────────────────────────────────
    ../test-results/performance-monitoring-Per-c3c02-uld-be-responsive-on-tablet-chromium/test-failed-1.png
    ────────────────────────────────────────────────────────────────────────────────────────────────

    attachment #2: video (video/webm) ──────────────────────────────────────────────────────────────
    ../test-results/performance-monitoring-Per-c3c02-uld-be-responsive-on-tablet-chromium/video.webm
    ────────────────────────────────────────────────────────────────────────────────────────────────

    Error Context: ../test-results/performance-monitoring-Per-c3c02-uld-be-responsive-on-tablet-chromium/error-context.md
]]>
</failure>
<system-out>
<![CDATA[
[[ATTACHMENT|performance-monitoring-Per-c3c02-uld-be-responsive-on-tablet-chromium/test-failed-1.png]]

[[ATTACHMENT|performance-monitoring-Per-c3c02-uld-be-responsive-on-tablet-chromium/video.webm]]

[[ATTACHMENT|performance-monitoring-Per-c3c02-uld-be-responsive-on-tablet-chromium/error-context.md]]
]]>
</system-out>
</testcase>
<testcase name="Performance Monitoring › should be accessible" classname="performance-monitoring.spec.ts" time="11.412">
<failure message="performance-monitoring.spec.ts:151:7 should be accessible" type="FAILURE">
<![CDATA[  [chromium] › performance-monitoring.spec.ts:151:7 › Performance Monitoring › should be accessible 

    Error: expect(locator).toBeVisible() failed

    Locator:  getByRole('heading', { name: 'Core Web Vitals' })
    Expected: visible
    Received: <element(s) not found>
    Timeout:  5000ms

    Call log:
      - Expect "toBeVisible" with timeout 5000ms
      - waiting for getByRole('heading', { name: 'Core Web Vitals' })


      152 |     // Check for proper heading structure
      153 |     await expect(page.getByRole('heading', { name: 'Performance Monitor' })).toBeVisible()
    > 154 |     await expect(page.getByRole('heading', { name: 'Core Web Vitals' })).toBeVisible()
          |                                                                          ^
      155 |     await expect(page.getByRole('heading', { name: 'Bundle Size' })).toBeVisible()
      156 |     await expect(page.getByRole('heading', { name: 'Performance Score' })).toBeVisible()
      157 |     
        at /Users/nuno-peakros/Documents/Peakros OS/namedrop/tests/performance-monitoring.spec.ts:154:74

    attachment #1: screenshot (image/png) ──────────────────────────────────────────────────────────
    ../test-results/performance-monitoring-Per-a08bc-toring-should-be-accessible-chromium/test-failed-1.png
    ────────────────────────────────────────────────────────────────────────────────────────────────

    attachment #2: video (video/webm) ──────────────────────────────────────────────────────────────
    ../test-results/performance-monitoring-Per-a08bc-toring-should-be-accessible-chromium/video.webm
    ────────────────────────────────────────────────────────────────────────────────────────────────

    Error Context: ../test-results/performance-monitoring-Per-a08bc-toring-should-be-accessible-chromium/error-context.md
]]>
</failure>
<system-out>
<![CDATA[
[[ATTACHMENT|performance-monitoring-Per-a08bc-toring-should-be-accessible-chromium/test-failed-1.png]]

[[ATTACHMENT|performance-monitoring-Per-a08bc-toring-should-be-accessible-chromium/video.webm]]

[[ATTACHMENT|performance-monitoring-Per-a08bc-toring-should-be-accessible-chromium/error-context.md]]
]]>
</system-out>
</testcase>
</testsuite>
<testsuite name="security.spec.ts" timestamp="2025-10-02T17:03:39.228Z" hostname="chromium" tests="20" failures="15" skipped="0" time="261.156" errors="0">
<testcase name="Security › should prevent SQL injection in login form" classname="security.spec.ts" time="12.117">
<failure message="security.spec.ts:23:7 should prevent SQL injection in login form" type="FAILURE">
<![CDATA[  [chromium] › security.spec.ts:23:7 › Security › should prevent SQL injection in login form ───────

    Error: expect(locator).toBeVisible() failed

    Locator:  getByText('Invalid credentials')
    Expected: visible
    Received: <element(s) not found>
    Timeout:  5000ms

    Call log:
      - Expect "toBeVisible" with timeout 5000ms
      - waiting for getByText('Invalid credentials')


      29 |     // Should not be logged in
      30 |     await expect(page).toHaveURL('/login')
    > 31 |     await expect(page.getByText('Invalid credentials')).toBeVisible()
         |                                                         ^
      32 |   })
      33 |
      34 |   test('should prevent XSS in login form', async ({ page }) => {
        at /Users/nuno-peakros/Documents/Peakros OS/namedrop/tests/security.spec.ts:31:57

    attachment #1: screenshot (image/png) ──────────────────────────────────────────────────────────
    ../test-results/security-Security-should-prevent-SQL-injection-in-login-form-chromium/test-failed-1.png
    ────────────────────────────────────────────────────────────────────────────────────────────────

    attachment #2: video (video/webm) ──────────────────────────────────────────────────────────────
    ../test-results/security-Security-should-prevent-SQL-injection-in-login-form-chromium/video.webm
    ────────────────────────────────────────────────────────────────────────────────────────────────

    Error Context: ../test-results/security-Security-should-prevent-SQL-injection-in-login-form-chromium/error-context.md
]]>
</failure>
<system-out>
<![CDATA[
[[ATTACHMENT|security-Security-should-prevent-SQL-injection-in-login-form-chromium/test-failed-1.png]]

[[ATTACHMENT|security-Security-should-prevent-SQL-injection-in-login-form-chromium/video.webm]]

[[ATTACHMENT|security-Security-should-prevent-SQL-injection-in-login-form-chromium/error-context.md]]
]]>
</system-out>
</testcase>
<testcase name="Security › should prevent XSS in login form" classname="security.spec.ts" time="12.337">
<failure message="security.spec.ts:34:7 should prevent XSS in login form" type="FAILURE">
<![CDATA[  [chromium] › security.spec.ts:34:7 › Security › should prevent XSS in login form ─────────────────

    Error: expect(locator).toHaveValue(expected) failed

    Locator: locator('input[name="email"]')
    Expected string: "&lt;script&gt;alert(\"xss\")&lt;/script&gt;"
    Received string: "<script>alert(\"xss\")</script>"
    Timeout: 5000ms

    Call log:
      - Expect "toHaveValue" with timeout 5000ms
      - waiting for locator('input[name="email"]')
        9 × locator resolved to <input id="email" type="email" name="email" data-slot="input" aria-invalid="false" placeholder="Enter your email" class="file:text-foreground placeholder:text-muted-foreground selection:bg-primary selection:text-primary-foreground dark:bg-input/30 border-input h-9 w-full min-w-0 rounded-md border bg-transparent px-3 py-1 text-base shadow-xs transition-[color,box-shadow] outline-none file:inline-flex file:h-7 file:border-0 file:bg-transparent file:text-sm file:font-medium disabled:pointer-events-none …/>
          - unexpected value "<script>alert("xss")</script>"


      43 |     // Check if script tags are escaped
      44 |     const emailInput = page.locator('input[name="email"]')
    > 45 |     await expect(emailInput).toHaveValue('&lt;script&gt;alert("xss")&lt;/script&gt;')
         |                              ^
      46 |   })
      47 |
      48 |   test('should enforce rate limiting on login attempts', async ({ page }) => {
        at /Users/nuno-peakros/Documents/Peakros OS/namedrop/tests/security.spec.ts:45:30

    attachment #1: screenshot (image/png) ──────────────────────────────────────────────────────────
    ../test-results/security-Security-should-prevent-XSS-in-login-form-chromium/test-failed-1.png
    ────────────────────────────────────────────────────────────────────────────────────────────────

    attachment #2: video (video/webm) ──────────────────────────────────────────────────────────────
    ../test-results/security-Security-should-prevent-XSS-in-login-form-chromium/video.webm
    ────────────────────────────────────────────────────────────────────────────────────────────────

    Error Context: ../test-results/security-Security-should-prevent-XSS-in-login-form-chromium/error-context.md
]]>
</failure>
<system-out>
<![CDATA[
[[ATTACHMENT|security-Security-should-prevent-XSS-in-login-form-chromium/test-failed-1.png]]

[[ATTACHMENT|security-Security-should-prevent-XSS-in-login-form-chromium/video.webm]]

[[ATTACHMENT|security-Security-should-prevent-XSS-in-login-form-chromium/error-context.md]]
]]>
</system-out>
</testcase>
<testcase name="Security › should enforce rate limiting on login attempts" classname="security.spec.ts" time="30.096">
<failure message="security.spec.ts:48:7 should enforce rate limiting on login attempts" type="FAILURE">
<![CDATA[  [chromium] › security.spec.ts:48:7 › Security › should enforce rate limiting on login attempts ───

    Test timeout of 30000ms exceeded.

    Error: expect(locator).toBeVisible() failed

    Locator:  getByText('Too many attempts')
    Expected: visible
    Received: <element(s) not found>

    Call log:
      - Expect "toBeVisible" with timeout 5000ms
      - waiting for getByText('Too many attempts')


      56 |     
      57 |     // Should show rate limit message
    > 58 |     await expect(page.getByText('Too many attempts')).toBeVisible()
         |                                                       ^
      59 |   })
      60 |
      61 |   test('should have proper security headers', async ({ page }) => {
        at /Users/nuno-peakros/Documents/Peakros OS/namedrop/tests/security.spec.ts:58:55

    attachment #1: screenshot (image/png) ──────────────────────────────────────────────────────────
    ../test-results/security-Security-should-e-50ef6--limiting-on-login-attempts-chromium/test-failed-1.png
    ────────────────────────────────────────────────────────────────────────────────────────────────

    attachment #2: video (video/webm) ──────────────────────────────────────────────────────────────
    ../test-results/security-Security-should-e-50ef6--limiting-on-login-attempts-chromium/video.webm
    ────────────────────────────────────────────────────────────────────────────────────────────────

    Error Context: ../test-results/security-Security-should-e-50ef6--limiting-on-login-attempts-chromium/error-context.md
]]>
</failure>
<system-out>
<![CDATA[
[[ATTACHMENT|security-Security-should-e-50ef6--limiting-on-login-attempts-chromium/test-failed-1.png]]

[[ATTACHMENT|security-Security-should-e-50ef6--limiting-on-login-attempts-chromium/video.webm]]

[[ATTACHMENT|security-Security-should-e-50ef6--limiting-on-login-attempts-chromium/error-context.md]]
]]>
</system-out>
</testcase>
<testcase name="Security › should have proper security headers" classname="security.spec.ts" time="13.995">
<failure message="security.spec.ts:61:7 should have proper security headers" type="FAILURE">
<![CDATA[  [chromium] › security.spec.ts:61:7 › Security › should have proper security headers ──────────────

    Error: expect(received).toBe(expected) // Object.is equality

    Expected: "1; mode=block"
    Received: undefined

      66 |     expect(headers?.['x-content-type-options']).toBe('nosniff')
      67 |     expect(headers?.['x-frame-options']).toBe('DENY')
    > 68 |     expect(headers?.['x-xss-protection']).toBe('1; mode=block')
         |                                           ^
      69 |     expect(headers?.['referrer-policy']).toBe('strict-origin-when-cross-origin')
      70 |   })
      71 |
        at /Users/nuno-peakros/Documents/Peakros OS/namedrop/tests/security.spec.ts:68:43

    attachment #1: screenshot (image/png) ──────────────────────────────────────────────────────────
    ../test-results/security-Security-should-have-proper-security-headers-chromium/test-failed-1.png
    ────────────────────────────────────────────────────────────────────────────────────────────────

    attachment #2: video (video/webm) ──────────────────────────────────────────────────────────────
    ../test-results/security-Security-should-have-proper-security-headers-chromium/video.webm
    ────────────────────────────────────────────────────────────────────────────────────────────────

    Error Context: ../test-results/security-Security-should-have-proper-security-headers-chromium/error-context.md
]]>
</failure>
<system-out>
<![CDATA[
[[ATTACHMENT|security-Security-should-have-proper-security-headers-chromium/test-failed-1.png]]

[[ATTACHMENT|security-Security-should-have-proper-security-headers-chromium/video.webm]]

[[ATTACHMENT|security-Security-should-have-proper-security-headers-chromium/error-context.md]]
]]>
</system-out>
</testcase>
<testcase name="Security › should prevent CSRF attacks" classname="security.spec.ts" time="9.251">
<failure message="security.spec.ts:72:7 should prevent CSRF attacks" type="FAILURE">
<![CDATA[  [chromium] › security.spec.ts:72:7 › Security › should prevent CSRF attacks ──────────────────────

    Error: expect(received).toBe(expected) // Object.is equality

    Expected: 400
    Received: 401

      80 |     
      81 |     // Should be rejected
    > 82 |     expect(response.status()).toBe(400)
         |                               ^
      83 |   })
      84 |
      85 |   test('should validate file uploads', async ({ page }) => {
        at /Users/nuno-peakros/Documents/Peakros OS/namedrop/tests/security.spec.ts:82:31

    attachment #1: screenshot (image/png) ──────────────────────────────────────────────────────────
    ../test-results/security-Security-should-prevent-CSRF-attacks-chromium/test-failed-1.png
    ────────────────────────────────────────────────────────────────────────────────────────────────

    attachment #2: video (video/webm) ──────────────────────────────────────────────────────────────
    ../test-results/security-Security-should-prevent-CSRF-attacks-chromium/video.webm
    ────────────────────────────────────────────────────────────────────────────────────────────────

    Error Context: ../test-results/security-Security-should-prevent-CSRF-attacks-chromium/error-context.md
]]>
</failure>
<system-out>
<![CDATA[
[[ATTACHMENT|security-Security-should-prevent-CSRF-attacks-chromium/test-failed-1.png]]

[[ATTACHMENT|security-Security-should-prevent-CSRF-attacks-chromium/video.webm]]

[[ATTACHMENT|security-Security-should-prevent-CSRF-attacks-chromium/error-context.md]]
]]>
</system-out>
</testcase>
<testcase name="Security › should validate file uploads" classname="security.spec.ts" time="10.048">
</testcase>
<testcase name="Security › should prevent directory traversal" classname="security.spec.ts" time="19.096">
</testcase>
<testcase name="Security › should enforce HTTPS in production" classname="security.spec.ts" time="8.786">
</testcase>
<testcase name="Security › should prevent clickjacking" classname="security.spec.ts" time="8.037">
</testcase>
<testcase name="Security › should validate input length limits" classname="security.spec.ts" time="9.757">
<failure message="security.spec.ts:137:7 should validate input length limits" type="FAILURE">
<![CDATA[  [chromium] › security.spec.ts:137:7 › Security › should validate input length limits ─────────────

    Error: expect(locator).toBeVisible() failed

    Locator:  getByText('Input too long')
    Expected: visible
    Received: <element(s) not found>
    Timeout:  5000ms

    Call log:
      - Expect "toBeVisible" with timeout 5000ms
      - waiting for getByText('Input too long')


      144 |     
      145 |     // Should show validation error
    > 146 |     await expect(page.getByText('Input too long')).toBeVisible()
          |                                                    ^
      147 |   })
      148 |
      149 |   test('should prevent open redirects', async ({ page }) => {
        at /Users/nuno-peakros/Documents/Peakros OS/namedrop/tests/security.spec.ts:146:52

    attachment #1: screenshot (image/png) ──────────────────────────────────────────────────────────
    ../test-results/security-Security-should-validate-input-length-limits-chromium/test-failed-1.png
    ────────────────────────────────────────────────────────────────────────────────────────────────

    attachment #2: video (video/webm) ──────────────────────────────────────────────────────────────
    ../test-results/security-Security-should-validate-input-length-limits-chromium/video.webm
    ────────────────────────────────────────────────────────────────────────────────────────────────

    Error Context: ../test-results/security-Security-should-validate-input-length-limits-chromium/error-context.md
]]>
</failure>
<system-out>
<![CDATA[
[[ATTACHMENT|security-Security-should-validate-input-length-limits-chromium/test-failed-1.png]]

[[ATTACHMENT|security-Security-should-validate-input-length-limits-chromium/video.webm]]

[[ATTACHMENT|security-Security-should-validate-input-length-limits-chromium/error-context.md]]
]]>
</system-out>
</testcase>
<testcase name="Security › should prevent open redirects" classname="security.spec.ts" time="9.219">
<failure message="security.spec.ts:149:7 should prevent open redirects" type="FAILURE">
<![CDATA[  [chromium] › security.spec.ts:149:7 › Security › should prevent open redirects ───────────────────

    Error: expect(received).not.toContain(expected) // indexOf

    Expected substring: not "malicious.com"
    Received string:        "http://localhost:3000/redirect?url=https%3A%2F%2Fmalicious.com"

      160 |       
      161 |       // Should not redirect to external site
    > 162 |       expect(response?.url()).not.toContain('malicious.com')
          |                                   ^
      163 |       expect(response?.url()).not.toContain('evil.com')
      164 |     }
      165 |   })
        at /Users/nuno-peakros/Documents/Peakros OS/namedrop/tests/security.spec.ts:162:35

    attachment #1: screenshot (image/png) ──────────────────────────────────────────────────────────
    ../test-results/security-Security-should-prevent-open-redirects-chromium/test-failed-1.png
    ────────────────────────────────────────────────────────────────────────────────────────────────

    attachment #2: video (video/webm) ──────────────────────────────────────────────────────────────
    ../test-results/security-Security-should-prevent-open-redirects-chromium/video.webm
    ────────────────────────────────────────────────────────────────────────────────────────────────

    Error Context: ../test-results/security-Security-should-prevent-open-redirects-chromium/error-context.md
]]>
</failure>
<system-out>
<![CDATA[
[[ATTACHMENT|security-Security-should-prevent-open-redirects-chromium/test-failed-1.png]]

[[ATTACHMENT|security-Security-should-prevent-open-redirects-chromium/video.webm]]

[[ATTACHMENT|security-Security-should-prevent-open-redirects-chromium/error-context.md]]
]]>
</system-out>
</testcase>
<testcase name="Security › should sanitize user input in display" classname="security.spec.ts" time="19.083">
<failure message="security.spec.ts:167:7 should sanitize user input in display" type="FAILURE">
<![CDATA[  [chromium] › security.spec.ts:167:7 › Security › should sanitize user input in display ───────────

    TimeoutError: page.fill: Timeout 10000ms exceeded.
    Call log:
      - waiting for locator('input[name="name"]')


      170 |     
      171 |     const maliciousName = '<script>alert("xss")</script>'
    > 172 |     await page.fill('input[name="name"]', maliciousName)
          |                ^
      173 |     await page.fill('input[name="email"]', 'test@example.com')
      174 |     await page.fill('input[name="password"]', 'password123')
      175 |     await page.click('button[type="submit"]')
        at /Users/nuno-peakros/Documents/Peakros OS/namedrop/tests/security.spec.ts:172:16

    attachment #1: screenshot (image/png) ──────────────────────────────────────────────────────────
    ../test-results/security-Security-should-sanitize-user-input-in-display-chromium/test-failed-1.png
    ────────────────────────────────────────────────────────────────────────────────────────────────

    attachment #2: video (video/webm) ──────────────────────────────────────────────────────────────
    ../test-results/security-Security-should-sanitize-user-input-in-display-chromium/video.webm
    ────────────────────────────────────────────────────────────────────────────────────────────────

    Error Context: ../test-results/security-Security-should-sanitize-user-input-in-display-chromium/error-context.md
]]>
</failure>
<system-out>
<![CDATA[
[[ATTACHMENT|security-Security-should-sanitize-user-input-in-display-chromium/test-failed-1.png]]

[[ATTACHMENT|security-Security-should-sanitize-user-input-in-display-chromium/video.webm]]

[[ATTACHMENT|security-Security-should-sanitize-user-input-in-display-chromium/error-context.md]]
]]>
</system-out>
</testcase>
<testcase name="Security › should enforce session timeout" classname="security.spec.ts" time="16.614">
<failure message="security.spec.ts:187:7 should enforce session timeout" type="FAILURE">
<![CDATA[  [chromium] › security.spec.ts:187:7 › Security › should enforce session timeout ──────────────────

    Error: expect(page).toHaveURL(expected) failed

    Expected string: "http://localhost:3000/login"
    Received string: "http://localhost:3000/dashboard"
    Timeout: 5000ms

    Call log:
      - Expect "toHaveURL" with timeout 5000ms
        9 × unexpected value "http://localhost:3000/dashboard"


      198 |     
      199 |     // Should be redirected to login
    > 200 |     await expect(page).toHaveURL('/login')
          |                        ^
      201 |   })
      202 |
      203 |   test('should prevent privilege escalation', async ({ page }) => {
        at /Users/nuno-peakros/Documents/Peakros OS/namedrop/tests/security.spec.ts:200:24

    attachment #1: screenshot (image/png) ──────────────────────────────────────────────────────────
    ../test-results/security-Security-should-enforce-session-timeout-chromium/test-failed-1.png
    ────────────────────────────────────────────────────────────────────────────────────────────────

    attachment #2: video (video/webm) ──────────────────────────────────────────────────────────────
    ../test-results/security-Security-should-enforce-session-timeout-chromium/video.webm
    ────────────────────────────────────────────────────────────────────────────────────────────────

    Error Context: ../test-results/security-Security-should-enforce-session-timeout-chromium/error-context.md
]]>
</failure>
<system-out>
<![CDATA[
[[ATTACHMENT|security-Security-should-enforce-session-timeout-chromium/test-failed-1.png]]

[[ATTACHMENT|security-Security-should-enforce-session-timeout-chromium/video.webm]]

[[ATTACHMENT|security-Security-should-enforce-session-timeout-chromium/error-context.md]]
]]>
</system-out>
</testcase>
<testcase name="Security › should prevent privilege escalation" classname="security.spec.ts" time="16.376">
<failure message="security.spec.ts:203:7 should prevent privilege escalation" type="FAILURE">
<![CDATA[  [chromium] › security.spec.ts:203:7 › Security › should prevent privilege escalation ─────────────

    Error: expect(locator).toBeVisible() failed

    Locator:  getByText('Access denied')
    Expected: visible
    Received: <element(s) not found>
    Timeout:  5000ms

    Call log:
      - Expect "toBeVisible" with timeout 5000ms
      - waiting for getByText('Access denied')


      211 |     
      212 |     // Should be denied access
    > 213 |     await expect(page.getByText('Access denied')).toBeVisible()
          |                                                   ^
      214 |   })
      215 |
      216 |   test('should validate CSRF tokens on state-changing requests', async ({ page }) => {
        at /Users/nuno-peakros/Documents/Peakros OS/namedrop/tests/security.spec.ts:213:51

    attachment #1: screenshot (image/png) ──────────────────────────────────────────────────────────
    ../test-results/security-Security-should-prevent-privilege-escalation-chromium/test-failed-1.png
    ────────────────────────────────────────────────────────────────────────────────────────────────

    attachment #2: video (video/webm) ──────────────────────────────────────────────────────────────
    ../test-results/security-Security-should-prevent-privilege-escalation-chromium/video.webm
    ────────────────────────────────────────────────────────────────────────────────────────────────

    Error Context: ../test-results/security-Security-should-prevent-privilege-escalation-chromium/error-context.md
]]>
</failure>
<system-out>
<![CDATA[
[[ATTACHMENT|security-Security-should-prevent-privilege-escalation-chromium/test-failed-1.png]]

[[ATTACHMENT|security-Security-should-prevent-privilege-escalation-chromium/video.webm]]

[[ATTACHMENT|security-Security-should-prevent-privilege-escalation-chromium/error-context.md]]
]]>
</system-out>
</testcase>
<testcase name="Security › should validate CSRF tokens on state-changing requests" classname="security.spec.ts" time="6.874">
<failure message="security.spec.ts:216:7 should validate CSRF tokens on state-changing requests" type="FAILURE">
<![CDATA[  [chromium] › security.spec.ts:216:7 › Security › should validate CSRF tokens on state-changing requests 

    Error: expect(received).toBe(expected) // Object.is equality

    Expected: 400
    Received: 401

      229 |     
      230 |     // Should be rejected
    > 231 |     expect(response.status()).toBe(400)
          |                               ^
      232 |   })
      233 |
      234 |   test('should prevent information disclosure in error messages', async ({ page }) => {
        at /Users/nuno-peakros/Documents/Peakros OS/namedrop/tests/security.spec.ts:231:31

    attachment #1: screenshot (image/png) ──────────────────────────────────────────────────────────
    ../test-results/security-Security-should-v-2daf5--on-state-changing-requests-chromium/test-failed-1.png
    ────────────────────────────────────────────────────────────────────────────────────────────────

    attachment #2: video (video/webm) ──────────────────────────────────────────────────────────────
    ../test-results/security-Security-should-v-2daf5--on-state-changing-requests-chromium/video.webm
    ────────────────────────────────────────────────────────────────────────────────────────────────

    Error Context: ../test-results/security-Security-should-v-2daf5--on-state-changing-requests-chromium/error-context.md
]]>
</failure>
<system-out>
<![CDATA[
[[ATTACHMENT|security-Security-should-v-2daf5--on-state-changing-requests-chromium/test-failed-1.png]]

[[ATTACHMENT|security-Security-should-v-2daf5--on-state-changing-requests-chromium/video.webm]]

[[ATTACHMENT|security-Security-should-v-2daf5--on-state-changing-requests-chromium/error-context.md]]
]]>
</system-out>
</testcase>
<testcase name="Security › should prevent information disclosure in error messages" classname="security.spec.ts" time="9.127">
</testcase>
<testcase name="Security › should enforce content security policy" classname="security.spec.ts" time="8.11">
<failure message="security.spec.ts:245:7 should enforce content security policy" type="FAILURE">
<![CDATA[  [chromium] › security.spec.ts:245:7 › Security › should enforce content security policy ──────────

    Error: expect(received).toContain(expected) // indexOf

    Matcher error: received value must not be null nor undefined

    Received has value: undefined

      248 |     const headers = response?.headers()
      249 |     
    > 250 |     expect(headers?.['content-security-policy']).toContain("default-src 'self'")
          |                                                  ^
      251 |     expect(headers?.['content-security-policy']).toContain("script-src 'self'")
      252 |   })
      253 |
        at /Users/nuno-peakros/Documents/Peakros OS/namedrop/tests/security.spec.ts:250:50

    attachment #1: screenshot (image/png) ──────────────────────────────────────────────────────────
    ../test-results/security-Security-should-enforce-content-security-policy-chromium/test-failed-1.png
    ────────────────────────────────────────────────────────────────────────────────────────────────

    attachment #2: video (video/webm) ──────────────────────────────────────────────────────────────
    ../test-results/security-Security-should-enforce-content-security-policy-chromium/video.webm
    ────────────────────────────────────────────────────────────────────────────────────────────────

    Error Context: ../test-results/security-Security-should-enforce-content-security-policy-chromium/error-context.md
]]>
</failure>
<system-out>
<![CDATA[
[[ATTACHMENT|security-Security-should-enforce-content-security-policy-chromium/test-failed-1.png]]

[[ATTACHMENT|security-Security-should-enforce-content-security-policy-chromium/video.webm]]

[[ATTACHMENT|security-Security-should-enforce-content-security-policy-chromium/error-context.md]]
]]>
</system-out>
</testcase>
<testcase name="Security › should prevent timing attacks" classname="security.spec.ts" time="7.147">
<failure message="security.spec.ts:254:7 should prevent timing attacks" type="FAILURE">
<![CDATA[  [chromium] › security.spec.ts:254:7 › Security › should prevent timing attacks ───────────────────

    Error: expect(received).toBeLessThan(expected)

    Expected: < 100
    Received:   2803

      273 |     
      274 |     // Response times should be similar (within 100ms)
    > 275 |     expect(Math.abs(invalidUserTime - validUserTime)).toBeLessThan(100)
          |                                                       ^
      276 |   })
      277 |
      278 |   test('should handle security headers correctly', async ({ page }) => {
        at /Users/nuno-peakros/Documents/Peakros OS/namedrop/tests/security.spec.ts:275:55

    attachment #1: screenshot (image/png) ──────────────────────────────────────────────────────────
    ../test-results/security-Security-should-prevent-timing-attacks-chromium/test-failed-1.png
    ────────────────────────────────────────────────────────────────────────────────────────────────

    attachment #2: video (video/webm) ──────────────────────────────────────────────────────────────
    ../test-results/security-Security-should-prevent-timing-attacks-chromium/video.webm
    ────────────────────────────────────────────────────────────────────────────────────────────────

    Error Context: ../test-results/security-Security-should-prevent-timing-attacks-chromium/error-context.md
]]>
</failure>
<system-out>
<![CDATA[
[[ATTACHMENT|security-Security-should-prevent-timing-attacks-chromium/test-failed-1.png]]

[[ATTACHMENT|security-Security-should-prevent-timing-attacks-chromium/video.webm]]

[[ATTACHMENT|security-Security-should-prevent-timing-attacks-chromium/error-context.md]]
]]>
</system-out>
</testcase>
<testcase name="Security › should handle security headers correctly" classname="security.spec.ts" time="8.478">
<failure message="security.spec.ts:278:7 should handle security headers correctly" type="FAILURE">
<![CDATA[  [chromium] › security.spec.ts:278:7 › Security › should handle security headers correctly ────────

    Error: expect(received).toContain(expected) // indexOf

    Matcher error: received value must not be null nor undefined

    Received has value: undefined

      282 |     
      283 |     // Check for security headers
    > 284 |     expect(headers?.['strict-transport-security']).toContain('max-age=31536000')
          |                                                    ^
      285 |     expect(headers?.['permissions-policy']).toContain('camera=()')
      286 |     expect(headers?.['permissions-policy']).toContain('microphone=()')
      287 |   })
        at /Users/nuno-peakros/Documents/Peakros OS/namedrop/tests/security.spec.ts:284:52

    attachment #1: screenshot (image/png) ──────────────────────────────────────────────────────────
    ../test-results/security-Security-should-handle-security-headers-correctly-chromium/test-failed-1.png
    ────────────────────────────────────────────────────────────────────────────────────────────────

    attachment #2: video (video/webm) ──────────────────────────────────────────────────────────────
    ../test-results/security-Security-should-handle-security-headers-correctly-chromium/video.webm
    ────────────────────────────────────────────────────────────────────────────────────────────────

    Error Context: ../test-results/security-Security-should-handle-security-headers-correctly-chromium/error-context.md
]]>
</failure>
<system-out>
<![CDATA[
[[ATTACHMENT|security-Security-should-handle-security-headers-correctly-chromium/test-failed-1.png]]

[[ATTACHMENT|security-Security-should-handle-security-headers-correctly-chromium/video.webm]]

[[ATTACHMENT|security-Security-should-handle-security-headers-correctly-chromium/error-context.md]]
]]>
</system-out>
</testcase>
<testcase name="Security › should prevent brute force attacks" classname="security.spec.ts" time="26.608">
<failure message="security.spec.ts:289:7 should prevent brute force attacks" type="FAILURE">
<![CDATA[  [chromium] › security.spec.ts:289:7 › Security › should prevent brute force attacks ──────────────

    Error: expect(locator).toBeVisible() failed

    Locator:  getByText('Account locked')
    Expected: visible
    Received: <element(s) not found>
    Timeout:  5000ms

    Call log:
      - Expect "toBeVisible" with timeout 5000ms
      - waiting for getByText('Account locked')


      297 |     
      298 |     // Should show account lockout message
    > 299 |     await expect(page.getByText('Account locked')).toBeVisible()
          |                                                    ^
      300 |   })
      301 | })
      302 |
        at /Users/nuno-peakros/Documents/Peakros OS/namedrop/tests/security.spec.ts:299:52

    attachment #1: screenshot (image/png) ──────────────────────────────────────────────────────────
    ../test-results/security-Security-should-prevent-brute-force-attacks-chromium/test-failed-1.png
    ────────────────────────────────────────────────────────────────────────────────────────────────

    Error Context: ../test-results/security-Security-should-prevent-brute-force-attacks-chromium/error-context.md
]]>
</failure>
<system-out>
<![CDATA[
[[ATTACHMENT|security-Security-should-prevent-brute-force-attacks-chromium/test-failed-1.png]]

[[ATTACHMENT|security-Security-should-prevent-brute-force-attacks-chromium/error-context.md]]
]]>
</system-out>
</testcase>
</testsuite>
<testsuite name="user-management.spec.ts" timestamp="2025-10-02T17:03:39.228Z" hostname="chromium" tests="18" failures="18" skipped="0" time="186.835" errors="0">
<testcase name="User Management Flow › should display user management interface correctly" classname="user-management.spec.ts" time="8.755">
<failure message="user-management.spec.ts:137:7 should display user management interface correctly" type="FAILURE">
<![CDATA[  [chromium] › user-management.spec.ts:137:7 › User Management Flow › should display user management interface correctly 

    Error: expect(locator).toBeVisible() failed

    Locator:  getByText('User Management')
    Expected: visible
    Received: <element(s) not found>
    Timeout:  5000ms

    Call log:
      - Expect "toBeVisible" with timeout 5000ms
      - waiting for getByText('User Management')


      137 |   test('should display user management interface correctly', async ({ page }) => {
      138 |     // Check page title and header
    > 139 |     await expect(page.getByText('User Management')).toBeVisible()
          |                                                     ^
      140 |     await expect(page.getByText('Manage user accounts, roles, and permissions')).toBeVisible()
      141 |
      142 |     // Check search and filter controls
        at /Users/nuno-peakros/Documents/Peakros OS/namedrop/tests/user-management.spec.ts:139:53

    attachment #1: screenshot (image/png) ──────────────────────────────────────────────────────────
    ../test-results/user-management-User-Manag-787c4-agement-interface-correctly-chromium/test-failed-1.png
    ────────────────────────────────────────────────────────────────────────────────────────────────

    attachment #2: video (video/webm) ──────────────────────────────────────────────────────────────
    ../test-results/user-management-User-Manag-787c4-agement-interface-correctly-chromium/video.webm
    ────────────────────────────────────────────────────────────────────────────────────────────────

    Error Context: ../test-results/user-management-User-Manag-787c4-agement-interface-correctly-chromium/error-context.md
]]>
</failure>
<system-out>
<![CDATA[
[[ATTACHMENT|user-management-User-Manag-787c4-agement-interface-correctly-chromium/test-failed-1.png]]

[[ATTACHMENT|user-management-User-Manag-787c4-agement-interface-correctly-chromium/video.webm]]

[[ATTACHMENT|user-management-User-Manag-787c4-agement-interface-correctly-chromium/error-context.md]]
]]>
</system-out>
</testcase>
<testcase name="User Management Flow › should search users correctly" classname="user-management.spec.ts" time="7.065">
<failure message="user-management.spec.ts:158:7 should search users correctly" type="FAILURE">
<![CDATA[  [chromium] › user-management.spec.ts:158:7 › User Management Flow › should search users correctly 

    TypeError: page.getByPlaceholderText is not a function

      158 |   test('should search users correctly', async ({ page }) => {
      159 |     // Search for a specific user
    > 160 |     await page.getByPlaceholderText('Search users by name or email...').fill('john')
          |                ^
      161 |
      162 |     // Wait for search to complete
      163 |     await page.waitForTimeout(500)
        at /Users/nuno-peakros/Documents/Peakros OS/namedrop/tests/user-management.spec.ts:160:16

    attachment #1: screenshot (image/png) ──────────────────────────────────────────────────────────
    ../test-results/user-management-User-Manag-dfd0e-ould-search-users-correctly-chromium/test-failed-1.png
    ────────────────────────────────────────────────────────────────────────────────────────────────

    attachment #2: video (video/webm) ──────────────────────────────────────────────────────────────
    ../test-results/user-management-User-Manag-dfd0e-ould-search-users-correctly-chromium/video.webm
    ────────────────────────────────────────────────────────────────────────────────────────────────

    Error Context: ../test-results/user-management-User-Manag-dfd0e-ould-search-users-correctly-chromium/error-context.md
]]>
</failure>
<system-out>
<![CDATA[
[[ATTACHMENT|user-management-User-Manag-dfd0e-ould-search-users-correctly-chromium/test-failed-1.png]]

[[ATTACHMENT|user-management-User-Manag-dfd0e-ould-search-users-correctly-chromium/video.webm]]

[[ATTACHMENT|user-management-User-Manag-dfd0e-ould-search-users-correctly-chromium/error-context.md]]
]]>
</system-out>
</testcase>
<testcase name="User Management Flow › should filter users by role" classname="user-management.spec.ts" time="16.828">
<failure message="user-management.spec.ts:169:7 should filter users by role" type="FAILURE">
<![CDATA[  [chromium] › user-management.spec.ts:169:7 › User Management Flow › should filter users by role ──

    TimeoutError: locator.click: Timeout 10000ms exceeded.
    Call log:
      - waiting for getByText('Role')


      170 |     // Open role filter
      171 |     const roleFilter = page.getByText('Role')
    > 172 |     await roleFilter.click()
          |                      ^
      173 |
      174 |     // Select admin role
      175 |     await page.getByText('Admin').click()
        at /Users/nuno-peakros/Documents/Peakros OS/namedrop/tests/user-management.spec.ts:172:22

    attachment #1: screenshot (image/png) ──────────────────────────────────────────────────────────
    ../test-results/user-management-User-Manag-53cd7-should-filter-users-by-role-chromium/test-failed-1.png
    ────────────────────────────────────────────────────────────────────────────────────────────────

    attachment #2: video (video/webm) ──────────────────────────────────────────────────────────────
    ../test-results/user-management-User-Manag-53cd7-should-filter-users-by-role-chromium/video.webm
    ────────────────────────────────────────────────────────────────────────────────────────────────

    Error Context: ../test-results/user-management-User-Manag-53cd7-should-filter-users-by-role-chromium/error-context.md
]]>
</failure>
<system-out>
<![CDATA[
[[ATTACHMENT|user-management-User-Manag-53cd7-should-filter-users-by-role-chromium/test-failed-1.png]]

[[ATTACHMENT|user-management-User-Manag-53cd7-should-filter-users-by-role-chromium/video.webm]]

[[ATTACHMENT|user-management-User-Manag-53cd7-should-filter-users-by-role-chromium/error-context.md]]
]]>
</system-out>
</testcase>
<testcase name="User Management Flow › should filter users by status" classname="user-management.spec.ts" time="16.137">
<failure message="user-management.spec.ts:181:7 should filter users by status" type="FAILURE">
<![CDATA[  [chromium] › user-management.spec.ts:181:7 › User Management Flow › should filter users by status 

    TimeoutError: locator.click: Timeout 10000ms exceeded.
    Call log:
      - waiting for getByText('Status')


      182 |     // Open status filter
      183 |     const statusFilter = page.getByText('Status')
    > 184 |     await statusFilter.click()
          |                        ^
      185 |
      186 |     // Select active status
      187 |     await page.getByText('Active').click()
        at /Users/nuno-peakros/Documents/Peakros OS/namedrop/tests/user-management.spec.ts:184:24

    attachment #1: screenshot (image/png) ──────────────────────────────────────────────────────────
    ../test-results/user-management-User-Manag-c318c-ould-filter-users-by-status-chromium/test-failed-1.png
    ────────────────────────────────────────────────────────────────────────────────────────────────

    attachment #2: video (video/webm) ──────────────────────────────────────────────────────────────
    ../test-results/user-management-User-Manag-c318c-ould-filter-users-by-status-chromium/video.webm
    ────────────────────────────────────────────────────────────────────────────────────────────────
]]>
</failure>
<system-out>
<![CDATA[
[[ATTACHMENT|user-management-User-Manag-c318c-ould-filter-users-by-status-chromium/test-failed-1.png]]

[[ATTACHMENT|user-management-User-Manag-c318c-ould-filter-users-by-status-chromium/video.webm]]
]]>
</system-out>
</testcase>
<testcase name="User Management Flow › should create a new user" classname="user-management.spec.ts" time="41.146">
<failure message="user-management.spec.ts:193:7 should create a new user" type="FAILURE">
<![CDATA[  [chromium] › user-management.spec.ts:193:7 › User Management Flow › should create a new user ─────

    Test timeout of 30000ms exceeded while running "beforeEach" hook.
        at /Users/nuno-peakros/Documents/Peakros OS/namedrop/tests/user-management.spec.ts:59:8

    TimeoutError: page.goto: Timeout 30000ms exceeded.
    Call log:
      - navigating to "http://localhost:3000/dashboard/users", waiting until "load"

        at /Users/nuno-peakros/Documents/Peakros OS/namedrop/tests/user-management.spec.ts:134:16
]]>
</failure>
</testcase>
<testcase name="User Management Flow › should select users for bulk operations" classname="user-management.spec.ts" time="40.754">
<failure message="user-management.spec.ts:203:7 should select users for bulk operations" type="FAILURE">
<![CDATA[  [chromium] › user-management.spec.ts:203:7 › User Management Flow › should select users for bulk operations 

    Test timeout of 30000ms exceeded while running "beforeEach" hook.
        at /Users/nuno-peakros/Documents/Peakros OS/namedrop/tests/user-management.spec.ts:59:8

    TimeoutError: page.goto: Timeout 30000ms exceeded.
    Call log:
      - navigating to "http://localhost:3000/dashboard/users", waiting until "load"

        at /Users/nuno-peakros/Documents/Peakros OS/namedrop/tests/user-management.spec.ts:134:16
]]>
</failure>
</testcase>
<testcase name="User Management Flow › should select all users" classname="user-management.spec.ts" time="19.163">
<failure message="user-management.spec.ts:216:7 should select all users" type="FAILURE">
<![CDATA[  [chromium] › user-management.spec.ts:216:7 › User Management Flow › should select all users ──────

    TimeoutError: locator.check: Timeout 10000ms exceeded.
    Call log:
      - waiting for locator('input[type="checkbox"]').first()

        at /Users/nuno-peakros/Documents/Peakros OS/namedrop/tests/user-management.spec.ts:219:29

    attachment #1: screenshot (image/png) ──────────────────────────────────────────────────────────
    ../test-results/user-management-User-Management-Flow-should-select-all-users-chromium/test-failed-1.png
    ────────────────────────────────────────────────────────────────────────────────────────────────

    Error Context: ../test-results/user-management-User-Management-Flow-should-select-all-users-chromium/error-context.md
]]>
</failure>
<system-out>
<![CDATA[
[[ATTACHMENT|user-management-User-Management-Flow-should-select-all-users-chromium/test-failed-1.png]]

[[ATTACHMENT|user-management-User-Management-Flow-should-select-all-users-chromium/error-context.md]]
]]>
</system-out>
</testcase>
<testcase name="User Management Flow › should toggle user status" classname="user-management.spec.ts" time="19.202">
<failure message="user-management.spec.ts:229:7 should toggle user status" type="FAILURE">
<![CDATA[  [chromium] › user-management.spec.ts:229:7 › User Management Flow › should toggle user status ────

    TimeoutError: locator.click: Timeout 10000ms exceeded.
    Call log:
      - waiting for locator('button[aria-label="More actions"]').first()

        at /Users/nuno-peakros/Documents/Peakros OS/namedrop/tests/user-management.spec.ts:232:22

    attachment #1: screenshot (image/png) ──────────────────────────────────────────────────────────
    ../test-results/user-management-User-Manag-b37b4-w-should-toggle-user-status-chromium/test-failed-1.png
    ────────────────────────────────────────────────────────────────────────────────────────────────

    Error Context: ../test-results/user-management-User-Manag-b37b4-w-should-toggle-user-status-chromium/error-context.md
]]>
</failure>
<system-out>
<![CDATA[
[[ATTACHMENT|user-management-User-Manag-b37b4-w-should-toggle-user-status-chromium/test-failed-1.png]]

[[ATTACHMENT|user-management-User-Manag-b37b4-w-should-toggle-user-status-chromium/error-context.md]]
]]>
</system-out>
</testcase>
<testcase name="User Management Flow › should resend verification email" classname="user-management.spec.ts" time="17.785">
<failure message="user-management.spec.ts:242:7 should resend verification email" type="FAILURE">
<![CDATA[  [chromium] › user-management.spec.ts:242:7 › User Management Flow › should resend verification email 

    TimeoutError: locator.click: Timeout 10000ms exceeded.
    Call log:
      - waiting for locator('button[aria-label="More actions"]').nth(1)

        at /Users/nuno-peakros/Documents/Peakros OS/namedrop/tests/user-management.spec.ts:257:22

    attachment #1: screenshot (image/png) ──────────────────────────────────────────────────────────
    ../test-results/user-management-User-Manag-2f9df-d-resend-verification-email-chromium/test-failed-1.png
    ────────────────────────────────────────────────────────────────────────────────────────────────

    Error Context: ../test-results/user-management-User-Manag-2f9df-d-resend-verification-email-chromium/error-context.md
]]>
</failure>
<system-out>
<![CDATA[
[[ATTACHMENT|user-management-User-Manag-2f9df-d-resend-verification-email-chromium/test-failed-1.png]]

[[ATTACHMENT|user-management-User-Manag-2f9df-d-resend-verification-email-chromium/error-context.md]]
]]>
</system-out>
</testcase>
<testcase name="User Management Flow › should delete a user" classname="user-management.spec.ts" time="0">
<failure message="user-management.spec.ts:266:7 should delete a user" type="FAILURE">
<![CDATA[  [chromium] › user-management.spec.ts:266:7 › User Management Flow › should delete a user ─────────

    Error: Cannot find module '/Users/nuno-peakros/Documents/Peakros OS/namedrop/playwright.config.ts'
    Require stack:
    - /Users/nuno-peakros/Documents/Peakros OS/namedrop/node_modules/playwright/lib/transform/transform.js
    - /Users/nuno-peakros/Documents/Peakros OS/namedrop/node_modules/playwright/lib/common/configLoader.js
    - /Users/nuno-peakros/Documents/Peakros OS/namedrop/node_modules/playwright/lib/worker/workerMain.js
    - /Users/nuno-peakros/Documents/Peakros OS/namedrop/node_modules/playwright/lib/common/process.js
]]>
</failure>
</testcase>
<testcase name="User Management Flow › should handle pagination" classname="user-management.spec.ts" time="0">
<failure message="user-management.spec.ts:285:7 should handle pagination" type="FAILURE">
<![CDATA[  [chromium] › user-management.spec.ts:285:7 › User Management Flow › should handle pagination ─────

    Error: Cannot find module '/Users/nuno-peakros/Documents/Peakros OS/namedrop/playwright.config.ts'
    Require stack:
    - /Users/nuno-peakros/Documents/Peakros OS/namedrop/node_modules/playwright/lib/transform/transform.js
    - /Users/nuno-peakros/Documents/Peakros OS/namedrop/node_modules/playwright/lib/common/configLoader.js
    - /Users/nuno-peakros/Documents/Peakros OS/namedrop/node_modules/playwright/lib/worker/workerMain.js
    - /Users/nuno-peakros/Documents/Peakros OS/namedrop/node_modules/playwright/lib/common/process.js
]]>
</failure>
</testcase>
<testcase name="User Management Flow › should display loading state" classname="user-management.spec.ts" time="0">
<failure message="user-management.spec.ts:328:7 should display loading state" type="FAILURE">
<![CDATA[  [chromium] › user-management.spec.ts:328:7 › User Management Flow › should display loading state ─

    Error: Cannot find module '/Users/nuno-peakros/Documents/Peakros OS/namedrop/playwright.config.ts'
    Require stack:
    - /Users/nuno-peakros/Documents/Peakros OS/namedrop/node_modules/playwright/lib/transform/transform.js
    - /Users/nuno-peakros/Documents/Peakros OS/namedrop/node_modules/playwright/lib/common/configLoader.js
    - /Users/nuno-peakros/Documents/Peakros OS/namedrop/node_modules/playwright/lib/worker/workerMain.js
    - /Users/nuno-peakros/Documents/Peakros OS/namedrop/node_modules/playwright/lib/common/process.js
]]>
</failure>
</testcase>
<testcase name="User Management Flow › should display error state" classname="user-management.spec.ts" time="0">
<failure message="user-management.spec.ts:346:7 should display error state" type="FAILURE">
<![CDATA[  [chromium] › user-management.spec.ts:346:7 › User Management Flow › should display error state ───

    Error: Cannot find module '/Users/nuno-peakros/Documents/Peakros OS/namedrop/playwright.config.ts'
    Require stack:
    - /Users/nuno-peakros/Documents/Peakros OS/namedrop/node_modules/playwright/lib/transform/transform.js
    - /Users/nuno-peakros/Documents/Peakros OS/namedrop/node_modules/playwright/lib/common/configLoader.js
    - /Users/nuno-peakros/Documents/Peakros OS/namedrop/node_modules/playwright/lib/worker/workerMain.js
    - /Users/nuno-peakros/Documents/Peakros OS/namedrop/node_modules/playwright/lib/common/process.js
]]>
</failure>
</testcase>
<testcase name="User Management Flow › should display empty state when no users found" classname="user-management.spec.ts" time="0">
<failure message="user-management.spec.ts:369:7 should display empty state when no users found" type="FAILURE">
<![CDATA[  [chromium] › user-management.spec.ts:369:7 › User Management Flow › should display empty state when no users found 

    Error: Cannot find module '/Users/nuno-peakros/Documents/Peakros OS/namedrop/playwright.config.ts'
    Require stack:
    - /Users/nuno-peakros/Documents/Peakros OS/namedrop/node_modules/playwright/lib/transform/transform.js
    - /Users/nuno-peakros/Documents/Peakros OS/namedrop/node_modules/playwright/lib/common/configLoader.js
    - /Users/nuno-peakros/Documents/Peakros OS/namedrop/node_modules/playwright/lib/worker/workerMain.js
    - /Users/nuno-peakros/Documents/Peakros OS/namedrop/node_modules/playwright/lib/common/process.js
]]>
</failure>
</testcase>
<testcase name="User Management Flow › should handle search with no results" classname="user-management.spec.ts" time="0">
<failure message="user-management.spec.ts:401:7 should handle search with no results" type="FAILURE">
<![CDATA[  [chromium] › user-management.spec.ts:401:7 › User Management Flow › should handle search with no results 

    Error: Cannot find module '/Users/nuno-peakros/Documents/Peakros OS/namedrop/playwright.config.ts'
    Require stack:
    - /Users/nuno-peakros/Documents/Peakros OS/namedrop/node_modules/playwright/lib/transform/transform.js
    - /Users/nuno-peakros/Documents/Peakros OS/namedrop/node_modules/playwright/lib/common/configLoader.js
    - /Users/nuno-peakros/Documents/Peakros OS/namedrop/node_modules/playwright/lib/worker/workerMain.js
    - /Users/nuno-peakros/Documents/Peakros OS/namedrop/node_modules/playwright/lib/common/process.js
]]>
</failure>
</testcase>
<testcase name="User Management Flow › should be responsive on mobile devices" classname="user-management.spec.ts" time="0">
<failure message="user-management.spec.ts:441:7 should be responsive on mobile devices" type="FAILURE">
<![CDATA[  [chromium] › user-management.spec.ts:441:7 › User Management Flow › should be responsive on mobile devices 

    Error: Cannot find module '/Users/nuno-peakros/Documents/Peakros OS/namedrop/playwright.config.ts'
    Require stack:
    - /Users/nuno-peakros/Documents/Peakros OS/namedrop/node_modules/playwright/lib/transform/transform.js
    - /Users/nuno-peakros/Documents/Peakros OS/namedrop/node_modules/playwright/lib/common/configLoader.js
    - /Users/nuno-peakros/Documents/Peakros OS/namedrop/node_modules/playwright/lib/worker/workerMain.js
    - /Users/nuno-peakros/Documents/Peakros OS/namedrop/node_modules/playwright/lib/common/process.js
]]>
</failure>
</testcase>
<testcase name="User Management Flow › should have proper accessibility attributes" classname="user-management.spec.ts" time="0">
<failure message="user-management.spec.ts:455:7 should have proper accessibility attributes" type="FAILURE">
<![CDATA[  [chromium] › user-management.spec.ts:455:7 › User Management Flow › should have proper accessibility attributes 

    Error: Cannot find module '/Users/nuno-peakros/Documents/Peakros OS/namedrop/playwright.config.ts'
    Require stack:
    - /Users/nuno-peakros/Documents/Peakros OS/namedrop/node_modules/playwright/lib/transform/transform.js
    - /Users/nuno-peakros/Documents/Peakros OS/namedrop/node_modules/playwright/lib/common/configLoader.js
    - /Users/nuno-peakros/Documents/Peakros OS/namedrop/node_modules/playwright/lib/worker/workerMain.js
    - /Users/nuno-peakros/Documents/Peakros OS/namedrop/node_modules/playwright/lib/common/process.js
]]>
</failure>
</testcase>
<testcase name="User Management Flow › should handle keyboard navigation" classname="user-management.spec.ts" time="0">
<failure message="user-management.spec.ts:475:7 should handle keyboard navigation" type="FAILURE">
<![CDATA[  [chromium] › user-management.spec.ts:475:7 › User Management Flow › should handle keyboard navigation 

    Error: Cannot find module '/Users/nuno-peakros/Documents/Peakros OS/namedrop/playwright.config.ts'
    Require stack:
    - /Users/nuno-peakros/Documents/Peakros OS/namedrop/node_modules/playwright/lib/transform/transform.js
    - /Users/nuno-peakros/Documents/Peakros OS/namedrop/node_modules/playwright/lib/common/configLoader.js
    - /Users/nuno-peakros/Documents/Peakros OS/namedrop/node_modules/playwright/lib/worker/workerMain.js
    - /Users/nuno-peakros/Documents/Peakros OS/namedrop/node_modules/playwright/lib/common/process.js
]]>
</failure>
</testcase>
</testsuite>
<testsuite name="accessibility.spec.ts" timestamp="2025-10-02T17:03:39.228Z" hostname="firefox" tests="16" failures="16" skipped="0" time="0" errors="0">
<testcase name="Accessibility › should have proper heading structure" classname="accessibility.spec.ts" time="0">
<failure message="accessibility.spec.ts:21:7 should have proper heading structure" type="FAILURE">
<![CDATA[  [firefox] › accessibility.spec.ts:21:7 › Accessibility › should have proper heading structure ────

    Error: Cannot find module '/Users/nuno-peakros/Documents/Peakros OS/namedrop/playwright.config.ts'
    Require stack:
    - /Users/nuno-peakros/Documents/Peakros OS/namedrop/node_modules/playwright/lib/transform/transform.js
    - /Users/nuno-peakros/Documents/Peakros OS/namedrop/node_modules/playwright/lib/common/configLoader.js
    - /Users/nuno-peakros/Documents/Peakros OS/namedrop/node_modules/playwright/lib/worker/workerMain.js
    - /Users/nuno-peakros/Documents/Peakros OS/namedrop/node_modules/playwright/lib/common/process.js
]]>
</failure>
</testcase>
<testcase name="Accessibility › should be keyboard navigable" classname="accessibility.spec.ts" time="0">
<failure message="accessibility.spec.ts:28:7 should be keyboard navigable" type="FAILURE">
<![CDATA[  [firefox] › accessibility.spec.ts:28:7 › Accessibility › should be keyboard navigable ────────────

    Error: Cannot find module '/Users/nuno-peakros/Documents/Peakros OS/namedrop/playwright.config.ts'
    Require stack:
    - /Users/nuno-peakros/Documents/Peakros OS/namedrop/node_modules/playwright/lib/transform/transform.js
    - /Users/nuno-peakros/Documents/Peakros OS/namedrop/node_modules/playwright/lib/common/configLoader.js
    - /Users/nuno-peakros/Documents/Peakros OS/namedrop/node_modules/playwright/lib/worker/workerMain.js
    - /Users/nuno-peakros/Documents/Peakros OS/namedrop/node_modules/playwright/lib/common/process.js
]]>
</failure>
</testcase>
<testcase name="Accessibility › should have proper focus indicators" classname="accessibility.spec.ts" time="0">
<failure message="accessibility.spec.ts:46:7 should have proper focus indicators" type="FAILURE">
<![CDATA[  [firefox] › accessibility.spec.ts:46:7 › Accessibility › should have proper focus indicators ─────

    Error: Cannot find module '/Users/nuno-peakros/Documents/Peakros OS/namedrop/playwright.config.ts'
    Require stack:
    - /Users/nuno-peakros/Documents/Peakros OS/namedrop/node_modules/playwright/lib/transform/transform.js
    - /Users/nuno-peakros/Documents/Peakros OS/namedrop/node_modules/playwright/lib/common/configLoader.js
    - /Users/nuno-peakros/Documents/Peakros OS/namedrop/node_modules/playwright/lib/worker/workerMain.js
    - /Users/nuno-peakros/Documents/Peakros OS/namedrop/node_modules/playwright/lib/common/process.js
]]>
</failure>
</testcase>
<testcase name="Accessibility › should have proper ARIA attributes" classname="accessibility.spec.ts" time="0">
<failure message="accessibility.spec.ts:64:7 should have proper ARIA attributes" type="FAILURE">
<![CDATA[  [firefox] › accessibility.spec.ts:64:7 › Accessibility › should have proper ARIA attributes ──────

    Error: Cannot find module '/Users/nuno-peakros/Documents/Peakros OS/namedrop/playwright.config.ts'
    Require stack:
    - /Users/nuno-peakros/Documents/Peakros OS/namedrop/node_modules/playwright/lib/transform/transform.js
    - /Users/nuno-peakros/Documents/Peakros OS/namedrop/node_modules/playwright/lib/common/configLoader.js
    - /Users/nuno-peakros/Documents/Peakros OS/namedrop/node_modules/playwright/lib/worker/workerMain.js
    - /Users/nuno-peakros/Documents/Peakros OS/namedrop/node_modules/playwright/lib/common/process.js
]]>
</failure>
</testcase>
<testcase name="Accessibility › should have proper form labels" classname="accessibility.spec.ts" time="0">
<failure message="accessibility.spec.ts:83:7 should have proper form labels" type="FAILURE">
<![CDATA[  [firefox] › accessibility.spec.ts:83:7 › Accessibility › should have proper form labels ──────────

    Error: Cannot find module '/Users/nuno-peakros/Documents/Peakros OS/namedrop/playwright.config.ts'
    Require stack:
    - /Users/nuno-peakros/Documents/Peakros OS/namedrop/node_modules/playwright/lib/transform/transform.js
    - /Users/nuno-peakros/Documents/Peakros OS/namedrop/node_modules/playwright/lib/common/configLoader.js
    - /Users/nuno-peakros/Documents/Peakros OS/namedrop/node_modules/playwright/lib/worker/workerMain.js
    - /Users/nuno-peakros/Documents/Peakros OS/namedrop/node_modules/playwright/lib/common/process.js
]]>
</failure>
</testcase>
<testcase name="Accessibility › should have proper color contrast" classname="accessibility.spec.ts" time="0">
<failure message="accessibility.spec.ts:101:7 should have proper color contrast" type="FAILURE">
<![CDATA[  [firefox] › accessibility.spec.ts:101:7 › Accessibility › should have proper color contrast ──────

    Error: Cannot find module '/Users/nuno-peakros/Documents/Peakros OS/namedrop/playwright.config.ts'
    Require stack:
    - /Users/nuno-peakros/Documents/Peakros OS/namedrop/node_modules/playwright/lib/transform/transform.js
    - /Users/nuno-peakros/Documents/Peakros OS/namedrop/node_modules/playwright/lib/common/configLoader.js
    - /Users/nuno-peakros/Documents/Peakros OS/namedrop/node_modules/playwright/lib/worker/workerMain.js
    - /Users/nuno-peakros/Documents/Peakros OS/namedrop/node_modules/playwright/lib/common/process.js
]]>
</failure>
</testcase>
<testcase name="Accessibility › should handle screen reader announcements" classname="accessibility.spec.ts" time="0">
<failure message="accessibility.spec.ts:120:7 should handle screen reader announcements" type="FAILURE">
<![CDATA[  [firefox] › accessibility.spec.ts:120:7 › Accessibility › should handle screen reader announcements 

    Error: Cannot find module '/Users/nuno-peakros/Documents/Peakros OS/namedrop/playwright.config.ts'
    Require stack:
    - /Users/nuno-peakros/Documents/Peakros OS/namedrop/node_modules/playwright/lib/transform/transform.js
    - /Users/nuno-peakros/Documents/Peakros OS/namedrop/node_modules/playwright/lib/common/configLoader.js
    - /Users/nuno-peakros/Documents/Peakros OS/namedrop/node_modules/playwright/lib/worker/workerMain.js
    - /Users/nuno-peakros/Documents/Peakros OS/namedrop/node_modules/playwright/lib/common/process.js
]]>
</failure>
</testcase>
<testcase name="Accessibility › should have proper table structure" classname="accessibility.spec.ts" time="0">
<failure message="accessibility.spec.ts:130:7 should have proper table structure" type="FAILURE">
<![CDATA[  [firefox] › accessibility.spec.ts:130:7 › Accessibility › should have proper table structure ─────

    Error: Cannot find module '/Users/nuno-peakros/Documents/Peakros OS/namedrop/playwright.config.ts'
    Require stack:
    - /Users/nuno-peakros/Documents/Peakros OS/namedrop/node_modules/playwright/lib/transform/transform.js
    - /Users/nuno-peakros/Documents/Peakros OS/namedrop/node_modules/playwright/lib/common/configLoader.js
    - /Users/nuno-peakros/Documents/Peakros OS/namedrop/node_modules/playwright/lib/worker/workerMain.js
    - /Users/nuno-peakros/Documents/Peakros OS/namedrop/node_modules/playwright/lib/common/process.js
]]>
</failure>
</testcase>
<testcase name="Accessibility › should handle modal accessibility" classname="accessibility.spec.ts" time="0">
<failure message="accessibility.spec.ts:151:7 should handle modal accessibility" type="FAILURE">
<![CDATA[  [firefox] › accessibility.spec.ts:151:7 › Accessibility › should handle modal accessibility ──────

    Error: Cannot find module '/Users/nuno-peakros/Documents/Peakros OS/namedrop/playwright.config.ts'
    Require stack:
    - /Users/nuno-peakros/Documents/Peakros OS/namedrop/node_modules/playwright/lib/transform/transform.js
    - /Users/nuno-peakros/Documents/Peakros OS/namedrop/node_modules/playwright/lib/common/configLoader.js
    - /Users/nuno-peakros/Documents/Peakros OS/namedrop/node_modules/playwright/lib/worker/workerMain.js
    - /Users/nuno-peakros/Documents/Peakros OS/namedrop/node_modules/playwright/lib/common/process.js
]]>
</failure>
</testcase>
<testcase name="Accessibility › should have proper error handling" classname="accessibility.spec.ts" time="0">
<failure message="accessibility.spec.ts:167:7 should have proper error handling" type="FAILURE">
<![CDATA[  [firefox] › accessibility.spec.ts:167:7 › Accessibility › should have proper error handling ──────

    Error: Cannot find module '/Users/nuno-peakros/Documents/Peakros OS/namedrop/playwright.config.ts'
    Require stack:
    - /Users/nuno-peakros/Documents/Peakros OS/namedrop/node_modules/playwright/lib/transform/transform.js
    - /Users/nuno-peakros/Documents/Peakros OS/namedrop/node_modules/playwright/lib/common/configLoader.js
    - /Users/nuno-peakros/Documents/Peakros OS/namedrop/node_modules/playwright/lib/worker/workerMain.js
    - /Users/nuno-peakros/Documents/Peakros OS/namedrop/node_modules/playwright/lib/common/process.js
]]>
</failure>
</testcase>
<testcase name="Accessibility › should be responsive and accessible on mobile" classname="accessibility.spec.ts" time="0">
<failure message="accessibility.spec.ts:182:7 should be responsive and accessible on mobile" type="FAILURE">
<![CDATA[  [firefox] › accessibility.spec.ts:182:7 › Accessibility › should be responsive and accessible on mobile 

    Error: Cannot find module '/Users/nuno-peakros/Documents/Peakros OS/namedrop/playwright.config.ts'
    Require stack:
    - /Users/nuno-peakros/Documents/Peakros OS/namedrop/node_modules/playwright/lib/transform/transform.js
    - /Users/nuno-peakros/Documents/Peakros OS/namedrop/node_modules/playwright/lib/common/configLoader.js
    - /Users/nuno-peakros/Documents/Peakros OS/namedrop/node_modules/playwright/lib/worker/workerMain.js
    - /Users/nuno-peakros/Documents/Peakros OS/namedrop/node_modules/playwright/lib/common/process.js
]]>
</failure>
</testcase>
<testcase name="Accessibility › should handle high contrast mode" classname="accessibility.spec.ts" time="0">
<failure message="accessibility.spec.ts:197:7 should handle high contrast mode" type="FAILURE">
<![CDATA[  [firefox] › accessibility.spec.ts:197:7 › Accessibility › should handle high contrast mode ───────

    Error: Cannot find module '/Users/nuno-peakros/Documents/Peakros OS/namedrop/playwright.config.ts'
    Require stack:
    - /Users/nuno-peakros/Documents/Peakros OS/namedrop/node_modules/playwright/lib/transform/transform.js
    - /Users/nuno-peakros/Documents/Peakros OS/namedrop/node_modules/playwright/lib/common/configLoader.js
    - /Users/nuno-peakros/Documents/Peakros OS/namedrop/node_modules/playwright/lib/worker/workerMain.js
    - /Users/nuno-peakros/Documents/Peakros OS/namedrop/node_modules/playwright/lib/common/process.js
]]>
</failure>
</testcase>
<testcase name="Accessibility › should have proper skip links" classname="accessibility.spec.ts" time="0">
<failure message="accessibility.spec.ts:217:7 should have proper skip links" type="FAILURE">
<![CDATA[  [firefox] › accessibility.spec.ts:217:7 › Accessibility › should have proper skip links ──────────

    Error: Cannot find module '/Users/nuno-peakros/Documents/Peakros OS/namedrop/playwright.config.ts'
    Require stack:
    - /Users/nuno-peakros/Documents/Peakros OS/namedrop/node_modules/playwright/lib/transform/transform.js
    - /Users/nuno-peakros/Documents/Peakros OS/namedrop/node_modules/playwright/lib/common/configLoader.js
    - /Users/nuno-peakros/Documents/Peakros OS/namedrop/node_modules/playwright/lib/worker/workerMain.js
    - /Users/nuno-peakros/Documents/Peakros OS/namedrop/node_modules/playwright/lib/common/process.js
]]>
</failure>
</testcase>
<testcase name="Accessibility › should handle reduced motion preferences" classname="accessibility.spec.ts" time="0">
<failure message="accessibility.spec.ts:233:7 should handle reduced motion preferences" type="FAILURE">
<![CDATA[  [firefox] › accessibility.spec.ts:233:7 › Accessibility › should handle reduced motion preferences 

    Error: Cannot find module '/Users/nuno-peakros/Documents/Peakros OS/namedrop/playwright.config.ts'
    Require stack:
    - /Users/nuno-peakros/Documents/Peakros OS/namedrop/node_modules/playwright/lib/transform/transform.js
    - /Users/nuno-peakros/Documents/Peakros OS/namedrop/node_modules/playwright/lib/common/configLoader.js
    - /Users/nuno-peakros/Documents/Peakros OS/namedrop/node_modules/playwright/lib/worker/workerMain.js
    - /Users/nuno-peakros/Documents/Peakros OS/namedrop/node_modules/playwright/lib/common/process.js
]]>
</failure>
</testcase>
<testcase name="Accessibility › should have proper language attributes" classname="accessibility.spec.ts" time="0">
<failure message="accessibility.spec.ts:255:7 should have proper language attributes" type="FAILURE">
<![CDATA[  [firefox] › accessibility.spec.ts:255:7 › Accessibility › should have proper language attributes ─

    Error: Cannot find module '/Users/nuno-peakros/Documents/Peakros OS/namedrop/playwright.config.ts'
    Require stack:
    - /Users/nuno-peakros/Documents/Peakros OS/namedrop/node_modules/playwright/lib/transform/transform.js
    - /Users/nuno-peakros/Documents/Peakros OS/namedrop/node_modules/playwright/lib/common/configLoader.js
    - /Users/nuno-peakros/Documents/Peakros OS/namedrop/node_modules/playwright/lib/worker/workerMain.js
    - /Users/nuno-peakros/Documents/Peakros OS/namedrop/node_modules/playwright/lib/common/process.js
]]>
</failure>
</testcase>
<testcase name="Accessibility › should handle zoom up to 200%" classname="accessibility.spec.ts" time="0">
<failure message="accessibility.spec.ts:267:7 should handle zoom up to 200%" type="FAILURE">
<![CDATA[  [firefox] › accessibility.spec.ts:267:7 › Accessibility › should handle zoom up to 200% ──────────

    Error: Cannot find module '/Users/nuno-peakros/Documents/Peakros OS/namedrop/playwright.config.ts'
    Require stack:
    - /Users/nuno-peakros/Documents/Peakros OS/namedrop/node_modules/playwright/lib/transform/transform.js
    - /Users/nuno-peakros/Documents/Peakros OS/namedrop/node_modules/playwright/lib/common/configLoader.js
    - /Users/nuno-peakros/Documents/Peakros OS/namedrop/node_modules/playwright/lib/worker/workerMain.js
    - /Users/nuno-peakros/Documents/Peakros OS/namedrop/node_modules/playwright/lib/common/process.js
]]>
</failure>
</testcase>
</testsuite>
<testsuite name="auth-flow.spec.ts" timestamp="2025-10-02T17:03:39.228Z" hostname="firefox" tests="14" failures="14" skipped="0" time="0" errors="0">
<testcase name="Authentication Flow › should display login form correctly" classname="auth-flow.spec.ts" time="0">
<failure message="auth-flow.spec.ts:21:7 should display login form correctly" type="FAILURE">
<![CDATA[  [firefox] › auth-flow.spec.ts:21:7 › Authentication Flow › should display login form correctly ───

    Error: Cannot find module '/Users/nuno-peakros/Documents/Peakros OS/namedrop/playwright.config.ts'
    Require stack:
    - /Users/nuno-peakros/Documents/Peakros OS/namedrop/node_modules/playwright/lib/transform/transform.js
    - /Users/nuno-peakros/Documents/Peakros OS/namedrop/node_modules/playwright/lib/common/configLoader.js
    - /Users/nuno-peakros/Documents/Peakros OS/namedrop/node_modules/playwright/lib/worker/workerMain.js
    - /Users/nuno-peakros/Documents/Peakros OS/namedrop/node_modules/playwright/lib/common/process.js
]]>
</failure>
</testcase>
<testcase name="Authentication Flow › should show validation errors for invalid input" classname="auth-flow.spec.ts" time="0">
<failure message="auth-flow.spec.ts:34:7 should show validation errors for invalid input" type="FAILURE">
<![CDATA[  [firefox] › auth-flow.spec.ts:34:7 › Authentication Flow › should show validation errors for invalid input 

    Error: Cannot find module '/Users/nuno-peakros/Documents/Peakros OS/namedrop/playwright.config.ts'
    Require stack:
    - /Users/nuno-peakros/Documents/Peakros OS/namedrop/node_modules/playwright/lib/transform/transform.js
    - /Users/nuno-peakros/Documents/Peakros OS/namedrop/node_modules/playwright/lib/common/configLoader.js
    - /Users/nuno-peakros/Documents/Peakros OS/namedrop/node_modules/playwright/lib/worker/workerMain.js
    - /Users/nuno-peakros/Documents/Peakros OS/namedrop/node_modules/playwright/lib/common/process.js
]]>
</failure>
</testcase>
<testcase name="Authentication Flow › should handle login with invalid credentials" classname="auth-flow.spec.ts" time="0">
<failure message="auth-flow.spec.ts:45:7 should handle login with invalid credentials" type="FAILURE">
<![CDATA[  [firefox] › auth-flow.spec.ts:45:7 › Authentication Flow › should handle login with invalid credentials 

    Error: Cannot find module '/Users/nuno-peakros/Documents/Peakros OS/namedrop/playwright.config.ts'
    Require stack:
    - /Users/nuno-peakros/Documents/Peakros OS/namedrop/node_modules/playwright/lib/transform/transform.js
    - /Users/nuno-peakros/Documents/Peakros OS/namedrop/node_modules/playwright/lib/common/configLoader.js
    - /Users/nuno-peakros/Documents/Peakros OS/namedrop/node_modules/playwright/lib/worker/workerMain.js
    - /Users/nuno-peakros/Documents/Peakros OS/namedrop/node_modules/playwright/lib/common/process.js
]]>
</failure>
</testcase>
<testcase name="Authentication Flow › should handle successful login" classname="auth-flow.spec.ts" time="0">
<failure message="auth-flow.spec.ts:70:7 should handle successful login" type="FAILURE">
<![CDATA[  [firefox] › auth-flow.spec.ts:70:7 › Authentication Flow › should handle successful login ────────

    Error: Cannot find module '/Users/nuno-peakros/Documents/Peakros OS/namedrop/playwright.config.ts'
    Require stack:
    - /Users/nuno-peakros/Documents/Peakros OS/namedrop/node_modules/playwright/lib/transform/transform.js
    - /Users/nuno-peakros/Documents/Peakros OS/namedrop/node_modules/playwright/lib/common/configLoader.js
    - /Users/nuno-peakros/Documents/Peakros OS/namedrop/node_modules/playwright/lib/worker/workerMain.js
    - /Users/nuno-peakros/Documents/Peakros OS/namedrop/node_modules/playwright/lib/common/process.js
]]>
</failure>
</testcase>
<testcase name="Authentication Flow › should handle rate limiting" classname="auth-flow.spec.ts" time="0">
<failure message="auth-flow.spec.ts:107:7 should handle rate limiting" type="FAILURE">
<![CDATA[  [firefox] › auth-flow.spec.ts:107:7 › Authentication Flow › should handle rate limiting ──────────

    Error: Cannot find module '/Users/nuno-peakros/Documents/Peakros OS/namedrop/playwright.config.ts'
    Require stack:
    - /Users/nuno-peakros/Documents/Peakros OS/namedrop/node_modules/playwright/lib/transform/transform.js
    - /Users/nuno-peakros/Documents/Peakros OS/namedrop/node_modules/playwright/lib/common/configLoader.js
    - /Users/nuno-peakros/Documents/Peakros OS/namedrop/node_modules/playwright/lib/worker/workerMain.js
    - /Users/nuno-peakros/Documents/Peakros OS/namedrop/node_modules/playwright/lib/common/process.js
]]>
</failure>
</testcase>
<testcase name="Authentication Flow › should navigate to email verification page" classname="auth-flow.spec.ts" time="0">
<failure message="auth-flow.spec.ts:133:7 should navigate to email verification page" type="FAILURE">
<![CDATA[  [firefox] › auth-flow.spec.ts:133:7 › Authentication Flow › should navigate to email verification page 

    Error: Cannot find module '/Users/nuno-peakros/Documents/Peakros OS/namedrop/playwright.config.ts'
    Require stack:
    - /Users/nuno-peakros/Documents/Peakros OS/namedrop/node_modules/playwright/lib/transform/transform.js
    - /Users/nuno-peakros/Documents/Peakros OS/namedrop/node_modules/playwright/lib/common/configLoader.js
    - /Users/nuno-peakros/Documents/Peakros OS/namedrop/node_modules/playwright/lib/worker/workerMain.js
    - /Users/nuno-peakros/Documents/Peakros OS/namedrop/node_modules/playwright/lib/common/process.js
]]>
</failure>
</testcase>
<testcase name="Authentication Flow › should handle email verification" classname="auth-flow.spec.ts" time="0">
<failure message="auth-flow.spec.ts:145:7 should handle email verification" type="FAILURE">
<![CDATA[  [firefox] › auth-flow.spec.ts:145:7 › Authentication Flow › should handle email verification ─────

    Error: Cannot find module '/Users/nuno-peakros/Documents/Peakros OS/namedrop/playwright.config.ts'
    Require stack:
    - /Users/nuno-peakros/Documents/Peakros OS/namedrop/node_modules/playwright/lib/transform/transform.js
    - /Users/nuno-peakros/Documents/Peakros OS/namedrop/node_modules/playwright/lib/common/configLoader.js
    - /Users/nuno-peakros/Documents/Peakros OS/namedrop/node_modules/playwright/lib/worker/workerMain.js
    - /Users/nuno-peakros/Documents/Peakros OS/namedrop/node_modules/playwright/lib/common/process.js
]]>
</failure>
</testcase>
<testcase name="Authentication Flow › should handle password reset flow" classname="auth-flow.spec.ts" time="0">
<failure message="auth-flow.spec.ts:174:7 should handle password reset flow" type="FAILURE">
<![CDATA[  [firefox] › auth-flow.spec.ts:174:7 › Authentication Flow › should handle password reset flow ────

    Error: Cannot find module '/Users/nuno-peakros/Documents/Peakros OS/namedrop/playwright.config.ts'
    Require stack:
    - /Users/nuno-peakros/Documents/Peakros OS/namedrop/node_modules/playwright/lib/transform/transform.js
    - /Users/nuno-peakros/Documents/Peakros OS/namedrop/node_modules/playwright/lib/common/configLoader.js
    - /Users/nuno-peakros/Documents/Peakros OS/namedrop/node_modules/playwright/lib/worker/workerMain.js
    - /Users/nuno-peakros/Documents/Peakros OS/namedrop/node_modules/playwright/lib/common/process.js
]]>
</failure>
</testcase>
<testcase name="Authentication Flow › should handle password change flow" classname="auth-flow.spec.ts" time="0">
<failure message="auth-flow.spec.ts:204:7 should handle password change flow" type="FAILURE">
<![CDATA[  [firefox] › auth-flow.spec.ts:204:7 › Authentication Flow › should handle password change flow ───

    Error: Cannot find module '/Users/nuno-peakros/Documents/Peakros OS/namedrop/playwright.config.ts'
    Require stack:
    - /Users/nuno-peakros/Documents/Peakros OS/namedrop/node_modules/playwright/lib/transform/transform.js
    - /Users/nuno-peakros/Documents/Peakros OS/namedrop/node_modules/playwright/lib/common/configLoader.js
    - /Users/nuno-peakros/Documents/Peakros OS/namedrop/node_modules/playwright/lib/worker/workerMain.js
    - /Users/nuno-peakros/Documents/Peakros OS/namedrop/node_modules/playwright/lib/common/process.js
]]>
</failure>
</testcase>
<testcase name="Authentication Flow › should validate password confirmation" classname="auth-flow.spec.ts" time="0">
<failure message="auth-flow.spec.ts:237:7 should validate password confirmation" type="FAILURE">
<![CDATA[  [firefox] › auth-flow.spec.ts:237:7 › Authentication Flow › should validate password confirmation 

    Error: Cannot find module '/Users/nuno-peakros/Documents/Peakros OS/namedrop/playwright.config.ts'
    Require stack:
    - /Users/nuno-peakros/Documents/Peakros OS/namedrop/node_modules/playwright/lib/transform/transform.js
    - /Users/nuno-peakros/Documents/Peakros OS/namedrop/node_modules/playwright/lib/common/configLoader.js
    - /Users/nuno-peakros/Documents/Peakros OS/namedrop/node_modules/playwright/lib/worker/workerMain.js
    - /Users/nuno-peakros/Documents/Peakros OS/namedrop/node_modules/playwright/lib/common/process.js
]]>
</failure>
</testcase>
<testcase name="Authentication Flow › should handle logout" classname="auth-flow.spec.ts" time="0">
<failure message="auth-flow.spec.ts:251:7 should handle logout" type="FAILURE">
<![CDATA[  [firefox] › auth-flow.spec.ts:251:7 › Authentication Flow › should handle logout ─────────────────

    Error: Cannot find module '/Users/nuno-peakros/Documents/Peakros OS/namedrop/playwright.config.ts'
    Require stack:
    - /Users/nuno-peakros/Documents/Peakros OS/namedrop/node_modules/playwright/lib/transform/transform.js
    - /Users/nuno-peakros/Documents/Peakros OS/namedrop/node_modules/playwright/lib/common/configLoader.js
    - /Users/nuno-peakros/Documents/Peakros OS/namedrop/node_modules/playwright/lib/worker/workerMain.js
    - /Users/nuno-peakros/Documents/Peakros OS/namedrop/node_modules/playwright/lib/common/process.js
]]>
</failure>
</testcase>
<testcase name="Authentication Flow › should handle network errors gracefully" classname="auth-flow.spec.ts" time="0">
<failure message="auth-flow.spec.ts:306:7 should handle network errors gracefully" type="FAILURE">
<![CDATA[  [firefox] › auth-flow.spec.ts:306:7 › Authentication Flow › should handle network errors gracefully 

    Error: Cannot find module '/Users/nuno-peakros/Documents/Peakros OS/namedrop/playwright.config.ts'
    Require stack:
    - /Users/nuno-peakros/Documents/Peakros OS/namedrop/node_modules/playwright/lib/transform/transform.js
    - /Users/nuno-peakros/Documents/Peakros OS/namedrop/node_modules/playwright/lib/common/configLoader.js
    - /Users/nuno-peakros/Documents/Peakros OS/namedrop/node_modules/playwright/lib/worker/workerMain.js
    - /Users/nuno-peakros/Documents/Peakros OS/namedrop/node_modules/playwright/lib/common/process.js
]]>
</failure>
</testcase>
<testcase name="Authentication Flow › should be responsive on mobile devices" classname="auth-flow.spec.ts" time="0">
<failure message="auth-flow.spec.ts:321:7 should be responsive on mobile devices" type="FAILURE">
<![CDATA[  [firefox] › auth-flow.spec.ts:321:7 › Authentication Flow › should be responsive on mobile devices 

    Error: Cannot find module '/Users/nuno-peakros/Documents/Peakros OS/namedrop/playwright.config.ts'
    Require stack:
    - /Users/nuno-peakros/Documents/Peakros OS/namedrop/node_modules/playwright/lib/transform/transform.js
    - /Users/nuno-peakros/Documents/Peakros OS/namedrop/node_modules/playwright/lib/common/configLoader.js
    - /Users/nuno-peakros/Documents/Peakros OS/namedrop/node_modules/playwright/lib/worker/workerMain.js
    - /Users/nuno-peakros/Documents/Peakros OS/namedrop/node_modules/playwright/lib/common/process.js
]]>
</failure>
</testcase>
<testcase name="Authentication Flow › should have proper accessibility attributes" classname="auth-flow.spec.ts" time="0">
<failure message="auth-flow.spec.ts:340:7 should have proper accessibility attributes" type="FAILURE">
<![CDATA[  [firefox] › auth-flow.spec.ts:340:7 › Authentication Flow › should have proper accessibility attributes 

    Error: Cannot find module '/Users/nuno-peakros/Documents/Peakros OS/namedrop/playwright.config.ts'
    Require stack:
    - /Users/nuno-peakros/Documents/Peakros OS/namedrop/node_modules/playwright/lib/transform/transform.js
    - /Users/nuno-peakros/Documents/Peakros OS/namedrop/node_modules/playwright/lib/common/configLoader.js
    - /Users/nuno-peakros/Documents/Peakros OS/namedrop/node_modules/playwright/lib/worker/workerMain.js
    - /Users/nuno-peakros/Documents/Peakros OS/namedrop/node_modules/playwright/lib/common/process.js
]]>
</failure>
</testcase>
</testsuite>
<testsuite name="performance-monitoring.spec.ts" timestamp="2025-10-02T17:03:39.228Z" hostname="firefox" tests="14" failures="14" skipped="0" time="0" errors="0">
<testcase name="Performance Monitoring › should display performance metrics" classname="performance-monitoring.spec.ts" time="0">
<failure message="performance-monitoring.spec.ts:19:7 should display performance metrics" type="FAILURE">
<![CDATA[  [firefox] › performance-monitoring.spec.ts:19:7 › Performance Monitoring › should display performance metrics 

    Error: Cannot find module '/Users/nuno-peakros/Documents/Peakros OS/namedrop/playwright.config.ts'
    Require stack:
    - /Users/nuno-peakros/Documents/Peakros OS/namedrop/node_modules/playwright/lib/transform/transform.js
    - /Users/nuno-peakros/Documents/Peakros OS/namedrop/node_modules/playwright/lib/common/configLoader.js
    - /Users/nuno-peakros/Documents/Peakros OS/namedrop/node_modules/playwright/lib/worker/workerMain.js
    - /Users/nuno-peakros/Documents/Peakros OS/namedrop/node_modules/playwright/lib/common/process.js
]]>
</failure>
</testcase>
<testcase name="Performance Monitoring › should display performance tips" classname="performance-monitoring.spec.ts" time="0">
<failure message="performance-monitoring.spec.ts:26:7 should display performance tips" type="FAILURE">
<![CDATA[  [firefox] › performance-monitoring.spec.ts:26:7 › Performance Monitoring › should display performance tips 

    Error: Cannot find module '/Users/nuno-peakros/Documents/Peakros OS/namedrop/playwright.config.ts'
    Require stack:
    - /Users/nuno-peakros/Documents/Peakros OS/namedrop/node_modules/playwright/lib/transform/transform.js
    - /Users/nuno-peakros/Documents/Peakros OS/namedrop/node_modules/playwright/lib/common/configLoader.js
    - /Users/nuno-peakros/Documents/Peakros OS/namedrop/node_modules/playwright/lib/worker/workerMain.js
    - /Users/nuno-peakros/Documents/Peakros OS/namedrop/node_modules/playwright/lib/common/process.js
]]>
</failure>
</testcase>
<testcase name="Performance Monitoring › should display performance standards" classname="performance-monitoring.spec.ts" time="0">
<failure message="performance-monitoring.spec.ts:35:7 should display performance standards" type="FAILURE">
<![CDATA[  [firefox] › performance-monitoring.spec.ts:35:7 › Performance Monitoring › should display performance standards 

    Error: Cannot find module '/Users/nuno-peakros/Documents/Peakros OS/namedrop/playwright.config.ts'
    Require stack:
    - /Users/nuno-peakros/Documents/Peakros OS/namedrop/node_modules/playwright/lib/transform/transform.js
    - /Users/nuno-peakros/Documents/Peakros OS/namedrop/node_modules/playwright/lib/common/configLoader.js
    - /Users/nuno-peakros/Documents/Peakros OS/namedrop/node_modules/playwright/lib/worker/workerMain.js
    - /Users/nuno-peakros/Documents/Peakros OS/namedrop/node_modules/playwright/lib/common/process.js
]]>
</failure>
</testcase>
<testcase name="Performance Monitoring › should show refresh button" classname="performance-monitoring.spec.ts" time="0">
<failure message="performance-monitoring.spec.ts:44:7 should show refresh button" type="FAILURE">
<![CDATA[  [firefox] › performance-monitoring.spec.ts:44:7 › Performance Monitoring › should show refresh button 

    Error: Cannot find module '/Users/nuno-peakros/Documents/Peakros OS/namedrop/playwright.config.ts'
    Require stack:
    - /Users/nuno-peakros/Documents/Peakros OS/namedrop/node_modules/playwright/lib/transform/transform.js
    - /Users/nuno-peakros/Documents/Peakros OS/namedrop/node_modules/playwright/lib/common/configLoader.js
    - /Users/nuno-peakros/Documents/Peakros OS/namedrop/node_modules/playwright/lib/worker/workerMain.js
    - /Users/nuno-peakros/Documents/Peakros OS/namedrop/node_modules/playwright/lib/common/process.js
]]>
</failure>
</testcase>
<testcase name="Performance Monitoring › should refresh metrics when button is clicked" classname="performance-monitoring.spec.ts" time="0">
<failure message="performance-monitoring.spec.ts:49:7 should refresh metrics when button is clicked" type="FAILURE">
<![CDATA[  [firefox] › performance-monitoring.spec.ts:49:7 › Performance Monitoring › should refresh metrics when button is clicked 

    Error: Cannot find module '/Users/nuno-peakros/Documents/Peakros OS/namedrop/playwright.config.ts'
    Require stack:
    - /Users/nuno-peakros/Documents/Peakros OS/namedrop/node_modules/playwright/lib/transform/transform.js
    - /Users/nuno-peakros/Documents/Peakros OS/namedrop/node_modules/playwright/lib/common/configLoader.js
    - /Users/nuno-peakros/Documents/Peakros OS/namedrop/node_modules/playwright/lib/worker/workerMain.js
    - /Users/nuno-peakros/Documents/Peakros OS/namedrop/node_modules/playwright/lib/common/process.js
]]>
</failure>
</testcase>
<testcase name="Performance Monitoring › should display performance score" classname="performance-monitoring.spec.ts" time="0">
<failure message="performance-monitoring.spec.ts:60:7 should display performance score" type="FAILURE">
<![CDATA[  [firefox] › performance-monitoring.spec.ts:60:7 › Performance Monitoring › should display performance score 

    Error: Cannot find module '/Users/nuno-peakros/Documents/Peakros OS/namedrop/playwright.config.ts'
    Require stack:
    - /Users/nuno-peakros/Documents/Peakros OS/namedrop/node_modules/playwright/lib/transform/transform.js
    - /Users/nuno-peakros/Documents/Peakros OS/namedrop/node_modules/playwright/lib/common/configLoader.js
    - /Users/nuno-peakros/Documents/Peakros OS/namedrop/node_modules/playwright/lib/worker/workerMain.js
    - /Users/nuno-peakros/Documents/Peakros OS/namedrop/node_modules/playwright/lib/common/process.js
]]>
</failure>
</testcase>
<testcase name="Performance Monitoring › should display bundle size information" classname="performance-monitoring.spec.ts" time="0">
<failure message="performance-monitoring.spec.ts:69:7 should display bundle size information" type="FAILURE">
<![CDATA[  [firefox] › performance-monitoring.spec.ts:69:7 › Performance Monitoring › should display bundle size information 

    Error: Cannot find module '/Users/nuno-peakros/Documents/Peakros OS/namedrop/playwright.config.ts'
    Require stack:
    - /Users/nuno-peakros/Documents/Peakros OS/namedrop/node_modules/playwright/lib/transform/transform.js
    - /Users/nuno-peakros/Documents/Peakros OS/namedrop/node_modules/playwright/lib/common/configLoader.js
    - /Users/nuno-peakros/Documents/Peakros OS/namedrop/node_modules/playwright/lib/worker/workerMain.js
    - /Users/nuno-peakros/Documents/Peakros OS/namedrop/node_modules/playwright/lib/common/process.js
]]>
</failure>
</testcase>
<testcase name="Performance Monitoring › should handle unsupported environment gracefully" classname="performance-monitoring.spec.ts" time="0">
<failure message="performance-monitoring.spec.ts:76:7 should handle unsupported environment gracefully" type="FAILURE">
<![CDATA[  [firefox] › performance-monitoring.spec.ts:76:7 › Performance Monitoring › should handle unsupported environment gracefully 

    Error: Cannot find module '/Users/nuno-peakros/Documents/Peakros OS/namedrop/playwright.config.ts'
    Require stack:
    - /Users/nuno-peakros/Documents/Peakros OS/namedrop/node_modules/playwright/lib/transform/transform.js
    - /Users/nuno-peakros/Documents/Peakros OS/namedrop/node_modules/playwright/lib/common/configLoader.js
    - /Users/nuno-peakros/Documents/Peakros OS/namedrop/node_modules/playwright/lib/worker/workerMain.js
    - /Users/nuno-peakros/Documents/Peakros OS/namedrop/node_modules/playwright/lib/common/process.js
]]>
</failure>
</testcase>
<testcase name="Performance Monitoring › should update metrics in real-time" classname="performance-monitoring.spec.ts" time="0">
<failure message="performance-monitoring.spec.ts:92:7 should update metrics in real-time" type="FAILURE">
<![CDATA[  [firefox] › performance-monitoring.spec.ts:92:7 › Performance Monitoring › should update metrics in real-time 

    Error: Cannot find module '/Users/nuno-peakros/Documents/Peakros OS/namedrop/playwright.config.ts'
    Require stack:
    - /Users/nuno-peakros/Documents/Peakros OS/namedrop/node_modules/playwright/lib/transform/transform.js
    - /Users/nuno-peakros/Documents/Peakros OS/namedrop/node_modules/playwright/lib/common/configLoader.js
    - /Users/nuno-peakros/Documents/Peakros OS/namedrop/node_modules/playwright/lib/worker/workerMain.js
    - /Users/nuno-peakros/Documents/Peakros OS/namedrop/node_modules/playwright/lib/common/process.js
]]>
</failure>
</testcase>
<testcase name="Performance Monitoring › should display performance recommendations" classname="performance-monitoring.spec.ts" time="0">
<failure message="performance-monitoring.spec.ts:106:7 should display performance recommendations" type="FAILURE">
<![CDATA[  [firefox] › performance-monitoring.spec.ts:106:7 › Performance Monitoring › should display performance recommendations 

    Error: Cannot find module '/Users/nuno-peakros/Documents/Peakros OS/namedrop/playwright.config.ts'
    Require stack:
    - /Users/nuno-peakros/Documents/Peakros OS/namedrop/node_modules/playwright/lib/transform/transform.js
    - /Users/nuno-peakros/Documents/Peakros OS/namedrop/node_modules/playwright/lib/common/configLoader.js
    - /Users/nuno-peakros/Documents/Peakros OS/namedrop/node_modules/playwright/lib/worker/workerMain.js
    - /Users/nuno-peakros/Documents/Peakros OS/namedrop/node_modules/playwright/lib/common/process.js
]]>
</failure>
</testcase>
<testcase name="Performance Monitoring › should show performance thresholds" classname="performance-monitoring.spec.ts" time="0">
<failure message="performance-monitoring.spec.ts:123:7 should show performance thresholds" type="FAILURE">
<![CDATA[  [firefox] › performance-monitoring.spec.ts:123:7 › Performance Monitoring › should show performance thresholds 

    Error: Cannot find module '/Users/nuno-peakros/Documents/Peakros OS/namedrop/playwright.config.ts'
    Require stack:
    - /Users/nuno-peakros/Documents/Peakros OS/namedrop/node_modules/playwright/lib/transform/transform.js
    - /Users/nuno-peakros/Documents/Peakros OS/namedrop/node_modules/playwright/lib/common/configLoader.js
    - /Users/nuno-peakros/Documents/Peakros OS/namedrop/node_modules/playwright/lib/worker/workerMain.js
    - /Users/nuno-peakros/Documents/Peakros OS/namedrop/node_modules/playwright/lib/common/process.js
]]>
</failure>
</testcase>
<testcase name="Performance Monitoring › should be responsive on mobile" classname="performance-monitoring.spec.ts" time="0">
<failure message="performance-monitoring.spec.ts:131:7 should be responsive on mobile" type="FAILURE">
<![CDATA[  [firefox] › performance-monitoring.spec.ts:131:7 › Performance Monitoring › should be responsive on mobile 

    Error: Cannot find module '/Users/nuno-peakros/Documents/Peakros OS/namedrop/playwright.config.ts'
    Require stack:
    - /Users/nuno-peakros/Documents/Peakros OS/namedrop/node_modules/playwright/lib/transform/transform.js
    - /Users/nuno-peakros/Documents/Peakros OS/namedrop/node_modules/playwright/lib/common/configLoader.js
    - /Users/nuno-peakros/Documents/Peakros OS/namedrop/node_modules/playwright/lib/worker/workerMain.js
    - /Users/nuno-peakros/Documents/Peakros OS/namedrop/node_modules/playwright/lib/common/process.js
]]>
</failure>
</testcase>
<testcase name="Performance Monitoring › should be responsive on tablet" classname="performance-monitoring.spec.ts" time="0">
<failure message="performance-monitoring.spec.ts:141:7 should be responsive on tablet" type="FAILURE">
<![CDATA[  [firefox] › performance-monitoring.spec.ts:141:7 › Performance Monitoring › should be responsive on tablet 

    Error: Cannot find module '/Users/nuno-peakros/Documents/Peakros OS/namedrop/playwright.config.ts'
    Require stack:
    - /Users/nuno-peakros/Documents/Peakros OS/namedrop/node_modules/playwright/lib/transform/transform.js
    - /Users/nuno-peakros/Documents/Peakros OS/namedrop/node_modules/playwright/lib/common/configLoader.js
    - /Users/nuno-peakros/Documents/Peakros OS/namedrop/node_modules/playwright/lib/worker/workerMain.js
    - /Users/nuno-peakros/Documents/Peakros OS/namedrop/node_modules/playwright/lib/common/process.js
]]>
</failure>
</testcase>
<testcase name="Performance Monitoring › should be accessible" classname="performance-monitoring.spec.ts" time="0">
<failure message="performance-monitoring.spec.ts:151:7 should be accessible" type="FAILURE">
<![CDATA[  [firefox] › performance-monitoring.spec.ts:151:7 › Performance Monitoring › should be accessible ─

    Error: Cannot find module '/Users/nuno-peakros/Documents/Peakros OS/namedrop/playwright.config.ts'
    Require stack:
    - /Users/nuno-peakros/Documents/Peakros OS/namedrop/node_modules/playwright/lib/transform/transform.js
    - /Users/nuno-peakros/Documents/Peakros OS/namedrop/node_modules/playwright/lib/common/configLoader.js
    - /Users/nuno-peakros/Documents/Peakros OS/namedrop/node_modules/playwright/lib/worker/workerMain.js
    - /Users/nuno-peakros/Documents/Peakros OS/namedrop/node_modules/playwright/lib/common/process.js
]]>
</failure>
</testcase>
</testsuite>
<testsuite name="security.spec.ts" timestamp="2025-10-02T17:03:39.228Z" hostname="firefox" tests="20" failures="20" skipped="0" time="0" errors="0">
<testcase name="Security › should prevent SQL injection in login form" classname="security.spec.ts" time="0">
<failure message="security.spec.ts:23:7 should prevent SQL injection in login form" type="FAILURE">
<![CDATA[  [firefox] › security.spec.ts:23:7 › Security › should prevent SQL injection in login form ────────

    Error: Cannot find module '/Users/nuno-peakros/Documents/Peakros OS/namedrop/playwright.config.ts'
    Require stack:
    - /Users/nuno-peakros/Documents/Peakros OS/namedrop/node_modules/playwright/lib/transform/transform.js
    - /Users/nuno-peakros/Documents/Peakros OS/namedrop/node_modules/playwright/lib/common/configLoader.js
    - /Users/nuno-peakros/Documents/Peakros OS/namedrop/node_modules/playwright/lib/worker/workerMain.js
    - /Users/nuno-peakros/Documents/Peakros OS/namedrop/node_modules/playwright/lib/common/process.js
]]>
</failure>
</testcase>
<testcase name="Security › should prevent XSS in login form" classname="security.spec.ts" time="0">
<failure message="security.spec.ts:34:7 should prevent XSS in login form" type="FAILURE">
<![CDATA[  [firefox] › security.spec.ts:34:7 › Security › should prevent XSS in login form ──────────────────

    Error: Cannot find module '/Users/nuno-peakros/Documents/Peakros OS/namedrop/playwright.config.ts'
    Require stack:
    - /Users/nuno-peakros/Documents/Peakros OS/namedrop/node_modules/playwright/lib/transform/transform.js
    - /Users/nuno-peakros/Documents/Peakros OS/namedrop/node_modules/playwright/lib/common/configLoader.js
    - /Users/nuno-peakros/Documents/Peakros OS/namedrop/node_modules/playwright/lib/worker/workerMain.js
    - /Users/nuno-peakros/Documents/Peakros OS/namedrop/node_modules/playwright/lib/common/process.js
]]>
</failure>
</testcase>
<testcase name="Security › should enforce rate limiting on login attempts" classname="security.spec.ts" time="0">
<failure message="security.spec.ts:48:7 should enforce rate limiting on login attempts" type="FAILURE">
<![CDATA[  [firefox] › security.spec.ts:48:7 › Security › should enforce rate limiting on login attempts ────

    Error: Cannot find module '/Users/nuno-peakros/Documents/Peakros OS/namedrop/playwright.config.ts'
    Require stack:
    - /Users/nuno-peakros/Documents/Peakros OS/namedrop/node_modules/playwright/lib/transform/transform.js
    - /Users/nuno-peakros/Documents/Peakros OS/namedrop/node_modules/playwright/lib/common/configLoader.js
    - /Users/nuno-peakros/Documents/Peakros OS/namedrop/node_modules/playwright/lib/worker/workerMain.js
    - /Users/nuno-peakros/Documents/Peakros OS/namedrop/node_modules/playwright/lib/common/process.js
]]>
</failure>
</testcase>
<testcase name="Security › should have proper security headers" classname="security.spec.ts" time="0">
<failure message="security.spec.ts:61:7 should have proper security headers" type="FAILURE">
<![CDATA[  [firefox] › security.spec.ts:61:7 › Security › should have proper security headers ───────────────

    Error: Cannot find module '/Users/nuno-peakros/Documents/Peakros OS/namedrop/playwright.config.ts'
    Require stack:
    - /Users/nuno-peakros/Documents/Peakros OS/namedrop/node_modules/playwright/lib/transform/transform.js
    - /Users/nuno-peakros/Documents/Peakros OS/namedrop/node_modules/playwright/lib/common/configLoader.js
    - /Users/nuno-peakros/Documents/Peakros OS/namedrop/node_modules/playwright/lib/worker/workerMain.js
    - /Users/nuno-peakros/Documents/Peakros OS/namedrop/node_modules/playwright/lib/common/process.js
]]>
</failure>
</testcase>
<testcase name="Security › should prevent CSRF attacks" classname="security.spec.ts" time="0">
<failure message="security.spec.ts:72:7 should prevent CSRF attacks" type="FAILURE">
<![CDATA[  [firefox] › security.spec.ts:72:7 › Security › should prevent CSRF attacks ───────────────────────

    Error: Cannot find module '/Users/nuno-peakros/Documents/Peakros OS/namedrop/playwright.config.ts'
    Require stack:
    - /Users/nuno-peakros/Documents/Peakros OS/namedrop/node_modules/playwright/lib/transform/transform.js
    - /Users/nuno-peakros/Documents/Peakros OS/namedrop/node_modules/playwright/lib/common/configLoader.js
    - /Users/nuno-peakros/Documents/Peakros OS/namedrop/node_modules/playwright/lib/worker/workerMain.js
    - /Users/nuno-peakros/Documents/Peakros OS/namedrop/node_modules/playwright/lib/common/process.js
]]>
</failure>
</testcase>
<testcase name="Security › should validate file uploads" classname="security.spec.ts" time="0">
<failure message="security.spec.ts:85:7 should validate file uploads" type="FAILURE">
<![CDATA[  [firefox] › security.spec.ts:85:7 › Security › should validate file uploads ──────────────────────

    Error: Cannot find module '/Users/nuno-peakros/Documents/Peakros OS/namedrop/playwright.config.ts'
    Require stack:
    - /Users/nuno-peakros/Documents/Peakros OS/namedrop/node_modules/playwright/lib/transform/transform.js
    - /Users/nuno-peakros/Documents/Peakros OS/namedrop/node_modules/playwright/lib/common/configLoader.js
    - /Users/nuno-peakros/Documents/Peakros OS/namedrop/node_modules/playwright/lib/worker/workerMain.js
    - /Users/nuno-peakros/Documents/Peakros OS/namedrop/node_modules/playwright/lib/common/process.js
]]>
</failure>
</testcase>
<testcase name="Security › should prevent directory traversal" classname="security.spec.ts" time="0">
<failure message="security.spec.ts:107:7 should prevent directory traversal" type="FAILURE">
<![CDATA[  [firefox] › security.spec.ts:107:7 › Security › should prevent directory traversal ───────────────

    Error: Cannot find module '/Users/nuno-peakros/Documents/Peakros OS/namedrop/playwright.config.ts'
    Require stack:
    - /Users/nuno-peakros/Documents/Peakros OS/namedrop/node_modules/playwright/lib/transform/transform.js
    - /Users/nuno-peakros/Documents/Peakros OS/namedrop/node_modules/playwright/lib/common/configLoader.js
    - /Users/nuno-peakros/Documents/Peakros OS/namedrop/node_modules/playwright/lib/worker/workerMain.js
    - /Users/nuno-peakros/Documents/Peakros OS/namedrop/node_modules/playwright/lib/common/process.js
]]>
</failure>
</testcase>
<testcase name="Security › should enforce HTTPS in production" classname="security.spec.ts" time="0">
<failure message="security.spec.ts:122:7 should enforce HTTPS in production" type="FAILURE">
<![CDATA[  [firefox] › security.spec.ts:122:7 › Security › should enforce HTTPS in production ───────────────

    Error: Cannot find module '/Users/nuno-peakros/Documents/Peakros OS/namedrop/playwright.config.ts'
    Require stack:
    - /Users/nuno-peakros/Documents/Peakros OS/namedrop/node_modules/playwright/lib/transform/transform.js
    - /Users/nuno-peakros/Documents/Peakros OS/namedrop/node_modules/playwright/lib/common/configLoader.js
    - /Users/nuno-peakros/Documents/Peakros OS/namedrop/node_modules/playwright/lib/worker/workerMain.js
    - /Users/nuno-peakros/Documents/Peakros OS/namedrop/node_modules/playwright/lib/common/process.js
]]>
</failure>
</testcase>
<testcase name="Security › should prevent clickjacking" classname="security.spec.ts" time="0">
<failure message="security.spec.ts:129:7 should prevent clickjacking" type="FAILURE">
<![CDATA[  [firefox] › security.spec.ts:129:7 › Security › should prevent clickjacking ──────────────────────

    Error: Cannot find module '/Users/nuno-peakros/Documents/Peakros OS/namedrop/playwright.config.ts'
    Require stack:
    - /Users/nuno-peakros/Documents/Peakros OS/namedrop/node_modules/playwright/lib/transform/transform.js
    - /Users/nuno-peakros/Documents/Peakros OS/namedrop/node_modules/playwright/lib/common/configLoader.js
    - /Users/nuno-peakros/Documents/Peakros OS/namedrop/node_modules/playwright/lib/worker/workerMain.js
    - /Users/nuno-peakros/Documents/Peakros OS/namedrop/node_modules/playwright/lib/common/process.js
]]>
</failure>
</testcase>
<testcase name="Security › should validate input length limits" classname="security.spec.ts" time="0">
<failure message="security.spec.ts:137:7 should validate input length limits" type="FAILURE">
<![CDATA[  [firefox] › security.spec.ts:137:7 › Security › should validate input length limits ──────────────

    Error: Cannot find module '/Users/nuno-peakros/Documents/Peakros OS/namedrop/playwright.config.ts'
    Require stack:
    - /Users/nuno-peakros/Documents/Peakros OS/namedrop/node_modules/playwright/lib/transform/transform.js
    - /Users/nuno-peakros/Documents/Peakros OS/namedrop/node_modules/playwright/lib/common/configLoader.js
    - /Users/nuno-peakros/Documents/Peakros OS/namedrop/node_modules/playwright/lib/worker/workerMain.js
    - /Users/nuno-peakros/Documents/Peakros OS/namedrop/node_modules/playwright/lib/common/process.js
]]>
</failure>
</testcase>
<testcase name="Security › should prevent open redirects" classname="security.spec.ts" time="0">
<failure message="security.spec.ts:149:7 should prevent open redirects" type="FAILURE">
<![CDATA[  [firefox] › security.spec.ts:149:7 › Security › should prevent open redirects ────────────────────

    Error: Cannot find module '/Users/nuno-peakros/Documents/Peakros OS/namedrop/playwright.config.ts'
    Require stack:
    - /Users/nuno-peakros/Documents/Peakros OS/namedrop/node_modules/playwright/lib/transform/transform.js
    - /Users/nuno-peakros/Documents/Peakros OS/namedrop/node_modules/playwright/lib/common/configLoader.js
    - /Users/nuno-peakros/Documents/Peakros OS/namedrop/node_modules/playwright/lib/worker/workerMain.js
    - /Users/nuno-peakros/Documents/Peakros OS/namedrop/node_modules/playwright/lib/common/process.js
]]>
</failure>
</testcase>
<testcase name="Security › should sanitize user input in display" classname="security.spec.ts" time="0">
<failure message="security.spec.ts:167:7 should sanitize user input in display" type="FAILURE">
<![CDATA[  [firefox] › security.spec.ts:167:7 › Security › should sanitize user input in display ────────────

    Error: Cannot find module '/Users/nuno-peakros/Documents/Peakros OS/namedrop/playwright.config.ts'
    Require stack:
    - /Users/nuno-peakros/Documents/Peakros OS/namedrop/node_modules/playwright/lib/transform/transform.js
    - /Users/nuno-peakros/Documents/Peakros OS/namedrop/node_modules/playwright/lib/common/configLoader.js
    - /Users/nuno-peakros/Documents/Peakros OS/namedrop/node_modules/playwright/lib/worker/workerMain.js
    - /Users/nuno-peakros/Documents/Peakros OS/namedrop/node_modules/playwright/lib/common/process.js
]]>
</failure>
</testcase>
<testcase name="Security › should enforce session timeout" classname="security.spec.ts" time="0">
<failure message="security.spec.ts:187:7 should enforce session timeout" type="FAILURE">
<![CDATA[  [firefox] › security.spec.ts:187:7 › Security › should enforce session timeout ───────────────────

    Error: Cannot find module '/Users/nuno-peakros/Documents/Peakros OS/namedrop/playwright.config.ts'
    Require stack:
    - /Users/nuno-peakros/Documents/Peakros OS/namedrop/node_modules/playwright/lib/transform/transform.js
    - /Users/nuno-peakros/Documents/Peakros OS/namedrop/node_modules/playwright/lib/common/configLoader.js
    - /Users/nuno-peakros/Documents/Peakros OS/namedrop/node_modules/playwright/lib/worker/workerMain.js
    - /Users/nuno-peakros/Documents/Peakros OS/namedrop/node_modules/playwright/lib/common/process.js
]]>
</failure>
</testcase>
<testcase name="Security › should prevent privilege escalation" classname="security.spec.ts" time="0">
<failure message="security.spec.ts:203:7 should prevent privilege escalation" type="FAILURE">
<![CDATA[  [firefox] › security.spec.ts:203:7 › Security › should prevent privilege escalation ──────────────

    Error: Cannot find module '/Users/nuno-peakros/Documents/Peakros OS/namedrop/playwright.config.ts'
    Require stack:
    - /Users/nuno-peakros/Documents/Peakros OS/namedrop/node_modules/playwright/lib/transform/transform.js
    - /Users/nuno-peakros/Documents/Peakros OS/namedrop/node_modules/playwright/lib/common/configLoader.js
    - /Users/nuno-peakros/Documents/Peakros OS/namedrop/node_modules/playwright/lib/worker/workerMain.js
    - /Users/nuno-peakros/Documents/Peakros OS/namedrop/node_modules/playwright/lib/common/process.js
]]>
</failure>
</testcase>
<testcase name="Security › should validate CSRF tokens on state-changing requests" classname="security.spec.ts" time="0">
<failure message="security.spec.ts:216:7 should validate CSRF tokens on state-changing requests" type="FAILURE">
<![CDATA[  [firefox] › security.spec.ts:216:7 › Security › should validate CSRF tokens on state-changing requests 

    Error: Cannot find module '/Users/nuno-peakros/Documents/Peakros OS/namedrop/playwright.config.ts'
    Require stack:
    - /Users/nuno-peakros/Documents/Peakros OS/namedrop/node_modules/playwright/lib/transform/transform.js
    - /Users/nuno-peakros/Documents/Peakros OS/namedrop/node_modules/playwright/lib/common/configLoader.js
    - /Users/nuno-peakros/Documents/Peakros OS/namedrop/node_modules/playwright/lib/worker/workerMain.js
    - /Users/nuno-peakros/Documents/Peakros OS/namedrop/node_modules/playwright/lib/common/process.js
]]>
</failure>
</testcase>
<testcase name="Security › should prevent information disclosure in error messages" classname="security.spec.ts" time="0">
<failure message="security.spec.ts:234:7 should prevent information disclosure in error messages" type="FAILURE">
<![CDATA[  [firefox] › security.spec.ts:234:7 › Security › should prevent information disclosure in error messages 

    Error: Cannot find module '/Users/nuno-peakros/Documents/Peakros OS/namedrop/playwright.config.ts'
    Require stack:
    - /Users/nuno-peakros/Documents/Peakros OS/namedrop/node_modules/playwright/lib/transform/transform.js
    - /Users/nuno-peakros/Documents/Peakros OS/namedrop/node_modules/playwright/lib/common/configLoader.js
    - /Users/nuno-peakros/Documents/Peakros OS/namedrop/node_modules/playwright/lib/worker/workerMain.js
    - /Users/nuno-peakros/Documents/Peakros OS/namedrop/node_modules/playwright/lib/common/process.js
]]>
</failure>
</testcase>
<testcase name="Security › should enforce content security policy" classname="security.spec.ts" time="0">
<failure message="security.spec.ts:245:7 should enforce content security policy" type="FAILURE">
<![CDATA[  [firefox] › security.spec.ts:245:7 › Security › should enforce content security policy ───────────

    Error: Cannot find module '/Users/nuno-peakros/Documents/Peakros OS/namedrop/playwright.config.ts'
    Require stack:
    - /Users/nuno-peakros/Documents/Peakros OS/namedrop/node_modules/playwright/lib/transform/transform.js
    - /Users/nuno-peakros/Documents/Peakros OS/namedrop/node_modules/playwright/lib/common/configLoader.js
    - /Users/nuno-peakros/Documents/Peakros OS/namedrop/node_modules/playwright/lib/worker/workerMain.js
    - /Users/nuno-peakros/Documents/Peakros OS/namedrop/node_modules/playwright/lib/common/process.js
]]>
</failure>
</testcase>
<testcase name="Security › should prevent timing attacks" classname="security.spec.ts" time="0">
<failure message="security.spec.ts:254:7 should prevent timing attacks" type="FAILURE">
<![CDATA[  [firefox] › security.spec.ts:254:7 › Security › should prevent timing attacks ────────────────────

    Error: Cannot find module '/Users/nuno-peakros/Documents/Peakros OS/namedrop/playwright.config.ts'
    Require stack:
    - /Users/nuno-peakros/Documents/Peakros OS/namedrop/node_modules/playwright/lib/transform/transform.js
    - /Users/nuno-peakros/Documents/Peakros OS/namedrop/node_modules/playwright/lib/common/configLoader.js
    - /Users/nuno-peakros/Documents/Peakros OS/namedrop/node_modules/playwright/lib/worker/workerMain.js
    - /Users/nuno-peakros/Documents/Peakros OS/namedrop/node_modules/playwright/lib/common/process.js
]]>
</failure>
</testcase>
<testcase name="Security › should handle security headers correctly" classname="security.spec.ts" time="0">
<failure message="security.spec.ts:278:7 should handle security headers correctly" type="FAILURE">
<![CDATA[  [firefox] › security.spec.ts:278:7 › Security › should handle security headers correctly ─────────

    Error: Cannot find module '/Users/nuno-peakros/Documents/Peakros OS/namedrop/playwright.config.ts'
    Require stack:
    - /Users/nuno-peakros/Documents/Peakros OS/namedrop/node_modules/playwright/lib/transform/transform.js
    - /Users/nuno-peakros/Documents/Peakros OS/namedrop/node_modules/playwright/lib/common/configLoader.js
    - /Users/nuno-peakros/Documents/Peakros OS/namedrop/node_modules/playwright/lib/worker/workerMain.js
    - /Users/nuno-peakros/Documents/Peakros OS/namedrop/node_modules/playwright/lib/common/process.js
]]>
</failure>
</testcase>
<testcase name="Security › should prevent brute force attacks" classname="security.spec.ts" time="0">
<failure message="security.spec.ts:289:7 should prevent brute force attacks" type="FAILURE">
<![CDATA[  [firefox] › security.spec.ts:289:7 › Security › should prevent brute force attacks ───────────────

    Error: Cannot find module '/Users/nuno-peakros/Documents/Peakros OS/namedrop/playwright.config.ts'
    Require stack:
    - /Users/nuno-peakros/Documents/Peakros OS/namedrop/node_modules/playwright/lib/transform/transform.js
    - /Users/nuno-peakros/Documents/Peakros OS/namedrop/node_modules/playwright/lib/common/configLoader.js
    - /Users/nuno-peakros/Documents/Peakros OS/namedrop/node_modules/playwright/lib/worker/workerMain.js
    - /Users/nuno-peakros/Documents/Peakros OS/namedrop/node_modules/playwright/lib/common/process.js
]]>
</failure>
</testcase>
</testsuite>
<testsuite name="user-management.spec.ts" timestamp="2025-10-02T17:03:39.228Z" hostname="firefox" tests="18" failures="18" skipped="0" time="0" errors="0">
<testcase name="User Management Flow › should display user management interface correctly" classname="user-management.spec.ts" time="0">
<failure message="user-management.spec.ts:137:7 should display user management interface correctly" type="FAILURE">
<![CDATA[  [firefox] › user-management.spec.ts:137:7 › User Management Flow › should display user management interface correctly 

    Error: Cannot find module '/Users/nuno-peakros/Documents/Peakros OS/namedrop/playwright.config.ts'
    Require stack:
    - /Users/nuno-peakros/Documents/Peakros OS/namedrop/node_modules/playwright/lib/transform/transform.js
    - /Users/nuno-peakros/Documents/Peakros OS/namedrop/node_modules/playwright/lib/common/configLoader.js
    - /Users/nuno-peakros/Documents/Peakros OS/namedrop/node_modules/playwright/lib/worker/workerMain.js
    - /Users/nuno-peakros/Documents/Peakros OS/namedrop/node_modules/playwright/lib/common/process.js
]]>
</failure>
</testcase>
<testcase name="User Management Flow › should search users correctly" classname="user-management.spec.ts" time="0">
<failure message="user-management.spec.ts:158:7 should search users correctly" type="FAILURE">
<![CDATA[  [firefox] › user-management.spec.ts:158:7 › User Management Flow › should search users correctly ─

    Error: Cannot find module '/Users/nuno-peakros/Documents/Peakros OS/namedrop/playwright.config.ts'
    Require stack:
    - /Users/nuno-peakros/Documents/Peakros OS/namedrop/node_modules/playwright/lib/transform/transform.js
    - /Users/nuno-peakros/Documents/Peakros OS/namedrop/node_modules/playwright/lib/common/configLoader.js
    - /Users/nuno-peakros/Documents/Peakros OS/namedrop/node_modules/playwright/lib/worker/workerMain.js
    - /Users/nuno-peakros/Documents/Peakros OS/namedrop/node_modules/playwright/lib/common/process.js
]]>
</failure>
</testcase>
<testcase name="User Management Flow › should filter users by role" classname="user-management.spec.ts" time="0">
<failure message="user-management.spec.ts:169:7 should filter users by role" type="FAILURE">
<![CDATA[  [firefox] › user-management.spec.ts:169:7 › User Management Flow › should filter users by role ───

    Error: Cannot find module '/Users/nuno-peakros/Documents/Peakros OS/namedrop/playwright.config.ts'
    Require stack:
    - /Users/nuno-peakros/Documents/Peakros OS/namedrop/node_modules/playwright/lib/transform/transform.js
    - /Users/nuno-peakros/Documents/Peakros OS/namedrop/node_modules/playwright/lib/common/configLoader.js
    - /Users/nuno-peakros/Documents/Peakros OS/namedrop/node_modules/playwright/lib/worker/workerMain.js
    - /Users/nuno-peakros/Documents/Peakros OS/namedrop/node_modules/playwright/lib/common/process.js
]]>
</failure>
</testcase>
<testcase name="User Management Flow › should filter users by status" classname="user-management.spec.ts" time="0">
<failure message="user-management.spec.ts:181:7 should filter users by status" type="FAILURE">
<![CDATA[  [firefox] › user-management.spec.ts:181:7 › User Management Flow › should filter users by status ─

    Error: Cannot find module '/Users/nuno-peakros/Documents/Peakros OS/namedrop/playwright.config.ts'
    Require stack:
    - /Users/nuno-peakros/Documents/Peakros OS/namedrop/node_modules/playwright/lib/transform/transform.js
    - /Users/nuno-peakros/Documents/Peakros OS/namedrop/node_modules/playwright/lib/common/configLoader.js
    - /Users/nuno-peakros/Documents/Peakros OS/namedrop/node_modules/playwright/lib/worker/workerMain.js
    - /Users/nuno-peakros/Documents/Peakros OS/namedrop/node_modules/playwright/lib/common/process.js
]]>
</failure>
</testcase>
<testcase name="User Management Flow › should create a new user" classname="user-management.spec.ts" time="0">
<failure message="user-management.spec.ts:193:7 should create a new user" type="FAILURE">
<![CDATA[  [firefox] › user-management.spec.ts:193:7 › User Management Flow › should create a new user ──────

    Error: Cannot find module '/Users/nuno-peakros/Documents/Peakros OS/namedrop/playwright.config.ts'
    Require stack:
    - /Users/nuno-peakros/Documents/Peakros OS/namedrop/node_modules/playwright/lib/transform/transform.js
    - /Users/nuno-peakros/Documents/Peakros OS/namedrop/node_modules/playwright/lib/common/configLoader.js
    - /Users/nuno-peakros/Documents/Peakros OS/namedrop/node_modules/playwright/lib/worker/workerMain.js
    - /Users/nuno-peakros/Documents/Peakros OS/namedrop/node_modules/playwright/lib/common/process.js
]]>
</failure>
</testcase>
<testcase name="User Management Flow › should select users for bulk operations" classname="user-management.spec.ts" time="0">
<failure message="user-management.spec.ts:203:7 should select users for bulk operations" type="FAILURE">
<![CDATA[  [firefox] › user-management.spec.ts:203:7 › User Management Flow › should select users for bulk operations 

    Error: Cannot find module '/Users/nuno-peakros/Documents/Peakros OS/namedrop/playwright.config.ts'
    Require stack:
    - /Users/nuno-peakros/Documents/Peakros OS/namedrop/node_modules/playwright/lib/transform/transform.js
    - /Users/nuno-peakros/Documents/Peakros OS/namedrop/node_modules/playwright/lib/common/configLoader.js
    - /Users/nuno-peakros/Documents/Peakros OS/namedrop/node_modules/playwright/lib/worker/workerMain.js
    - /Users/nuno-peakros/Documents/Peakros OS/namedrop/node_modules/playwright/lib/common/process.js
]]>
</failure>
</testcase>
<testcase name="User Management Flow › should select all users" classname="user-management.spec.ts" time="0">
<failure message="user-management.spec.ts:216:7 should select all users" type="FAILURE">
<![CDATA[  [firefox] › user-management.spec.ts:216:7 › User Management Flow › should select all users ───────

    Error: Cannot find module '/Users/nuno-peakros/Documents/Peakros OS/namedrop/playwright.config.ts'
    Require stack:
    - /Users/nuno-peakros/Documents/Peakros OS/namedrop/node_modules/playwright/lib/transform/transform.js
    - /Users/nuno-peakros/Documents/Peakros OS/namedrop/node_modules/playwright/lib/common/configLoader.js
    - /Users/nuno-peakros/Documents/Peakros OS/namedrop/node_modules/playwright/lib/worker/workerMain.js
    - /Users/nuno-peakros/Documents/Peakros OS/namedrop/node_modules/playwright/lib/common/process.js
]]>
</failure>
</testcase>
<testcase name="User Management Flow › should toggle user status" classname="user-management.spec.ts" time="0">
<failure message="user-management.spec.ts:229:7 should toggle user status" type="FAILURE">
<![CDATA[  [firefox] › user-management.spec.ts:229:7 › User Management Flow › should toggle user status ─────

    Error: Cannot find module '/Users/nuno-peakros/Documents/Peakros OS/namedrop/playwright.config.ts'
    Require stack:
    - /Users/nuno-peakros/Documents/Peakros OS/namedrop/node_modules/playwright/lib/transform/transform.js
    - /Users/nuno-peakros/Documents/Peakros OS/namedrop/node_modules/playwright/lib/common/configLoader.js
    - /Users/nuno-peakros/Documents/Peakros OS/namedrop/node_modules/playwright/lib/worker/workerMain.js
    - /Users/nuno-peakros/Documents/Peakros OS/namedrop/node_modules/playwright/lib/common/process.js
]]>
</failure>
</testcase>
<testcase name="User Management Flow › should resend verification email" classname="user-management.spec.ts" time="0">
<failure message="user-management.spec.ts:242:7 should resend verification email" type="FAILURE">
<![CDATA[  [firefox] › user-management.spec.ts:242:7 › User Management Flow › should resend verification email 

    Error: Cannot find module '/Users/nuno-peakros/Documents/Peakros OS/namedrop/playwright.config.ts'
    Require stack:
    - /Users/nuno-peakros/Documents/Peakros OS/namedrop/node_modules/playwright/lib/transform/transform.js
    - /Users/nuno-peakros/Documents/Peakros OS/namedrop/node_modules/playwright/lib/common/configLoader.js
    - /Users/nuno-peakros/Documents/Peakros OS/namedrop/node_modules/playwright/lib/worker/workerMain.js
    - /Users/nuno-peakros/Documents/Peakros OS/namedrop/node_modules/playwright/lib/common/process.js
]]>
</failure>
</testcase>
<testcase name="User Management Flow › should delete a user" classname="user-management.spec.ts" time="0">
<failure message="user-management.spec.ts:266:7 should delete a user" type="FAILURE">
<![CDATA[  [firefox] › user-management.spec.ts:266:7 › User Management Flow › should delete a user ──────────

    Error: Cannot find module '/Users/nuno-peakros/Documents/Peakros OS/namedrop/playwright.config.ts'
    Require stack:
    - /Users/nuno-peakros/Documents/Peakros OS/namedrop/node_modules/playwright/lib/transform/transform.js
    - /Users/nuno-peakros/Documents/Peakros OS/namedrop/node_modules/playwright/lib/common/configLoader.js
    - /Users/nuno-peakros/Documents/Peakros OS/namedrop/node_modules/playwright/lib/worker/workerMain.js
    - /Users/nuno-peakros/Documents/Peakros OS/namedrop/node_modules/playwright/lib/common/process.js
]]>
</failure>
</testcase>
<testcase name="User Management Flow › should handle pagination" classname="user-management.spec.ts" time="0">
<failure message="user-management.spec.ts:285:7 should handle pagination" type="FAILURE">
<![CDATA[  [firefox] › user-management.spec.ts:285:7 › User Management Flow › should handle pagination ──────

    Error: Cannot find module '/Users/nuno-peakros/Documents/Peakros OS/namedrop/playwright.config.ts'
    Require stack:
    - /Users/nuno-peakros/Documents/Peakros OS/namedrop/node_modules/playwright/lib/transform/transform.js
    - /Users/nuno-peakros/Documents/Peakros OS/namedrop/node_modules/playwright/lib/common/configLoader.js
    - /Users/nuno-peakros/Documents/Peakros OS/namedrop/node_modules/playwright/lib/worker/workerMain.js
    - /Users/nuno-peakros/Documents/Peakros OS/namedrop/node_modules/playwright/lib/common/process.js
]]>
</failure>
</testcase>
<testcase name="User Management Flow › should display loading state" classname="user-management.spec.ts" time="0">
<failure message="user-management.spec.ts:328:7 should display loading state" type="FAILURE">
<![CDATA[  [firefox] › user-management.spec.ts:328:7 › User Management Flow › should display loading state ──

    Error: Cannot find module '/Users/nuno-peakros/Documents/Peakros OS/namedrop/playwright.config.ts'
    Require stack:
    - /Users/nuno-peakros/Documents/Peakros OS/namedrop/node_modules/playwright/lib/transform/transform.js
    - /Users/nuno-peakros/Documents/Peakros OS/namedrop/node_modules/playwright/lib/common/configLoader.js
    - /Users/nuno-peakros/Documents/Peakros OS/namedrop/node_modules/playwright/lib/worker/workerMain.js
    - /Users/nuno-peakros/Documents/Peakros OS/namedrop/node_modules/playwright/lib/common/process.js
]]>
</failure>
</testcase>
<testcase name="User Management Flow › should display error state" classname="user-management.spec.ts" time="0">
<failure message="user-management.spec.ts:346:7 should display error state" type="FAILURE">
<![CDATA[  [firefox] › user-management.spec.ts:346:7 › User Management Flow › should display error state ────

    Error: Cannot find module '/Users/nuno-peakros/Documents/Peakros OS/namedrop/playwright.config.ts'
    Require stack:
    - /Users/nuno-peakros/Documents/Peakros OS/namedrop/node_modules/playwright/lib/transform/transform.js
    - /Users/nuno-peakros/Documents/Peakros OS/namedrop/node_modules/playwright/lib/common/configLoader.js
    - /Users/nuno-peakros/Documents/Peakros OS/namedrop/node_modules/playwright/lib/worker/workerMain.js
    - /Users/nuno-peakros/Documents/Peakros OS/namedrop/node_modules/playwright/lib/common/process.js
]]>
</failure>
</testcase>
<testcase name="User Management Flow › should display empty state when no users found" classname="user-management.spec.ts" time="0">
<failure message="user-management.spec.ts:369:7 should display empty state when no users found" type="FAILURE">
<![CDATA[  [firefox] › user-management.spec.ts:369:7 › User Management Flow › should display empty state when no users found 

    Error: Cannot find module '/Users/nuno-peakros/Documents/Peakros OS/namedrop/playwright.config.ts'
    Require stack:
    - /Users/nuno-peakros/Documents/Peakros OS/namedrop/node_modules/playwright/lib/transform/transform.js
    - /Users/nuno-peakros/Documents/Peakros OS/namedrop/node_modules/playwright/lib/common/configLoader.js
    - /Users/nuno-peakros/Documents/Peakros OS/namedrop/node_modules/playwright/lib/worker/workerMain.js
    - /Users/nuno-peakros/Documents/Peakros OS/namedrop/node_modules/playwright/lib/common/process.js
]]>
</failure>
</testcase>
<testcase name="User Management Flow › should handle search with no results" classname="user-management.spec.ts" time="0">
<failure message="user-management.spec.ts:401:7 should handle search with no results" type="FAILURE">
<![CDATA[  [firefox] › user-management.spec.ts:401:7 › User Management Flow › should handle search with no results 

    Error: Cannot find module '/Users/nuno-peakros/Documents/Peakros OS/namedrop/playwright.config.ts'
    Require stack:
    - /Users/nuno-peakros/Documents/Peakros OS/namedrop/node_modules/playwright/lib/transform/transform.js
    - /Users/nuno-peakros/Documents/Peakros OS/namedrop/node_modules/playwright/lib/common/configLoader.js
    - /Users/nuno-peakros/Documents/Peakros OS/namedrop/node_modules/playwright/lib/worker/workerMain.js
    - /Users/nuno-peakros/Documents/Peakros OS/namedrop/node_modules/playwright/lib/common/process.js
]]>
</failure>
</testcase>
<testcase name="User Management Flow › should be responsive on mobile devices" classname="user-management.spec.ts" time="0">
<failure message="user-management.spec.ts:441:7 should be responsive on mobile devices" type="FAILURE">
<![CDATA[  [firefox] › user-management.spec.ts:441:7 › User Management Flow › should be responsive on mobile devices 

    Error: Cannot find module '/Users/nuno-peakros/Documents/Peakros OS/namedrop/playwright.config.ts'
    Require stack:
    - /Users/nuno-peakros/Documents/Peakros OS/namedrop/node_modules/playwright/lib/transform/transform.js
    - /Users/nuno-peakros/Documents/Peakros OS/namedrop/node_modules/playwright/lib/common/configLoader.js
    - /Users/nuno-peakros/Documents/Peakros OS/namedrop/node_modules/playwright/lib/worker/workerMain.js
    - /Users/nuno-peakros/Documents/Peakros OS/namedrop/node_modules/playwright/lib/common/process.js
]]>
</failure>
</testcase>
<testcase name="User Management Flow › should have proper accessibility attributes" classname="user-management.spec.ts" time="0">
<failure message="user-management.spec.ts:455:7 should have proper accessibility attributes" type="FAILURE">
<![CDATA[  [firefox] › user-management.spec.ts:455:7 › User Management Flow › should have proper accessibility attributes 

    Error: Cannot find module '/Users/nuno-peakros/Documents/Peakros OS/namedrop/playwright.config.ts'
    Require stack:
    - /Users/nuno-peakros/Documents/Peakros OS/namedrop/node_modules/playwright/lib/transform/transform.js
    - /Users/nuno-peakros/Documents/Peakros OS/namedrop/node_modules/playwright/lib/common/configLoader.js
    - /Users/nuno-peakros/Documents/Peakros OS/namedrop/node_modules/playwright/lib/worker/workerMain.js
    - /Users/nuno-peakros/Documents/Peakros OS/namedrop/node_modules/playwright/lib/common/process.js
]]>
</failure>
</testcase>
<testcase name="User Management Flow › should handle keyboard navigation" classname="user-management.spec.ts" time="0">
<failure message="user-management.spec.ts:475:7 should handle keyboard navigation" type="FAILURE">
<![CDATA[  [firefox] › user-management.spec.ts:475:7 › User Management Flow › should handle keyboard navigation 

    Error: Cannot find module '/Users/nuno-peakros/Documents/Peakros OS/namedrop/playwright.config.ts'
    Require stack:
    - /Users/nuno-peakros/Documents/Peakros OS/namedrop/node_modules/playwright/lib/transform/transform.js
    - /Users/nuno-peakros/Documents/Peakros OS/namedrop/node_modules/playwright/lib/common/configLoader.js
    - /Users/nuno-peakros/Documents/Peakros OS/namedrop/node_modules/playwright/lib/worker/workerMain.js
    - /Users/nuno-peakros/Documents/Peakros OS/namedrop/node_modules/playwright/lib/common/process.js
]]>
</failure>
</testcase>
</testsuite>
<testsuite name="accessibility.spec.ts" timestamp="2025-10-02T17:03:39.228Z" hostname="webkit" tests="16" failures="16" skipped="0" time="0" errors="0">
<testcase name="Accessibility › should have proper heading structure" classname="accessibility.spec.ts" time="0">
<failure message="accessibility.spec.ts:21:7 should have proper heading structure" type="FAILURE">
<![CDATA[  [webkit] › accessibility.spec.ts:21:7 › Accessibility › should have proper heading structure ─────

    Error: Cannot find module '/Users/nuno-peakros/Documents/Peakros OS/namedrop/playwright.config.ts'
    Require stack:
    - /Users/nuno-peakros/Documents/Peakros OS/namedrop/node_modules/playwright/lib/transform/transform.js
    - /Users/nuno-peakros/Documents/Peakros OS/namedrop/node_modules/playwright/lib/common/configLoader.js
    - /Users/nuno-peakros/Documents/Peakros OS/namedrop/node_modules/playwright/lib/worker/workerMain.js
    - /Users/nuno-peakros/Documents/Peakros OS/namedrop/node_modules/playwright/lib/common/process.js
]]>
</failure>
</testcase>
<testcase name="Accessibility › should be keyboard navigable" classname="accessibility.spec.ts" time="0">
<failure message="accessibility.spec.ts:28:7 should be keyboard navigable" type="FAILURE">
<![CDATA[  [webkit] › accessibility.spec.ts:28:7 › Accessibility › should be keyboard navigable ─────────────

    Error: Cannot find module '/Users/nuno-peakros/Documents/Peakros OS/namedrop/playwright.config.ts'
    Require stack:
    - /Users/nuno-peakros/Documents/Peakros OS/namedrop/node_modules/playwright/lib/transform/transform.js
    - /Users/nuno-peakros/Documents/Peakros OS/namedrop/node_modules/playwright/lib/common/configLoader.js
    - /Users/nuno-peakros/Documents/Peakros OS/namedrop/node_modules/playwright/lib/worker/workerMain.js
    - /Users/nuno-peakros/Documents/Peakros OS/namedrop/node_modules/playwright/lib/common/process.js
]]>
</failure>
</testcase>
<testcase name="Accessibility › should have proper focus indicators" classname="accessibility.spec.ts" time="0">
<failure message="accessibility.spec.ts:46:7 should have proper focus indicators" type="FAILURE">
<![CDATA[  [webkit] › accessibility.spec.ts:46:7 › Accessibility › should have proper focus indicators ──────

    Error: Cannot find module '/Users/nuno-peakros/Documents/Peakros OS/namedrop/playwright.config.ts'
    Require stack:
    - /Users/nuno-peakros/Documents/Peakros OS/namedrop/node_modules/playwright/lib/transform/transform.js
    - /Users/nuno-peakros/Documents/Peakros OS/namedrop/node_modules/playwright/lib/common/configLoader.js
    - /Users/nuno-peakros/Documents/Peakros OS/namedrop/node_modules/playwright/lib/worker/workerMain.js
    - /Users/nuno-peakros/Documents/Peakros OS/namedrop/node_modules/playwright/lib/common/process.js
]]>
</failure>
</testcase>
<testcase name="Accessibility › should have proper ARIA attributes" classname="accessibility.spec.ts" time="0">
<failure message="accessibility.spec.ts:64:7 should have proper ARIA attributes" type="FAILURE">
<![CDATA[  [webkit] › accessibility.spec.ts:64:7 › Accessibility › should have proper ARIA attributes ───────

    Error: Cannot find module '/Users/nuno-peakros/Documents/Peakros OS/namedrop/playwright.config.ts'
    Require stack:
    - /Users/nuno-peakros/Documents/Peakros OS/namedrop/node_modules/playwright/lib/transform/transform.js
    - /Users/nuno-peakros/Documents/Peakros OS/namedrop/node_modules/playwright/lib/common/configLoader.js
    - /Users/nuno-peakros/Documents/Peakros OS/namedrop/node_modules/playwright/lib/worker/workerMain.js
    - /Users/nuno-peakros/Documents/Peakros OS/namedrop/node_modules/playwright/lib/common/process.js
]]>
</failure>
</testcase>
<testcase name="Accessibility › should have proper form labels" classname="accessibility.spec.ts" time="0">
<failure message="accessibility.spec.ts:83:7 should have proper form labels" type="FAILURE">
<![CDATA[  [webkit] › accessibility.spec.ts:83:7 › Accessibility › should have proper form labels ───────────

    Error: Cannot find module '/Users/nuno-peakros/Documents/Peakros OS/namedrop/playwright.config.ts'
    Require stack:
    - /Users/nuno-peakros/Documents/Peakros OS/namedrop/node_modules/playwright/lib/transform/transform.js
    - /Users/nuno-peakros/Documents/Peakros OS/namedrop/node_modules/playwright/lib/common/configLoader.js
    - /Users/nuno-peakros/Documents/Peakros OS/namedrop/node_modules/playwright/lib/worker/workerMain.js
    - /Users/nuno-peakros/Documents/Peakros OS/namedrop/node_modules/playwright/lib/common/process.js
]]>
</failure>
</testcase>
<testcase name="Accessibility › should have proper color contrast" classname="accessibility.spec.ts" time="0">
<failure message="accessibility.spec.ts:101:7 should have proper color contrast" type="FAILURE">
<![CDATA[  [webkit] › accessibility.spec.ts:101:7 › Accessibility › should have proper color contrast ───────

    Error: Cannot find module '/Users/nuno-peakros/Documents/Peakros OS/namedrop/playwright.config.ts'
    Require stack:
    - /Users/nuno-peakros/Documents/Peakros OS/namedrop/node_modules/playwright/lib/transform/transform.js
    - /Users/nuno-peakros/Documents/Peakros OS/namedrop/node_modules/playwright/lib/common/configLoader.js
    - /Users/nuno-peakros/Documents/Peakros OS/namedrop/node_modules/playwright/lib/worker/workerMain.js
    - /Users/nuno-peakros/Documents/Peakros OS/namedrop/node_modules/playwright/lib/common/process.js
]]>
</failure>
</testcase>
<testcase name="Accessibility › should handle screen reader announcements" classname="accessibility.spec.ts" time="0">
<failure message="accessibility.spec.ts:120:7 should handle screen reader announcements" type="FAILURE">
<![CDATA[  [webkit] › accessibility.spec.ts:120:7 › Accessibility › should handle screen reader announcements 

    Error: Cannot find module '/Users/nuno-peakros/Documents/Peakros OS/namedrop/playwright.config.ts'
    Require stack:
    - /Users/nuno-peakros/Documents/Peakros OS/namedrop/node_modules/playwright/lib/transform/transform.js
    - /Users/nuno-peakros/Documents/Peakros OS/namedrop/node_modules/playwright/lib/common/configLoader.js
    - /Users/nuno-peakros/Documents/Peakros OS/namedrop/node_modules/playwright/lib/worker/workerMain.js
    - /Users/nuno-peakros/Documents/Peakros OS/namedrop/node_modules/playwright/lib/common/process.js
]]>
</failure>
</testcase>
<testcase name="Accessibility › should have proper table structure" classname="accessibility.spec.ts" time="0">
<failure message="accessibility.spec.ts:130:7 should have proper table structure" type="FAILURE">
<![CDATA[  [webkit] › accessibility.spec.ts:130:7 › Accessibility › should have proper table structure ──────

    Error: Cannot find module '/Users/nuno-peakros/Documents/Peakros OS/namedrop/playwright.config.ts'
    Require stack:
    - /Users/nuno-peakros/Documents/Peakros OS/namedrop/node_modules/playwright/lib/transform/transform.js
    - /Users/nuno-peakros/Documents/Peakros OS/namedrop/node_modules/playwright/lib/common/configLoader.js
    - /Users/nuno-peakros/Documents/Peakros OS/namedrop/node_modules/playwright/lib/worker/workerMain.js
    - /Users/nuno-peakros/Documents/Peakros OS/namedrop/node_modules/playwright/lib/common/process.js
]]>
</failure>
</testcase>
<testcase name="Accessibility › should handle modal accessibility" classname="accessibility.spec.ts" time="0">
<failure message="accessibility.spec.ts:151:7 should handle modal accessibility" type="FAILURE">
<![CDATA[  [webkit] › accessibility.spec.ts:151:7 › Accessibility › should handle modal accessibility ───────

    Error: Cannot find module '/Users/nuno-peakros/Documents/Peakros OS/namedrop/playwright.config.ts'
    Require stack:
    - /Users/nuno-peakros/Documents/Peakros OS/namedrop/node_modules/playwright/lib/transform/transform.js
    - /Users/nuno-peakros/Documents/Peakros OS/namedrop/node_modules/playwright/lib/common/configLoader.js
    - /Users/nuno-peakros/Documents/Peakros OS/namedrop/node_modules/playwright/lib/worker/workerMain.js
    - /Users/nuno-peakros/Documents/Peakros OS/namedrop/node_modules/playwright/lib/common/process.js
]]>
</failure>
</testcase>
<testcase name="Accessibility › should have proper error handling" classname="accessibility.spec.ts" time="0">
<failure message="accessibility.spec.ts:167:7 should have proper error handling" type="FAILURE">
<![CDATA[  [webkit] › accessibility.spec.ts:167:7 › Accessibility › should have proper error handling ───────

    Error: Cannot find module '/Users/nuno-peakros/Documents/Peakros OS/namedrop/playwright.config.ts'
    Require stack:
    - /Users/nuno-peakros/Documents/Peakros OS/namedrop/node_modules/playwright/lib/transform/transform.js
    - /Users/nuno-peakros/Documents/Peakros OS/namedrop/node_modules/playwright/lib/common/configLoader.js
    - /Users/nuno-peakros/Documents/Peakros OS/namedrop/node_modules/playwright/lib/worker/workerMain.js
    - /Users/nuno-peakros/Documents/Peakros OS/namedrop/node_modules/playwright/lib/common/process.js
]]>
</failure>
</testcase>
<testcase name="Accessibility › should be responsive and accessible on mobile" classname="accessibility.spec.ts" time="0">
<failure message="accessibility.spec.ts:182:7 should be responsive and accessible on mobile" type="FAILURE">
<![CDATA[  [webkit] › accessibility.spec.ts:182:7 › Accessibility › should be responsive and accessible on mobile 

    Error: Cannot find module '/Users/nuno-peakros/Documents/Peakros OS/namedrop/playwright.config.ts'
    Require stack:
    - /Users/nuno-peakros/Documents/Peakros OS/namedrop/node_modules/playwright/lib/transform/transform.js
    - /Users/nuno-peakros/Documents/Peakros OS/namedrop/node_modules/playwright/lib/common/configLoader.js
    - /Users/nuno-peakros/Documents/Peakros OS/namedrop/node_modules/playwright/lib/worker/workerMain.js
    - /Users/nuno-peakros/Documents/Peakros OS/namedrop/node_modules/playwright/lib/common/process.js
]]>
</failure>
</testcase>
<testcase name="Accessibility › should handle high contrast mode" classname="accessibility.spec.ts" time="0">
<failure message="accessibility.spec.ts:197:7 should handle high contrast mode" type="FAILURE">
<![CDATA[  [webkit] › accessibility.spec.ts:197:7 › Accessibility › should handle high contrast mode ────────

    Error: Cannot find module '/Users/nuno-peakros/Documents/Peakros OS/namedrop/playwright.config.ts'
    Require stack:
    - /Users/nuno-peakros/Documents/Peakros OS/namedrop/node_modules/playwright/lib/transform/transform.js
    - /Users/nuno-peakros/Documents/Peakros OS/namedrop/node_modules/playwright/lib/common/configLoader.js
    - /Users/nuno-peakros/Documents/Peakros OS/namedrop/node_modules/playwright/lib/worker/workerMain.js
    - /Users/nuno-peakros/Documents/Peakros OS/namedrop/node_modules/playwright/lib/common/process.js
]]>
</failure>
</testcase>
<testcase name="Accessibility › should have proper skip links" classname="accessibility.spec.ts" time="0">
<failure message="accessibility.spec.ts:217:7 should have proper skip links" type="FAILURE">
<![CDATA[  [webkit] › accessibility.spec.ts:217:7 › Accessibility › should have proper skip links ───────────

    Error: Cannot find module '/Users/nuno-peakros/Documents/Peakros OS/namedrop/playwright.config.ts'
    Require stack:
    - /Users/nuno-peakros/Documents/Peakros OS/namedrop/node_modules/playwright/lib/transform/transform.js
    - /Users/nuno-peakros/Documents/Peakros OS/namedrop/node_modules/playwright/lib/common/configLoader.js
    - /Users/nuno-peakros/Documents/Peakros OS/namedrop/node_modules/playwright/lib/worker/workerMain.js
    - /Users/nuno-peakros/Documents/Peakros OS/namedrop/node_modules/playwright/lib/common/process.js
]]>
</failure>
</testcase>
<testcase name="Accessibility › should handle reduced motion preferences" classname="accessibility.spec.ts" time="0">
<failure message="accessibility.spec.ts:233:7 should handle reduced motion preferences" type="FAILURE">
<![CDATA[  [webkit] › accessibility.spec.ts:233:7 › Accessibility › should handle reduced motion preferences 

    Error: Cannot find module '/Users/nuno-peakros/Documents/Peakros OS/namedrop/playwright.config.ts'
    Require stack:
    - /Users/nuno-peakros/Documents/Peakros OS/namedrop/node_modules/playwright/lib/transform/transform.js
    - /Users/nuno-peakros/Documents/Peakros OS/namedrop/node_modules/playwright/lib/common/configLoader.js
    - /Users/nuno-peakros/Documents/Peakros OS/namedrop/node_modules/playwright/lib/worker/workerMain.js
    - /Users/nuno-peakros/Documents/Peakros OS/namedrop/node_modules/playwright/lib/common/process.js
]]>
</failure>
</testcase>
<testcase name="Accessibility › should have proper language attributes" classname="accessibility.spec.ts" time="0">
<failure message="accessibility.spec.ts:255:7 should have proper language attributes" type="FAILURE">
<![CDATA[  [webkit] › accessibility.spec.ts:255:7 › Accessibility › should have proper language attributes ──

    Error: Cannot find module '/Users/nuno-peakros/Documents/Peakros OS/namedrop/playwright.config.ts'
    Require stack:
    - /Users/nuno-peakros/Documents/Peakros OS/namedrop/node_modules/playwright/lib/transform/transform.js
    - /Users/nuno-peakros/Documents/Peakros OS/namedrop/node_modules/playwright/lib/common/configLoader.js
    - /Users/nuno-peakros/Documents/Peakros OS/namedrop/node_modules/playwright/lib/worker/workerMain.js
    - /Users/nuno-peakros/Documents/Peakros OS/namedrop/node_modules/playwright/lib/common/process.js
]]>
</failure>
</testcase>
<testcase name="Accessibility › should handle zoom up to 200%" classname="accessibility.spec.ts" time="0">
<failure message="accessibility.spec.ts:267:7 should handle zoom up to 200%" type="FAILURE">
<![CDATA[  [webkit] › accessibility.spec.ts:267:7 › Accessibility › should handle zoom up to 200% ───────────

    Error: Cannot find module '/Users/nuno-peakros/Documents/Peakros OS/namedrop/playwright.config.ts'
    Require stack:
    - /Users/nuno-peakros/Documents/Peakros OS/namedrop/node_modules/playwright/lib/transform/transform.js
    - /Users/nuno-peakros/Documents/Peakros OS/namedrop/node_modules/playwright/lib/common/configLoader.js
    - /Users/nuno-peakros/Documents/Peakros OS/namedrop/node_modules/playwright/lib/worker/workerMain.js
    - /Users/nuno-peakros/Documents/Peakros OS/namedrop/node_modules/playwright/lib/common/process.js
]]>
</failure>
</testcase>
</testsuite>
<testsuite name="auth-flow.spec.ts" timestamp="2025-10-02T17:03:39.228Z" hostname="webkit" tests="14" failures="14" skipped="0" time="0" errors="0">
<testcase name="Authentication Flow › should display login form correctly" classname="auth-flow.spec.ts" time="0">
<failure message="auth-flow.spec.ts:21:7 should display login form correctly" type="FAILURE">
<![CDATA[  [webkit] › auth-flow.spec.ts:21:7 › Authentication Flow › should display login form correctly ────

    Error: Cannot find module '/Users/nuno-peakros/Documents/Peakros OS/namedrop/playwright.config.ts'
    Require stack:
    - /Users/nuno-peakros/Documents/Peakros OS/namedrop/node_modules/playwright/lib/transform/transform.js
    - /Users/nuno-peakros/Documents/Peakros OS/namedrop/node_modules/playwright/lib/common/configLoader.js
    - /Users/nuno-peakros/Documents/Peakros OS/namedrop/node_modules/playwright/lib/worker/workerMain.js
    - /Users/nuno-peakros/Documents/Peakros OS/namedrop/node_modules/playwright/lib/common/process.js
]]>
</failure>
</testcase>
<testcase name="Authentication Flow › should show validation errors for invalid input" classname="auth-flow.spec.ts" time="0">
<failure message="auth-flow.spec.ts:34:7 should show validation errors for invalid input" type="FAILURE">
<![CDATA[  [webkit] › auth-flow.spec.ts:34:7 › Authentication Flow › should show validation errors for invalid input 

    Error: Cannot find module '/Users/nuno-peakros/Documents/Peakros OS/namedrop/playwright.config.ts'
    Require stack:
    - /Users/nuno-peakros/Documents/Peakros OS/namedrop/node_modules/playwright/lib/transform/transform.js
    - /Users/nuno-peakros/Documents/Peakros OS/namedrop/node_modules/playwright/lib/common/configLoader.js
    - /Users/nuno-peakros/Documents/Peakros OS/namedrop/node_modules/playwright/lib/worker/workerMain.js
    - /Users/nuno-peakros/Documents/Peakros OS/namedrop/node_modules/playwright/lib/common/process.js
]]>
</failure>
</testcase>
<testcase name="Authentication Flow › should handle login with invalid credentials" classname="auth-flow.spec.ts" time="0">
<failure message="auth-flow.spec.ts:45:7 should handle login with invalid credentials" type="FAILURE">
<![CDATA[  [webkit] › auth-flow.spec.ts:45:7 › Authentication Flow › should handle login with invalid credentials 

    Error: Cannot find module '/Users/nuno-peakros/Documents/Peakros OS/namedrop/playwright.config.ts'
    Require stack:
    - /Users/nuno-peakros/Documents/Peakros OS/namedrop/node_modules/playwright/lib/transform/transform.js
    - /Users/nuno-peakros/Documents/Peakros OS/namedrop/node_modules/playwright/lib/common/configLoader.js
    - /Users/nuno-peakros/Documents/Peakros OS/namedrop/node_modules/playwright/lib/worker/workerMain.js
    - /Users/nuno-peakros/Documents/Peakros OS/namedrop/node_modules/playwright/lib/common/process.js
]]>
</failure>
</testcase>
<testcase name="Authentication Flow › should handle successful login" classname="auth-flow.spec.ts" time="0">
<failure message="auth-flow.spec.ts:70:7 should handle successful login" type="FAILURE">
<![CDATA[  [webkit] › auth-flow.spec.ts:70:7 › Authentication Flow › should handle successful login ─────────

    Error: Cannot find module '/Users/nuno-peakros/Documents/Peakros OS/namedrop/playwright.config.ts'
    Require stack:
    - /Users/nuno-peakros/Documents/Peakros OS/namedrop/node_modules/playwright/lib/transform/transform.js
    - /Users/nuno-peakros/Documents/Peakros OS/namedrop/node_modules/playwright/lib/common/configLoader.js
    - /Users/nuno-peakros/Documents/Peakros OS/namedrop/node_modules/playwright/lib/worker/workerMain.js
    - /Users/nuno-peakros/Documents/Peakros OS/namedrop/node_modules/playwright/lib/common/process.js
]]>
</failure>
</testcase>
<testcase name="Authentication Flow › should handle rate limiting" classname="auth-flow.spec.ts" time="0">
<failure message="auth-flow.spec.ts:107:7 should handle rate limiting" type="FAILURE">
<![CDATA[  [webkit] › auth-flow.spec.ts:107:7 › Authentication Flow › should handle rate limiting ───────────

    Error: Cannot find module '/Users/nuno-peakros/Documents/Peakros OS/namedrop/playwright.config.ts'
    Require stack:
    - /Users/nuno-peakros/Documents/Peakros OS/namedrop/node_modules/playwright/lib/transform/transform.js
    - /Users/nuno-peakros/Documents/Peakros OS/namedrop/node_modules/playwright/lib/common/configLoader.js
    - /Users/nuno-peakros/Documents/Peakros OS/namedrop/node_modules/playwright/lib/worker/workerMain.js
    - /Users/nuno-peakros/Documents/Peakros OS/namedrop/node_modules/playwright/lib/common/process.js
]]>
</failure>
</testcase>
<testcase name="Authentication Flow › should navigate to email verification page" classname="auth-flow.spec.ts" time="0">
<failure message="auth-flow.spec.ts:133:7 should navigate to email verification page" type="FAILURE">
<![CDATA[  [webkit] › auth-flow.spec.ts:133:7 › Authentication Flow › should navigate to email verification page 

    Error: Cannot find module '/Users/nuno-peakros/Documents/Peakros OS/namedrop/playwright.config.ts'
    Require stack:
    - /Users/nuno-peakros/Documents/Peakros OS/namedrop/node_modules/playwright/lib/transform/transform.js
    - /Users/nuno-peakros/Documents/Peakros OS/namedrop/node_modules/playwright/lib/common/configLoader.js
    - /Users/nuno-peakros/Documents/Peakros OS/namedrop/node_modules/playwright/lib/worker/workerMain.js
    - /Users/nuno-peakros/Documents/Peakros OS/namedrop/node_modules/playwright/lib/common/process.js
]]>
</failure>
</testcase>
<testcase name="Authentication Flow › should handle email verification" classname="auth-flow.spec.ts" time="0">
<failure message="auth-flow.spec.ts:145:7 should handle email verification" type="FAILURE">
<![CDATA[  [webkit] › auth-flow.spec.ts:145:7 › Authentication Flow › should handle email verification ──────

    Error: Cannot find module '/Users/nuno-peakros/Documents/Peakros OS/namedrop/playwright.config.ts'
    Require stack:
    - /Users/nuno-peakros/Documents/Peakros OS/namedrop/node_modules/playwright/lib/transform/transform.js
    - /Users/nuno-peakros/Documents/Peakros OS/namedrop/node_modules/playwright/lib/common/configLoader.js
    - /Users/nuno-peakros/Documents/Peakros OS/namedrop/node_modules/playwright/lib/worker/workerMain.js
    - /Users/nuno-peakros/Documents/Peakros OS/namedrop/node_modules/playwright/lib/common/process.js
]]>
</failure>
</testcase>
<testcase name="Authentication Flow › should handle password reset flow" classname="auth-flow.spec.ts" time="0">
<failure message="auth-flow.spec.ts:174:7 should handle password reset flow" type="FAILURE">
<![CDATA[  [webkit] › auth-flow.spec.ts:174:7 › Authentication Flow › should handle password reset flow ─────

    Error: Cannot find module '/Users/nuno-peakros/Documents/Peakros OS/namedrop/playwright.config.ts'
    Require stack:
    - /Users/nuno-peakros/Documents/Peakros OS/namedrop/node_modules/playwright/lib/transform/transform.js
    - /Users/nuno-peakros/Documents/Peakros OS/namedrop/node_modules/playwright/lib/common/configLoader.js
    - /Users/nuno-peakros/Documents/Peakros OS/namedrop/node_modules/playwright/lib/worker/workerMain.js
    - /Users/nuno-peakros/Documents/Peakros OS/namedrop/node_modules/playwright/lib/common/process.js
]]>
</failure>
</testcase>
<testcase name="Authentication Flow › should handle password change flow" classname="auth-flow.spec.ts" time="0">
<failure message="auth-flow.spec.ts:204:7 should handle password change flow" type="FAILURE">
<![CDATA[  [webkit] › auth-flow.spec.ts:204:7 › Authentication Flow › should handle password change flow ────

    Error: Cannot find module '/Users/nuno-peakros/Documents/Peakros OS/namedrop/playwright.config.ts'
    Require stack:
    - /Users/nuno-peakros/Documents/Peakros OS/namedrop/node_modules/playwright/lib/transform/transform.js
    - /Users/nuno-peakros/Documents/Peakros OS/namedrop/node_modules/playwright/lib/common/configLoader.js
    - /Users/nuno-peakros/Documents/Peakros OS/namedrop/node_modules/playwright/lib/worker/workerMain.js
    - /Users/nuno-peakros/Documents/Peakros OS/namedrop/node_modules/playwright/lib/common/process.js
]]>
</failure>
</testcase>
<testcase name="Authentication Flow › should validate password confirmation" classname="auth-flow.spec.ts" time="0">
<failure message="auth-flow.spec.ts:237:7 should validate password confirmation" type="FAILURE">
<![CDATA[  [webkit] › auth-flow.spec.ts:237:7 › Authentication Flow › should validate password confirmation ─

    Error: Cannot find module '/Users/nuno-peakros/Documents/Peakros OS/namedrop/playwright.config.ts'
    Require stack:
    - /Users/nuno-peakros/Documents/Peakros OS/namedrop/node_modules/playwright/lib/transform/transform.js
    - /Users/nuno-peakros/Documents/Peakros OS/namedrop/node_modules/playwright/lib/common/configLoader.js
    - /Users/nuno-peakros/Documents/Peakros OS/namedrop/node_modules/playwright/lib/worker/workerMain.js
    - /Users/nuno-peakros/Documents/Peakros OS/namedrop/node_modules/playwright/lib/common/process.js
]]>
</failure>
</testcase>
<testcase name="Authentication Flow › should handle logout" classname="auth-flow.spec.ts" time="0">
<failure message="auth-flow.spec.ts:251:7 should handle logout" type="FAILURE">
<![CDATA[  [webkit] › auth-flow.spec.ts:251:7 › Authentication Flow › should handle logout ──────────────────

    Error: Cannot find module '/Users/nuno-peakros/Documents/Peakros OS/namedrop/playwright.config.ts'
    Require stack:
    - /Users/nuno-peakros/Documents/Peakros OS/namedrop/node_modules/playwright/lib/transform/transform.js
    - /Users/nuno-peakros/Documents/Peakros OS/namedrop/node_modules/playwright/lib/common/configLoader.js
    - /Users/nuno-peakros/Documents/Peakros OS/namedrop/node_modules/playwright/lib/worker/workerMain.js
    - /Users/nuno-peakros/Documents/Peakros OS/namedrop/node_modules/playwright/lib/common/process.js
]]>
</failure>
</testcase>
<testcase name="Authentication Flow › should handle network errors gracefully" classname="auth-flow.spec.ts" time="0">
<failure message="auth-flow.spec.ts:306:7 should handle network errors gracefully" type="FAILURE">
<![CDATA[  [webkit] › auth-flow.spec.ts:306:7 › Authentication Flow › should handle network errors gracefully 

    Error: Cannot find module '/Users/nuno-peakros/Documents/Peakros OS/namedrop/playwright.config.ts'
    Require stack:
    - /Users/nuno-peakros/Documents/Peakros OS/namedrop/node_modules/playwright/lib/transform/transform.js
    - /Users/nuno-peakros/Documents/Peakros OS/namedrop/node_modules/playwright/lib/common/configLoader.js
    - /Users/nuno-peakros/Documents/Peakros OS/namedrop/node_modules/playwright/lib/worker/workerMain.js
    - /Users/nuno-peakros/Documents/Peakros OS/namedrop/node_modules/playwright/lib/common/process.js
]]>
</failure>
</testcase>
<testcase name="Authentication Flow › should be responsive on mobile devices" classname="auth-flow.spec.ts" time="0">
<failure message="auth-flow.spec.ts:321:7 should be responsive on mobile devices" type="FAILURE">
<![CDATA[  [webkit] › auth-flow.spec.ts:321:7 › Authentication Flow › should be responsive on mobile devices 

    Error: Cannot find module '/Users/nuno-peakros/Documents/Peakros OS/namedrop/playwright.config.ts'
    Require stack:
    - /Users/nuno-peakros/Documents/Peakros OS/namedrop/node_modules/playwright/lib/transform/transform.js
    - /Users/nuno-peakros/Documents/Peakros OS/namedrop/node_modules/playwright/lib/common/configLoader.js
    - /Users/nuno-peakros/Documents/Peakros OS/namedrop/node_modules/playwright/lib/worker/workerMain.js
    - /Users/nuno-peakros/Documents/Peakros OS/namedrop/node_modules/playwright/lib/common/process.js
]]>
</failure>
</testcase>
<testcase name="Authentication Flow › should have proper accessibility attributes" classname="auth-flow.spec.ts" time="0">
<failure message="auth-flow.spec.ts:340:7 should have proper accessibility attributes" type="FAILURE">
<![CDATA[  [webkit] › auth-flow.spec.ts:340:7 › Authentication Flow › should have proper accessibility attributes 

    Error: Cannot find module '/Users/nuno-peakros/Documents/Peakros OS/namedrop/playwright.config.ts'
    Require stack:
    - /Users/nuno-peakros/Documents/Peakros OS/namedrop/node_modules/playwright/lib/transform/transform.js
    - /Users/nuno-peakros/Documents/Peakros OS/namedrop/node_modules/playwright/lib/common/configLoader.js
    - /Users/nuno-peakros/Documents/Peakros OS/namedrop/node_modules/playwright/lib/worker/workerMain.js
    - /Users/nuno-peakros/Documents/Peakros OS/namedrop/node_modules/playwright/lib/common/process.js
]]>
</failure>
</testcase>
</testsuite>
<testsuite name="performance-monitoring.spec.ts" timestamp="2025-10-02T17:03:39.228Z" hostname="webkit" tests="14" failures="14" skipped="0" time="0" errors="0">
<testcase name="Performance Monitoring › should display performance metrics" classname="performance-monitoring.spec.ts" time="0">
<failure message="performance-monitoring.spec.ts:19:7 should display performance metrics" type="FAILURE">
<![CDATA[  [webkit] › performance-monitoring.spec.ts:19:7 › Performance Monitoring › should display performance metrics 

    Error: Cannot find module '/Users/nuno-peakros/Documents/Peakros OS/namedrop/playwright.config.ts'
    Require stack:
    - /Users/nuno-peakros/Documents/Peakros OS/namedrop/node_modules/playwright/lib/transform/transform.js
    - /Users/nuno-peakros/Documents/Peakros OS/namedrop/node_modules/playwright/lib/common/configLoader.js
    - /Users/nuno-peakros/Documents/Peakros OS/namedrop/node_modules/playwright/lib/worker/workerMain.js
    - /Users/nuno-peakros/Documents/Peakros OS/namedrop/node_modules/playwright/lib/common/process.js
]]>
</failure>
</testcase>
<testcase name="Performance Monitoring › should display performance tips" classname="performance-monitoring.spec.ts" time="0">
<failure message="performance-monitoring.spec.ts:26:7 should display performance tips" type="FAILURE">
<![CDATA[  [webkit] › performance-monitoring.spec.ts:26:7 › Performance Monitoring › should display performance tips 

    Error: Cannot find module '/Users/nuno-peakros/Documents/Peakros OS/namedrop/playwright.config.ts'
    Require stack:
    - /Users/nuno-peakros/Documents/Peakros OS/namedrop/node_modules/playwright/lib/transform/transform.js
    - /Users/nuno-peakros/Documents/Peakros OS/namedrop/node_modules/playwright/lib/common/configLoader.js
    - /Users/nuno-peakros/Documents/Peakros OS/namedrop/node_modules/playwright/lib/worker/workerMain.js
    - /Users/nuno-peakros/Documents/Peakros OS/namedrop/node_modules/playwright/lib/common/process.js
]]>
</failure>
</testcase>
<testcase name="Performance Monitoring › should display performance standards" classname="performance-monitoring.spec.ts" time="0">
<failure message="performance-monitoring.spec.ts:35:7 should display performance standards" type="FAILURE">
<![CDATA[  [webkit] › performance-monitoring.spec.ts:35:7 › Performance Monitoring › should display performance standards 

    Error: Cannot find module '/Users/nuno-peakros/Documents/Peakros OS/namedrop/playwright.config.ts'
    Require stack:
    - /Users/nuno-peakros/Documents/Peakros OS/namedrop/node_modules/playwright/lib/transform/transform.js
    - /Users/nuno-peakros/Documents/Peakros OS/namedrop/node_modules/playwright/lib/common/configLoader.js
    - /Users/nuno-peakros/Documents/Peakros OS/namedrop/node_modules/playwright/lib/worker/workerMain.js
    - /Users/nuno-peakros/Documents/Peakros OS/namedrop/node_modules/playwright/lib/common/process.js
]]>
</failure>
</testcase>
<testcase name="Performance Monitoring › should show refresh button" classname="performance-monitoring.spec.ts" time="0">
<failure message="performance-monitoring.spec.ts:44:7 should show refresh button" type="FAILURE">
<![CDATA[  [webkit] › performance-monitoring.spec.ts:44:7 › Performance Monitoring › should show refresh button 

    Error: Cannot find module '/Users/nuno-peakros/Documents/Peakros OS/namedrop/playwright.config.ts'
    Require stack:
    - /Users/nuno-peakros/Documents/Peakros OS/namedrop/node_modules/playwright/lib/transform/transform.js
    - /Users/nuno-peakros/Documents/Peakros OS/namedrop/node_modules/playwright/lib/common/configLoader.js
    - /Users/nuno-peakros/Documents/Peakros OS/namedrop/node_modules/playwright/lib/worker/workerMain.js
    - /Users/nuno-peakros/Documents/Peakros OS/namedrop/node_modules/playwright/lib/common/process.js
]]>
</failure>
</testcase>
<testcase name="Performance Monitoring › should refresh metrics when button is clicked" classname="performance-monitoring.spec.ts" time="0">
<failure message="performance-monitoring.spec.ts:49:7 should refresh metrics when button is clicked" type="FAILURE">
<![CDATA[  [webkit] › performance-monitoring.spec.ts:49:7 › Performance Monitoring › should refresh metrics when button is clicked 

    Error: Cannot find module '/Users/nuno-peakros/Documents/Peakros OS/namedrop/playwright.config.ts'
    Require stack:
    - /Users/nuno-peakros/Documents/Peakros OS/namedrop/node_modules/playwright/lib/transform/transform.js
    - /Users/nuno-peakros/Documents/Peakros OS/namedrop/node_modules/playwright/lib/common/configLoader.js
    - /Users/nuno-peakros/Documents/Peakros OS/namedrop/node_modules/playwright/lib/worker/workerMain.js
    - /Users/nuno-peakros/Documents/Peakros OS/namedrop/node_modules/playwright/lib/common/process.js
]]>
</failure>
</testcase>
<testcase name="Performance Monitoring › should display performance score" classname="performance-monitoring.spec.ts" time="0">
<failure message="performance-monitoring.spec.ts:60:7 should display performance score" type="FAILURE">
<![CDATA[  [webkit] › performance-monitoring.spec.ts:60:7 › Performance Monitoring › should display performance score 

    Error: Cannot find module '/Users/nuno-peakros/Documents/Peakros OS/namedrop/playwright.config.ts'
    Require stack:
    - /Users/nuno-peakros/Documents/Peakros OS/namedrop/node_modules/playwright/lib/transform/transform.js
    - /Users/nuno-peakros/Documents/Peakros OS/namedrop/node_modules/playwright/lib/common/configLoader.js
    - /Users/nuno-peakros/Documents/Peakros OS/namedrop/node_modules/playwright/lib/worker/workerMain.js
    - /Users/nuno-peakros/Documents/Peakros OS/namedrop/node_modules/playwright/lib/common/process.js
]]>
</failure>
</testcase>
<testcase name="Performance Monitoring › should display bundle size information" classname="performance-monitoring.spec.ts" time="0">
<failure message="performance-monitoring.spec.ts:69:7 should display bundle size information" type="FAILURE">
<![CDATA[  [webkit] › performance-monitoring.spec.ts:69:7 › Performance Monitoring › should display bundle size information 

    Error: Cannot find module '/Users/nuno-peakros/Documents/Peakros OS/namedrop/playwright.config.ts'
    Require stack:
    - /Users/nuno-peakros/Documents/Peakros OS/namedrop/node_modules/playwright/lib/transform/transform.js
    - /Users/nuno-peakros/Documents/Peakros OS/namedrop/node_modules/playwright/lib/common/configLoader.js
    - /Users/nuno-peakros/Documents/Peakros OS/namedrop/node_modules/playwright/lib/worker/workerMain.js
    - /Users/nuno-peakros/Documents/Peakros OS/namedrop/node_modules/playwright/lib/common/process.js
]]>
</failure>
</testcase>
<testcase name="Performance Monitoring › should handle unsupported environment gracefully" classname="performance-monitoring.spec.ts" time="0">
<failure message="performance-monitoring.spec.ts:76:7 should handle unsupported environment gracefully" type="FAILURE">
<![CDATA[  [webkit] › performance-monitoring.spec.ts:76:7 › Performance Monitoring › should handle unsupported environment gracefully 

    Error: Cannot find module '/Users/nuno-peakros/Documents/Peakros OS/namedrop/playwright.config.ts'
    Require stack:
    - /Users/nuno-peakros/Documents/Peakros OS/namedrop/node_modules/playwright/lib/transform/transform.js
    - /Users/nuno-peakros/Documents/Peakros OS/namedrop/node_modules/playwright/lib/common/configLoader.js
    - /Users/nuno-peakros/Documents/Peakros OS/namedrop/node_modules/playwright/lib/worker/workerMain.js
    - /Users/nuno-peakros/Documents/Peakros OS/namedrop/node_modules/playwright/lib/common/process.js
]]>
</failure>
</testcase>
<testcase name="Performance Monitoring › should update metrics in real-time" classname="performance-monitoring.spec.ts" time="0">
<failure message="performance-monitoring.spec.ts:92:7 should update metrics in real-time" type="FAILURE">
<![CDATA[  [webkit] › performance-monitoring.spec.ts:92:7 › Performance Monitoring › should update metrics in real-time 

    Error: Cannot find module '/Users/nuno-peakros/Documents/Peakros OS/namedrop/playwright.config.ts'
    Require stack:
    - /Users/nuno-peakros/Documents/Peakros OS/namedrop/node_modules/playwright/lib/transform/transform.js
    - /Users/nuno-peakros/Documents/Peakros OS/namedrop/node_modules/playwright/lib/common/configLoader.js
    - /Users/nuno-peakros/Documents/Peakros OS/namedrop/node_modules/playwright/lib/worker/workerMain.js
    - /Users/nuno-peakros/Documents/Peakros OS/namedrop/node_modules/playwright/lib/common/process.js
]]>
</failure>
</testcase>
<testcase name="Performance Monitoring › should display performance recommendations" classname="performance-monitoring.spec.ts" time="0">
<failure message="performance-monitoring.spec.ts:106:7 should display performance recommendations" type="FAILURE">
<![CDATA[  [webkit] › performance-monitoring.spec.ts:106:7 › Performance Monitoring › should display performance recommendations 

    Error: Cannot find module '/Users/nuno-peakros/Documents/Peakros OS/namedrop/playwright.config.ts'
    Require stack:
    - /Users/nuno-peakros/Documents/Peakros OS/namedrop/node_modules/playwright/lib/transform/transform.js
    - /Users/nuno-peakros/Documents/Peakros OS/namedrop/node_modules/playwright/lib/common/configLoader.js
    - /Users/nuno-peakros/Documents/Peakros OS/namedrop/node_modules/playwright/lib/worker/workerMain.js
    - /Users/nuno-peakros/Documents/Peakros OS/namedrop/node_modules/playwright/lib/common/process.js
]]>
</failure>
</testcase>
<testcase name="Performance Monitoring › should show performance thresholds" classname="performance-monitoring.spec.ts" time="0">
<failure message="performance-monitoring.spec.ts:123:7 should show performance thresholds" type="FAILURE">
<![CDATA[  [webkit] › performance-monitoring.spec.ts:123:7 › Performance Monitoring › should show performance thresholds 

    Error: Cannot find module '/Users/nuno-peakros/Documents/Peakros OS/namedrop/playwright.config.ts'
    Require stack:
    - /Users/nuno-peakros/Documents/Peakros OS/namedrop/node_modules/playwright/lib/transform/transform.js
    - /Users/nuno-peakros/Documents/Peakros OS/namedrop/node_modules/playwright/lib/common/configLoader.js
    - /Users/nuno-peakros/Documents/Peakros OS/namedrop/node_modules/playwright/lib/worker/workerMain.js
    - /Users/nuno-peakros/Documents/Peakros OS/namedrop/node_modules/playwright/lib/common/process.js
]]>
</failure>
</testcase>
<testcase name="Performance Monitoring › should be responsive on mobile" classname="performance-monitoring.spec.ts" time="0">
<failure message="performance-monitoring.spec.ts:131:7 should be responsive on mobile" type="FAILURE">
<![CDATA[  [webkit] › performance-monitoring.spec.ts:131:7 › Performance Monitoring › should be responsive on mobile 

    Error: Cannot find module '/Users/nuno-peakros/Documents/Peakros OS/namedrop/playwright.config.ts'
    Require stack:
    - /Users/nuno-peakros/Documents/Peakros OS/namedrop/node_modules/playwright/lib/transform/transform.js
    - /Users/nuno-peakros/Documents/Peakros OS/namedrop/node_modules/playwright/lib/common/configLoader.js
    - /Users/nuno-peakros/Documents/Peakros OS/namedrop/node_modules/playwright/lib/worker/workerMain.js
    - /Users/nuno-peakros/Documents/Peakros OS/namedrop/node_modules/playwright/lib/common/process.js
]]>
</failure>
</testcase>
<testcase name="Performance Monitoring › should be responsive on tablet" classname="performance-monitoring.spec.ts" time="0">
<failure message="performance-monitoring.spec.ts:141:7 should be responsive on tablet" type="FAILURE">
<![CDATA[  [webkit] › performance-monitoring.spec.ts:141:7 › Performance Monitoring › should be responsive on tablet 

    Error: Cannot find module '/Users/nuno-peakros/Documents/Peakros OS/namedrop/playwright.config.ts'
    Require stack:
    - /Users/nuno-peakros/Documents/Peakros OS/namedrop/node_modules/playwright/lib/transform/transform.js
    - /Users/nuno-peakros/Documents/Peakros OS/namedrop/node_modules/playwright/lib/common/configLoader.js
    - /Users/nuno-peakros/Documents/Peakros OS/namedrop/node_modules/playwright/lib/worker/workerMain.js
    - /Users/nuno-peakros/Documents/Peakros OS/namedrop/node_modules/playwright/lib/common/process.js
]]>
</failure>
</testcase>
<testcase name="Performance Monitoring › should be accessible" classname="performance-monitoring.spec.ts" time="0">
<failure message="performance-monitoring.spec.ts:151:7 should be accessible" type="FAILURE">
<![CDATA[  [webkit] › performance-monitoring.spec.ts:151:7 › Performance Monitoring › should be accessible ──

    Error: Cannot find module '/Users/nuno-peakros/Documents/Peakros OS/namedrop/playwright.config.ts'
    Require stack:
    - /Users/nuno-peakros/Documents/Peakros OS/namedrop/node_modules/playwright/lib/transform/transform.js
    - /Users/nuno-peakros/Documents/Peakros OS/namedrop/node_modules/playwright/lib/common/configLoader.js
    - /Users/nuno-peakros/Documents/Peakros OS/namedrop/node_modules/playwright/lib/worker/workerMain.js
    - /Users/nuno-peakros/Documents/Peakros OS/namedrop/node_modules/playwright/lib/common/process.js
]]>
</failure>
</testcase>
</testsuite>
<testsuite name="security.spec.ts" timestamp="2025-10-02T17:03:39.228Z" hostname="webkit" tests="20" failures="20" skipped="0" time="0" errors="0">
<testcase name="Security › should prevent SQL injection in login form" classname="security.spec.ts" time="0">
<failure message="security.spec.ts:23:7 should prevent SQL injection in login form" type="FAILURE">
<![CDATA[  [webkit] › security.spec.ts:23:7 › Security › should prevent SQL injection in login form ─────────

    Error: Cannot find module '/Users/nuno-peakros/Documents/Peakros OS/namedrop/playwright.config.ts'
    Require stack:
    - /Users/nuno-peakros/Documents/Peakros OS/namedrop/node_modules/playwright/lib/transform/transform.js
    - /Users/nuno-peakros/Documents/Peakros OS/namedrop/node_modules/playwright/lib/common/configLoader.js
    - /Users/nuno-peakros/Documents/Peakros OS/namedrop/node_modules/playwright/lib/worker/workerMain.js
    - /Users/nuno-peakros/Documents/Peakros OS/namedrop/node_modules/playwright/lib/common/process.js
]]>
</failure>
</testcase>
<testcase name="Security › should prevent XSS in login form" classname="security.spec.ts" time="0">
<failure message="security.spec.ts:34:7 should prevent XSS in login form" type="FAILURE">
<![CDATA[  [webkit] › security.spec.ts:34:7 › Security › should prevent XSS in login form ───────────────────

    Error: Cannot find module '/Users/nuno-peakros/Documents/Peakros OS/namedrop/playwright.config.ts'
    Require stack:
    - /Users/nuno-peakros/Documents/Peakros OS/namedrop/node_modules/playwright/lib/transform/transform.js
    - /Users/nuno-peakros/Documents/Peakros OS/namedrop/node_modules/playwright/lib/common/configLoader.js
    - /Users/nuno-peakros/Documents/Peakros OS/namedrop/node_modules/playwright/lib/worker/workerMain.js
    - /Users/nuno-peakros/Documents/Peakros OS/namedrop/node_modules/playwright/lib/common/process.js
]]>
</failure>
</testcase>
<testcase name="Security › should enforce rate limiting on login attempts" classname="security.spec.ts" time="0">
<failure message="security.spec.ts:48:7 should enforce rate limiting on login attempts" type="FAILURE">
<![CDATA[  [webkit] › security.spec.ts:48:7 › Security › should enforce rate limiting on login attempts ─────

    Error: Cannot find module '/Users/nuno-peakros/Documents/Peakros OS/namedrop/playwright.config.ts'
    Require stack:
    - /Users/nuno-peakros/Documents/Peakros OS/namedrop/node_modules/playwright/lib/transform/transform.js
    - /Users/nuno-peakros/Documents/Peakros OS/namedrop/node_modules/playwright/lib/common/configLoader.js
    - /Users/nuno-peakros/Documents/Peakros OS/namedrop/node_modules/playwright/lib/worker/workerMain.js
    - /Users/nuno-peakros/Documents/Peakros OS/namedrop/node_modules/playwright/lib/common/process.js
]]>
</failure>
</testcase>
<testcase name="Security › should have proper security headers" classname="security.spec.ts" time="0">
<failure message="security.spec.ts:61:7 should have proper security headers" type="FAILURE">
<![CDATA[  [webkit] › security.spec.ts:61:7 › Security › should have proper security headers ────────────────

    Error: Cannot find module '/Users/nuno-peakros/Documents/Peakros OS/namedrop/playwright.config.ts'
    Require stack:
    - /Users/nuno-peakros/Documents/Peakros OS/namedrop/node_modules/playwright/lib/transform/transform.js
    - /Users/nuno-peakros/Documents/Peakros OS/namedrop/node_modules/playwright/lib/common/configLoader.js
    - /Users/nuno-peakros/Documents/Peakros OS/namedrop/node_modules/playwright/lib/worker/workerMain.js
    - /Users/nuno-peakros/Documents/Peakros OS/namedrop/node_modules/playwright/lib/common/process.js
]]>
</failure>
</testcase>
<testcase name="Security › should prevent CSRF attacks" classname="security.spec.ts" time="0">
<failure message="security.spec.ts:72:7 should prevent CSRF attacks" type="FAILURE">
<![CDATA[  [webkit] › security.spec.ts:72:7 › Security › should prevent CSRF attacks ────────────────────────

    Error: Cannot find module '/Users/nuno-peakros/Documents/Peakros OS/namedrop/playwright.config.ts'
    Require stack:
    - /Users/nuno-peakros/Documents/Peakros OS/namedrop/node_modules/playwright/lib/transform/transform.js
    - /Users/nuno-peakros/Documents/Peakros OS/namedrop/node_modules/playwright/lib/common/configLoader.js
    - /Users/nuno-peakros/Documents/Peakros OS/namedrop/node_modules/playwright/lib/worker/workerMain.js
    - /Users/nuno-peakros/Documents/Peakros OS/namedrop/node_modules/playwright/lib/common/process.js
]]>
</failure>
</testcase>
<testcase name="Security › should validate file uploads" classname="security.spec.ts" time="0">
<failure message="security.spec.ts:85:7 should validate file uploads" type="FAILURE">
<![CDATA[  [webkit] › security.spec.ts:85:7 › Security › should validate file uploads ───────────────────────

    Error: Cannot find module '/Users/nuno-peakros/Documents/Peakros OS/namedrop/playwright.config.ts'
    Require stack:
    - /Users/nuno-peakros/Documents/Peakros OS/namedrop/node_modules/playwright/lib/transform/transform.js
    - /Users/nuno-peakros/Documents/Peakros OS/namedrop/node_modules/playwright/lib/common/configLoader.js
    - /Users/nuno-peakros/Documents/Peakros OS/namedrop/node_modules/playwright/lib/worker/workerMain.js
    - /Users/nuno-peakros/Documents/Peakros OS/namedrop/node_modules/playwright/lib/common/process.js
]]>
</failure>
</testcase>
<testcase name="Security › should prevent directory traversal" classname="security.spec.ts" time="0">
<failure message="security.spec.ts:107:7 should prevent directory traversal" type="FAILURE">
<![CDATA[  [webkit] › security.spec.ts:107:7 › Security › should prevent directory traversal ────────────────

    Error: Cannot find module '/Users/nuno-peakros/Documents/Peakros OS/namedrop/playwright.config.ts'
    Require stack:
    - /Users/nuno-peakros/Documents/Peakros OS/namedrop/node_modules/playwright/lib/transform/transform.js
    - /Users/nuno-peakros/Documents/Peakros OS/namedrop/node_modules/playwright/lib/common/configLoader.js
    - /Users/nuno-peakros/Documents/Peakros OS/namedrop/node_modules/playwright/lib/worker/workerMain.js
    - /Users/nuno-peakros/Documents/Peakros OS/namedrop/node_modules/playwright/lib/common/process.js
]]>
</failure>
</testcase>
<testcase name="Security › should enforce HTTPS in production" classname="security.spec.ts" time="0">
<failure message="security.spec.ts:122:7 should enforce HTTPS in production" type="FAILURE">
<![CDATA[  [webkit] › security.spec.ts:122:7 › Security › should enforce HTTPS in production ────────────────

    Error: Cannot find module '/Users/nuno-peakros/Documents/Peakros OS/namedrop/playwright.config.ts'
    Require stack:
    - /Users/nuno-peakros/Documents/Peakros OS/namedrop/node_modules/playwright/lib/transform/transform.js
    - /Users/nuno-peakros/Documents/Peakros OS/namedrop/node_modules/playwright/lib/common/configLoader.js
    - /Users/nuno-peakros/Documents/Peakros OS/namedrop/node_modules/playwright/lib/worker/workerMain.js
    - /Users/nuno-peakros/Documents/Peakros OS/namedrop/node_modules/playwright/lib/common/process.js
]]>
</failure>
</testcase>
<testcase name="Security › should prevent clickjacking" classname="security.spec.ts" time="0">
<failure message="security.spec.ts:129:7 should prevent clickjacking" type="FAILURE">
<![CDATA[  [webkit] › security.spec.ts:129:7 › Security › should prevent clickjacking ───────────────────────

    Error: Cannot find module '/Users/nuno-peakros/Documents/Peakros OS/namedrop/playwright.config.ts'
    Require stack:
    - /Users/nuno-peakros/Documents/Peakros OS/namedrop/node_modules/playwright/lib/transform/transform.js
    - /Users/nuno-peakros/Documents/Peakros OS/namedrop/node_modules/playwright/lib/common/configLoader.js
    - /Users/nuno-peakros/Documents/Peakros OS/namedrop/node_modules/playwright/lib/worker/workerMain.js
    - /Users/nuno-peakros/Documents/Peakros OS/namedrop/node_modules/playwright/lib/common/process.js
]]>
</failure>
</testcase>
<testcase name="Security › should validate input length limits" classname="security.spec.ts" time="0">
<failure message="security.spec.ts:137:7 should validate input length limits" type="FAILURE">
<![CDATA[  [webkit] › security.spec.ts:137:7 › Security › should validate input length limits ───────────────

    Error: Cannot find module '/Users/nuno-peakros/Documents/Peakros OS/namedrop/playwright.config.ts'
    Require stack:
    - /Users/nuno-peakros/Documents/Peakros OS/namedrop/node_modules/playwright/lib/transform/transform.js
    - /Users/nuno-peakros/Documents/Peakros OS/namedrop/node_modules/playwright/lib/common/configLoader.js
    - /Users/nuno-peakros/Documents/Peakros OS/namedrop/node_modules/playwright/lib/worker/workerMain.js
    - /Users/nuno-peakros/Documents/Peakros OS/namedrop/node_modules/playwright/lib/common/process.js
]]>
</failure>
</testcase>
<testcase name="Security › should prevent open redirects" classname="security.spec.ts" time="0">
<failure message="security.spec.ts:149:7 should prevent open redirects" type="FAILURE">
<![CDATA[  [webkit] › security.spec.ts:149:7 › Security › should prevent open redirects ─────────────────────

    Error: Cannot find module '/Users/nuno-peakros/Documents/Peakros OS/namedrop/playwright.config.ts'
    Require stack:
    - /Users/nuno-peakros/Documents/Peakros OS/namedrop/node_modules/playwright/lib/transform/transform.js
    - /Users/nuno-peakros/Documents/Peakros OS/namedrop/node_modules/playwright/lib/common/configLoader.js
    - /Users/nuno-peakros/Documents/Peakros OS/namedrop/node_modules/playwright/lib/worker/workerMain.js
    - /Users/nuno-peakros/Documents/Peakros OS/namedrop/node_modules/playwright/lib/common/process.js
]]>
</failure>
</testcase>
<testcase name="Security › should sanitize user input in display" classname="security.spec.ts" time="0">
<failure message="security.spec.ts:167:7 should sanitize user input in display" type="FAILURE">
<![CDATA[  [webkit] › security.spec.ts:167:7 › Security › should sanitize user input in display ─────────────

    Error: Cannot find module '/Users/nuno-peakros/Documents/Peakros OS/namedrop/playwright.config.ts'
    Require stack:
    - /Users/nuno-peakros/Documents/Peakros OS/namedrop/node_modules/playwright/lib/transform/transform.js
    - /Users/nuno-peakros/Documents/Peakros OS/namedrop/node_modules/playwright/lib/common/configLoader.js
    - /Users/nuno-peakros/Documents/Peakros OS/namedrop/node_modules/playwright/lib/worker/workerMain.js
    - /Users/nuno-peakros/Documents/Peakros OS/namedrop/node_modules/playwright/lib/common/process.js
]]>
</failure>
</testcase>
<testcase name="Security › should enforce session timeout" classname="security.spec.ts" time="0">
<failure message="security.spec.ts:187:7 should enforce session timeout" type="FAILURE">
<![CDATA[  [webkit] › security.spec.ts:187:7 › Security › should enforce session timeout ────────────────────

    Error: Cannot find module '/Users/nuno-peakros/Documents/Peakros OS/namedrop/playwright.config.ts'
    Require stack:
    - /Users/nuno-peakros/Documents/Peakros OS/namedrop/node_modules/playwright/lib/transform/transform.js
    - /Users/nuno-peakros/Documents/Peakros OS/namedrop/node_modules/playwright/lib/common/configLoader.js
    - /Users/nuno-peakros/Documents/Peakros OS/namedrop/node_modules/playwright/lib/worker/workerMain.js
    - /Users/nuno-peakros/Documents/Peakros OS/namedrop/node_modules/playwright/lib/common/process.js
]]>
</failure>
</testcase>
<testcase name="Security › should prevent privilege escalation" classname="security.spec.ts" time="0">
<failure message="security.spec.ts:203:7 should prevent privilege escalation" type="FAILURE">
<![CDATA[  [webkit] › security.spec.ts:203:7 › Security › should prevent privilege escalation ───────────────

    Error: Cannot find module '/Users/nuno-peakros/Documents/Peakros OS/namedrop/playwright.config.ts'
    Require stack:
    - /Users/nuno-peakros/Documents/Peakros OS/namedrop/node_modules/playwright/lib/transform/transform.js
    - /Users/nuno-peakros/Documents/Peakros OS/namedrop/node_modules/playwright/lib/common/configLoader.js
    - /Users/nuno-peakros/Documents/Peakros OS/namedrop/node_modules/playwright/lib/worker/workerMain.js
    - /Users/nuno-peakros/Documents/Peakros OS/namedrop/node_modules/playwright/lib/common/process.js
]]>
</failure>
</testcase>
<testcase name="Security › should validate CSRF tokens on state-changing requests" classname="security.spec.ts" time="0">
<failure message="security.spec.ts:216:7 should validate CSRF tokens on state-changing requests" type="FAILURE">
<![CDATA[  [webkit] › security.spec.ts:216:7 › Security › should validate CSRF tokens on state-changing requests 

    Error: Cannot find module '/Users/nuno-peakros/Documents/Peakros OS/namedrop/playwright.config.ts'
    Require stack:
    - /Users/nuno-peakros/Documents/Peakros OS/namedrop/node_modules/playwright/lib/transform/transform.js
    - /Users/nuno-peakros/Documents/Peakros OS/namedrop/node_modules/playwright/lib/common/configLoader.js
    - /Users/nuno-peakros/Documents/Peakros OS/namedrop/node_modules/playwright/lib/worker/workerMain.js
    - /Users/nuno-peakros/Documents/Peakros OS/namedrop/node_modules/playwright/lib/common/process.js
]]>
</failure>
</testcase>
<testcase name="Security › should prevent information disclosure in error messages" classname="security.spec.ts" time="0">
<failure message="security.spec.ts:234:7 should prevent information disclosure in error messages" type="FAILURE">
<![CDATA[  [webkit] › security.spec.ts:234:7 › Security › should prevent information disclosure in error messages 

    Error: Cannot find module '/Users/nuno-peakros/Documents/Peakros OS/namedrop/playwright.config.ts'
    Require stack:
    - /Users/nuno-peakros/Documents/Peakros OS/namedrop/node_modules/playwright/lib/transform/transform.js
    - /Users/nuno-peakros/Documents/Peakros OS/namedrop/node_modules/playwright/lib/common/configLoader.js
    - /Users/nuno-peakros/Documents/Peakros OS/namedrop/node_modules/playwright/lib/worker/workerMain.js
    - /Users/nuno-peakros/Documents/Peakros OS/namedrop/node_modules/playwright/lib/common/process.js
]]>
</failure>
</testcase>
<testcase name="Security › should enforce content security policy" classname="security.spec.ts" time="0">
<failure message="security.spec.ts:245:7 should enforce content security policy" type="FAILURE">
<![CDATA[  [webkit] › security.spec.ts:245:7 › Security › should enforce content security policy ────────────

    Error: Cannot find module '/Users/nuno-peakros/Documents/Peakros OS/namedrop/playwright.config.ts'
    Require stack:
    - /Users/nuno-peakros/Documents/Peakros OS/namedrop/node_modules/playwright/lib/transform/transform.js
    - /Users/nuno-peakros/Documents/Peakros OS/namedrop/node_modules/playwright/lib/common/configLoader.js
    - /Users/nuno-peakros/Documents/Peakros OS/namedrop/node_modules/playwright/lib/worker/workerMain.js
    - /Users/nuno-peakros/Documents/Peakros OS/namedrop/node_modules/playwright/lib/common/process.js
]]>
</failure>
</testcase>
<testcase name="Security › should prevent timing attacks" classname="security.spec.ts" time="0">
<failure message="security.spec.ts:254:7 should prevent timing attacks" type="FAILURE">
<![CDATA[  [webkit] › security.spec.ts:254:7 › Security › should prevent timing attacks ─────────────────────

    Error: Cannot find module '/Users/nuno-peakros/Documents/Peakros OS/namedrop/playwright.config.ts'
    Require stack:
    - /Users/nuno-peakros/Documents/Peakros OS/namedrop/node_modules/playwright/lib/transform/transform.js
    - /Users/nuno-peakros/Documents/Peakros OS/namedrop/node_modules/playwright/lib/common/configLoader.js
    - /Users/nuno-peakros/Documents/Peakros OS/namedrop/node_modules/playwright/lib/worker/workerMain.js
    - /Users/nuno-peakros/Documents/Peakros OS/namedrop/node_modules/playwright/lib/common/process.js
]]>
</failure>
</testcase>
<testcase name="Security › should handle security headers correctly" classname="security.spec.ts" time="0">
<failure message="security.spec.ts:278:7 should handle security headers correctly" type="FAILURE">
<![CDATA[  [webkit] › security.spec.ts:278:7 › Security › should handle security headers correctly ──────────

    Error: Cannot find module '/Users/nuno-peakros/Documents/Peakros OS/namedrop/playwright.config.ts'
    Require stack:
    - /Users/nuno-peakros/Documents/Peakros OS/namedrop/node_modules/playwright/lib/transform/transform.js
    - /Users/nuno-peakros/Documents/Peakros OS/namedrop/node_modules/playwright/lib/common/configLoader.js
    - /Users/nuno-peakros/Documents/Peakros OS/namedrop/node_modules/playwright/lib/worker/workerMain.js
    - /Users/nuno-peakros/Documents/Peakros OS/namedrop/node_modules/playwright/lib/common/process.js
]]>
</failure>
</testcase>
<testcase name="Security › should prevent brute force attacks" classname="security.spec.ts" time="0">
<failure message="security.spec.ts:289:7 should prevent brute force attacks" type="FAILURE">
<![CDATA[  [webkit] › security.spec.ts:289:7 › Security › should prevent brute force attacks ────────────────

    Error: Cannot find module '/Users/nuno-peakros/Documents/Peakros OS/namedrop/playwright.config.ts'
    Require stack:
    - /Users/nuno-peakros/Documents/Peakros OS/namedrop/node_modules/playwright/lib/transform/transform.js
    - /Users/nuno-peakros/Documents/Peakros OS/namedrop/node_modules/playwright/lib/common/configLoader.js
    - /Users/nuno-peakros/Documents/Peakros OS/namedrop/node_modules/playwright/lib/worker/workerMain.js
    - /Users/nuno-peakros/Documents/Peakros OS/namedrop/node_modules/playwright/lib/common/process.js
]]>
</failure>
</testcase>
</testsuite>
<testsuite name="user-management.spec.ts" timestamp="2025-10-02T17:03:39.228Z" hostname="webkit" tests="18" failures="18" skipped="0" time="0" errors="0">
<testcase name="User Management Flow › should display user management interface correctly" classname="user-management.spec.ts" time="0">
<failure message="user-management.spec.ts:137:7 should display user management interface correctly" type="FAILURE">
<![CDATA[  [webkit] › user-management.spec.ts:137:7 › User Management Flow › should display user management interface correctly 

    Error: Cannot find module '/Users/nuno-peakros/Documents/Peakros OS/namedrop/playwright.config.ts'
    Require stack:
    - /Users/nuno-peakros/Documents/Peakros OS/namedrop/node_modules/playwright/lib/transform/transform.js
    - /Users/nuno-peakros/Documents/Peakros OS/namedrop/node_modules/playwright/lib/common/configLoader.js
    - /Users/nuno-peakros/Documents/Peakros OS/namedrop/node_modules/playwright/lib/worker/workerMain.js
    - /Users/nuno-peakros/Documents/Peakros OS/namedrop/node_modules/playwright/lib/common/process.js
]]>
</failure>
</testcase>
<testcase name="User Management Flow › should search users correctly" classname="user-management.spec.ts" time="0">
<failure message="user-management.spec.ts:158:7 should search users correctly" type="FAILURE">
<![CDATA[  [webkit] › user-management.spec.ts:158:7 › User Management Flow › should search users correctly ──

    Error: Cannot find module '/Users/nuno-peakros/Documents/Peakros OS/namedrop/playwright.config.ts'
    Require stack:
    - /Users/nuno-peakros/Documents/Peakros OS/namedrop/node_modules/playwright/lib/transform/transform.js
    - /Users/nuno-peakros/Documents/Peakros OS/namedrop/node_modules/playwright/lib/common/configLoader.js
    - /Users/nuno-peakros/Documents/Peakros OS/namedrop/node_modules/playwright/lib/worker/workerMain.js
    - /Users/nuno-peakros/Documents/Peakros OS/namedrop/node_modules/playwright/lib/common/process.js
]]>
</failure>
</testcase>
<testcase name="User Management Flow › should filter users by role" classname="user-management.spec.ts" time="0">
<failure message="user-management.spec.ts:169:7 should filter users by role" type="FAILURE">
<![CDATA[  [webkit] › user-management.spec.ts:169:7 › User Management Flow › should filter users by role ────

    Error: Cannot find module '/Users/nuno-peakros/Documents/Peakros OS/namedrop/playwright.config.ts'
    Require stack:
    - /Users/nuno-peakros/Documents/Peakros OS/namedrop/node_modules/playwright/lib/transform/transform.js
    - /Users/nuno-peakros/Documents/Peakros OS/namedrop/node_modules/playwright/lib/common/configLoader.js
    - /Users/nuno-peakros/Documents/Peakros OS/namedrop/node_modules/playwright/lib/worker/workerMain.js
    - /Users/nuno-peakros/Documents/Peakros OS/namedrop/node_modules/playwright/lib/common/process.js
]]>
</failure>
</testcase>
<testcase name="User Management Flow › should filter users by status" classname="user-management.spec.ts" time="0">
<failure message="user-management.spec.ts:181:7 should filter users by status" type="FAILURE">
<![CDATA[  [webkit] › user-management.spec.ts:181:7 › User Management Flow › should filter users by status ──

    Error: Cannot find module '/Users/nuno-peakros/Documents/Peakros OS/namedrop/playwright.config.ts'
    Require stack:
    - /Users/nuno-peakros/Documents/Peakros OS/namedrop/node_modules/playwright/lib/transform/transform.js
    - /Users/nuno-peakros/Documents/Peakros OS/namedrop/node_modules/playwright/lib/common/configLoader.js
    - /Users/nuno-peakros/Documents/Peakros OS/namedrop/node_modules/playwright/lib/worker/workerMain.js
    - /Users/nuno-peakros/Documents/Peakros OS/namedrop/node_modules/playwright/lib/common/process.js
]]>
</failure>
</testcase>
<testcase name="User Management Flow › should create a new user" classname="user-management.spec.ts" time="0">
<failure message="user-management.spec.ts:193:7 should create a new user" type="FAILURE">
<![CDATA[  [webkit] › user-management.spec.ts:193:7 › User Management Flow › should create a new user ───────

    Error: Cannot find module '/Users/nuno-peakros/Documents/Peakros OS/namedrop/playwright.config.ts'
    Require stack:
    - /Users/nuno-peakros/Documents/Peakros OS/namedrop/node_modules/playwright/lib/transform/transform.js
    - /Users/nuno-peakros/Documents/Peakros OS/namedrop/node_modules/playwright/lib/common/configLoader.js
    - /Users/nuno-peakros/Documents/Peakros OS/namedrop/node_modules/playwright/lib/worker/workerMain.js
    - /Users/nuno-peakros/Documents/Peakros OS/namedrop/node_modules/playwright/lib/common/process.js
]]>
</failure>
</testcase>
<testcase name="User Management Flow › should select users for bulk operations" classname="user-management.spec.ts" time="0">
<failure message="user-management.spec.ts:203:7 should select users for bulk operations" type="FAILURE">
<![CDATA[  [webkit] › user-management.spec.ts:203:7 › User Management Flow › should select users for bulk operations 

    Error: Cannot find module '/Users/nuno-peakros/Documents/Peakros OS/namedrop/playwright.config.ts'
    Require stack:
    - /Users/nuno-peakros/Documents/Peakros OS/namedrop/node_modules/playwright/lib/transform/transform.js
    - /Users/nuno-peakros/Documents/Peakros OS/namedrop/node_modules/playwright/lib/common/configLoader.js
    - /Users/nuno-peakros/Documents/Peakros OS/namedrop/node_modules/playwright/lib/worker/workerMain.js
    - /Users/nuno-peakros/Documents/Peakros OS/namedrop/node_modules/playwright/lib/common/process.js
]]>
</failure>
</testcase>
<testcase name="User Management Flow › should select all users" classname="user-management.spec.ts" time="0">
<failure message="user-management.spec.ts:216:7 should select all users" type="FAILURE">
<![CDATA[  [webkit] › user-management.spec.ts:216:7 › User Management Flow › should select all users ────────

    Error: Cannot find module '/Users/nuno-peakros/Documents/Peakros OS/namedrop/playwright.config.ts'
    Require stack:
    - /Users/nuno-peakros/Documents/Peakros OS/namedrop/node_modules/playwright/lib/transform/transform.js
    - /Users/nuno-peakros/Documents/Peakros OS/namedrop/node_modules/playwright/lib/common/configLoader.js
    - /Users/nuno-peakros/Documents/Peakros OS/namedrop/node_modules/playwright/lib/worker/workerMain.js
    - /Users/nuno-peakros/Documents/Peakros OS/namedrop/node_modules/playwright/lib/common/process.js
]]>
</failure>
</testcase>
<testcase name="User Management Flow › should toggle user status" classname="user-management.spec.ts" time="0">
<failure message="user-management.spec.ts:229:7 should toggle user status" type="FAILURE">
<![CDATA[  [webkit] › user-management.spec.ts:229:7 › User Management Flow › should toggle user status ──────

    Error: Cannot find module '/Users/nuno-peakros/Documents/Peakros OS/namedrop/playwright.config.ts'
    Require stack:
    - /Users/nuno-peakros/Documents/Peakros OS/namedrop/node_modules/playwright/lib/transform/transform.js
    - /Users/nuno-peakros/Documents/Peakros OS/namedrop/node_modules/playwright/lib/common/configLoader.js
    - /Users/nuno-peakros/Documents/Peakros OS/namedrop/node_modules/playwright/lib/worker/workerMain.js
    - /Users/nuno-peakros/Documents/Peakros OS/namedrop/node_modules/playwright/lib/common/process.js
]]>
</failure>
</testcase>
<testcase name="User Management Flow › should resend verification email" classname="user-management.spec.ts" time="0">
<failure message="user-management.spec.ts:242:7 should resend verification email" type="FAILURE">
<![CDATA[  [webkit] › user-management.spec.ts:242:7 › User Management Flow › should resend verification email 

    Error: Cannot find module '/Users/nuno-peakros/Documents/Peakros OS/namedrop/playwright.config.ts'
    Require stack:
    - /Users/nuno-peakros/Documents/Peakros OS/namedrop/node_modules/playwright/lib/transform/transform.js
    - /Users/nuno-peakros/Documents/Peakros OS/namedrop/node_modules/playwright/lib/common/configLoader.js
    - /Users/nuno-peakros/Documents/Peakros OS/namedrop/node_modules/playwright/lib/worker/workerMain.js
    - /Users/nuno-peakros/Documents/Peakros OS/namedrop/node_modules/playwright/lib/common/process.js
]]>
</failure>
</testcase>
<testcase name="User Management Flow › should delete a user" classname="user-management.spec.ts" time="0">
<failure message="user-management.spec.ts:266:7 should delete a user" type="FAILURE">
<![CDATA[  [webkit] › user-management.spec.ts:266:7 › User Management Flow › should delete a user ───────────

    Error: Cannot find module '/Users/nuno-peakros/Documents/Peakros OS/namedrop/playwright.config.ts'
    Require stack:
    - /Users/nuno-peakros/Documents/Peakros OS/namedrop/node_modules/playwright/lib/transform/transform.js
    - /Users/nuno-peakros/Documents/Peakros OS/namedrop/node_modules/playwright/lib/common/configLoader.js
    - /Users/nuno-peakros/Documents/Peakros OS/namedrop/node_modules/playwright/lib/worker/workerMain.js
    - /Users/nuno-peakros/Documents/Peakros OS/namedrop/node_modules/playwright/lib/common/process.js
]]>
</failure>
</testcase>
<testcase name="User Management Flow › should handle pagination" classname="user-management.spec.ts" time="0">
<failure message="user-management.spec.ts:285:7 should handle pagination" type="FAILURE">
<![CDATA[  [webkit] › user-management.spec.ts:285:7 › User Management Flow › should handle pagination ───────

    Error: Cannot find module '/Users/nuno-peakros/Documents/Peakros OS/namedrop/playwright.config.ts'
    Require stack:
    - /Users/nuno-peakros/Documents/Peakros OS/namedrop/node_modules/playwright/lib/transform/transform.js
    - /Users/nuno-peakros/Documents/Peakros OS/namedrop/node_modules/playwright/lib/common/configLoader.js
    - /Users/nuno-peakros/Documents/Peakros OS/namedrop/node_modules/playwright/lib/worker/workerMain.js
    - /Users/nuno-peakros/Documents/Peakros OS/namedrop/node_modules/playwright/lib/common/process.js
]]>
</failure>
</testcase>
<testcase name="User Management Flow › should display loading state" classname="user-management.spec.ts" time="0">
<failure message="user-management.spec.ts:328:7 should display loading state" type="FAILURE">
<![CDATA[  [webkit] › user-management.spec.ts:328:7 › User Management Flow › should display loading state ───

    Error: Cannot find module '/Users/nuno-peakros/Documents/Peakros OS/namedrop/playwright.config.ts'
    Require stack:
    - /Users/nuno-peakros/Documents/Peakros OS/namedrop/node_modules/playwright/lib/transform/transform.js
    - /Users/nuno-peakros/Documents/Peakros OS/namedrop/node_modules/playwright/lib/common/configLoader.js
    - /Users/nuno-peakros/Documents/Peakros OS/namedrop/node_modules/playwright/lib/worker/workerMain.js
    - /Users/nuno-peakros/Documents/Peakros OS/namedrop/node_modules/playwright/lib/common/process.js
]]>
</failure>
</testcase>
<testcase name="User Management Flow › should display error state" classname="user-management.spec.ts" time="0">
<failure message="user-management.spec.ts:346:7 should display error state" type="FAILURE">
<![CDATA[  [webkit] › user-management.spec.ts:346:7 › User Management Flow › should display error state ─────

    Error: Cannot find module '/Users/nuno-peakros/Documents/Peakros OS/namedrop/playwright.config.ts'
    Require stack:
    - /Users/nuno-peakros/Documents/Peakros OS/namedrop/node_modules/playwright/lib/transform/transform.js
    - /Users/nuno-peakros/Documents/Peakros OS/namedrop/node_modules/playwright/lib/common/configLoader.js
    - /Users/nuno-peakros/Documents/Peakros OS/namedrop/node_modules/playwright/lib/worker/workerMain.js
    - /Users/nuno-peakros/Documents/Peakros OS/namedrop/node_modules/playwright/lib/common/process.js
]]>
</failure>
</testcase>
<testcase name="User Management Flow › should display empty state when no users found" classname="user-management.spec.ts" time="0">
<failure message="user-management.spec.ts:369:7 should display empty state when no users found" type="FAILURE">
<![CDATA[  [webkit] › user-management.spec.ts:369:7 › User Management Flow › should display empty state when no users found 

    Error: Cannot find module '/Users/nuno-peakros/Documents/Peakros OS/namedrop/playwright.config.ts'
    Require stack:
    - /Users/nuno-peakros/Documents/Peakros OS/namedrop/node_modules/playwright/lib/transform/transform.js
    - /Users/nuno-peakros/Documents/Peakros OS/namedrop/node_modules/playwright/lib/common/configLoader.js
    - /Users/nuno-peakros/Documents/Peakros OS/namedrop/node_modules/playwright/lib/worker/workerMain.js
    - /Users/nuno-peakros/Documents/Peakros OS/namedrop/node_modules/playwright/lib/common/process.js
]]>
</failure>
</testcase>
<testcase name="User Management Flow › should handle search with no results" classname="user-management.spec.ts" time="0">
<failure message="user-management.spec.ts:401:7 should handle search with no results" type="FAILURE">
<![CDATA[  [webkit] › user-management.spec.ts:401:7 › User Management Flow › should handle search with no results 

    Error: Cannot find module '/Users/nuno-peakros/Documents/Peakros OS/namedrop/playwright.config.ts'
    Require stack:
    - /Users/nuno-peakros/Documents/Peakros OS/namedrop/node_modules/playwright/lib/transform/transform.js
    - /Users/nuno-peakros/Documents/Peakros OS/namedrop/node_modules/playwright/lib/common/configLoader.js
    - /Users/nuno-peakros/Documents/Peakros OS/namedrop/node_modules/playwright/lib/worker/workerMain.js
    - /Users/nuno-peakros/Documents/Peakros OS/namedrop/node_modules/playwright/lib/common/process.js
]]>
</failure>
</testcase>
<testcase name="User Management Flow › should be responsive on mobile devices" classname="user-management.spec.ts" time="0">
<failure message="user-management.spec.ts:441:7 should be responsive on mobile devices" type="FAILURE">
<![CDATA[  [webkit] › user-management.spec.ts:441:7 › User Management Flow › should be responsive on mobile devices 

    Error: Cannot find module '/Users/nuno-peakros/Documents/Peakros OS/namedrop/playwright.config.ts'
    Require stack:
    - /Users/nuno-peakros/Documents/Peakros OS/namedrop/node_modules/playwright/lib/transform/transform.js
    - /Users/nuno-peakros/Documents/Peakros OS/namedrop/node_modules/playwright/lib/common/configLoader.js
    - /Users/nuno-peakros/Documents/Peakros OS/namedrop/node_modules/playwright/lib/worker/workerMain.js
    - /Users/nuno-peakros/Documents/Peakros OS/namedrop/node_modules/playwright/lib/common/process.js
]]>
</failure>
</testcase>
<testcase name="User Management Flow › should have proper accessibility attributes" classname="user-management.spec.ts" time="0">
<failure message="user-management.spec.ts:455:7 should have proper accessibility attributes" type="FAILURE">
<![CDATA[  [webkit] › user-management.spec.ts:455:7 › User Management Flow › should have proper accessibility attributes 

    Error: Cannot find module '/Users/nuno-peakros/Documents/Peakros OS/namedrop/playwright.config.ts'
    Require stack:
    - /Users/nuno-peakros/Documents/Peakros OS/namedrop/node_modules/playwright/lib/transform/transform.js
    - /Users/nuno-peakros/Documents/Peakros OS/namedrop/node_modules/playwright/lib/common/configLoader.js
    - /Users/nuno-peakros/Documents/Peakros OS/namedrop/node_modules/playwright/lib/worker/workerMain.js
    - /Users/nuno-peakros/Documents/Peakros OS/namedrop/node_modules/playwright/lib/common/process.js
]]>
</failure>
</testcase>
<testcase name="User Management Flow › should handle keyboard navigation" classname="user-management.spec.ts" time="0">
<failure message="user-management.spec.ts:475:7 should handle keyboard navigation" type="FAILURE">
<![CDATA[  [webkit] › user-management.spec.ts:475:7 › User Management Flow › should handle keyboard navigation 

    Error: Cannot find module '/Users/nuno-peakros/Documents/Peakros OS/namedrop/playwright.config.ts'
    Require stack:
    - /Users/nuno-peakros/Documents/Peakros OS/namedrop/node_modules/playwright/lib/transform/transform.js
    - /Users/nuno-peakros/Documents/Peakros OS/namedrop/node_modules/playwright/lib/common/configLoader.js
    - /Users/nuno-peakros/Documents/Peakros OS/namedrop/node_modules/playwright/lib/worker/workerMain.js
    - /Users/nuno-peakros/Documents/Peakros OS/namedrop/node_modules/playwright/lib/common/process.js
]]>
</failure>
</testcase>
</testsuite>
<testsuite name="accessibility.spec.ts" timestamp="2025-10-02T17:03:39.228Z" hostname="Mobile Chrome" tests="16" failures="16" skipped="0" time="0" errors="0">
<testcase name="Accessibility › should have proper heading structure" classname="accessibility.spec.ts" time="0">
<failure message="accessibility.spec.ts:21:7 should have proper heading structure" type="FAILURE">
<![CDATA[  [Mobile Chrome] › accessibility.spec.ts:21:7 › Accessibility › should have proper heading structure 

    Error: Cannot find module '/Users/nuno-peakros/Documents/Peakros OS/namedrop/playwright.config.ts'
    Require stack:
    - /Users/nuno-peakros/Documents/Peakros OS/namedrop/node_modules/playwright/lib/transform/transform.js
    - /Users/nuno-peakros/Documents/Peakros OS/namedrop/node_modules/playwright/lib/common/configLoader.js
    - /Users/nuno-peakros/Documents/Peakros OS/namedrop/node_modules/playwright/lib/worker/workerMain.js
    - /Users/nuno-peakros/Documents/Peakros OS/namedrop/node_modules/playwright/lib/common/process.js
]]>
</failure>
</testcase>
<testcase name="Accessibility › should be keyboard navigable" classname="accessibility.spec.ts" time="0">
<failure message="accessibility.spec.ts:28:7 should be keyboard navigable" type="FAILURE">
<![CDATA[  [Mobile Chrome] › accessibility.spec.ts:28:7 › Accessibility › should be keyboard navigable ──────

    Error: Cannot find module '/Users/nuno-peakros/Documents/Peakros OS/namedrop/playwright.config.ts'
    Require stack:
    - /Users/nuno-peakros/Documents/Peakros OS/namedrop/node_modules/playwright/lib/transform/transform.js
    - /Users/nuno-peakros/Documents/Peakros OS/namedrop/node_modules/playwright/lib/common/configLoader.js
    - /Users/nuno-peakros/Documents/Peakros OS/namedrop/node_modules/playwright/lib/worker/workerMain.js
    - /Users/nuno-peakros/Documents/Peakros OS/namedrop/node_modules/playwright/lib/common/process.js
]]>
</failure>
</testcase>
<testcase name="Accessibility › should have proper focus indicators" classname="accessibility.spec.ts" time="0">
<failure message="accessibility.spec.ts:46:7 should have proper focus indicators" type="FAILURE">
<![CDATA[  [Mobile Chrome] › accessibility.spec.ts:46:7 › Accessibility › should have proper focus indicators 

    Error: Cannot find module '/Users/nuno-peakros/Documents/Peakros OS/namedrop/playwright.config.ts'
    Require stack:
    - /Users/nuno-peakros/Documents/Peakros OS/namedrop/node_modules/playwright/lib/transform/transform.js
    - /Users/nuno-peakros/Documents/Peakros OS/namedrop/node_modules/playwright/lib/common/configLoader.js
    - /Users/nuno-peakros/Documents/Peakros OS/namedrop/node_modules/playwright/lib/worker/workerMain.js
    - /Users/nuno-peakros/Documents/Peakros OS/namedrop/node_modules/playwright/lib/common/process.js
]]>
</failure>
</testcase>
<testcase name="Accessibility › should have proper ARIA attributes" classname="accessibility.spec.ts" time="0">
<failure message="accessibility.spec.ts:64:7 should have proper ARIA attributes" type="FAILURE">
<![CDATA[  [Mobile Chrome] › accessibility.spec.ts:64:7 › Accessibility › should have proper ARIA attributes 

    Error: Cannot find module '/Users/nuno-peakros/Documents/Peakros OS/namedrop/playwright.config.ts'
    Require stack:
    - /Users/nuno-peakros/Documents/Peakros OS/namedrop/node_modules/playwright/lib/transform/transform.js
    - /Users/nuno-peakros/Documents/Peakros OS/namedrop/node_modules/playwright/lib/common/configLoader.js
    - /Users/nuno-peakros/Documents/Peakros OS/namedrop/node_modules/playwright/lib/worker/workerMain.js
    - /Users/nuno-peakros/Documents/Peakros OS/namedrop/node_modules/playwright/lib/common/process.js
]]>
</failure>
</testcase>
<testcase name="Accessibility › should have proper form labels" classname="accessibility.spec.ts" time="0">
<failure message="accessibility.spec.ts:83:7 should have proper form labels" type="FAILURE">
<![CDATA[  [Mobile Chrome] › accessibility.spec.ts:83:7 › Accessibility › should have proper form labels ────

    Error: Cannot find module '/Users/nuno-peakros/Documents/Peakros OS/namedrop/playwright.config.ts'
    Require stack:
    - /Users/nuno-peakros/Documents/Peakros OS/namedrop/node_modules/playwright/lib/transform/transform.js
    - /Users/nuno-peakros/Documents/Peakros OS/namedrop/node_modules/playwright/lib/common/configLoader.js
    - /Users/nuno-peakros/Documents/Peakros OS/namedrop/node_modules/playwright/lib/worker/workerMain.js
    - /Users/nuno-peakros/Documents/Peakros OS/namedrop/node_modules/playwright/lib/common/process.js
]]>
</failure>
</testcase>
<testcase name="Accessibility › should have proper color contrast" classname="accessibility.spec.ts" time="0">
<failure message="accessibility.spec.ts:101:7 should have proper color contrast" type="FAILURE">
<![CDATA[  [Mobile Chrome] › accessibility.spec.ts:101:7 › Accessibility › should have proper color contrast 

    Error: Cannot find module '/Users/nuno-peakros/Documents/Peakros OS/namedrop/playwright.config.ts'
    Require stack:
    - /Users/nuno-peakros/Documents/Peakros OS/namedrop/node_modules/playwright/lib/transform/transform.js
    - /Users/nuno-peakros/Documents/Peakros OS/namedrop/node_modules/playwright/lib/common/configLoader.js
    - /Users/nuno-peakros/Documents/Peakros OS/namedrop/node_modules/playwright/lib/worker/workerMain.js
    - /Users/nuno-peakros/Documents/Peakros OS/namedrop/node_modules/playwright/lib/common/process.js
]]>
</failure>
</testcase>
<testcase name="Accessibility › should handle screen reader announcements" classname="accessibility.spec.ts" time="0">
<failure message="accessibility.spec.ts:120:7 should handle screen reader announcements" type="FAILURE">
<![CDATA[  [Mobile Chrome] › accessibility.spec.ts:120:7 › Accessibility › should handle screen reader announcements 

    Error: Cannot find module '/Users/nuno-peakros/Documents/Peakros OS/namedrop/playwright.config.ts'
    Require stack:
    - /Users/nuno-peakros/Documents/Peakros OS/namedrop/node_modules/playwright/lib/transform/transform.js
    - /Users/nuno-peakros/Documents/Peakros OS/namedrop/node_modules/playwright/lib/common/configLoader.js
    - /Users/nuno-peakros/Documents/Peakros OS/namedrop/node_modules/playwright/lib/worker/workerMain.js
    - /Users/nuno-peakros/Documents/Peakros OS/namedrop/node_modules/playwright/lib/common/process.js
]]>
</failure>
</testcase>
<testcase name="Accessibility › should have proper table structure" classname="accessibility.spec.ts" time="0">
<failure message="accessibility.spec.ts:130:7 should have proper table structure" type="FAILURE">
<![CDATA[  [Mobile Chrome] › accessibility.spec.ts:130:7 › Accessibility › should have proper table structure 

    Error: Cannot find module '/Users/nuno-peakros/Documents/Peakros OS/namedrop/playwright.config.ts'
    Require stack:
    - /Users/nuno-peakros/Documents/Peakros OS/namedrop/node_modules/playwright/lib/transform/transform.js
    - /Users/nuno-peakros/Documents/Peakros OS/namedrop/node_modules/playwright/lib/common/configLoader.js
    - /Users/nuno-peakros/Documents/Peakros OS/namedrop/node_modules/playwright/lib/worker/workerMain.js
    - /Users/nuno-peakros/Documents/Peakros OS/namedrop/node_modules/playwright/lib/common/process.js
]]>
</failure>
</testcase>
<testcase name="Accessibility › should handle modal accessibility" classname="accessibility.spec.ts" time="0">
<failure message="accessibility.spec.ts:151:7 should handle modal accessibility" type="FAILURE">
<![CDATA[  [Mobile Chrome] › accessibility.spec.ts:151:7 › Accessibility › should handle modal accessibility 

    Error: Cannot find module '/Users/nuno-peakros/Documents/Peakros OS/namedrop/playwright.config.ts'
    Require stack:
    - /Users/nuno-peakros/Documents/Peakros OS/namedrop/node_modules/playwright/lib/transform/transform.js
    - /Users/nuno-peakros/Documents/Peakros OS/namedrop/node_modules/playwright/lib/common/configLoader.js
    - /Users/nuno-peakros/Documents/Peakros OS/namedrop/node_modules/playwright/lib/worker/workerMain.js
    - /Users/nuno-peakros/Documents/Peakros OS/namedrop/node_modules/playwright/lib/common/process.js
]]>
</failure>
</testcase>
<testcase name="Accessibility › should have proper error handling" classname="accessibility.spec.ts" time="0">
<failure message="accessibility.spec.ts:167:7 should have proper error handling" type="FAILURE">
<![CDATA[  [Mobile Chrome] › accessibility.spec.ts:167:7 › Accessibility › should have proper error handling 

    Error: Cannot find module '/Users/nuno-peakros/Documents/Peakros OS/namedrop/playwright.config.ts'
    Require stack:
    - /Users/nuno-peakros/Documents/Peakros OS/namedrop/node_modules/playwright/lib/transform/transform.js
    - /Users/nuno-peakros/Documents/Peakros OS/namedrop/node_modules/playwright/lib/common/configLoader.js
    - /Users/nuno-peakros/Documents/Peakros OS/namedrop/node_modules/playwright/lib/worker/workerMain.js
    - /Users/nuno-peakros/Documents/Peakros OS/namedrop/node_modules/playwright/lib/common/process.js
]]>
</failure>
</testcase>
<testcase name="Accessibility › should be responsive and accessible on mobile" classname="accessibility.spec.ts" time="0">
<failure message="accessibility.spec.ts:182:7 should be responsive and accessible on mobile" type="FAILURE">
<![CDATA[  [Mobile Chrome] › accessibility.spec.ts:182:7 › Accessibility › should be responsive and accessible on mobile 

    Error: Cannot find module '/Users/nuno-peakros/Documents/Peakros OS/namedrop/playwright.config.ts'
    Require stack:
    - /Users/nuno-peakros/Documents/Peakros OS/namedrop/node_modules/playwright/lib/transform/transform.js
    - /Users/nuno-peakros/Documents/Peakros OS/namedrop/node_modules/playwright/lib/common/configLoader.js
    - /Users/nuno-peakros/Documents/Peakros OS/namedrop/node_modules/playwright/lib/worker/workerMain.js
    - /Users/nuno-peakros/Documents/Peakros OS/namedrop/node_modules/playwright/lib/common/process.js
]]>
</failure>
</testcase>
<testcase name="Accessibility › should handle high contrast mode" classname="accessibility.spec.ts" time="0">
<failure message="accessibility.spec.ts:197:7 should handle high contrast mode" type="FAILURE">
<![CDATA[  [Mobile Chrome] › accessibility.spec.ts:197:7 › Accessibility › should handle high contrast mode ─

    Error: Cannot find module '/Users/nuno-peakros/Documents/Peakros OS/namedrop/playwright.config.ts'
    Require stack:
    - /Users/nuno-peakros/Documents/Peakros OS/namedrop/node_modules/playwright/lib/transform/transform.js
    - /Users/nuno-peakros/Documents/Peakros OS/namedrop/node_modules/playwright/lib/common/configLoader.js
    - /Users/nuno-peakros/Documents/Peakros OS/namedrop/node_modules/playwright/lib/worker/workerMain.js
    - /Users/nuno-peakros/Documents/Peakros OS/namedrop/node_modules/playwright/lib/common/process.js
]]>
</failure>
</testcase>
<testcase name="Accessibility › should have proper skip links" classname="accessibility.spec.ts" time="0">
<failure message="accessibility.spec.ts:217:7 should have proper skip links" type="FAILURE">
<![CDATA[  [Mobile Chrome] › accessibility.spec.ts:217:7 › Accessibility › should have proper skip links ────

    Error: Cannot find module '/Users/nuno-peakros/Documents/Peakros OS/namedrop/playwright.config.ts'
    Require stack:
    - /Users/nuno-peakros/Documents/Peakros OS/namedrop/node_modules/playwright/lib/transform/transform.js
    - /Users/nuno-peakros/Documents/Peakros OS/namedrop/node_modules/playwright/lib/common/configLoader.js
    - /Users/nuno-peakros/Documents/Peakros OS/namedrop/node_modules/playwright/lib/worker/workerMain.js
    - /Users/nuno-peakros/Documents/Peakros OS/namedrop/node_modules/playwright/lib/common/process.js
]]>
</failure>
</testcase>
<testcase name="Accessibility › should handle reduced motion preferences" classname="accessibility.spec.ts" time="0">
<failure message="accessibility.spec.ts:233:7 should handle reduced motion preferences" type="FAILURE">
<![CDATA[  [Mobile Chrome] › accessibility.spec.ts:233:7 › Accessibility › should handle reduced motion preferences 

    Error: Cannot find module '/Users/nuno-peakros/Documents/Peakros OS/namedrop/playwright.config.ts'
    Require stack:
    - /Users/nuno-peakros/Documents/Peakros OS/namedrop/node_modules/playwright/lib/transform/transform.js
    - /Users/nuno-peakros/Documents/Peakros OS/namedrop/node_modules/playwright/lib/common/configLoader.js
    - /Users/nuno-peakros/Documents/Peakros OS/namedrop/node_modules/playwright/lib/worker/workerMain.js
    - /Users/nuno-peakros/Documents/Peakros OS/namedrop/node_modules/playwright/lib/common/process.js
]]>
</failure>
</testcase>
<testcase name="Accessibility › should have proper language attributes" classname="accessibility.spec.ts" time="0">
<failure message="accessibility.spec.ts:255:7 should have proper language attributes" type="FAILURE">
<![CDATA[  [Mobile Chrome] › accessibility.spec.ts:255:7 › Accessibility › should have proper language attributes 

    Error: Cannot find module '/Users/nuno-peakros/Documents/Peakros OS/namedrop/playwright.config.ts'
    Require stack:
    - /Users/nuno-peakros/Documents/Peakros OS/namedrop/node_modules/playwright/lib/transform/transform.js
    - /Users/nuno-peakros/Documents/Peakros OS/namedrop/node_modules/playwright/lib/common/configLoader.js
    - /Users/nuno-peakros/Documents/Peakros OS/namedrop/node_modules/playwright/lib/worker/workerMain.js
    - /Users/nuno-peakros/Documents/Peakros OS/namedrop/node_modules/playwright/lib/common/process.js
]]>
</failure>
</testcase>
<testcase name="Accessibility › should handle zoom up to 200%" classname="accessibility.spec.ts" time="0">
<failure message="accessibility.spec.ts:267:7 should handle zoom up to 200%" type="FAILURE">
<![CDATA[  [Mobile Chrome] › accessibility.spec.ts:267:7 › Accessibility › should handle zoom up to 200% ────

    Error: Cannot find module '/Users/nuno-peakros/Documents/Peakros OS/namedrop/playwright.config.ts'
    Require stack:
    - /Users/nuno-peakros/Documents/Peakros OS/namedrop/node_modules/playwright/lib/transform/transform.js
    - /Users/nuno-peakros/Documents/Peakros OS/namedrop/node_modules/playwright/lib/common/configLoader.js
    - /Users/nuno-peakros/Documents/Peakros OS/namedrop/node_modules/playwright/lib/worker/workerMain.js
    - /Users/nuno-peakros/Documents/Peakros OS/namedrop/node_modules/playwright/lib/common/process.js
]]>
</failure>
</testcase>
</testsuite>
<testsuite name="auth-flow.spec.ts" timestamp="2025-10-02T17:03:39.228Z" hostname="Mobile Chrome" tests="14" failures="14" skipped="0" time="0" errors="0">
<testcase name="Authentication Flow › should display login form correctly" classname="auth-flow.spec.ts" time="0">
<failure message="auth-flow.spec.ts:21:7 should display login form correctly" type="FAILURE">
<![CDATA[  [Mobile Chrome] › auth-flow.spec.ts:21:7 › Authentication Flow › should display login form correctly 

    Error: Cannot find module '/Users/nuno-peakros/Documents/Peakros OS/namedrop/playwright.config.ts'
    Require stack:
    - /Users/nuno-peakros/Documents/Peakros OS/namedrop/node_modules/playwright/lib/transform/transform.js
    - /Users/nuno-peakros/Documents/Peakros OS/namedrop/node_modules/playwright/lib/common/configLoader.js
    - /Users/nuno-peakros/Documents/Peakros OS/namedrop/node_modules/playwright/lib/worker/workerMain.js
    - /Users/nuno-peakros/Documents/Peakros OS/namedrop/node_modules/playwright/lib/common/process.js
]]>
</failure>
</testcase>
<testcase name="Authentication Flow › should show validation errors for invalid input" classname="auth-flow.spec.ts" time="0">
<failure message="auth-flow.spec.ts:34:7 should show validation errors for invalid input" type="FAILURE">
<![CDATA[  [Mobile Chrome] › auth-flow.spec.ts:34:7 › Authentication Flow › should show validation errors for invalid input 

    Error: Cannot find module '/Users/nuno-peakros/Documents/Peakros OS/namedrop/playwright.config.ts'
    Require stack:
    - /Users/nuno-peakros/Documents/Peakros OS/namedrop/node_modules/playwright/lib/transform/transform.js
    - /Users/nuno-peakros/Documents/Peakros OS/namedrop/node_modules/playwright/lib/common/configLoader.js
    - /Users/nuno-peakros/Documents/Peakros OS/namedrop/node_modules/playwright/lib/worker/workerMain.js
    - /Users/nuno-peakros/Documents/Peakros OS/namedrop/node_modules/playwright/lib/common/process.js
]]>
</failure>
</testcase>
<testcase name="Authentication Flow › should handle login with invalid credentials" classname="auth-flow.spec.ts" time="0">
<failure message="auth-flow.spec.ts:45:7 should handle login with invalid credentials" type="FAILURE">
<![CDATA[  [Mobile Chrome] › auth-flow.spec.ts:45:7 › Authentication Flow › should handle login with invalid credentials 

    Error: Cannot find module '/Users/nuno-peakros/Documents/Peakros OS/namedrop/playwright.config.ts'
    Require stack:
    - /Users/nuno-peakros/Documents/Peakros OS/namedrop/node_modules/playwright/lib/transform/transform.js
    - /Users/nuno-peakros/Documents/Peakros OS/namedrop/node_modules/playwright/lib/common/configLoader.js
    - /Users/nuno-peakros/Documents/Peakros OS/namedrop/node_modules/playwright/lib/worker/workerMain.js
    - /Users/nuno-peakros/Documents/Peakros OS/namedrop/node_modules/playwright/lib/common/process.js
]]>
</failure>
</testcase>
<testcase name="Authentication Flow › should handle successful login" classname="auth-flow.spec.ts" time="0">
<failure message="auth-flow.spec.ts:70:7 should handle successful login" type="FAILURE">
<![CDATA[  [Mobile Chrome] › auth-flow.spec.ts:70:7 › Authentication Flow › should handle successful login ──

    Error: Cannot find module '/Users/nuno-peakros/Documents/Peakros OS/namedrop/playwright.config.ts'
    Require stack:
    - /Users/nuno-peakros/Documents/Peakros OS/namedrop/node_modules/playwright/lib/transform/transform.js
    - /Users/nuno-peakros/Documents/Peakros OS/namedrop/node_modules/playwright/lib/common/configLoader.js
    - /Users/nuno-peakros/Documents/Peakros OS/namedrop/node_modules/playwright/lib/worker/workerMain.js
    - /Users/nuno-peakros/Documents/Peakros OS/namedrop/node_modules/playwright/lib/common/process.js
]]>
</failure>
</testcase>
<testcase name="Authentication Flow › should handle rate limiting" classname="auth-flow.spec.ts" time="0">
<failure message="auth-flow.spec.ts:107:7 should handle rate limiting" type="FAILURE">
<![CDATA[  [Mobile Chrome] › auth-flow.spec.ts:107:7 › Authentication Flow › should handle rate limiting ────

    Error: Cannot find module '/Users/nuno-peakros/Documents/Peakros OS/namedrop/playwright.config.ts'
    Require stack:
    - /Users/nuno-peakros/Documents/Peakros OS/namedrop/node_modules/playwright/lib/transform/transform.js
    - /Users/nuno-peakros/Documents/Peakros OS/namedrop/node_modules/playwright/lib/common/configLoader.js
    - /Users/nuno-peakros/Documents/Peakros OS/namedrop/node_modules/playwright/lib/worker/workerMain.js
    - /Users/nuno-peakros/Documents/Peakros OS/namedrop/node_modules/playwright/lib/common/process.js
]]>
</failure>
</testcase>
<testcase name="Authentication Flow › should navigate to email verification page" classname="auth-flow.spec.ts" time="0">
<failure message="auth-flow.spec.ts:133:7 should navigate to email verification page" type="FAILURE">
<![CDATA[  [Mobile Chrome] › auth-flow.spec.ts:133:7 › Authentication Flow › should navigate to email verification page 

    Error: Cannot find module '/Users/nuno-peakros/Documents/Peakros OS/namedrop/playwright.config.ts'
    Require stack:
    - /Users/nuno-peakros/Documents/Peakros OS/namedrop/node_modules/playwright/lib/transform/transform.js
    - /Users/nuno-peakros/Documents/Peakros OS/namedrop/node_modules/playwright/lib/common/configLoader.js
    - /Users/nuno-peakros/Documents/Peakros OS/namedrop/node_modules/playwright/lib/worker/workerMain.js
    - /Users/nuno-peakros/Documents/Peakros OS/namedrop/node_modules/playwright/lib/common/process.js
]]>
</failure>
</testcase>
<testcase name="Authentication Flow › should handle email verification" classname="auth-flow.spec.ts" time="0">
<failure message="auth-flow.spec.ts:145:7 should handle email verification" type="FAILURE">
<![CDATA[  [Mobile Chrome] › auth-flow.spec.ts:145:7 › Authentication Flow › should handle email verification 

    Error: Cannot find module '/Users/nuno-peakros/Documents/Peakros OS/namedrop/playwright.config.ts'
    Require stack:
    - /Users/nuno-peakros/Documents/Peakros OS/namedrop/node_modules/playwright/lib/transform/transform.js
    - /Users/nuno-peakros/Documents/Peakros OS/namedrop/node_modules/playwright/lib/common/configLoader.js
    - /Users/nuno-peakros/Documents/Peakros OS/namedrop/node_modules/playwright/lib/worker/workerMain.js
    - /Users/nuno-peakros/Documents/Peakros OS/namedrop/node_modules/playwright/lib/common/process.js
]]>
</failure>
</testcase>
<testcase name="Authentication Flow › should handle password reset flow" classname="auth-flow.spec.ts" time="0">
<failure message="auth-flow.spec.ts:174:7 should handle password reset flow" type="FAILURE">
<![CDATA[  [Mobile Chrome] › auth-flow.spec.ts:174:7 › Authentication Flow › should handle password reset flow 

    Error: Cannot find module '/Users/nuno-peakros/Documents/Peakros OS/namedrop/playwright.config.ts'
    Require stack:
    - /Users/nuno-peakros/Documents/Peakros OS/namedrop/node_modules/playwright/lib/transform/transform.js
    - /Users/nuno-peakros/Documents/Peakros OS/namedrop/node_modules/playwright/lib/common/configLoader.js
    - /Users/nuno-peakros/Documents/Peakros OS/namedrop/node_modules/playwright/lib/worker/workerMain.js
    - /Users/nuno-peakros/Documents/Peakros OS/namedrop/node_modules/playwright/lib/common/process.js
]]>
</failure>
</testcase>
<testcase name="Authentication Flow › should handle password change flow" classname="auth-flow.spec.ts" time="0">
<failure message="auth-flow.spec.ts:204:7 should handle password change flow" type="FAILURE">
<![CDATA[  [Mobile Chrome] › auth-flow.spec.ts:204:7 › Authentication Flow › should handle password change flow 

    Error: Cannot find module '/Users/nuno-peakros/Documents/Peakros OS/namedrop/playwright.config.ts'
    Require stack:
    - /Users/nuno-peakros/Documents/Peakros OS/namedrop/node_modules/playwright/lib/transform/transform.js
    - /Users/nuno-peakros/Documents/Peakros OS/namedrop/node_modules/playwright/lib/common/configLoader.js
    - /Users/nuno-peakros/Documents/Peakros OS/namedrop/node_modules/playwright/lib/worker/workerMain.js
    - /Users/nuno-peakros/Documents/Peakros OS/namedrop/node_modules/playwright/lib/common/process.js
]]>
</failure>
</testcase>
<testcase name="Authentication Flow › should validate password confirmation" classname="auth-flow.spec.ts" time="0">
<failure message="auth-flow.spec.ts:237:7 should validate password confirmation" type="FAILURE">
<![CDATA[  [Mobile Chrome] › auth-flow.spec.ts:237:7 › Authentication Flow › should validate password confirmation 

    Error: Cannot find module '/Users/nuno-peakros/Documents/Peakros OS/namedrop/playwright.config.ts'
    Require stack:
    - /Users/nuno-peakros/Documents/Peakros OS/namedrop/node_modules/playwright/lib/transform/transform.js
    - /Users/nuno-peakros/Documents/Peakros OS/namedrop/node_modules/playwright/lib/common/configLoader.js
    - /Users/nuno-peakros/Documents/Peakros OS/namedrop/node_modules/playwright/lib/worker/workerMain.js
    - /Users/nuno-peakros/Documents/Peakros OS/namedrop/node_modules/playwright/lib/common/process.js
]]>
</failure>
</testcase>
<testcase name="Authentication Flow › should handle logout" classname="auth-flow.spec.ts" time="0">
<failure message="auth-flow.spec.ts:251:7 should handle logout" type="FAILURE">
<![CDATA[  [Mobile Chrome] › auth-flow.spec.ts:251:7 › Authentication Flow › should handle logout ───────────

    Error: Cannot find module '/Users/nuno-peakros/Documents/Peakros OS/namedrop/playwright.config.ts'
    Require stack:
    - /Users/nuno-peakros/Documents/Peakros OS/namedrop/node_modules/playwright/lib/transform/transform.js
    - /Users/nuno-peakros/Documents/Peakros OS/namedrop/node_modules/playwright/lib/common/configLoader.js
    - /Users/nuno-peakros/Documents/Peakros OS/namedrop/node_modules/playwright/lib/worker/workerMain.js
    - /Users/nuno-peakros/Documents/Peakros OS/namedrop/node_modules/playwright/lib/common/process.js
]]>
</failure>
</testcase>
<testcase name="Authentication Flow › should handle network errors gracefully" classname="auth-flow.spec.ts" time="0">
<failure message="auth-flow.spec.ts:306:7 should handle network errors gracefully" type="FAILURE">
<![CDATA[  [Mobile Chrome] › auth-flow.spec.ts:306:7 › Authentication Flow › should handle network errors gracefully 

    Error: Cannot find module '/Users/nuno-peakros/Documents/Peakros OS/namedrop/playwright.config.ts'
    Require stack:
    - /Users/nuno-peakros/Documents/Peakros OS/namedrop/node_modules/playwright/lib/transform/transform.js
    - /Users/nuno-peakros/Documents/Peakros OS/namedrop/node_modules/playwright/lib/common/configLoader.js
    - /Users/nuno-peakros/Documents/Peakros OS/namedrop/node_modules/playwright/lib/worker/workerMain.js
    - /Users/nuno-peakros/Documents/Peakros OS/namedrop/node_modules/playwright/lib/common/process.js
]]>
</failure>
</testcase>
<testcase name="Authentication Flow › should be responsive on mobile devices" classname="auth-flow.spec.ts" time="0">
<failure message="auth-flow.spec.ts:321:7 should be responsive on mobile devices" type="FAILURE">
<![CDATA[  [Mobile Chrome] › auth-flow.spec.ts:321:7 › Authentication Flow › should be responsive on mobile devices 

    Error: Cannot find module '/Users/nuno-peakros/Documents/Peakros OS/namedrop/playwright.config.ts'
    Require stack:
    - /Users/nuno-peakros/Documents/Peakros OS/namedrop/node_modules/playwright/lib/transform/transform.js
    - /Users/nuno-peakros/Documents/Peakros OS/namedrop/node_modules/playwright/lib/common/configLoader.js
    - /Users/nuno-peakros/Documents/Peakros OS/namedrop/node_modules/playwright/lib/worker/workerMain.js
    - /Users/nuno-peakros/Documents/Peakros OS/namedrop/node_modules/playwright/lib/common/process.js
]]>
</failure>
</testcase>
<testcase name="Authentication Flow › should have proper accessibility attributes" classname="auth-flow.spec.ts" time="0">
<failure message="auth-flow.spec.ts:340:7 should have proper accessibility attributes" type="FAILURE">
<![CDATA[  [Mobile Chrome] › auth-flow.spec.ts:340:7 › Authentication Flow › should have proper accessibility attributes 

    Error: Cannot find module '/Users/nuno-peakros/Documents/Peakros OS/namedrop/playwright.config.ts'
    Require stack:
    - /Users/nuno-peakros/Documents/Peakros OS/namedrop/node_modules/playwright/lib/transform/transform.js
    - /Users/nuno-peakros/Documents/Peakros OS/namedrop/node_modules/playwright/lib/common/configLoader.js
    - /Users/nuno-peakros/Documents/Peakros OS/namedrop/node_modules/playwright/lib/worker/workerMain.js
    - /Users/nuno-peakros/Documents/Peakros OS/namedrop/node_modules/playwright/lib/common/process.js
]]>
</failure>
</testcase>
</testsuite>
<testsuite name="performance-monitoring.spec.ts" timestamp="2025-10-02T17:03:39.228Z" hostname="Mobile Chrome" tests="14" failures="14" skipped="0" time="0" errors="0">
<testcase name="Performance Monitoring › should display performance metrics" classname="performance-monitoring.spec.ts" time="0">
<failure message="performance-monitoring.spec.ts:19:7 should display performance metrics" type="FAILURE">
<![CDATA[  [Mobile Chrome] › performance-monitoring.spec.ts:19:7 › Performance Monitoring › should display performance metrics 

    Error: Cannot find module '/Users/nuno-peakros/Documents/Peakros OS/namedrop/playwright.config.ts'
    Require stack:
    - /Users/nuno-peakros/Documents/Peakros OS/namedrop/node_modules/playwright/lib/transform/transform.js
    - /Users/nuno-peakros/Documents/Peakros OS/namedrop/node_modules/playwright/lib/common/configLoader.js
    - /Users/nuno-peakros/Documents/Peakros OS/namedrop/node_modules/playwright/lib/worker/workerMain.js
    - /Users/nuno-peakros/Documents/Peakros OS/namedrop/node_modules/playwright/lib/common/process.js
]]>
</failure>
</testcase>
<testcase name="Performance Monitoring › should display performance tips" classname="performance-monitoring.spec.ts" time="0">
<failure message="performance-monitoring.spec.ts:26:7 should display performance tips" type="FAILURE">
<![CDATA[  [Mobile Chrome] › performance-monitoring.spec.ts:26:7 › Performance Monitoring › should display performance tips 

    Error: Cannot find module '/Users/nuno-peakros/Documents/Peakros OS/namedrop/playwright.config.ts'
    Require stack:
    - /Users/nuno-peakros/Documents/Peakros OS/namedrop/node_modules/playwright/lib/transform/transform.js
    - /Users/nuno-peakros/Documents/Peakros OS/namedrop/node_modules/playwright/lib/common/configLoader.js
    - /Users/nuno-peakros/Documents/Peakros OS/namedrop/node_modules/playwright/lib/worker/workerMain.js
    - /Users/nuno-peakros/Documents/Peakros OS/namedrop/node_modules/playwright/lib/common/process.js
]]>
</failure>
</testcase>
<testcase name="Performance Monitoring › should display performance standards" classname="performance-monitoring.spec.ts" time="0">
<failure message="performance-monitoring.spec.ts:35:7 should display performance standards" type="FAILURE">
<![CDATA[  [Mobile Chrome] › performance-monitoring.spec.ts:35:7 › Performance Monitoring › should display performance standards 

    Error: Cannot find module '/Users/nuno-peakros/Documents/Peakros OS/namedrop/playwright.config.ts'
    Require stack:
    - /Users/nuno-peakros/Documents/Peakros OS/namedrop/node_modules/playwright/lib/transform/transform.js
    - /Users/nuno-peakros/Documents/Peakros OS/namedrop/node_modules/playwright/lib/common/configLoader.js
    - /Users/nuno-peakros/Documents/Peakros OS/namedrop/node_modules/playwright/lib/worker/workerMain.js
    - /Users/nuno-peakros/Documents/Peakros OS/namedrop/node_modules/playwright/lib/common/process.js
]]>
</failure>
</testcase>
<testcase name="Performance Monitoring › should show refresh button" classname="performance-monitoring.spec.ts" time="0">
<failure message="performance-monitoring.spec.ts:44:7 should show refresh button" type="FAILURE">
<![CDATA[  [Mobile Chrome] › performance-monitoring.spec.ts:44:7 › Performance Monitoring › should show refresh button 

    Error: Cannot find module '/Users/nuno-peakros/Documents/Peakros OS/namedrop/playwright.config.ts'
    Require stack:
    - /Users/nuno-peakros/Documents/Peakros OS/namedrop/node_modules/playwright/lib/transform/transform.js
    - /Users/nuno-peakros/Documents/Peakros OS/namedrop/node_modules/playwright/lib/common/configLoader.js
    - /Users/nuno-peakros/Documents/Peakros OS/namedrop/node_modules/playwright/lib/worker/workerMain.js
    - /Users/nuno-peakros/Documents/Peakros OS/namedrop/node_modules/playwright/lib/common/process.js
]]>
</failure>
</testcase>
<testcase name="Performance Monitoring › should refresh metrics when button is clicked" classname="performance-monitoring.spec.ts" time="0">
<failure message="performance-monitoring.spec.ts:49:7 should refresh metrics when button is clicked" type="FAILURE">
<![CDATA[  [Mobile Chrome] › performance-monitoring.spec.ts:49:7 › Performance Monitoring › should refresh metrics when button is clicked 

    Error: Cannot find module '/Users/nuno-peakros/Documents/Peakros OS/namedrop/playwright.config.ts'
    Require stack:
    - /Users/nuno-peakros/Documents/Peakros OS/namedrop/node_modules/playwright/lib/transform/transform.js
    - /Users/nuno-peakros/Documents/Peakros OS/namedrop/node_modules/playwright/lib/common/configLoader.js
    - /Users/nuno-peakros/Documents/Peakros OS/namedrop/node_modules/playwright/lib/worker/workerMain.js
    - /Users/nuno-peakros/Documents/Peakros OS/namedrop/node_modules/playwright/lib/common/process.js
]]>
</failure>
</testcase>
<testcase name="Performance Monitoring › should display performance score" classname="performance-monitoring.spec.ts" time="0">
<failure message="performance-monitoring.spec.ts:60:7 should display performance score" type="FAILURE">
<![CDATA[  [Mobile Chrome] › performance-monitoring.spec.ts:60:7 › Performance Monitoring › should display performance score 

    Error: Cannot find module '/Users/nuno-peakros/Documents/Peakros OS/namedrop/playwright.config.ts'
    Require stack:
    - /Users/nuno-peakros/Documents/Peakros OS/namedrop/node_modules/playwright/lib/transform/transform.js
    - /Users/nuno-peakros/Documents/Peakros OS/namedrop/node_modules/playwright/lib/common/configLoader.js
    - /Users/nuno-peakros/Documents/Peakros OS/namedrop/node_modules/playwright/lib/worker/workerMain.js
    - /Users/nuno-peakros/Documents/Peakros OS/namedrop/node_modules/playwright/lib/common/process.js
]]>
</failure>
</testcase>
<testcase name="Performance Monitoring › should display bundle size information" classname="performance-monitoring.spec.ts" time="0">
<failure message="performance-monitoring.spec.ts:69:7 should display bundle size information" type="FAILURE">
<![CDATA[  [Mobile Chrome] › performance-monitoring.spec.ts:69:7 › Performance Monitoring › should display bundle size information 

    Error: Cannot find module '/Users/nuno-peakros/Documents/Peakros OS/namedrop/playwright.config.ts'
    Require stack:
    - /Users/nuno-peakros/Documents/Peakros OS/namedrop/node_modules/playwright/lib/transform/transform.js
    - /Users/nuno-peakros/Documents/Peakros OS/namedrop/node_modules/playwright/lib/common/configLoader.js
    - /Users/nuno-peakros/Documents/Peakros OS/namedrop/node_modules/playwright/lib/worker/workerMain.js
    - /Users/nuno-peakros/Documents/Peakros OS/namedrop/node_modules/playwright/lib/common/process.js
]]>
</failure>
</testcase>
<testcase name="Performance Monitoring › should handle unsupported environment gracefully" classname="performance-monitoring.spec.ts" time="0">
<failure message="performance-monitoring.spec.ts:76:7 should handle unsupported environment gracefully" type="FAILURE">
<![CDATA[  [Mobile Chrome] › performance-monitoring.spec.ts:76:7 › Performance Monitoring › should handle unsupported environment gracefully 

    Error: Cannot find module '/Users/nuno-peakros/Documents/Peakros OS/namedrop/playwright.config.ts'
    Require stack:
    - /Users/nuno-peakros/Documents/Peakros OS/namedrop/node_modules/playwright/lib/transform/transform.js
    - /Users/nuno-peakros/Documents/Peakros OS/namedrop/node_modules/playwright/lib/common/configLoader.js
    - /Users/nuno-peakros/Documents/Peakros OS/namedrop/node_modules/playwright/lib/worker/workerMain.js
    - /Users/nuno-peakros/Documents/Peakros OS/namedrop/node_modules/playwright/lib/common/process.js
]]>
</failure>
</testcase>
<testcase name="Performance Monitoring › should update metrics in real-time" classname="performance-monitoring.spec.ts" time="0">
<failure message="performance-monitoring.spec.ts:92:7 should update metrics in real-time" type="FAILURE">
<![CDATA[  [Mobile Chrome] › performance-monitoring.spec.ts:92:7 › Performance Monitoring › should update metrics in real-time 

    Error: Cannot find module '/Users/nuno-peakros/Documents/Peakros OS/namedrop/playwright.config.ts'
    Require stack:
    - /Users/nuno-peakros/Documents/Peakros OS/namedrop/node_modules/playwright/lib/transform/transform.js
    - /Users/nuno-peakros/Documents/Peakros OS/namedrop/node_modules/playwright/lib/common/configLoader.js
    - /Users/nuno-peakros/Documents/Peakros OS/namedrop/node_modules/playwright/lib/worker/workerMain.js
    - /Users/nuno-peakros/Documents/Peakros OS/namedrop/node_modules/playwright/lib/common/process.js
]]>
</failure>
</testcase>
<testcase name="Performance Monitoring › should display performance recommendations" classname="performance-monitoring.spec.ts" time="0">
<failure message="performance-monitoring.spec.ts:106:7 should display performance recommendations" type="FAILURE">
<![CDATA[  [Mobile Chrome] › performance-monitoring.spec.ts:106:7 › Performance Monitoring › should display performance recommendations 

    Error: Cannot find module '/Users/nuno-peakros/Documents/Peakros OS/namedrop/playwright.config.ts'
    Require stack:
    - /Users/nuno-peakros/Documents/Peakros OS/namedrop/node_modules/playwright/lib/transform/transform.js
    - /Users/nuno-peakros/Documents/Peakros OS/namedrop/node_modules/playwright/lib/common/configLoader.js
    - /Users/nuno-peakros/Documents/Peakros OS/namedrop/node_modules/playwright/lib/worker/workerMain.js
    - /Users/nuno-peakros/Documents/Peakros OS/namedrop/node_modules/playwright/lib/common/process.js
]]>
</failure>
</testcase>
<testcase name="Performance Monitoring › should show performance thresholds" classname="performance-monitoring.spec.ts" time="0">
<failure message="performance-monitoring.spec.ts:123:7 should show performance thresholds" type="FAILURE">
<![CDATA[  [Mobile Chrome] › performance-monitoring.spec.ts:123:7 › Performance Monitoring › should show performance thresholds 

    Error: Cannot find module '/Users/nuno-peakros/Documents/Peakros OS/namedrop/playwright.config.ts'
    Require stack:
    - /Users/nuno-peakros/Documents/Peakros OS/namedrop/node_modules/playwright/lib/transform/transform.js
    - /Users/nuno-peakros/Documents/Peakros OS/namedrop/node_modules/playwright/lib/common/configLoader.js
    - /Users/nuno-peakros/Documents/Peakros OS/namedrop/node_modules/playwright/lib/worker/workerMain.js
    - /Users/nuno-peakros/Documents/Peakros OS/namedrop/node_modules/playwright/lib/common/process.js
]]>
</failure>
</testcase>
<testcase name="Performance Monitoring › should be responsive on mobile" classname="performance-monitoring.spec.ts" time="0">
<failure message="performance-monitoring.spec.ts:131:7 should be responsive on mobile" type="FAILURE">
<![CDATA[  [Mobile Chrome] › performance-monitoring.spec.ts:131:7 › Performance Monitoring › should be responsive on mobile 

    Error: Cannot find module '/Users/nuno-peakros/Documents/Peakros OS/namedrop/playwright.config.ts'
    Require stack:
    - /Users/nuno-peakros/Documents/Peakros OS/namedrop/node_modules/playwright/lib/transform/transform.js
    - /Users/nuno-peakros/Documents/Peakros OS/namedrop/node_modules/playwright/lib/common/configLoader.js
    - /Users/nuno-peakros/Documents/Peakros OS/namedrop/node_modules/playwright/lib/worker/workerMain.js
    - /Users/nuno-peakros/Documents/Peakros OS/namedrop/node_modules/playwright/lib/common/process.js
]]>
</failure>
</testcase>
<testcase name="Performance Monitoring › should be responsive on tablet" classname="performance-monitoring.spec.ts" time="0">
<failure message="performance-monitoring.spec.ts:141:7 should be responsive on tablet" type="FAILURE">
<![CDATA[  [Mobile Chrome] › performance-monitoring.spec.ts:141:7 › Performance Monitoring › should be responsive on tablet 

    Error: Cannot find module '/Users/nuno-peakros/Documents/Peakros OS/namedrop/playwright.config.ts'
    Require stack:
    - /Users/nuno-peakros/Documents/Peakros OS/namedrop/node_modules/playwright/lib/transform/transform.js
    - /Users/nuno-peakros/Documents/Peakros OS/namedrop/node_modules/playwright/lib/common/configLoader.js
    - /Users/nuno-peakros/Documents/Peakros OS/namedrop/node_modules/playwright/lib/worker/workerMain.js
    - /Users/nuno-peakros/Documents/Peakros OS/namedrop/node_modules/playwright/lib/common/process.js
]]>
</failure>
</testcase>
<testcase name="Performance Monitoring › should be accessible" classname="performance-monitoring.spec.ts" time="0">
<failure message="performance-monitoring.spec.ts:151:7 should be accessible" type="FAILURE">
<![CDATA[  [Mobile Chrome] › performance-monitoring.spec.ts:151:7 › Performance Monitoring › should be accessible 

    Error: Cannot find module '/Users/nuno-peakros/Documents/Peakros OS/namedrop/playwright.config.ts'
    Require stack:
    - /Users/nuno-peakros/Documents/Peakros OS/namedrop/node_modules/playwright/lib/transform/transform.js
    - /Users/nuno-peakros/Documents/Peakros OS/namedrop/node_modules/playwright/lib/common/configLoader.js
    - /Users/nuno-peakros/Documents/Peakros OS/namedrop/node_modules/playwright/lib/worker/workerMain.js
    - /Users/nuno-peakros/Documents/Peakros OS/namedrop/node_modules/playwright/lib/common/process.js
]]>
</failure>
</testcase>
</testsuite>
<testsuite name="security.spec.ts" timestamp="2025-10-02T17:03:39.228Z" hostname="Mobile Chrome" tests="20" failures="20" skipped="0" time="0" errors="0">
<testcase name="Security › should prevent SQL injection in login form" classname="security.spec.ts" time="0">
<failure message="security.spec.ts:23:7 should prevent SQL injection in login form" type="FAILURE">
<![CDATA[  [Mobile Chrome] › security.spec.ts:23:7 › Security › should prevent SQL injection in login form ──

    Error: Cannot find module '/Users/nuno-peakros/Documents/Peakros OS/namedrop/playwright.config.ts'
    Require stack:
    - /Users/nuno-peakros/Documents/Peakros OS/namedrop/node_modules/playwright/lib/transform/transform.js
    - /Users/nuno-peakros/Documents/Peakros OS/namedrop/node_modules/playwright/lib/common/configLoader.js
    - /Users/nuno-peakros/Documents/Peakros OS/namedrop/node_modules/playwright/lib/worker/workerMain.js
    - /Users/nuno-peakros/Documents/Peakros OS/namedrop/node_modules/playwright/lib/common/process.js
]]>
</failure>
</testcase>
<testcase name="Security › should prevent XSS in login form" classname="security.spec.ts" time="0">
<failure message="security.spec.ts:34:7 should prevent XSS in login form" type="FAILURE">
<![CDATA[  [Mobile Chrome] › security.spec.ts:34:7 › Security › should prevent XSS in login form ────────────

    Error: Cannot find module '/Users/nuno-peakros/Documents/Peakros OS/namedrop/playwright.config.ts'
    Require stack:
    - /Users/nuno-peakros/Documents/Peakros OS/namedrop/node_modules/playwright/lib/transform/transform.js
    - /Users/nuno-peakros/Documents/Peakros OS/namedrop/node_modules/playwright/lib/common/configLoader.js
    - /Users/nuno-peakros/Documents/Peakros OS/namedrop/node_modules/playwright/lib/worker/workerMain.js
    - /Users/nuno-peakros/Documents/Peakros OS/namedrop/node_modules/playwright/lib/common/process.js
]]>
</failure>
</testcase>
<testcase name="Security › should enforce rate limiting on login attempts" classname="security.spec.ts" time="0">
<failure message="security.spec.ts:48:7 should enforce rate limiting on login attempts" type="FAILURE">
<![CDATA[  [Mobile Chrome] › security.spec.ts:48:7 › Security › should enforce rate limiting on login attempts 

    Error: Cannot find module '/Users/nuno-peakros/Documents/Peakros OS/namedrop/playwright.config.ts'
    Require stack:
    - /Users/nuno-peakros/Documents/Peakros OS/namedrop/node_modules/playwright/lib/transform/transform.js
    - /Users/nuno-peakros/Documents/Peakros OS/namedrop/node_modules/playwright/lib/common/configLoader.js
    - /Users/nuno-peakros/Documents/Peakros OS/namedrop/node_modules/playwright/lib/worker/workerMain.js
    - /Users/nuno-peakros/Documents/Peakros OS/namedrop/node_modules/playwright/lib/common/process.js
]]>
</failure>
</testcase>
<testcase name="Security › should have proper security headers" classname="security.spec.ts" time="0">
<failure message="security.spec.ts:61:7 should have proper security headers" type="FAILURE">
<![CDATA[  [Mobile Chrome] › security.spec.ts:61:7 › Security › should have proper security headers ─────────

    Error: Cannot find module '/Users/nuno-peakros/Documents/Peakros OS/namedrop/playwright.config.ts'
    Require stack:
    - /Users/nuno-peakros/Documents/Peakros OS/namedrop/node_modules/playwright/lib/transform/transform.js
    - /Users/nuno-peakros/Documents/Peakros OS/namedrop/node_modules/playwright/lib/common/configLoader.js
    - /Users/nuno-peakros/Documents/Peakros OS/namedrop/node_modules/playwright/lib/worker/workerMain.js
    - /Users/nuno-peakros/Documents/Peakros OS/namedrop/node_modules/playwright/lib/common/process.js
]]>
</failure>
</testcase>
<testcase name="Security › should prevent CSRF attacks" classname="security.spec.ts" time="0">
<failure message="security.spec.ts:72:7 should prevent CSRF attacks" type="FAILURE">
<![CDATA[  [Mobile Chrome] › security.spec.ts:72:7 › Security › should prevent CSRF attacks ─────────────────

    Error: Cannot find module '/Users/nuno-peakros/Documents/Peakros OS/namedrop/playwright.config.ts'
    Require stack:
    - /Users/nuno-peakros/Documents/Peakros OS/namedrop/node_modules/playwright/lib/transform/transform.js
    - /Users/nuno-peakros/Documents/Peakros OS/namedrop/node_modules/playwright/lib/common/configLoader.js
    - /Users/nuno-peakros/Documents/Peakros OS/namedrop/node_modules/playwright/lib/worker/workerMain.js
    - /Users/nuno-peakros/Documents/Peakros OS/namedrop/node_modules/playwright/lib/common/process.js
]]>
</failure>
</testcase>
<testcase name="Security › should validate file uploads" classname="security.spec.ts" time="0">
<failure message="security.spec.ts:85:7 should validate file uploads" type="FAILURE">
<![CDATA[  [Mobile Chrome] › security.spec.ts:85:7 › Security › should validate file uploads ────────────────

    Error: Cannot find module '/Users/nuno-peakros/Documents/Peakros OS/namedrop/playwright.config.ts'
    Require stack:
    - /Users/nuno-peakros/Documents/Peakros OS/namedrop/node_modules/playwright/lib/transform/transform.js
    - /Users/nuno-peakros/Documents/Peakros OS/namedrop/node_modules/playwright/lib/common/configLoader.js
    - /Users/nuno-peakros/Documents/Peakros OS/namedrop/node_modules/playwright/lib/worker/workerMain.js
    - /Users/nuno-peakros/Documents/Peakros OS/namedrop/node_modules/playwright/lib/common/process.js
]]>
</failure>
</testcase>
<testcase name="Security › should prevent directory traversal" classname="security.spec.ts" time="0">
<failure message="security.spec.ts:107:7 should prevent directory traversal" type="FAILURE">
<![CDATA[  [Mobile Chrome] › security.spec.ts:107:7 › Security › should prevent directory traversal ─────────

    Error: Cannot find module '/Users/nuno-peakros/Documents/Peakros OS/namedrop/playwright.config.ts'
    Require stack:
    - /Users/nuno-peakros/Documents/Peakros OS/namedrop/node_modules/playwright/lib/transform/transform.js
    - /Users/nuno-peakros/Documents/Peakros OS/namedrop/node_modules/playwright/lib/common/configLoader.js
    - /Users/nuno-peakros/Documents/Peakros OS/namedrop/node_modules/playwright/lib/worker/workerMain.js
    - /Users/nuno-peakros/Documents/Peakros OS/namedrop/node_modules/playwright/lib/common/process.js
]]>
</failure>
</testcase>
<testcase name="Security › should enforce HTTPS in production" classname="security.spec.ts" time="0">
<failure message="security.spec.ts:122:7 should enforce HTTPS in production" type="FAILURE">
<![CDATA[  [Mobile Chrome] › security.spec.ts:122:7 › Security › should enforce HTTPS in production ─────────

    Error: Cannot find module '/Users/nuno-peakros/Documents/Peakros OS/namedrop/playwright.config.ts'
    Require stack:
    - /Users/nuno-peakros/Documents/Peakros OS/namedrop/node_modules/playwright/lib/transform/transform.js
    - /Users/nuno-peakros/Documents/Peakros OS/namedrop/node_modules/playwright/lib/common/configLoader.js
    - /Users/nuno-peakros/Documents/Peakros OS/namedrop/node_modules/playwright/lib/worker/workerMain.js
    - /Users/nuno-peakros/Documents/Peakros OS/namedrop/node_modules/playwright/lib/common/process.js
]]>
</failure>
</testcase>
<testcase name="Security › should prevent clickjacking" classname="security.spec.ts" time="0">
<failure message="security.spec.ts:129:7 should prevent clickjacking" type="FAILURE">
<![CDATA[  [Mobile Chrome] › security.spec.ts:129:7 › Security › should prevent clickjacking ────────────────

    Error: Cannot find module '/Users/nuno-peakros/Documents/Peakros OS/namedrop/playwright.config.ts'
    Require stack:
    - /Users/nuno-peakros/Documents/Peakros OS/namedrop/node_modules/playwright/lib/transform/transform.js
    - /Users/nuno-peakros/Documents/Peakros OS/namedrop/node_modules/playwright/lib/common/configLoader.js
    - /Users/nuno-peakros/Documents/Peakros OS/namedrop/node_modules/playwright/lib/worker/workerMain.js
    - /Users/nuno-peakros/Documents/Peakros OS/namedrop/node_modules/playwright/lib/common/process.js
]]>
</failure>
</testcase>
<testcase name="Security › should validate input length limits" classname="security.spec.ts" time="0">
<failure message="security.spec.ts:137:7 should validate input length limits" type="FAILURE">
<![CDATA[  [Mobile Chrome] › security.spec.ts:137:7 › Security › should validate input length limits ────────

    Error: Cannot find module '/Users/nuno-peakros/Documents/Peakros OS/namedrop/playwright.config.ts'
    Require stack:
    - /Users/nuno-peakros/Documents/Peakros OS/namedrop/node_modules/playwright/lib/transform/transform.js
    - /Users/nuno-peakros/Documents/Peakros OS/namedrop/node_modules/playwright/lib/common/configLoader.js
    - /Users/nuno-peakros/Documents/Peakros OS/namedrop/node_modules/playwright/lib/worker/workerMain.js
    - /Users/nuno-peakros/Documents/Peakros OS/namedrop/node_modules/playwright/lib/common/process.js
]]>
</failure>
</testcase>
<testcase name="Security › should prevent open redirects" classname="security.spec.ts" time="0">
<failure message="security.spec.ts:149:7 should prevent open redirects" type="FAILURE">
<![CDATA[  [Mobile Chrome] › security.spec.ts:149:7 › Security › should prevent open redirects ──────────────

    Error: Cannot find module '/Users/nuno-peakros/Documents/Peakros OS/namedrop/playwright.config.ts'
    Require stack:
    - /Users/nuno-peakros/Documents/Peakros OS/namedrop/node_modules/playwright/lib/transform/transform.js
    - /Users/nuno-peakros/Documents/Peakros OS/namedrop/node_modules/playwright/lib/common/configLoader.js
    - /Users/nuno-peakros/Documents/Peakros OS/namedrop/node_modules/playwright/lib/worker/workerMain.js
    - /Users/nuno-peakros/Documents/Peakros OS/namedrop/node_modules/playwright/lib/common/process.js
]]>
</failure>
</testcase>
<testcase name="Security › should sanitize user input in display" classname="security.spec.ts" time="0">
<failure message="security.spec.ts:167:7 should sanitize user input in display" type="FAILURE">
<![CDATA[  [Mobile Chrome] › security.spec.ts:167:7 › Security › should sanitize user input in display ──────

    Error: Cannot find module '/Users/nuno-peakros/Documents/Peakros OS/namedrop/playwright.config.ts'
    Require stack:
    - /Users/nuno-peakros/Documents/Peakros OS/namedrop/node_modules/playwright/lib/transform/transform.js
    - /Users/nuno-peakros/Documents/Peakros OS/namedrop/node_modules/playwright/lib/common/configLoader.js
    - /Users/nuno-peakros/Documents/Peakros OS/namedrop/node_modules/playwright/lib/worker/workerMain.js
    - /Users/nuno-peakros/Documents/Peakros OS/namedrop/node_modules/playwright/lib/common/process.js
]]>
</failure>
</testcase>
<testcase name="Security › should enforce session timeout" classname="security.spec.ts" time="0">
<failure message="security.spec.ts:187:7 should enforce session timeout" type="FAILURE">
<![CDATA[  [Mobile Chrome] › security.spec.ts:187:7 › Security › should enforce session timeout ─────────────

    Error: Cannot find module '/Users/nuno-peakros/Documents/Peakros OS/namedrop/playwright.config.ts'
    Require stack:
    - /Users/nuno-peakros/Documents/Peakros OS/namedrop/node_modules/playwright/lib/transform/transform.js
    - /Users/nuno-peakros/Documents/Peakros OS/namedrop/node_modules/playwright/lib/common/configLoader.js
    - /Users/nuno-peakros/Documents/Peakros OS/namedrop/node_modules/playwright/lib/worker/workerMain.js
    - /Users/nuno-peakros/Documents/Peakros OS/namedrop/node_modules/playwright/lib/common/process.js
]]>
</failure>
</testcase>
<testcase name="Security › should prevent privilege escalation" classname="security.spec.ts" time="0">
<failure message="security.spec.ts:203:7 should prevent privilege escalation" type="FAILURE">
<![CDATA[  [Mobile Chrome] › security.spec.ts:203:7 › Security › should prevent privilege escalation ────────

    Error: Cannot find module '/Users/nuno-peakros/Documents/Peakros OS/namedrop/playwright.config.ts'
    Require stack:
    - /Users/nuno-peakros/Documents/Peakros OS/namedrop/node_modules/playwright/lib/transform/transform.js
    - /Users/nuno-peakros/Documents/Peakros OS/namedrop/node_modules/playwright/lib/common/configLoader.js
    - /Users/nuno-peakros/Documents/Peakros OS/namedrop/node_modules/playwright/lib/worker/workerMain.js
    - /Users/nuno-peakros/Documents/Peakros OS/namedrop/node_modules/playwright/lib/common/process.js
]]>
</failure>
</testcase>
<testcase name="Security › should validate CSRF tokens on state-changing requests" classname="security.spec.ts" time="0">
<failure message="security.spec.ts:216:7 should validate CSRF tokens on state-changing requests" type="FAILURE">
<![CDATA[  [Mobile Chrome] › security.spec.ts:216:7 › Security › should validate CSRF tokens on state-changing requests 

    Error: Cannot find module '/Users/nuno-peakros/Documents/Peakros OS/namedrop/playwright.config.ts'
    Require stack:
    - /Users/nuno-peakros/Documents/Peakros OS/namedrop/node_modules/playwright/lib/transform/transform.js
    - /Users/nuno-peakros/Documents/Peakros OS/namedrop/node_modules/playwright/lib/common/configLoader.js
    - /Users/nuno-peakros/Documents/Peakros OS/namedrop/node_modules/playwright/lib/worker/workerMain.js
    - /Users/nuno-peakros/Documents/Peakros OS/namedrop/node_modules/playwright/lib/common/process.js
]]>
</failure>
</testcase>
<testcase name="Security › should prevent information disclosure in error messages" classname="security.spec.ts" time="0">
<failure message="security.spec.ts:234:7 should prevent information disclosure in error messages" type="FAILURE">
<![CDATA[  [Mobile Chrome] › security.spec.ts:234:7 › Security › should prevent information disclosure in error messages 

    Error: Cannot find module '/Users/nuno-peakros/Documents/Peakros OS/namedrop/playwright.config.ts'
    Require stack:
    - /Users/nuno-peakros/Documents/Peakros OS/namedrop/node_modules/playwright/lib/transform/transform.js
    - /Users/nuno-peakros/Documents/Peakros OS/namedrop/node_modules/playwright/lib/common/configLoader.js
    - /Users/nuno-peakros/Documents/Peakros OS/namedrop/node_modules/playwright/lib/worker/workerMain.js
    - /Users/nuno-peakros/Documents/Peakros OS/namedrop/node_modules/playwright/lib/common/process.js
]]>
</failure>
</testcase>
<testcase name="Security › should enforce content security policy" classname="security.spec.ts" time="0">
<failure message="security.spec.ts:245:7 should enforce content security policy" type="FAILURE">
<![CDATA[  [Mobile Chrome] › security.spec.ts:245:7 › Security › should enforce content security policy ─────

    Error: Cannot find module '/Users/nuno-peakros/Documents/Peakros OS/namedrop/playwright.config.ts'
    Require stack:
    - /Users/nuno-peakros/Documents/Peakros OS/namedrop/node_modules/playwright/lib/transform/transform.js
    - /Users/nuno-peakros/Documents/Peakros OS/namedrop/node_modules/playwright/lib/common/configLoader.js
    - /Users/nuno-peakros/Documents/Peakros OS/namedrop/node_modules/playwright/lib/worker/workerMain.js
    - /Users/nuno-peakros/Documents/Peakros OS/namedrop/node_modules/playwright/lib/common/process.js
]]>
</failure>
</testcase>
<testcase name="Security › should prevent timing attacks" classname="security.spec.ts" time="0">
<failure message="security.spec.ts:254:7 should prevent timing attacks" type="FAILURE">
<![CDATA[  [Mobile Chrome] › security.spec.ts:254:7 › Security › should prevent timing attacks ──────────────

    Error: Cannot find module '/Users/nuno-peakros/Documents/Peakros OS/namedrop/playwright.config.ts'
    Require stack:
    - /Users/nuno-peakros/Documents/Peakros OS/namedrop/node_modules/playwright/lib/transform/transform.js
    - /Users/nuno-peakros/Documents/Peakros OS/namedrop/node_modules/playwright/lib/common/configLoader.js
    - /Users/nuno-peakros/Documents/Peakros OS/namedrop/node_modules/playwright/lib/worker/workerMain.js
    - /Users/nuno-peakros/Documents/Peakros OS/namedrop/node_modules/playwright/lib/common/process.js
]]>
</failure>
</testcase>
<testcase name="Security › should handle security headers correctly" classname="security.spec.ts" time="0">
<failure message="security.spec.ts:278:7 should handle security headers correctly" type="FAILURE">
<![CDATA[  [Mobile Chrome] › security.spec.ts:278:7 › Security › should handle security headers correctly ───

    Error: Cannot find module '/Users/nuno-peakros/Documents/Peakros OS/namedrop/playwright.config.ts'
    Require stack:
    - /Users/nuno-peakros/Documents/Peakros OS/namedrop/node_modules/playwright/lib/transform/transform.js
    - /Users/nuno-peakros/Documents/Peakros OS/namedrop/node_modules/playwright/lib/common/configLoader.js
    - /Users/nuno-peakros/Documents/Peakros OS/namedrop/node_modules/playwright/lib/worker/workerMain.js
    - /Users/nuno-peakros/Documents/Peakros OS/namedrop/node_modules/playwright/lib/common/process.js
]]>
</failure>
</testcase>
<testcase name="Security › should prevent brute force attacks" classname="security.spec.ts" time="0">
<failure message="security.spec.ts:289:7 should prevent brute force attacks" type="FAILURE">
<![CDATA[  [Mobile Chrome] › security.spec.ts:289:7 › Security › should prevent brute force attacks ─────────

    Error: Cannot find module '/Users/nuno-peakros/Documents/Peakros OS/namedrop/playwright.config.ts'
    Require stack:
    - /Users/nuno-peakros/Documents/Peakros OS/namedrop/node_modules/playwright/lib/transform/transform.js
    - /Users/nuno-peakros/Documents/Peakros OS/namedrop/node_modules/playwright/lib/common/configLoader.js
    - /Users/nuno-peakros/Documents/Peakros OS/namedrop/node_modules/playwright/lib/worker/workerMain.js
    - /Users/nuno-peakros/Documents/Peakros OS/namedrop/node_modules/playwright/lib/common/process.js
]]>
</failure>
</testcase>
</testsuite>
<testsuite name="user-management.spec.ts" timestamp="2025-10-02T17:03:39.228Z" hostname="Mobile Chrome" tests="18" failures="18" skipped="0" time="0" errors="0">
<testcase name="User Management Flow › should display user management interface correctly" classname="user-management.spec.ts" time="0">
<failure message="user-management.spec.ts:137:7 should display user management interface correctly" type="FAILURE">
<![CDATA[  [Mobile Chrome] › user-management.spec.ts:137:7 › User Management Flow › should display user management interface correctly 

    Error: Cannot find module '/Users/nuno-peakros/Documents/Peakros OS/namedrop/playwright.config.ts'
    Require stack:
    - /Users/nuno-peakros/Documents/Peakros OS/namedrop/node_modules/playwright/lib/transform/transform.js
    - /Users/nuno-peakros/Documents/Peakros OS/namedrop/node_modules/playwright/lib/common/configLoader.js
    - /Users/nuno-peakros/Documents/Peakros OS/namedrop/node_modules/playwright/lib/worker/workerMain.js
    - /Users/nuno-peakros/Documents/Peakros OS/namedrop/node_modules/playwright/lib/common/process.js
]]>
</failure>
</testcase>
<testcase name="User Management Flow › should search users correctly" classname="user-management.spec.ts" time="0">
<failure message="user-management.spec.ts:158:7 should search users correctly" type="FAILURE">
<![CDATA[  [Mobile Chrome] › user-management.spec.ts:158:7 › User Management Flow › should search users correctly 

    Error: Cannot find module '/Users/nuno-peakros/Documents/Peakros OS/namedrop/playwright.config.ts'
    Require stack:
    - /Users/nuno-peakros/Documents/Peakros OS/namedrop/node_modules/playwright/lib/transform/transform.js
    - /Users/nuno-peakros/Documents/Peakros OS/namedrop/node_modules/playwright/lib/common/configLoader.js
    - /Users/nuno-peakros/Documents/Peakros OS/namedrop/node_modules/playwright/lib/worker/workerMain.js
    - /Users/nuno-peakros/Documents/Peakros OS/namedrop/node_modules/playwright/lib/common/process.js
]]>
</failure>
</testcase>
<testcase name="User Management Flow › should filter users by role" classname="user-management.spec.ts" time="0">
<failure message="user-management.spec.ts:169:7 should filter users by role" type="FAILURE">
<![CDATA[  [Mobile Chrome] › user-management.spec.ts:169:7 › User Management Flow › should filter users by role 

    Error: Cannot find module '/Users/nuno-peakros/Documents/Peakros OS/namedrop/playwright.config.ts'
    Require stack:
    - /Users/nuno-peakros/Documents/Peakros OS/namedrop/node_modules/playwright/lib/transform/transform.js
    - /Users/nuno-peakros/Documents/Peakros OS/namedrop/node_modules/playwright/lib/common/configLoader.js
    - /Users/nuno-peakros/Documents/Peakros OS/namedrop/node_modules/playwright/lib/worker/workerMain.js
    - /Users/nuno-peakros/Documents/Peakros OS/namedrop/node_modules/playwright/lib/common/process.js
]]>
</failure>
</testcase>
<testcase name="User Management Flow › should filter users by status" classname="user-management.spec.ts" time="0">
<failure message="user-management.spec.ts:181:7 should filter users by status" type="FAILURE">
<![CDATA[  [Mobile Chrome] › user-management.spec.ts:181:7 › User Management Flow › should filter users by status 

    Error: Cannot find module '/Users/nuno-peakros/Documents/Peakros OS/namedrop/playwright.config.ts'
    Require stack:
    - /Users/nuno-peakros/Documents/Peakros OS/namedrop/node_modules/playwright/lib/transform/transform.js
    - /Users/nuno-peakros/Documents/Peakros OS/namedrop/node_modules/playwright/lib/common/configLoader.js
    - /Users/nuno-peakros/Documents/Peakros OS/namedrop/node_modules/playwright/lib/worker/workerMain.js
    - /Users/nuno-peakros/Documents/Peakros OS/namedrop/node_modules/playwright/lib/common/process.js
]]>
</failure>
</testcase>
<testcase name="User Management Flow › should create a new user" classname="user-management.spec.ts" time="0">
<failure message="user-management.spec.ts:193:7 should create a new user" type="FAILURE">
<![CDATA[  [Mobile Chrome] › user-management.spec.ts:193:7 › User Management Flow › should create a new user 

    Error: Cannot find module '/Users/nuno-peakros/Documents/Peakros OS/namedrop/playwright.config.ts'
    Require stack:
    - /Users/nuno-peakros/Documents/Peakros OS/namedrop/node_modules/playwright/lib/transform/transform.js
    - /Users/nuno-peakros/Documents/Peakros OS/namedrop/node_modules/playwright/lib/common/configLoader.js
    - /Users/nuno-peakros/Documents/Peakros OS/namedrop/node_modules/playwright/lib/worker/workerMain.js
    - /Users/nuno-peakros/Documents/Peakros OS/namedrop/node_modules/playwright/lib/common/process.js
]]>
</failure>
</testcase>
<testcase name="User Management Flow › should select users for bulk operations" classname="user-management.spec.ts" time="0">
<failure message="user-management.spec.ts:203:7 should select users for bulk operations" type="FAILURE">
<![CDATA[  [Mobile Chrome] › user-management.spec.ts:203:7 › User Management Flow › should select users for bulk operations 

    Error: Cannot find module '/Users/nuno-peakros/Documents/Peakros OS/namedrop/playwright.config.ts'
    Require stack:
    - /Users/nuno-peakros/Documents/Peakros OS/namedrop/node_modules/playwright/lib/transform/transform.js
    - /Users/nuno-peakros/Documents/Peakros OS/namedrop/node_modules/playwright/lib/common/configLoader.js
    - /Users/nuno-peakros/Documents/Peakros OS/namedrop/node_modules/playwright/lib/worker/workerMain.js
    - /Users/nuno-peakros/Documents/Peakros OS/namedrop/node_modules/playwright/lib/common/process.js
]]>
</failure>
</testcase>
<testcase name="User Management Flow › should select all users" classname="user-management.spec.ts" time="0">
<failure message="user-management.spec.ts:216:7 should select all users" type="FAILURE">
<![CDATA[  [Mobile Chrome] › user-management.spec.ts:216:7 › User Management Flow › should select all users ─

    Error: Cannot find module '/Users/nuno-peakros/Documents/Peakros OS/namedrop/playwright.config.ts'
    Require stack:
    - /Users/nuno-peakros/Documents/Peakros OS/namedrop/node_modules/playwright/lib/transform/transform.js
    - /Users/nuno-peakros/Documents/Peakros OS/namedrop/node_modules/playwright/lib/common/configLoader.js
    - /Users/nuno-peakros/Documents/Peakros OS/namedrop/node_modules/playwright/lib/worker/workerMain.js
    - /Users/nuno-peakros/Documents/Peakros OS/namedrop/node_modules/playwright/lib/common/process.js
]]>
</failure>
</testcase>
<testcase name="User Management Flow › should toggle user status" classname="user-management.spec.ts" time="0">
<failure message="user-management.spec.ts:229:7 should toggle user status" type="FAILURE">
<![CDATA[  [Mobile Chrome] › user-management.spec.ts:229:7 › User Management Flow › should toggle user status 

    Error: Cannot find module '/Users/nuno-peakros/Documents/Peakros OS/namedrop/playwright.config.ts'
    Require stack:
    - /Users/nuno-peakros/Documents/Peakros OS/namedrop/node_modules/playwright/lib/transform/transform.js
    - /Users/nuno-peakros/Documents/Peakros OS/namedrop/node_modules/playwright/lib/common/configLoader.js
    - /Users/nuno-peakros/Documents/Peakros OS/namedrop/node_modules/playwright/lib/worker/workerMain.js
    - /Users/nuno-peakros/Documents/Peakros OS/namedrop/node_modules/playwright/lib/common/process.js
]]>
</failure>
</testcase>
<testcase name="User Management Flow › should resend verification email" classname="user-management.spec.ts" time="0">
<failure message="user-management.spec.ts:242:7 should resend verification email" type="FAILURE">
<![CDATA[  [Mobile Chrome] › user-management.spec.ts:242:7 › User Management Flow › should resend verification email 

    Error: Cannot find module '/Users/nuno-peakros/Documents/Peakros OS/namedrop/playwright.config.ts'
    Require stack:
    - /Users/nuno-peakros/Documents/Peakros OS/namedrop/node_modules/playwright/lib/transform/transform.js
    - /Users/nuno-peakros/Documents/Peakros OS/namedrop/node_modules/playwright/lib/common/configLoader.js
    - /Users/nuno-peakros/Documents/Peakros OS/namedrop/node_modules/playwright/lib/worker/workerMain.js
    - /Users/nuno-peakros/Documents/Peakros OS/namedrop/node_modules/playwright/lib/common/process.js
]]>
</failure>
</testcase>
<testcase name="User Management Flow › should delete a user" classname="user-management.spec.ts" time="0">
<failure message="user-management.spec.ts:266:7 should delete a user" type="FAILURE">
<![CDATA[  [Mobile Chrome] › user-management.spec.ts:266:7 › User Management Flow › should delete a user ────

    Error: Cannot find module '/Users/nuno-peakros/Documents/Peakros OS/namedrop/playwright.config.ts'
    Require stack:
    - /Users/nuno-peakros/Documents/Peakros OS/namedrop/node_modules/playwright/lib/transform/transform.js
    - /Users/nuno-peakros/Documents/Peakros OS/namedrop/node_modules/playwright/lib/common/configLoader.js
    - /Users/nuno-peakros/Documents/Peakros OS/namedrop/node_modules/playwright/lib/worker/workerMain.js
    - /Users/nuno-peakros/Documents/Peakros OS/namedrop/node_modules/playwright/lib/common/process.js
]]>
</failure>
</testcase>
<testcase name="User Management Flow › should handle pagination" classname="user-management.spec.ts" time="0">
<failure message="user-management.spec.ts:285:7 should handle pagination" type="FAILURE">
<![CDATA[  [Mobile Chrome] › user-management.spec.ts:285:7 › User Management Flow › should handle pagination 

    Error: Cannot find module '/Users/nuno-peakros/Documents/Peakros OS/namedrop/playwright.config.ts'
    Require stack:
    - /Users/nuno-peakros/Documents/Peakros OS/namedrop/node_modules/playwright/lib/transform/transform.js
    - /Users/nuno-peakros/Documents/Peakros OS/namedrop/node_modules/playwright/lib/common/configLoader.js
    - /Users/nuno-peakros/Documents/Peakros OS/namedrop/node_modules/playwright/lib/worker/workerMain.js
    - /Users/nuno-peakros/Documents/Peakros OS/namedrop/node_modules/playwright/lib/common/process.js
]]>
</failure>
</testcase>
<testcase name="User Management Flow › should display loading state" classname="user-management.spec.ts" time="0">
<failure message="user-management.spec.ts:328:7 should display loading state" type="FAILURE">
<![CDATA[  [Mobile Chrome] › user-management.spec.ts:328:7 › User Management Flow › should display loading state 

    Error: Cannot find module '/Users/nuno-peakros/Documents/Peakros OS/namedrop/playwright.config.ts'
    Require stack:
    - /Users/nuno-peakros/Documents/Peakros OS/namedrop/node_modules/playwright/lib/transform/transform.js
    - /Users/nuno-peakros/Documents/Peakros OS/namedrop/node_modules/playwright/lib/common/configLoader.js
    - /Users/nuno-peakros/Documents/Peakros OS/namedrop/node_modules/playwright/lib/worker/workerMain.js
    - /Users/nuno-peakros/Documents/Peakros OS/namedrop/node_modules/playwright/lib/common/process.js
]]>
</failure>
</testcase>
<testcase name="User Management Flow › should display error state" classname="user-management.spec.ts" time="0">
<failure message="user-management.spec.ts:346:7 should display error state" type="FAILURE">
<![CDATA[  [Mobile Chrome] › user-management.spec.ts:346:7 › User Management Flow › should display error state 

    Error: Cannot find module '/Users/nuno-peakros/Documents/Peakros OS/namedrop/playwright.config.ts'
    Require stack:
    - /Users/nuno-peakros/Documents/Peakros OS/namedrop/node_modules/playwright/lib/transform/transform.js
    - /Users/nuno-peakros/Documents/Peakros OS/namedrop/node_modules/playwright/lib/common/configLoader.js
    - /Users/nuno-peakros/Documents/Peakros OS/namedrop/node_modules/playwright/lib/worker/workerMain.js
    - /Users/nuno-peakros/Documents/Peakros OS/namedrop/node_modules/playwright/lib/common/process.js
]]>
</failure>
</testcase>
<testcase name="User Management Flow › should display empty state when no users found" classname="user-management.spec.ts" time="0">
<failure message="user-management.spec.ts:369:7 should display empty state when no users found" type="FAILURE">
<![CDATA[  [Mobile Chrome] › user-management.spec.ts:369:7 › User Management Flow › should display empty state when no users found 

    Error: Cannot find module '/Users/nuno-peakros/Documents/Peakros OS/namedrop/playwright.config.ts'
    Require stack:
    - /Users/nuno-peakros/Documents/Peakros OS/namedrop/node_modules/playwright/lib/transform/transform.js
    - /Users/nuno-peakros/Documents/Peakros OS/namedrop/node_modules/playwright/lib/common/configLoader.js
    - /Users/nuno-peakros/Documents/Peakros OS/namedrop/node_modules/playwright/lib/worker/workerMain.js
    - /Users/nuno-peakros/Documents/Peakros OS/namedrop/node_modules/playwright/lib/common/process.js
]]>
</failure>
</testcase>
<testcase name="User Management Flow › should handle search with no results" classname="user-management.spec.ts" time="0">
<failure message="user-management.spec.ts:401:7 should handle search with no results" type="FAILURE">
<![CDATA[  [Mobile Chrome] › user-management.spec.ts:401:7 › User Management Flow › should handle search with no results 

    Error: Cannot find module '/Users/nuno-peakros/Documents/Peakros OS/namedrop/playwright.config.ts'
    Require stack:
    - /Users/nuno-peakros/Documents/Peakros OS/namedrop/node_modules/playwright/lib/transform/transform.js
    - /Users/nuno-peakros/Documents/Peakros OS/namedrop/node_modules/playwright/lib/common/configLoader.js
    - /Users/nuno-peakros/Documents/Peakros OS/namedrop/node_modules/playwright/lib/worker/workerMain.js
    - /Users/nuno-peakros/Documents/Peakros OS/namedrop/node_modules/playwright/lib/common/process.js
]]>
</failure>
</testcase>
<testcase name="User Management Flow › should be responsive on mobile devices" classname="user-management.spec.ts" time="0">
<failure message="user-management.spec.ts:441:7 should be responsive on mobile devices" type="FAILURE">
<![CDATA[  [Mobile Chrome] › user-management.spec.ts:441:7 › User Management Flow › should be responsive on mobile devices 

    Error: Cannot find module '/Users/nuno-peakros/Documents/Peakros OS/namedrop/playwright.config.ts'
    Require stack:
    - /Users/nuno-peakros/Documents/Peakros OS/namedrop/node_modules/playwright/lib/transform/transform.js
    - /Users/nuno-peakros/Documents/Peakros OS/namedrop/node_modules/playwright/lib/common/configLoader.js
    - /Users/nuno-peakros/Documents/Peakros OS/namedrop/node_modules/playwright/lib/worker/workerMain.js
    - /Users/nuno-peakros/Documents/Peakros OS/namedrop/node_modules/playwright/lib/common/process.js
]]>
</failure>
</testcase>
<testcase name="User Management Flow › should have proper accessibility attributes" classname="user-management.spec.ts" time="0">
<failure message="user-management.spec.ts:455:7 should have proper accessibility attributes" type="FAILURE">
<![CDATA[  [Mobile Chrome] › user-management.spec.ts:455:7 › User Management Flow › should have proper accessibility attributes 

    Error: Cannot find module '/Users/nuno-peakros/Documents/Peakros OS/namedrop/playwright.config.ts'
    Require stack:
    - /Users/nuno-peakros/Documents/Peakros OS/namedrop/node_modules/playwright/lib/transform/transform.js
    - /Users/nuno-peakros/Documents/Peakros OS/namedrop/node_modules/playwright/lib/common/configLoader.js
    - /Users/nuno-peakros/Documents/Peakros OS/namedrop/node_modules/playwright/lib/worker/workerMain.js
    - /Users/nuno-peakros/Documents/Peakros OS/namedrop/node_modules/playwright/lib/common/process.js
]]>
</failure>
</testcase>
<testcase name="User Management Flow › should handle keyboard navigation" classname="user-management.spec.ts" time="0">
<failure message="user-management.spec.ts:475:7 should handle keyboard navigation" type="FAILURE">
<![CDATA[  [Mobile Chrome] › user-management.spec.ts:475:7 › User Management Flow › should handle keyboard navigation 

    Error: Cannot find module '/Users/nuno-peakros/Documents/Peakros OS/namedrop/playwright.config.ts'
    Require stack:
    - /Users/nuno-peakros/Documents/Peakros OS/namedrop/node_modules/playwright/lib/transform/transform.js
    - /Users/nuno-peakros/Documents/Peakros OS/namedrop/node_modules/playwright/lib/common/configLoader.js
    - /Users/nuno-peakros/Documents/Peakros OS/namedrop/node_modules/playwright/lib/worker/workerMain.js
    - /Users/nuno-peakros/Documents/Peakros OS/namedrop/node_modules/playwright/lib/common/process.js
]]>
</failure>
</testcase>
</testsuite>
<testsuite name="accessibility.spec.ts" timestamp="2025-10-02T17:03:39.228Z" hostname="Mobile Safari" tests="16" failures="16" skipped="0" time="0" errors="0">
<testcase name="Accessibility › should have proper heading structure" classname="accessibility.spec.ts" time="0">
<failure message="accessibility.spec.ts:21:7 should have proper heading structure" type="FAILURE">
<![CDATA[  [Mobile Safari] › accessibility.spec.ts:21:7 › Accessibility › should have proper heading structure 

    Error: Cannot find module '/Users/nuno-peakros/Documents/Peakros OS/namedrop/playwright.config.ts'
    Require stack:
    - /Users/nuno-peakros/Documents/Peakros OS/namedrop/node_modules/playwright/lib/transform/transform.js
    - /Users/nuno-peakros/Documents/Peakros OS/namedrop/node_modules/playwright/lib/common/configLoader.js
    - /Users/nuno-peakros/Documents/Peakros OS/namedrop/node_modules/playwright/lib/worker/workerMain.js
    - /Users/nuno-peakros/Documents/Peakros OS/namedrop/node_modules/playwright/lib/common/process.js
]]>
</failure>
</testcase>
<testcase name="Accessibility › should be keyboard navigable" classname="accessibility.spec.ts" time="0">
<failure message="accessibility.spec.ts:28:7 should be keyboard navigable" type="FAILURE">
<![CDATA[  [Mobile Safari] › accessibility.spec.ts:28:7 › Accessibility › should be keyboard navigable ──────

    Error: Cannot find module '/Users/nuno-peakros/Documents/Peakros OS/namedrop/playwright.config.ts'
    Require stack:
    - /Users/nuno-peakros/Documents/Peakros OS/namedrop/node_modules/playwright/lib/transform/transform.js
    - /Users/nuno-peakros/Documents/Peakros OS/namedrop/node_modules/playwright/lib/common/configLoader.js
    - /Users/nuno-peakros/Documents/Peakros OS/namedrop/node_modules/playwright/lib/worker/workerMain.js
    - /Users/nuno-peakros/Documents/Peakros OS/namedrop/node_modules/playwright/lib/common/process.js
]]>
</failure>
</testcase>
<testcase name="Accessibility › should have proper focus indicators" classname="accessibility.spec.ts" time="0">
<failure message="accessibility.spec.ts:46:7 should have proper focus indicators" type="FAILURE">
<![CDATA[  [Mobile Safari] › accessibility.spec.ts:46:7 › Accessibility › should have proper focus indicators 

    Error: Cannot find module '/Users/nuno-peakros/Documents/Peakros OS/namedrop/playwright.config.ts'
    Require stack:
    - /Users/nuno-peakros/Documents/Peakros OS/namedrop/node_modules/playwright/lib/transform/transform.js
    - /Users/nuno-peakros/Documents/Peakros OS/namedrop/node_modules/playwright/lib/common/configLoader.js
    - /Users/nuno-peakros/Documents/Peakros OS/namedrop/node_modules/playwright/lib/worker/workerMain.js
    - /Users/nuno-peakros/Documents/Peakros OS/namedrop/node_modules/playwright/lib/common/process.js
]]>
</failure>
</testcase>
<testcase name="Accessibility › should have proper ARIA attributes" classname="accessibility.spec.ts" time="0">
<failure message="accessibility.spec.ts:64:7 should have proper ARIA attributes" type="FAILURE">
<![CDATA[  [Mobile Safari] › accessibility.spec.ts:64:7 › Accessibility › should have proper ARIA attributes 

    Error: Cannot find module '/Users/nuno-peakros/Documents/Peakros OS/namedrop/playwright.config.ts'
    Require stack:
    - /Users/nuno-peakros/Documents/Peakros OS/namedrop/node_modules/playwright/lib/transform/transform.js
    - /Users/nuno-peakros/Documents/Peakros OS/namedrop/node_modules/playwright/lib/common/configLoader.js
    - /Users/nuno-peakros/Documents/Peakros OS/namedrop/node_modules/playwright/lib/worker/workerMain.js
    - /Users/nuno-peakros/Documents/Peakros OS/namedrop/node_modules/playwright/lib/common/process.js
]]>
</failure>
</testcase>
<testcase name="Accessibility › should have proper form labels" classname="accessibility.spec.ts" time="0">
<failure message="accessibility.spec.ts:83:7 should have proper form labels" type="FAILURE">
<![CDATA[  [Mobile Safari] › accessibility.spec.ts:83:7 › Accessibility › should have proper form labels ────

    Error: Cannot find module '/Users/nuno-peakros/Documents/Peakros OS/namedrop/playwright.config.ts'
    Require stack:
    - /Users/nuno-peakros/Documents/Peakros OS/namedrop/node_modules/playwright/lib/transform/transform.js
    - /Users/nuno-peakros/Documents/Peakros OS/namedrop/node_modules/playwright/lib/common/configLoader.js
    - /Users/nuno-peakros/Documents/Peakros OS/namedrop/node_modules/playwright/lib/worker/workerMain.js
    - /Users/nuno-peakros/Documents/Peakros OS/namedrop/node_modules/playwright/lib/common/process.js
]]>
</failure>
</testcase>
<testcase name="Accessibility › should have proper color contrast" classname="accessibility.spec.ts" time="0">
<failure message="accessibility.spec.ts:101:7 should have proper color contrast" type="FAILURE">
<![CDATA[  [Mobile Safari] › accessibility.spec.ts:101:7 › Accessibility › should have proper color contrast 

    Error: Cannot find module '/Users/nuno-peakros/Documents/Peakros OS/namedrop/playwright.config.ts'
    Require stack:
    - /Users/nuno-peakros/Documents/Peakros OS/namedrop/node_modules/playwright/lib/transform/transform.js
    - /Users/nuno-peakros/Documents/Peakros OS/namedrop/node_modules/playwright/lib/common/configLoader.js
    - /Users/nuno-peakros/Documents/Peakros OS/namedrop/node_modules/playwright/lib/worker/workerMain.js
    - /Users/nuno-peakros/Documents/Peakros OS/namedrop/node_modules/playwright/lib/common/process.js
]]>
</failure>
</testcase>
<testcase name="Accessibility › should handle screen reader announcements" classname="accessibility.spec.ts" time="0">
<failure message="accessibility.spec.ts:120:7 should handle screen reader announcements" type="FAILURE">
<![CDATA[  [Mobile Safari] › accessibility.spec.ts:120:7 › Accessibility › should handle screen reader announcements 

    Error: Cannot find module '/Users/nuno-peakros/Documents/Peakros OS/namedrop/playwright.config.ts'
    Require stack:
    - /Users/nuno-peakros/Documents/Peakros OS/namedrop/node_modules/playwright/lib/transform/transform.js
    - /Users/nuno-peakros/Documents/Peakros OS/namedrop/node_modules/playwright/lib/common/configLoader.js
    - /Users/nuno-peakros/Documents/Peakros OS/namedrop/node_modules/playwright/lib/worker/workerMain.js
    - /Users/nuno-peakros/Documents/Peakros OS/namedrop/node_modules/playwright/lib/common/process.js
]]>
</failure>
</testcase>
<testcase name="Accessibility › should have proper table structure" classname="accessibility.spec.ts" time="0">
<failure message="accessibility.spec.ts:130:7 should have proper table structure" type="FAILURE">
<![CDATA[  [Mobile Safari] › accessibility.spec.ts:130:7 › Accessibility › should have proper table structure 

    Error: Cannot find module '/Users/nuno-peakros/Documents/Peakros OS/namedrop/playwright.config.ts'
    Require stack:
    - /Users/nuno-peakros/Documents/Peakros OS/namedrop/node_modules/playwright/lib/transform/transform.js
    - /Users/nuno-peakros/Documents/Peakros OS/namedrop/node_modules/playwright/lib/common/configLoader.js
    - /Users/nuno-peakros/Documents/Peakros OS/namedrop/node_modules/playwright/lib/worker/workerMain.js
    - /Users/nuno-peakros/Documents/Peakros OS/namedrop/node_modules/playwright/lib/common/process.js
]]>
</failure>
</testcase>
<testcase name="Accessibility › should handle modal accessibility" classname="accessibility.spec.ts" time="0">
<failure message="accessibility.spec.ts:151:7 should handle modal accessibility" type="FAILURE">
<![CDATA[  [Mobile Safari] › accessibility.spec.ts:151:7 › Accessibility › should handle modal accessibility 

    Error: Cannot find module '/Users/nuno-peakros/Documents/Peakros OS/namedrop/playwright.config.ts'
    Require stack:
    - /Users/nuno-peakros/Documents/Peakros OS/namedrop/node_modules/playwright/lib/transform/transform.js
    - /Users/nuno-peakros/Documents/Peakros OS/namedrop/node_modules/playwright/lib/common/configLoader.js
    - /Users/nuno-peakros/Documents/Peakros OS/namedrop/node_modules/playwright/lib/worker/workerMain.js
    - /Users/nuno-peakros/Documents/Peakros OS/namedrop/node_modules/playwright/lib/common/process.js
]]>
</failure>
</testcase>
<testcase name="Accessibility › should have proper error handling" classname="accessibility.spec.ts" time="0">
<failure message="accessibility.spec.ts:167:7 should have proper error handling" type="FAILURE">
<![CDATA[  [Mobile Safari] › accessibility.spec.ts:167:7 › Accessibility › should have proper error handling 

    Error: Cannot find module '/Users/nuno-peakros/Documents/Peakros OS/namedrop/playwright.config.ts'
    Require stack:
    - /Users/nuno-peakros/Documents/Peakros OS/namedrop/node_modules/playwright/lib/transform/transform.js
    - /Users/nuno-peakros/Documents/Peakros OS/namedrop/node_modules/playwright/lib/common/configLoader.js
    - /Users/nuno-peakros/Documents/Peakros OS/namedrop/node_modules/playwright/lib/worker/workerMain.js
    - /Users/nuno-peakros/Documents/Peakros OS/namedrop/node_modules/playwright/lib/common/process.js
]]>
</failure>
</testcase>
<testcase name="Accessibility › should be responsive and accessible on mobile" classname="accessibility.spec.ts" time="0">
<failure message="accessibility.spec.ts:182:7 should be responsive and accessible on mobile" type="FAILURE">
<![CDATA[  [Mobile Safari] › accessibility.spec.ts:182:7 › Accessibility › should be responsive and accessible on mobile 

    Error: Cannot find module '/Users/nuno-peakros/Documents/Peakros OS/namedrop/playwright.config.ts'
    Require stack:
    - /Users/nuno-peakros/Documents/Peakros OS/namedrop/node_modules/playwright/lib/transform/transform.js
    - /Users/nuno-peakros/Documents/Peakros OS/namedrop/node_modules/playwright/lib/common/configLoader.js
    - /Users/nuno-peakros/Documents/Peakros OS/namedrop/node_modules/playwright/lib/worker/workerMain.js
    - /Users/nuno-peakros/Documents/Peakros OS/namedrop/node_modules/playwright/lib/common/process.js
]]>
</failure>
</testcase>
<testcase name="Accessibility › should handle high contrast mode" classname="accessibility.spec.ts" time="0">
<failure message="accessibility.spec.ts:197:7 should handle high contrast mode" type="FAILURE">
<![CDATA[  [Mobile Safari] › accessibility.spec.ts:197:7 › Accessibility › should handle high contrast mode ─

    Error: Cannot find module '/Users/nuno-peakros/Documents/Peakros OS/namedrop/playwright.config.ts'
    Require stack:
    - /Users/nuno-peakros/Documents/Peakros OS/namedrop/node_modules/playwright/lib/transform/transform.js
    - /Users/nuno-peakros/Documents/Peakros OS/namedrop/node_modules/playwright/lib/common/configLoader.js
    - /Users/nuno-peakros/Documents/Peakros OS/namedrop/node_modules/playwright/lib/worker/workerMain.js
    - /Users/nuno-peakros/Documents/Peakros OS/namedrop/node_modules/playwright/lib/common/process.js
]]>
</failure>
</testcase>
<testcase name="Accessibility › should have proper skip links" classname="accessibility.spec.ts" time="0">
<failure message="accessibility.spec.ts:217:7 should have proper skip links" type="FAILURE">
<![CDATA[  [Mobile Safari] › accessibility.spec.ts:217:7 › Accessibility › should have proper skip links ────

    Error: Cannot find module '/Users/nuno-peakros/Documents/Peakros OS/namedrop/playwright.config.ts'
    Require stack:
    - /Users/nuno-peakros/Documents/Peakros OS/namedrop/node_modules/playwright/lib/transform/transform.js
    - /Users/nuno-peakros/Documents/Peakros OS/namedrop/node_modules/playwright/lib/common/configLoader.js
    - /Users/nuno-peakros/Documents/Peakros OS/namedrop/node_modules/playwright/lib/worker/workerMain.js
    - /Users/nuno-peakros/Documents/Peakros OS/namedrop/node_modules/playwright/lib/common/process.js
]]>
</failure>
</testcase>
<testcase name="Accessibility › should handle reduced motion preferences" classname="accessibility.spec.ts" time="0">
<failure message="accessibility.spec.ts:233:7 should handle reduced motion preferences" type="FAILURE">
<![CDATA[  [Mobile Safari] › accessibility.spec.ts:233:7 › Accessibility › should handle reduced motion preferences 

    Error: Cannot find module '/Users/nuno-peakros/Documents/Peakros OS/namedrop/playwright.config.ts'
    Require stack:
    - /Users/nuno-peakros/Documents/Peakros OS/namedrop/node_modules/playwright/lib/transform/transform.js
    - /Users/nuno-peakros/Documents/Peakros OS/namedrop/node_modules/playwright/lib/common/configLoader.js
    - /Users/nuno-peakros/Documents/Peakros OS/namedrop/node_modules/playwright/lib/worker/workerMain.js
    - /Users/nuno-peakros/Documents/Peakros OS/namedrop/node_modules/playwright/lib/common/process.js
]]>
</failure>
</testcase>
<testcase name="Accessibility › should have proper language attributes" classname="accessibility.spec.ts" time="0">
<failure message="accessibility.spec.ts:255:7 should have proper language attributes" type="FAILURE">
<![CDATA[  [Mobile Safari] › accessibility.spec.ts:255:7 › Accessibility › should have proper language attributes 

    Error: Cannot find module '/Users/nuno-peakros/Documents/Peakros OS/namedrop/playwright.config.ts'
    Require stack:
    - /Users/nuno-peakros/Documents/Peakros OS/namedrop/node_modules/playwright/lib/transform/transform.js
    - /Users/nuno-peakros/Documents/Peakros OS/namedrop/node_modules/playwright/lib/common/configLoader.js
    - /Users/nuno-peakros/Documents/Peakros OS/namedrop/node_modules/playwright/lib/worker/workerMain.js
    - /Users/nuno-peakros/Documents/Peakros OS/namedrop/node_modules/playwright/lib/common/process.js
]]>
</failure>
</testcase>
<testcase name="Accessibility › should handle zoom up to 200%" classname="accessibility.spec.ts" time="0">
<failure message="accessibility.spec.ts:267:7 should handle zoom up to 200%" type="FAILURE">
<![CDATA[  [Mobile Safari] › accessibility.spec.ts:267:7 › Accessibility › should handle zoom up to 200% ────

    Error: Cannot find module '/Users/nuno-peakros/Documents/Peakros OS/namedrop/playwright.config.ts'
    Require stack:
    - /Users/nuno-peakros/Documents/Peakros OS/namedrop/node_modules/playwright/lib/transform/transform.js
    - /Users/nuno-peakros/Documents/Peakros OS/namedrop/node_modules/playwright/lib/common/configLoader.js
    - /Users/nuno-peakros/Documents/Peakros OS/namedrop/node_modules/playwright/lib/worker/workerMain.js
    - /Users/nuno-peakros/Documents/Peakros OS/namedrop/node_modules/playwright/lib/common/process.js
]]>
</failure>
</testcase>
</testsuite>
<testsuite name="auth-flow.spec.ts" timestamp="2025-10-02T17:03:39.228Z" hostname="Mobile Safari" tests="14" failures="14" skipped="0" time="0" errors="0">
<testcase name="Authentication Flow › should display login form correctly" classname="auth-flow.spec.ts" time="0">
<failure message="auth-flow.spec.ts:21:7 should display login form correctly" type="FAILURE">
<![CDATA[  [Mobile Safari] › auth-flow.spec.ts:21:7 › Authentication Flow › should display login form correctly 

    Error: Cannot find module '/Users/nuno-peakros/Documents/Peakros OS/namedrop/playwright.config.ts'
    Require stack:
    - /Users/nuno-peakros/Documents/Peakros OS/namedrop/node_modules/playwright/lib/transform/transform.js
    - /Users/nuno-peakros/Documents/Peakros OS/namedrop/node_modules/playwright/lib/common/configLoader.js
    - /Users/nuno-peakros/Documents/Peakros OS/namedrop/node_modules/playwright/lib/worker/workerMain.js
    - /Users/nuno-peakros/Documents/Peakros OS/namedrop/node_modules/playwright/lib/common/process.js
]]>
</failure>
</testcase>
<testcase name="Authentication Flow › should show validation errors for invalid input" classname="auth-flow.spec.ts" time="0">
<failure message="auth-flow.spec.ts:34:7 should show validation errors for invalid input" type="FAILURE">
<![CDATA[  [Mobile Safari] › auth-flow.spec.ts:34:7 › Authentication Flow › should show validation errors for invalid input 

    Error: Cannot find module '/Users/nuno-peakros/Documents/Peakros OS/namedrop/playwright.config.ts'
    Require stack:
    - /Users/nuno-peakros/Documents/Peakros OS/namedrop/node_modules/playwright/lib/transform/transform.js
    - /Users/nuno-peakros/Documents/Peakros OS/namedrop/node_modules/playwright/lib/common/configLoader.js
    - /Users/nuno-peakros/Documents/Peakros OS/namedrop/node_modules/playwright/lib/worker/workerMain.js
    - /Users/nuno-peakros/Documents/Peakros OS/namedrop/node_modules/playwright/lib/common/process.js
]]>
</failure>
</testcase>
<testcase name="Authentication Flow › should handle login with invalid credentials" classname="auth-flow.spec.ts" time="0">
<failure message="auth-flow.spec.ts:45:7 should handle login with invalid credentials" type="FAILURE">
<![CDATA[  [Mobile Safari] › auth-flow.spec.ts:45:7 › Authentication Flow › should handle login with invalid credentials 

    Error: Cannot find module '/Users/nuno-peakros/Documents/Peakros OS/namedrop/playwright.config.ts'
    Require stack:
    - /Users/nuno-peakros/Documents/Peakros OS/namedrop/node_modules/playwright/lib/transform/transform.js
    - /Users/nuno-peakros/Documents/Peakros OS/namedrop/node_modules/playwright/lib/common/configLoader.js
    - /Users/nuno-peakros/Documents/Peakros OS/namedrop/node_modules/playwright/lib/worker/workerMain.js
    - /Users/nuno-peakros/Documents/Peakros OS/namedrop/node_modules/playwright/lib/common/process.js
]]>
</failure>
</testcase>
<testcase name="Authentication Flow › should handle successful login" classname="auth-flow.spec.ts" time="0">
<failure message="auth-flow.spec.ts:70:7 should handle successful login" type="FAILURE">
<![CDATA[  [Mobile Safari] › auth-flow.spec.ts:70:7 › Authentication Flow › should handle successful login ──

    Error: Cannot find module '/Users/nuno-peakros/Documents/Peakros OS/namedrop/playwright.config.ts'
    Require stack:
    - /Users/nuno-peakros/Documents/Peakros OS/namedrop/node_modules/playwright/lib/transform/transform.js
    - /Users/nuno-peakros/Documents/Peakros OS/namedrop/node_modules/playwright/lib/common/configLoader.js
    - /Users/nuno-peakros/Documents/Peakros OS/namedrop/node_modules/playwright/lib/worker/workerMain.js
    - /Users/nuno-peakros/Documents/Peakros OS/namedrop/node_modules/playwright/lib/common/process.js
]]>
</failure>
</testcase>
<testcase name="Authentication Flow › should handle rate limiting" classname="auth-flow.spec.ts" time="0">
<failure message="auth-flow.spec.ts:107:7 should handle rate limiting" type="FAILURE">
<![CDATA[  [Mobile Safari] › auth-flow.spec.ts:107:7 › Authentication Flow › should handle rate limiting ────

    Error: Cannot find module '/Users/nuno-peakros/Documents/Peakros OS/namedrop/playwright.config.ts'
    Require stack:
    - /Users/nuno-peakros/Documents/Peakros OS/namedrop/node_modules/playwright/lib/transform/transform.js
    - /Users/nuno-peakros/Documents/Peakros OS/namedrop/node_modules/playwright/lib/common/configLoader.js
    - /Users/nuno-peakros/Documents/Peakros OS/namedrop/node_modules/playwright/lib/worker/workerMain.js
    - /Users/nuno-peakros/Documents/Peakros OS/namedrop/node_modules/playwright/lib/common/process.js
]]>
</failure>
</testcase>
<testcase name="Authentication Flow › should navigate to email verification page" classname="auth-flow.spec.ts" time="0">
<failure message="auth-flow.spec.ts:133:7 should navigate to email verification page" type="FAILURE">
<![CDATA[  [Mobile Safari] › auth-flow.spec.ts:133:7 › Authentication Flow › should navigate to email verification page 

    Error: Cannot find module '/Users/nuno-peakros/Documents/Peakros OS/namedrop/playwright.config.ts'
    Require stack:
    - /Users/nuno-peakros/Documents/Peakros OS/namedrop/node_modules/playwright/lib/transform/transform.js
    - /Users/nuno-peakros/Documents/Peakros OS/namedrop/node_modules/playwright/lib/common/configLoader.js
    - /Users/nuno-peakros/Documents/Peakros OS/namedrop/node_modules/playwright/lib/worker/workerMain.js
    - /Users/nuno-peakros/Documents/Peakros OS/namedrop/node_modules/playwright/lib/common/process.js
]]>
</failure>
</testcase>
<testcase name="Authentication Flow › should handle email verification" classname="auth-flow.spec.ts" time="0">
<failure message="auth-flow.spec.ts:145:7 should handle email verification" type="FAILURE">
<![CDATA[  [Mobile Safari] › auth-flow.spec.ts:145:7 › Authentication Flow › should handle email verification 

    Error: Cannot find module '/Users/nuno-peakros/Documents/Peakros OS/namedrop/playwright.config.ts'
    Require stack:
    - /Users/nuno-peakros/Documents/Peakros OS/namedrop/node_modules/playwright/lib/transform/transform.js
    - /Users/nuno-peakros/Documents/Peakros OS/namedrop/node_modules/playwright/lib/common/configLoader.js
    - /Users/nuno-peakros/Documents/Peakros OS/namedrop/node_modules/playwright/lib/worker/workerMain.js
    - /Users/nuno-peakros/Documents/Peakros OS/namedrop/node_modules/playwright/lib/common/process.js
]]>
</failure>
</testcase>
<testcase name="Authentication Flow › should handle password reset flow" classname="auth-flow.spec.ts" time="0">
<failure message="auth-flow.spec.ts:174:7 should handle password reset flow" type="FAILURE">
<![CDATA[  [Mobile Safari] › auth-flow.spec.ts:174:7 › Authentication Flow › should handle password reset flow 

    Error: Cannot find module '/Users/nuno-peakros/Documents/Peakros OS/namedrop/playwright.config.ts'
    Require stack:
    - /Users/nuno-peakros/Documents/Peakros OS/namedrop/node_modules/playwright/lib/transform/transform.js
    - /Users/nuno-peakros/Documents/Peakros OS/namedrop/node_modules/playwright/lib/common/configLoader.js
    - /Users/nuno-peakros/Documents/Peakros OS/namedrop/node_modules/playwright/lib/worker/workerMain.js
    - /Users/nuno-peakros/Documents/Peakros OS/namedrop/node_modules/playwright/lib/common/process.js
]]>
</failure>
</testcase>
<testcase name="Authentication Flow › should handle password change flow" classname="auth-flow.spec.ts" time="0">
<failure message="auth-flow.spec.ts:204:7 should handle password change flow" type="FAILURE">
<![CDATA[  [Mobile Safari] › auth-flow.spec.ts:204:7 › Authentication Flow › should handle password change flow 

    Error: Cannot find module '/Users/nuno-peakros/Documents/Peakros OS/namedrop/playwright.config.ts'
    Require stack:
    - /Users/nuno-peakros/Documents/Peakros OS/namedrop/node_modules/playwright/lib/transform/transform.js
    - /Users/nuno-peakros/Documents/Peakros OS/namedrop/node_modules/playwright/lib/common/configLoader.js
    - /Users/nuno-peakros/Documents/Peakros OS/namedrop/node_modules/playwright/lib/worker/workerMain.js
    - /Users/nuno-peakros/Documents/Peakros OS/namedrop/node_modules/playwright/lib/common/process.js
]]>
</failure>
</testcase>
<testcase name="Authentication Flow › should validate password confirmation" classname="auth-flow.spec.ts" time="0">
<failure message="auth-flow.spec.ts:237:7 should validate password confirmation" type="FAILURE">
<![CDATA[  [Mobile Safari] › auth-flow.spec.ts:237:7 › Authentication Flow › should validate password confirmation 

    Error: Cannot find module '/Users/nuno-peakros/Documents/Peakros OS/namedrop/playwright.config.ts'
    Require stack:
    - /Users/nuno-peakros/Documents/Peakros OS/namedrop/node_modules/playwright/lib/transform/transform.js
    - /Users/nuno-peakros/Documents/Peakros OS/namedrop/node_modules/playwright/lib/common/configLoader.js
    - /Users/nuno-peakros/Documents/Peakros OS/namedrop/node_modules/playwright/lib/worker/workerMain.js
    - /Users/nuno-peakros/Documents/Peakros OS/namedrop/node_modules/playwright/lib/common/process.js
]]>
</failure>
</testcase>
<testcase name="Authentication Flow › should handle logout" classname="auth-flow.spec.ts" time="0">
<failure message="auth-flow.spec.ts:251:7 should handle logout" type="FAILURE">
<![CDATA[  [Mobile Safari] › auth-flow.spec.ts:251:7 › Authentication Flow › should handle logout ───────────

    Error: Cannot find module '/Users/nuno-peakros/Documents/Peakros OS/namedrop/playwright.config.ts'
    Require stack:
    - /Users/nuno-peakros/Documents/Peakros OS/namedrop/node_modules/playwright/lib/transform/transform.js
    - /Users/nuno-peakros/Documents/Peakros OS/namedrop/node_modules/playwright/lib/common/configLoader.js
    - /Users/nuno-peakros/Documents/Peakros OS/namedrop/node_modules/playwright/lib/worker/workerMain.js
    - /Users/nuno-peakros/Documents/Peakros OS/namedrop/node_modules/playwright/lib/common/process.js
]]>
</failure>
</testcase>
<testcase name="Authentication Flow › should handle network errors gracefully" classname="auth-flow.spec.ts" time="0">
<failure message="auth-flow.spec.ts:306:7 should handle network errors gracefully" type="FAILURE">
<![CDATA[  [Mobile Safari] › auth-flow.spec.ts:306:7 › Authentication Flow › should handle network errors gracefully 

    Error: Cannot find module '/Users/nuno-peakros/Documents/Peakros OS/namedrop/playwright.config.ts'
    Require stack:
    - /Users/nuno-peakros/Documents/Peakros OS/namedrop/node_modules/playwright/lib/transform/transform.js
    - /Users/nuno-peakros/Documents/Peakros OS/namedrop/node_modules/playwright/lib/common/configLoader.js
    - /Users/nuno-peakros/Documents/Peakros OS/namedrop/node_modules/playwright/lib/worker/workerMain.js
    - /Users/nuno-peakros/Documents/Peakros OS/namedrop/node_modules/playwright/lib/common/process.js
]]>
</failure>
</testcase>
<testcase name="Authentication Flow › should be responsive on mobile devices" classname="auth-flow.spec.ts" time="0">
<failure message="auth-flow.spec.ts:321:7 should be responsive on mobile devices" type="FAILURE">
<![CDATA[  [Mobile Safari] › auth-flow.spec.ts:321:7 › Authentication Flow › should be responsive on mobile devices 

    Error: Cannot find module '/Users/nuno-peakros/Documents/Peakros OS/namedrop/playwright.config.ts'
    Require stack:
    - /Users/nuno-peakros/Documents/Peakros OS/namedrop/node_modules/playwright/lib/transform/transform.js
    - /Users/nuno-peakros/Documents/Peakros OS/namedrop/node_modules/playwright/lib/common/configLoader.js
    - /Users/nuno-peakros/Documents/Peakros OS/namedrop/node_modules/playwright/lib/worker/workerMain.js
    - /Users/nuno-peakros/Documents/Peakros OS/namedrop/node_modules/playwright/lib/common/process.js
]]>
</failure>
</testcase>
<testcase name="Authentication Flow › should have proper accessibility attributes" classname="auth-flow.spec.ts" time="0">
<failure message="auth-flow.spec.ts:340:7 should have proper accessibility attributes" type="FAILURE">
<![CDATA[  [Mobile Safari] › auth-flow.spec.ts:340:7 › Authentication Flow › should have proper accessibility attributes 

    Error: Cannot find module '/Users/nuno-peakros/Documents/Peakros OS/namedrop/playwright.config.ts'
    Require stack:
    - /Users/nuno-peakros/Documents/Peakros OS/namedrop/node_modules/playwright/lib/transform/transform.js
    - /Users/nuno-peakros/Documents/Peakros OS/namedrop/node_modules/playwright/lib/common/configLoader.js
    - /Users/nuno-peakros/Documents/Peakros OS/namedrop/node_modules/playwright/lib/worker/workerMain.js
    - /Users/nuno-peakros/Documents/Peakros OS/namedrop/node_modules/playwright/lib/common/process.js
]]>
</failure>
</testcase>
</testsuite>
<testsuite name="performance-monitoring.spec.ts" timestamp="2025-10-02T17:03:39.228Z" hostname="Mobile Safari" tests="14" failures="14" skipped="0" time="0" errors="0">
<testcase name="Performance Monitoring › should display performance metrics" classname="performance-monitoring.spec.ts" time="0">
<failure message="performance-monitoring.spec.ts:19:7 should display performance metrics" type="FAILURE">
<![CDATA[  [Mobile Safari] › performance-monitoring.spec.ts:19:7 › Performance Monitoring › should display performance metrics 

    Error: Cannot find module '/Users/nuno-peakros/Documents/Peakros OS/namedrop/playwright.config.ts'
    Require stack:
    - /Users/nuno-peakros/Documents/Peakros OS/namedrop/node_modules/playwright/lib/transform/transform.js
    - /Users/nuno-peakros/Documents/Peakros OS/namedrop/node_modules/playwright/lib/common/configLoader.js
    - /Users/nuno-peakros/Documents/Peakros OS/namedrop/node_modules/playwright/lib/worker/workerMain.js
    - /Users/nuno-peakros/Documents/Peakros OS/namedrop/node_modules/playwright/lib/common/process.js
]]>
</failure>
</testcase>
<testcase name="Performance Monitoring › should display performance tips" classname="performance-monitoring.spec.ts" time="0">
<failure message="performance-monitoring.spec.ts:26:7 should display performance tips" type="FAILURE">
<![CDATA[  [Mobile Safari] › performance-monitoring.spec.ts:26:7 › Performance Monitoring › should display performance tips 

    Error: Cannot find module '/Users/nuno-peakros/Documents/Peakros OS/namedrop/playwright.config.ts'
    Require stack:
    - /Users/nuno-peakros/Documents/Peakros OS/namedrop/node_modules/playwright/lib/transform/transform.js
    - /Users/nuno-peakros/Documents/Peakros OS/namedrop/node_modules/playwright/lib/common/configLoader.js
    - /Users/nuno-peakros/Documents/Peakros OS/namedrop/node_modules/playwright/lib/worker/workerMain.js
    - /Users/nuno-peakros/Documents/Peakros OS/namedrop/node_modules/playwright/lib/common/process.js
]]>
</failure>
</testcase>
<testcase name="Performance Monitoring › should display performance standards" classname="performance-monitoring.spec.ts" time="0">
<failure message="performance-monitoring.spec.ts:35:7 should display performance standards" type="FAILURE">
<![CDATA[  [Mobile Safari] › performance-monitoring.spec.ts:35:7 › Performance Monitoring › should display performance standards 

    Error: Cannot find module '/Users/nuno-peakros/Documents/Peakros OS/namedrop/playwright.config.ts'
    Require stack:
    - /Users/nuno-peakros/Documents/Peakros OS/namedrop/node_modules/playwright/lib/transform/transform.js
    - /Users/nuno-peakros/Documents/Peakros OS/namedrop/node_modules/playwright/lib/common/configLoader.js
    - /Users/nuno-peakros/Documents/Peakros OS/namedrop/node_modules/playwright/lib/worker/workerMain.js
    - /Users/nuno-peakros/Documents/Peakros OS/namedrop/node_modules/playwright/lib/common/process.js
]]>
</failure>
</testcase>
<testcase name="Performance Monitoring › should show refresh button" classname="performance-monitoring.spec.ts" time="0">
<failure message="performance-monitoring.spec.ts:44:7 should show refresh button" type="FAILURE">
<![CDATA[  [Mobile Safari] › performance-monitoring.spec.ts:44:7 › Performance Monitoring › should show refresh button 

    Error: Cannot find module '/Users/nuno-peakros/Documents/Peakros OS/namedrop/playwright.config.ts'
    Require stack:
    - /Users/nuno-peakros/Documents/Peakros OS/namedrop/node_modules/playwright/lib/transform/transform.js
    - /Users/nuno-peakros/Documents/Peakros OS/namedrop/node_modules/playwright/lib/common/configLoader.js
    - /Users/nuno-peakros/Documents/Peakros OS/namedrop/node_modules/playwright/lib/worker/workerMain.js
    - /Users/nuno-peakros/Documents/Peakros OS/namedrop/node_modules/playwright/lib/common/process.js
]]>
</failure>
</testcase>
<testcase name="Performance Monitoring › should refresh metrics when button is clicked" classname="performance-monitoring.spec.ts" time="0">
<failure message="performance-monitoring.spec.ts:49:7 should refresh metrics when button is clicked" type="FAILURE">
<![CDATA[  [Mobile Safari] › performance-monitoring.spec.ts:49:7 › Performance Monitoring › should refresh metrics when button is clicked 

    Error: Cannot find module '/Users/nuno-peakros/Documents/Peakros OS/namedrop/playwright.config.ts'
    Require stack:
    - /Users/nuno-peakros/Documents/Peakros OS/namedrop/node_modules/playwright/lib/transform/transform.js
    - /Users/nuno-peakros/Documents/Peakros OS/namedrop/node_modules/playwright/lib/common/configLoader.js
    - /Users/nuno-peakros/Documents/Peakros OS/namedrop/node_modules/playwright/lib/worker/workerMain.js
    - /Users/nuno-peakros/Documents/Peakros OS/namedrop/node_modules/playwright/lib/common/process.js
]]>
</failure>
</testcase>
<testcase name="Performance Monitoring › should display performance score" classname="performance-monitoring.spec.ts" time="0">
<failure message="performance-monitoring.spec.ts:60:7 should display performance score" type="FAILURE">
<![CDATA[  [Mobile Safari] › performance-monitoring.spec.ts:60:7 › Performance Monitoring › should display performance score 

    Error: Cannot find module '/Users/nuno-peakros/Documents/Peakros OS/namedrop/playwright.config.ts'
    Require stack:
    - /Users/nuno-peakros/Documents/Peakros OS/namedrop/node_modules/playwright/lib/transform/transform.js
    - /Users/nuno-peakros/Documents/Peakros OS/namedrop/node_modules/playwright/lib/common/configLoader.js
    - /Users/nuno-peakros/Documents/Peakros OS/namedrop/node_modules/playwright/lib/worker/workerMain.js
    - /Users/nuno-peakros/Documents/Peakros OS/namedrop/node_modules/playwright/lib/common/process.js
]]>
</failure>
</testcase>
<testcase name="Performance Monitoring › should display bundle size information" classname="performance-monitoring.spec.ts" time="0">
<failure message="performance-monitoring.spec.ts:69:7 should display bundle size information" type="FAILURE">
<![CDATA[  [Mobile Safari] › performance-monitoring.spec.ts:69:7 › Performance Monitoring › should display bundle size information 

    Error: Cannot find module '/Users/nuno-peakros/Documents/Peakros OS/namedrop/playwright.config.ts'
    Require stack:
    - /Users/nuno-peakros/Documents/Peakros OS/namedrop/node_modules/playwright/lib/transform/transform.js
    - /Users/nuno-peakros/Documents/Peakros OS/namedrop/node_modules/playwright/lib/common/configLoader.js
    - /Users/nuno-peakros/Documents/Peakros OS/namedrop/node_modules/playwright/lib/worker/workerMain.js
    - /Users/nuno-peakros/Documents/Peakros OS/namedrop/node_modules/playwright/lib/common/process.js
]]>
</failure>
</testcase>
<testcase name="Performance Monitoring › should handle unsupported environment gracefully" classname="performance-monitoring.spec.ts" time="0">
<failure message="performance-monitoring.spec.ts:76:7 should handle unsupported environment gracefully" type="FAILURE">
<![CDATA[  [Mobile Safari] › performance-monitoring.spec.ts:76:7 › Performance Monitoring › should handle unsupported environment gracefully 

    Error: Cannot find module '/Users/nuno-peakros/Documents/Peakros OS/namedrop/playwright.config.ts'
    Require stack:
    - /Users/nuno-peakros/Documents/Peakros OS/namedrop/node_modules/playwright/lib/transform/transform.js
    - /Users/nuno-peakros/Documents/Peakros OS/namedrop/node_modules/playwright/lib/common/configLoader.js
    - /Users/nuno-peakros/Documents/Peakros OS/namedrop/node_modules/playwright/lib/worker/workerMain.js
    - /Users/nuno-peakros/Documents/Peakros OS/namedrop/node_modules/playwright/lib/common/process.js
]]>
</failure>
</testcase>
<testcase name="Performance Monitoring › should update metrics in real-time" classname="performance-monitoring.spec.ts" time="0">
<failure message="performance-monitoring.spec.ts:92:7 should update metrics in real-time" type="FAILURE">
<![CDATA[  [Mobile Safari] › performance-monitoring.spec.ts:92:7 › Performance Monitoring › should update metrics in real-time 

    Error: Cannot find module '/Users/nuno-peakros/Documents/Peakros OS/namedrop/playwright.config.ts'
    Require stack:
    - /Users/nuno-peakros/Documents/Peakros OS/namedrop/node_modules/playwright/lib/transform/transform.js
    - /Users/nuno-peakros/Documents/Peakros OS/namedrop/node_modules/playwright/lib/common/configLoader.js
    - /Users/nuno-peakros/Documents/Peakros OS/namedrop/node_modules/playwright/lib/worker/workerMain.js
    - /Users/nuno-peakros/Documents/Peakros OS/namedrop/node_modules/playwright/lib/common/process.js
]]>
</failure>
</testcase>
<testcase name="Performance Monitoring › should display performance recommendations" classname="performance-monitoring.spec.ts" time="0">
<failure message="performance-monitoring.spec.ts:106:7 should display performance recommendations" type="FAILURE">
<![CDATA[  [Mobile Safari] › performance-monitoring.spec.ts:106:7 › Performance Monitoring › should display performance recommendations 

    Error: Cannot find module '/Users/nuno-peakros/Documents/Peakros OS/namedrop/playwright.config.ts'
    Require stack:
    - /Users/nuno-peakros/Documents/Peakros OS/namedrop/node_modules/playwright/lib/transform/transform.js
    - /Users/nuno-peakros/Documents/Peakros OS/namedrop/node_modules/playwright/lib/common/configLoader.js
    - /Users/nuno-peakros/Documents/Peakros OS/namedrop/node_modules/playwright/lib/worker/workerMain.js
    - /Users/nuno-peakros/Documents/Peakros OS/namedrop/node_modules/playwright/lib/common/process.js
]]>
</failure>
</testcase>
<testcase name="Performance Monitoring › should show performance thresholds" classname="performance-monitoring.spec.ts" time="0">
<failure message="performance-monitoring.spec.ts:123:7 should show performance thresholds" type="FAILURE">
<![CDATA[  [Mobile Safari] › performance-monitoring.spec.ts:123:7 › Performance Monitoring › should show performance thresholds 

    Error: Cannot find module '/Users/nuno-peakros/Documents/Peakros OS/namedrop/playwright.config.ts'
    Require stack:
    - /Users/nuno-peakros/Documents/Peakros OS/namedrop/node_modules/playwright/lib/transform/transform.js
    - /Users/nuno-peakros/Documents/Peakros OS/namedrop/node_modules/playwright/lib/common/configLoader.js
    - /Users/nuno-peakros/Documents/Peakros OS/namedrop/node_modules/playwright/lib/worker/workerMain.js
    - /Users/nuno-peakros/Documents/Peakros OS/namedrop/node_modules/playwright/lib/common/process.js
]]>
</failure>
</testcase>
<testcase name="Performance Monitoring › should be responsive on mobile" classname="performance-monitoring.spec.ts" time="0">
<failure message="performance-monitoring.spec.ts:131:7 should be responsive on mobile" type="FAILURE">
<![CDATA[  [Mobile Safari] › performance-monitoring.spec.ts:131:7 › Performance Monitoring › should be responsive on mobile 

    Error: Cannot find module '/Users/nuno-peakros/Documents/Peakros OS/namedrop/playwright.config.ts'
    Require stack:
    - /Users/nuno-peakros/Documents/Peakros OS/namedrop/node_modules/playwright/lib/transform/transform.js
    - /Users/nuno-peakros/Documents/Peakros OS/namedrop/node_modules/playwright/lib/common/configLoader.js
    - /Users/nuno-peakros/Documents/Peakros OS/namedrop/node_modules/playwright/lib/worker/workerMain.js
    - /Users/nuno-peakros/Documents/Peakros OS/namedrop/node_modules/playwright/lib/common/process.js
]]>
</failure>
</testcase>
<testcase name="Performance Monitoring › should be responsive on tablet" classname="performance-monitoring.spec.ts" time="0">
<failure message="performance-monitoring.spec.ts:141:7 should be responsive on tablet" type="FAILURE">
<![CDATA[  [Mobile Safari] › performance-monitoring.spec.ts:141:7 › Performance Monitoring › should be responsive on tablet 

    Error: Cannot find module '/Users/nuno-peakros/Documents/Peakros OS/namedrop/playwright.config.ts'
    Require stack:
    - /Users/nuno-peakros/Documents/Peakros OS/namedrop/node_modules/playwright/lib/transform/transform.js
    - /Users/nuno-peakros/Documents/Peakros OS/namedrop/node_modules/playwright/lib/common/configLoader.js
    - /Users/nuno-peakros/Documents/Peakros OS/namedrop/node_modules/playwright/lib/worker/workerMain.js
    - /Users/nuno-peakros/Documents/Peakros OS/namedrop/node_modules/playwright/lib/common/process.js
]]>
</failure>
</testcase>
<testcase name="Performance Monitoring › should be accessible" classname="performance-monitoring.spec.ts" time="0">
<failure message="performance-monitoring.spec.ts:151:7 should be accessible" type="FAILURE">
<![CDATA[  [Mobile Safari] › performance-monitoring.spec.ts:151:7 › Performance Monitoring › should be accessible 

    Error: Cannot find module '/Users/nuno-peakros/Documents/Peakros OS/namedrop/playwright.config.ts'
    Require stack:
    - /Users/nuno-peakros/Documents/Peakros OS/namedrop/node_modules/playwright/lib/transform/transform.js
    - /Users/nuno-peakros/Documents/Peakros OS/namedrop/node_modules/playwright/lib/common/configLoader.js
    - /Users/nuno-peakros/Documents/Peakros OS/namedrop/node_modules/playwright/lib/worker/workerMain.js
    - /Users/nuno-peakros/Documents/Peakros OS/namedrop/node_modules/playwright/lib/common/process.js
]]>
</failure>
</testcase>
</testsuite>
<testsuite name="security.spec.ts" timestamp="2025-10-02T17:03:39.228Z" hostname="Mobile Safari" tests="20" failures="20" skipped="0" time="0" errors="0">
<testcase name="Security › should prevent SQL injection in login form" classname="security.spec.ts" time="0">
<failure message="security.spec.ts:23:7 should prevent SQL injection in login form" type="FAILURE">
<![CDATA[  [Mobile Safari] › security.spec.ts:23:7 › Security › should prevent SQL injection in login form ──

    Error: Cannot find module '/Users/nuno-peakros/Documents/Peakros OS/namedrop/playwright.config.ts'
    Require stack:
    - /Users/nuno-peakros/Documents/Peakros OS/namedrop/node_modules/playwright/lib/transform/transform.js
    - /Users/nuno-peakros/Documents/Peakros OS/namedrop/node_modules/playwright/lib/common/configLoader.js
    - /Users/nuno-peakros/Documents/Peakros OS/namedrop/node_modules/playwright/lib/worker/workerMain.js
    - /Users/nuno-peakros/Documents/Peakros OS/namedrop/node_modules/playwright/lib/common/process.js
]]>
</failure>
</testcase>
<testcase name="Security › should prevent XSS in login form" classname="security.spec.ts" time="0">
<failure message="security.spec.ts:34:7 should prevent XSS in login form" type="FAILURE">
<![CDATA[  [Mobile Safari] › security.spec.ts:34:7 › Security › should prevent XSS in login form ────────────

    Error: Cannot find module '/Users/nuno-peakros/Documents/Peakros OS/namedrop/playwright.config.ts'
    Require stack:
    - /Users/nuno-peakros/Documents/Peakros OS/namedrop/node_modules/playwright/lib/transform/transform.js
    - /Users/nuno-peakros/Documents/Peakros OS/namedrop/node_modules/playwright/lib/common/configLoader.js
    - /Users/nuno-peakros/Documents/Peakros OS/namedrop/node_modules/playwright/lib/worker/workerMain.js
    - /Users/nuno-peakros/Documents/Peakros OS/namedrop/node_modules/playwright/lib/common/process.js
]]>
</failure>
</testcase>
<testcase name="Security › should enforce rate limiting on login attempts" classname="security.spec.ts" time="0">
<failure message="security.spec.ts:48:7 should enforce rate limiting on login attempts" type="FAILURE">
<![CDATA[  [Mobile Safari] › security.spec.ts:48:7 › Security › should enforce rate limiting on login attempts 

    Error: Cannot find module '/Users/nuno-peakros/Documents/Peakros OS/namedrop/playwright.config.ts'
    Require stack:
    - /Users/nuno-peakros/Documents/Peakros OS/namedrop/node_modules/playwright/lib/transform/transform.js
    - /Users/nuno-peakros/Documents/Peakros OS/namedrop/node_modules/playwright/lib/common/configLoader.js
    - /Users/nuno-peakros/Documents/Peakros OS/namedrop/node_modules/playwright/lib/worker/workerMain.js
    - /Users/nuno-peakros/Documents/Peakros OS/namedrop/node_modules/playwright/lib/common/process.js
]]>
</failure>
</testcase>
<testcase name="Security › should have proper security headers" classname="security.spec.ts" time="0">
<failure message="security.spec.ts:61:7 should have proper security headers" type="FAILURE">
<![CDATA[  [Mobile Safari] › security.spec.ts:61:7 › Security › should have proper security headers ─────────

    Error: Cannot find module '/Users/nuno-peakros/Documents/Peakros OS/namedrop/playwright.config.ts'
    Require stack:
    - /Users/nuno-peakros/Documents/Peakros OS/namedrop/node_modules/playwright/lib/transform/transform.js
    - /Users/nuno-peakros/Documents/Peakros OS/namedrop/node_modules/playwright/lib/common/configLoader.js
    - /Users/nuno-peakros/Documents/Peakros OS/namedrop/node_modules/playwright/lib/worker/workerMain.js
    - /Users/nuno-peakros/Documents/Peakros OS/namedrop/node_modules/playwright/lib/common/process.js
]]>
</failure>
</testcase>
<testcase name="Security › should prevent CSRF attacks" classname="security.spec.ts" time="0">
<failure message="security.spec.ts:72:7 should prevent CSRF attacks" type="FAILURE">
<![CDATA[  [Mobile Safari] › security.spec.ts:72:7 › Security › should prevent CSRF attacks ─────────────────

    Error: Cannot find module '/Users/nuno-peakros/Documents/Peakros OS/namedrop/playwright.config.ts'
    Require stack:
    - /Users/nuno-peakros/Documents/Peakros OS/namedrop/node_modules/playwright/lib/transform/transform.js
    - /Users/nuno-peakros/Documents/Peakros OS/namedrop/node_modules/playwright/lib/common/configLoader.js
    - /Users/nuno-peakros/Documents/Peakros OS/namedrop/node_modules/playwright/lib/worker/workerMain.js
    - /Users/nuno-peakros/Documents/Peakros OS/namedrop/node_modules/playwright/lib/common/process.js
]]>
</failure>
</testcase>
<testcase name="Security › should validate file uploads" classname="security.spec.ts" time="0">
<failure message="security.spec.ts:85:7 should validate file uploads" type="FAILURE">
<![CDATA[  [Mobile Safari] › security.spec.ts:85:7 › Security › should validate file uploads ────────────────

    Error: Cannot find module '/Users/nuno-peakros/Documents/Peakros OS/namedrop/playwright.config.ts'
    Require stack:
    - /Users/nuno-peakros/Documents/Peakros OS/namedrop/node_modules/playwright/lib/transform/transform.js
    - /Users/nuno-peakros/Documents/Peakros OS/namedrop/node_modules/playwright/lib/common/configLoader.js
    - /Users/nuno-peakros/Documents/Peakros OS/namedrop/node_modules/playwright/lib/worker/workerMain.js
    - /Users/nuno-peakros/Documents/Peakros OS/namedrop/node_modules/playwright/lib/common/process.js
]]>
</failure>
</testcase>
<testcase name="Security › should prevent directory traversal" classname="security.spec.ts" time="0">
<failure message="security.spec.ts:107:7 should prevent directory traversal" type="FAILURE">
<![CDATA[  [Mobile Safari] › security.spec.ts:107:7 › Security › should prevent directory traversal ─────────

    Error: Cannot find module '/Users/nuno-peakros/Documents/Peakros OS/namedrop/playwright.config.ts'
    Require stack:
    - /Users/nuno-peakros/Documents/Peakros OS/namedrop/node_modules/playwright/lib/transform/transform.js
    - /Users/nuno-peakros/Documents/Peakros OS/namedrop/node_modules/playwright/lib/common/configLoader.js
    - /Users/nuno-peakros/Documents/Peakros OS/namedrop/node_modules/playwright/lib/worker/workerMain.js
    - /Users/nuno-peakros/Documents/Peakros OS/namedrop/node_modules/playwright/lib/common/process.js
]]>
</failure>
</testcase>
<testcase name="Security › should enforce HTTPS in production" classname="security.spec.ts" time="0">
<failure message="security.spec.ts:122:7 should enforce HTTPS in production" type="FAILURE">
<![CDATA[  [Mobile Safari] › security.spec.ts:122:7 › Security › should enforce HTTPS in production ─────────

    Error: Cannot find module '/Users/nuno-peakros/Documents/Peakros OS/namedrop/playwright.config.ts'
    Require stack:
    - /Users/nuno-peakros/Documents/Peakros OS/namedrop/node_modules/playwright/lib/transform/transform.js
    - /Users/nuno-peakros/Documents/Peakros OS/namedrop/node_modules/playwright/lib/common/configLoader.js
    - /Users/nuno-peakros/Documents/Peakros OS/namedrop/node_modules/playwright/lib/worker/workerMain.js
    - /Users/nuno-peakros/Documents/Peakros OS/namedrop/node_modules/playwright/lib/common/process.js
]]>
</failure>
</testcase>
<testcase name="Security › should prevent clickjacking" classname="security.spec.ts" time="0">
<failure message="security.spec.ts:129:7 should prevent clickjacking" type="FAILURE">
<![CDATA[  [Mobile Safari] › security.spec.ts:129:7 › Security › should prevent clickjacking ────────────────

    Error: Cannot find module '/Users/nuno-peakros/Documents/Peakros OS/namedrop/playwright.config.ts'
    Require stack:
    - /Users/nuno-peakros/Documents/Peakros OS/namedrop/node_modules/playwright/lib/transform/transform.js
    - /Users/nuno-peakros/Documents/Peakros OS/namedrop/node_modules/playwright/lib/common/configLoader.js
    - /Users/nuno-peakros/Documents/Peakros OS/namedrop/node_modules/playwright/lib/worker/workerMain.js
    - /Users/nuno-peakros/Documents/Peakros OS/namedrop/node_modules/playwright/lib/common/process.js
]]>
</failure>
</testcase>
<testcase name="Security › should validate input length limits" classname="security.spec.ts" time="0">
<failure message="security.spec.ts:137:7 should validate input length limits" type="FAILURE">
<![CDATA[  [Mobile Safari] › security.spec.ts:137:7 › Security › should validate input length limits ────────

    Error: Cannot find module '/Users/nuno-peakros/Documents/Peakros OS/namedrop/playwright.config.ts'
    Require stack:
    - /Users/nuno-peakros/Documents/Peakros OS/namedrop/node_modules/playwright/lib/transform/transform.js
    - /Users/nuno-peakros/Documents/Peakros OS/namedrop/node_modules/playwright/lib/common/configLoader.js
    - /Users/nuno-peakros/Documents/Peakros OS/namedrop/node_modules/playwright/lib/worker/workerMain.js
    - /Users/nuno-peakros/Documents/Peakros OS/namedrop/node_modules/playwright/lib/common/process.js
]]>
</failure>
</testcase>
<testcase name="Security › should prevent open redirects" classname="security.spec.ts" time="0">
<failure message="security.spec.ts:149:7 should prevent open redirects" type="FAILURE">
<![CDATA[  [Mobile Safari] › security.spec.ts:149:7 › Security › should prevent open redirects ──────────────

    Error: Cannot find module '/Users/nuno-peakros/Documents/Peakros OS/namedrop/playwright.config.ts'
    Require stack:
    - /Users/nuno-peakros/Documents/Peakros OS/namedrop/node_modules/playwright/lib/transform/transform.js
    - /Users/nuno-peakros/Documents/Peakros OS/namedrop/node_modules/playwright/lib/common/configLoader.js
    - /Users/nuno-peakros/Documents/Peakros OS/namedrop/node_modules/playwright/lib/worker/workerMain.js
    - /Users/nuno-peakros/Documents/Peakros OS/namedrop/node_modules/playwright/lib/common/process.js
]]>
</failure>
</testcase>
<testcase name="Security › should sanitize user input in display" classname="security.spec.ts" time="0">
<failure message="security.spec.ts:167:7 should sanitize user input in display" type="FAILURE">
<![CDATA[  [Mobile Safari] › security.spec.ts:167:7 › Security › should sanitize user input in display ──────

    Error: Cannot find module '/Users/nuno-peakros/Documents/Peakros OS/namedrop/playwright.config.ts'
    Require stack:
    - /Users/nuno-peakros/Documents/Peakros OS/namedrop/node_modules/playwright/lib/transform/transform.js
    - /Users/nuno-peakros/Documents/Peakros OS/namedrop/node_modules/playwright/lib/common/configLoader.js
    - /Users/nuno-peakros/Documents/Peakros OS/namedrop/node_modules/playwright/lib/worker/workerMain.js
    - /Users/nuno-peakros/Documents/Peakros OS/namedrop/node_modules/playwright/lib/common/process.js
]]>
</failure>
</testcase>
<testcase name="Security › should enforce session timeout" classname="security.spec.ts" time="0">
<failure message="security.spec.ts:187:7 should enforce session timeout" type="FAILURE">
<![CDATA[  [Mobile Safari] › security.spec.ts:187:7 › Security › should enforce session timeout ─────────────

    Error: Cannot find module '/Users/nuno-peakros/Documents/Peakros OS/namedrop/playwright.config.ts'
    Require stack:
    - /Users/nuno-peakros/Documents/Peakros OS/namedrop/node_modules/playwright/lib/transform/transform.js
    - /Users/nuno-peakros/Documents/Peakros OS/namedrop/node_modules/playwright/lib/common/configLoader.js
    - /Users/nuno-peakros/Documents/Peakros OS/namedrop/node_modules/playwright/lib/worker/workerMain.js
    - /Users/nuno-peakros/Documents/Peakros OS/namedrop/node_modules/playwright/lib/common/process.js
]]>
</failure>
</testcase>
<testcase name="Security › should prevent privilege escalation" classname="security.spec.ts" time="0">
<failure message="security.spec.ts:203:7 should prevent privilege escalation" type="FAILURE">
<![CDATA[  [Mobile Safari] › security.spec.ts:203:7 › Security › should prevent privilege escalation ────────

    Error: Cannot find module '/Users/nuno-peakros/Documents/Peakros OS/namedrop/playwright.config.ts'
    Require stack:
    - /Users/nuno-peakros/Documents/Peakros OS/namedrop/node_modules/playwright/lib/transform/transform.js
    - /Users/nuno-peakros/Documents/Peakros OS/namedrop/node_modules/playwright/lib/common/configLoader.js
    - /Users/nuno-peakros/Documents/Peakros OS/namedrop/node_modules/playwright/lib/worker/workerMain.js
    - /Users/nuno-peakros/Documents/Peakros OS/namedrop/node_modules/playwright/lib/common/process.js
]]>
</failure>
</testcase>
<testcase name="Security › should validate CSRF tokens on state-changing requests" classname="security.spec.ts" time="0">
<failure message="security.spec.ts:216:7 should validate CSRF tokens on state-changing requests" type="FAILURE">
<![CDATA[  [Mobile Safari] › security.spec.ts:216:7 › Security › should validate CSRF tokens on state-changing requests 

    Error: Cannot find module '/Users/nuno-peakros/Documents/Peakros OS/namedrop/playwright.config.ts'
    Require stack:
    - /Users/nuno-peakros/Documents/Peakros OS/namedrop/node_modules/playwright/lib/transform/transform.js
    - /Users/nuno-peakros/Documents/Peakros OS/namedrop/node_modules/playwright/lib/common/configLoader.js
    - /Users/nuno-peakros/Documents/Peakros OS/namedrop/node_modules/playwright/lib/worker/workerMain.js
    - /Users/nuno-peakros/Documents/Peakros OS/namedrop/node_modules/playwright/lib/common/process.js
]]>
</failure>
</testcase>
<testcase name="Security › should prevent information disclosure in error messages" classname="security.spec.ts" time="0">
<failure message="security.spec.ts:234:7 should prevent information disclosure in error messages" type="FAILURE">
<![CDATA[  [Mobile Safari] › security.spec.ts:234:7 › Security › should prevent information disclosure in error messages 

    Error: Cannot find module '/Users/nuno-peakros/Documents/Peakros OS/namedrop/playwright.config.ts'
    Require stack:
    - /Users/nuno-peakros/Documents/Peakros OS/namedrop/node_modules/playwright/lib/transform/transform.js
    - /Users/nuno-peakros/Documents/Peakros OS/namedrop/node_modules/playwright/lib/common/configLoader.js
    - /Users/nuno-peakros/Documents/Peakros OS/namedrop/node_modules/playwright/lib/worker/workerMain.js
    - /Users/nuno-peakros/Documents/Peakros OS/namedrop/node_modules/playwright/lib/common/process.js
]]>
</failure>
</testcase>
<testcase name="Security › should enforce content security policy" classname="security.spec.ts" time="0">
<failure message="security.spec.ts:245:7 should enforce content security policy" type="FAILURE">
<![CDATA[  [Mobile Safari] › security.spec.ts:245:7 › Security › should enforce content security policy ─────

    Error: Cannot find module '/Users/nuno-peakros/Documents/Peakros OS/namedrop/playwright.config.ts'
    Require stack:
    - /Users/nuno-peakros/Documents/Peakros OS/namedrop/node_modules/playwright/lib/transform/transform.js
    - /Users/nuno-peakros/Documents/Peakros OS/namedrop/node_modules/playwright/lib/common/configLoader.js
    - /Users/nuno-peakros/Documents/Peakros OS/namedrop/node_modules/playwright/lib/worker/workerMain.js
    - /Users/nuno-peakros/Documents/Peakros OS/namedrop/node_modules/playwright/lib/common/process.js
]]>
</failure>
</testcase>
<testcase name="Security › should prevent timing attacks" classname="security.spec.ts" time="0">
<failure message="security.spec.ts:254:7 should prevent timing attacks" type="FAILURE">
<![CDATA[  [Mobile Safari] › security.spec.ts:254:7 › Security › should prevent timing attacks ──────────────

    Error: Cannot find module '/Users/nuno-peakros/Documents/Peakros OS/namedrop/playwright.config.ts'
    Require stack:
    - /Users/nuno-peakros/Documents/Peakros OS/namedrop/node_modules/playwright/lib/transform/transform.js
    - /Users/nuno-peakros/Documents/Peakros OS/namedrop/node_modules/playwright/lib/common/configLoader.js
    - /Users/nuno-peakros/Documents/Peakros OS/namedrop/node_modules/playwright/lib/worker/workerMain.js
    - /Users/nuno-peakros/Documents/Peakros OS/namedrop/node_modules/playwright/lib/common/process.js
]]>
</failure>
</testcase>
<testcase name="Security › should handle security headers correctly" classname="security.spec.ts" time="0">
<failure message="security.spec.ts:278:7 should handle security headers correctly" type="FAILURE">
<![CDATA[  [Mobile Safari] › security.spec.ts:278:7 › Security › should handle security headers correctly ───

    Error: Cannot find module '/Users/nuno-peakros/Documents/Peakros OS/namedrop/playwright.config.ts'
    Require stack:
    - /Users/nuno-peakros/Documents/Peakros OS/namedrop/node_modules/playwright/lib/transform/transform.js
    - /Users/nuno-peakros/Documents/Peakros OS/namedrop/node_modules/playwright/lib/common/configLoader.js
    - /Users/nuno-peakros/Documents/Peakros OS/namedrop/node_modules/playwright/lib/worker/workerMain.js
    - /Users/nuno-peakros/Documents/Peakros OS/namedrop/node_modules/playwright/lib/common/process.js
]]>
</failure>
</testcase>
<testcase name="Security › should prevent brute force attacks" classname="security.spec.ts" time="0">
<failure message="security.spec.ts:289:7 should prevent brute force attacks" type="FAILURE">
<![CDATA[  [Mobile Safari] › security.spec.ts:289:7 › Security › should prevent brute force attacks ─────────

    Error: Cannot find module '/Users/nuno-peakros/Documents/Peakros OS/namedrop/playwright.config.ts'
    Require stack:
    - /Users/nuno-peakros/Documents/Peakros OS/namedrop/node_modules/playwright/lib/transform/transform.js
    - /Users/nuno-peakros/Documents/Peakros OS/namedrop/node_modules/playwright/lib/common/configLoader.js
    - /Users/nuno-peakros/Documents/Peakros OS/namedrop/node_modules/playwright/lib/worker/workerMain.js
    - /Users/nuno-peakros/Documents/Peakros OS/namedrop/node_modules/playwright/lib/common/process.js
]]>
</failure>
</testcase>
</testsuite>
<testsuite name="user-management.spec.ts" timestamp="2025-10-02T17:03:39.228Z" hostname="Mobile Safari" tests="18" failures="18" skipped="0" time="0" errors="0">
<testcase name="User Management Flow › should display user management interface correctly" classname="user-management.spec.ts" time="0">
<failure message="user-management.spec.ts:137:7 should display user management interface correctly" type="FAILURE">
<![CDATA[  [Mobile Safari] › user-management.spec.ts:137:7 › User Management Flow › should display user management interface correctly 

    Error: Cannot find module '/Users/nuno-peakros/Documents/Peakros OS/namedrop/playwright.config.ts'
    Require stack:
    - /Users/nuno-peakros/Documents/Peakros OS/namedrop/node_modules/playwright/lib/transform/transform.js
    - /Users/nuno-peakros/Documents/Peakros OS/namedrop/node_modules/playwright/lib/common/configLoader.js
    - /Users/nuno-peakros/Documents/Peakros OS/namedrop/node_modules/playwright/lib/worker/workerMain.js
    - /Users/nuno-peakros/Documents/Peakros OS/namedrop/node_modules/playwright/lib/common/process.js
]]>
</failure>
</testcase>
<testcase name="User Management Flow › should search users correctly" classname="user-management.spec.ts" time="0">
<failure message="user-management.spec.ts:158:7 should search users correctly" type="FAILURE">
<![CDATA[  [Mobile Safari] › user-management.spec.ts:158:7 › User Management Flow › should search users correctly 

    Error: Cannot find module '/Users/nuno-peakros/Documents/Peakros OS/namedrop/playwright.config.ts'
    Require stack:
    - /Users/nuno-peakros/Documents/Peakros OS/namedrop/node_modules/playwright/lib/transform/transform.js
    - /Users/nuno-peakros/Documents/Peakros OS/namedrop/node_modules/playwright/lib/common/configLoader.js
    - /Users/nuno-peakros/Documents/Peakros OS/namedrop/node_modules/playwright/lib/worker/workerMain.js
    - /Users/nuno-peakros/Documents/Peakros OS/namedrop/node_modules/playwright/lib/common/process.js
]]>
</failure>
</testcase>
<testcase name="User Management Flow › should filter users by role" classname="user-management.spec.ts" time="0">
<failure message="user-management.spec.ts:169:7 should filter users by role" type="FAILURE">
<![CDATA[  [Mobile Safari] › user-management.spec.ts:169:7 › User Management Flow › should filter users by role 

    Error: Cannot find module '/Users/nuno-peakros/Documents/Peakros OS/namedrop/playwright.config.ts'
    Require stack:
    - /Users/nuno-peakros/Documents/Peakros OS/namedrop/node_modules/playwright/lib/transform/transform.js
    - /Users/nuno-peakros/Documents/Peakros OS/namedrop/node_modules/playwright/lib/common/configLoader.js
    - /Users/nuno-peakros/Documents/Peakros OS/namedrop/node_modules/playwright/lib/worker/workerMain.js
    - /Users/nuno-peakros/Documents/Peakros OS/namedrop/node_modules/playwright/lib/common/process.js
]]>
</failure>
</testcase>
<testcase name="User Management Flow › should filter users by status" classname="user-management.spec.ts" time="0">
<failure message="user-management.spec.ts:181:7 should filter users by status" type="FAILURE">
<![CDATA[  [Mobile Safari] › user-management.spec.ts:181:7 › User Management Flow › should filter users by status 

    Error: Cannot find module '/Users/nuno-peakros/Documents/Peakros OS/namedrop/playwright.config.ts'
    Require stack:
    - /Users/nuno-peakros/Documents/Peakros OS/namedrop/node_modules/playwright/lib/transform/transform.js
    - /Users/nuno-peakros/Documents/Peakros OS/namedrop/node_modules/playwright/lib/common/configLoader.js
    - /Users/nuno-peakros/Documents/Peakros OS/namedrop/node_modules/playwright/lib/worker/workerMain.js
    - /Users/nuno-peakros/Documents/Peakros OS/namedrop/node_modules/playwright/lib/common/process.js
]]>
</failure>
</testcase>
<testcase name="User Management Flow › should create a new user" classname="user-management.spec.ts" time="0">
<failure message="user-management.spec.ts:193:7 should create a new user" type="FAILURE">
<![CDATA[  [Mobile Safari] › user-management.spec.ts:193:7 › User Management Flow › should create a new user 

    Error: Cannot find module '/Users/nuno-peakros/Documents/Peakros OS/namedrop/playwright.config.ts'
    Require stack:
    - /Users/nuno-peakros/Documents/Peakros OS/namedrop/node_modules/playwright/lib/transform/transform.js
    - /Users/nuno-peakros/Documents/Peakros OS/namedrop/node_modules/playwright/lib/common/configLoader.js
    - /Users/nuno-peakros/Documents/Peakros OS/namedrop/node_modules/playwright/lib/worker/workerMain.js
    - /Users/nuno-peakros/Documents/Peakros OS/namedrop/node_modules/playwright/lib/common/process.js
]]>
</failure>
</testcase>
<testcase name="User Management Flow › should select users for bulk operations" classname="user-management.spec.ts" time="0">
<failure message="user-management.spec.ts:203:7 should select users for bulk operations" type="FAILURE">
<![CDATA[  [Mobile Safari] › user-management.spec.ts:203:7 › User Management Flow › should select users for bulk operations 

    Error: Cannot find module '/Users/nuno-peakros/Documents/Peakros OS/namedrop/playwright.config.ts'
    Require stack:
    - /Users/nuno-peakros/Documents/Peakros OS/namedrop/node_modules/playwright/lib/transform/transform.js
    - /Users/nuno-peakros/Documents/Peakros OS/namedrop/node_modules/playwright/lib/common/configLoader.js
    - /Users/nuno-peakros/Documents/Peakros OS/namedrop/node_modules/playwright/lib/worker/workerMain.js
    - /Users/nuno-peakros/Documents/Peakros OS/namedrop/node_modules/playwright/lib/common/process.js
]]>
</failure>
</testcase>
<testcase name="User Management Flow › should select all users" classname="user-management.spec.ts" time="0">
<failure message="user-management.spec.ts:216:7 should select all users" type="FAILURE">
<![CDATA[  [Mobile Safari] › user-management.spec.ts:216:7 › User Management Flow › should select all users ─

    Error: Cannot find module '/Users/nuno-peakros/Documents/Peakros OS/namedrop/playwright.config.ts'
    Require stack:
    - /Users/nuno-peakros/Documents/Peakros OS/namedrop/node_modules/playwright/lib/transform/transform.js
    - /Users/nuno-peakros/Documents/Peakros OS/namedrop/node_modules/playwright/lib/common/configLoader.js
    - /Users/nuno-peakros/Documents/Peakros OS/namedrop/node_modules/playwright/lib/worker/workerMain.js
    - /Users/nuno-peakros/Documents/Peakros OS/namedrop/node_modules/playwright/lib/common/process.js
]]>
</failure>
</testcase>
<testcase name="User Management Flow › should toggle user status" classname="user-management.spec.ts" time="0">
<failure message="user-management.spec.ts:229:7 should toggle user status" type="FAILURE">
<![CDATA[  [Mobile Safari] › user-management.spec.ts:229:7 › User Management Flow › should toggle user status 

    Error: Cannot find module '/Users/nuno-peakros/Documents/Peakros OS/namedrop/playwright.config.ts'
    Require stack:
    - /Users/nuno-peakros/Documents/Peakros OS/namedrop/node_modules/playwright/lib/transform/transform.js
    - /Users/nuno-peakros/Documents/Peakros OS/namedrop/node_modules/playwright/lib/common/configLoader.js
    - /Users/nuno-peakros/Documents/Peakros OS/namedrop/node_modules/playwright/lib/worker/workerMain.js
    - /Users/nuno-peakros/Documents/Peakros OS/namedrop/node_modules/playwright/lib/common/process.js
]]>
</failure>
</testcase>
<testcase name="User Management Flow › should resend verification email" classname="user-management.spec.ts" time="0">
<failure message="user-management.spec.ts:242:7 should resend verification email" type="FAILURE">
<![CDATA[  [Mobile Safari] › user-management.spec.ts:242:7 › User Management Flow › should resend verification email 

    Error: Cannot find module '/Users/nuno-peakros/Documents/Peakros OS/namedrop/playwright.config.ts'
    Require stack:
    - /Users/nuno-peakros/Documents/Peakros OS/namedrop/node_modules/playwright/lib/transform/transform.js
    - /Users/nuno-peakros/Documents/Peakros OS/namedrop/node_modules/playwright/lib/common/configLoader.js
    - /Users/nuno-peakros/Documents/Peakros OS/namedrop/node_modules/playwright/lib/worker/workerMain.js
    - /Users/nuno-peakros/Documents/Peakros OS/namedrop/node_modules/playwright/lib/common/process.js
]]>
</failure>
</testcase>
<testcase name="User Management Flow › should delete a user" classname="user-management.spec.ts" time="0">
<failure message="user-management.spec.ts:266:7 should delete a user" type="FAILURE">
<![CDATA[  [Mobile Safari] › user-management.spec.ts:266:7 › User Management Flow › should delete a user ────

    Error: Cannot find module '/Users/nuno-peakros/Documents/Peakros OS/namedrop/playwright.config.ts'
    Require stack:
    - /Users/nuno-peakros/Documents/Peakros OS/namedrop/node_modules/playwright/lib/transform/transform.js
    - /Users/nuno-peakros/Documents/Peakros OS/namedrop/node_modules/playwright/lib/common/configLoader.js
    - /Users/nuno-peakros/Documents/Peakros OS/namedrop/node_modules/playwright/lib/worker/workerMain.js
    - /Users/nuno-peakros/Documents/Peakros OS/namedrop/node_modules/playwright/lib/common/process.js
]]>
</failure>
</testcase>
<testcase name="User Management Flow › should handle pagination" classname="user-management.spec.ts" time="0">
<failure message="user-management.spec.ts:285:7 should handle pagination" type="FAILURE">
<![CDATA[  [Mobile Safari] › user-management.spec.ts:285:7 › User Management Flow › should handle pagination 

    Error: Cannot find module '/Users/nuno-peakros/Documents/Peakros OS/namedrop/playwright.config.ts'
    Require stack:
    - /Users/nuno-peakros/Documents/Peakros OS/namedrop/node_modules/playwright/lib/transform/transform.js
    - /Users/nuno-peakros/Documents/Peakros OS/namedrop/node_modules/playwright/lib/common/configLoader.js
    - /Users/nuno-peakros/Documents/Peakros OS/namedrop/node_modules/playwright/lib/worker/workerMain.js
    - /Users/nuno-peakros/Documents/Peakros OS/namedrop/node_modules/playwright/lib/common/process.js
]]>
</failure>
</testcase>
<testcase name="User Management Flow › should display loading state" classname="user-management.spec.ts" time="0">
<failure message="user-management.spec.ts:328:7 should display loading state" type="FAILURE">
<![CDATA[  [Mobile Safari] › user-management.spec.ts:328:7 › User Management Flow › should display loading state 

    Error: Cannot find module '/Users/nuno-peakros/Documents/Peakros OS/namedrop/playwright.config.ts'
    Require stack:
    - /Users/nuno-peakros/Documents/Peakros OS/namedrop/node_modules/playwright/lib/transform/transform.js
    - /Users/nuno-peakros/Documents/Peakros OS/namedrop/node_modules/playwright/lib/common/configLoader.js
    - /Users/nuno-peakros/Documents/Peakros OS/namedrop/node_modules/playwright/lib/worker/workerMain.js
    - /Users/nuno-peakros/Documents/Peakros OS/namedrop/node_modules/playwright/lib/common/process.js
]]>
</failure>
</testcase>
<testcase name="User Management Flow › should display error state" classname="user-management.spec.ts" time="0">
<failure message="user-management.spec.ts:346:7 should display error state" type="FAILURE">
<![CDATA[  [Mobile Safari] › user-management.spec.ts:346:7 › User Management Flow › should display error state 

    Error: Cannot find module '/Users/nuno-peakros/Documents/Peakros OS/namedrop/playwright.config.ts'
    Require stack:
    - /Users/nuno-peakros/Documents/Peakros OS/namedrop/node_modules/playwright/lib/transform/transform.js
    - /Users/nuno-peakros/Documents/Peakros OS/namedrop/node_modules/playwright/lib/common/configLoader.js
    - /Users/nuno-peakros/Documents/Peakros OS/namedrop/node_modules/playwright/lib/worker/workerMain.js
    - /Users/nuno-peakros/Documents/Peakros OS/namedrop/node_modules/playwright/lib/common/process.js
]]>
</failure>
</testcase>
<testcase name="User Management Flow › should display empty state when no users found" classname="user-management.spec.ts" time="0">
<failure message="user-management.spec.ts:369:7 should display empty state when no users found" type="FAILURE">
<![CDATA[  [Mobile Safari] › user-management.spec.ts:369:7 › User Management Flow › should display empty state when no users found 

    Error: Cannot find module '/Users/nuno-peakros/Documents/Peakros OS/namedrop/playwright.config.ts'
    Require stack:
    - /Users/nuno-peakros/Documents/Peakros OS/namedrop/node_modules/playwright/lib/transform/transform.js
    - /Users/nuno-peakros/Documents/Peakros OS/namedrop/node_modules/playwright/lib/common/configLoader.js
    - /Users/nuno-peakros/Documents/Peakros OS/namedrop/node_modules/playwright/lib/worker/workerMain.js
    - /Users/nuno-peakros/Documents/Peakros OS/namedrop/node_modules/playwright/lib/common/process.js
]]>
</failure>
</testcase>
<testcase name="User Management Flow › should handle search with no results" classname="user-management.spec.ts" time="0">
<failure message="user-management.spec.ts:401:7 should handle search with no results" type="FAILURE">
<![CDATA[  [Mobile Safari] › user-management.spec.ts:401:7 › User Management Flow › should handle search with no results 

    Error: Cannot find module '/Users/nuno-peakros/Documents/Peakros OS/namedrop/playwright.config.ts'
    Require stack:
    - /Users/nuno-peakros/Documents/Peakros OS/namedrop/node_modules/playwright/lib/transform/transform.js
    - /Users/nuno-peakros/Documents/Peakros OS/namedrop/node_modules/playwright/lib/common/configLoader.js
    - /Users/nuno-peakros/Documents/Peakros OS/namedrop/node_modules/playwright/lib/worker/workerMain.js
    - /Users/nuno-peakros/Documents/Peakros OS/namedrop/node_modules/playwright/lib/common/process.js
]]>
</failure>
</testcase>
<testcase name="User Management Flow › should be responsive on mobile devices" classname="user-management.spec.ts" time="0">
<failure message="user-management.spec.ts:441:7 should be responsive on mobile devices" type="FAILURE">
<![CDATA[  [Mobile Safari] › user-management.spec.ts:441:7 › User Management Flow › should be responsive on mobile devices 

    Error: Cannot find module '/Users/nuno-peakros/Documents/Peakros OS/namedrop/playwright.config.ts'
    Require stack:
    - /Users/nuno-peakros/Documents/Peakros OS/namedrop/node_modules/playwright/lib/transform/transform.js
    - /Users/nuno-peakros/Documents/Peakros OS/namedrop/node_modules/playwright/lib/common/configLoader.js
    - /Users/nuno-peakros/Documents/Peakros OS/namedrop/node_modules/playwright/lib/worker/workerMain.js
    - /Users/nuno-peakros/Documents/Peakros OS/namedrop/node_modules/playwright/lib/common/process.js
]]>
</failure>
</testcase>
<testcase name="User Management Flow › should have proper accessibility attributes" classname="user-management.spec.ts" time="0">
<failure message="user-management.spec.ts:455:7 should have proper accessibility attributes" type="FAILURE">
<![CDATA[  [Mobile Safari] › user-management.spec.ts:455:7 › User Management Flow › should have proper accessibility attributes 

    Error: Cannot find module '/Users/nuno-peakros/Documents/Peakros OS/namedrop/playwright.config.ts'
    Require stack:
    - /Users/nuno-peakros/Documents/Peakros OS/namedrop/node_modules/playwright/lib/transform/transform.js
    - /Users/nuno-peakros/Documents/Peakros OS/namedrop/node_modules/playwright/lib/common/configLoader.js
    - /Users/nuno-peakros/Documents/Peakros OS/namedrop/node_modules/playwright/lib/worker/workerMain.js
    - /Users/nuno-peakros/Documents/Peakros OS/namedrop/node_modules/playwright/lib/common/process.js
]]>
</failure>
</testcase>
<testcase name="User Management Flow › should handle keyboard navigation" classname="user-management.spec.ts" time="0">
<failure message="user-management.spec.ts:475:7 should handle keyboard navigation" type="FAILURE">
<![CDATA[  [Mobile Safari] › user-management.spec.ts:475:7 › User Management Flow › should handle keyboard navigation 

    Error: Cannot find module '/Users/nuno-peakros/Documents/Peakros OS/namedrop/playwright.config.ts'
    Require stack:
    - /Users/nuno-peakros/Documents/Peakros OS/namedrop/node_modules/playwright/lib/transform/transform.js
    - /Users/nuno-peakros/Documents/Peakros OS/namedrop/node_modules/playwright/lib/common/configLoader.js
    - /Users/nuno-peakros/Documents/Peakros OS/namedrop/node_modules/playwright/lib/worker/workerMain.js
    - /Users/nuno-peakros/Documents/Peakros OS/namedrop/node_modules/playwright/lib/common/process.js
]]>
</failure>
</testcase>
</testsuite>
<testsuite name="accessibility.spec.ts" timestamp="2025-10-02T17:03:39.228Z" hostname="Microsoft Edge" tests="16" failures="16" skipped="0" time="0" errors="0">
<testcase name="Accessibility › should have proper heading structure" classname="accessibility.spec.ts" time="0">
<failure message="accessibility.spec.ts:21:7 should have proper heading structure" type="FAILURE">
<![CDATA[  [Microsoft Edge] › accessibility.spec.ts:21:7 › Accessibility › should have proper heading structure 

    Error: Cannot find module '/Users/nuno-peakros/Documents/Peakros OS/namedrop/playwright.config.ts'
    Require stack:
    - /Users/nuno-peakros/Documents/Peakros OS/namedrop/node_modules/playwright/lib/transform/transform.js
    - /Users/nuno-peakros/Documents/Peakros OS/namedrop/node_modules/playwright/lib/common/configLoader.js
    - /Users/nuno-peakros/Documents/Peakros OS/namedrop/node_modules/playwright/lib/worker/workerMain.js
    - /Users/nuno-peakros/Documents/Peakros OS/namedrop/node_modules/playwright/lib/common/process.js
]]>
</failure>
</testcase>
<testcase name="Accessibility › should be keyboard navigable" classname="accessibility.spec.ts" time="0">
<failure message="accessibility.spec.ts:28:7 should be keyboard navigable" type="FAILURE">
<![CDATA[  [Microsoft Edge] › accessibility.spec.ts:28:7 › Accessibility › should be keyboard navigable ─────

    Error: Cannot find module '/Users/nuno-peakros/Documents/Peakros OS/namedrop/playwright.config.ts'
    Require stack:
    - /Users/nuno-peakros/Documents/Peakros OS/namedrop/node_modules/playwright/lib/transform/transform.js
    - /Users/nuno-peakros/Documents/Peakros OS/namedrop/node_modules/playwright/lib/common/configLoader.js
    - /Users/nuno-peakros/Documents/Peakros OS/namedrop/node_modules/playwright/lib/worker/workerMain.js
    - /Users/nuno-peakros/Documents/Peakros OS/namedrop/node_modules/playwright/lib/common/process.js
]]>
</failure>
</testcase>
<testcase name="Accessibility › should have proper focus indicators" classname="accessibility.spec.ts" time="0">
<failure message="accessibility.spec.ts:46:7 should have proper focus indicators" type="FAILURE">
<![CDATA[  [Microsoft Edge] › accessibility.spec.ts:46:7 › Accessibility › should have proper focus indicators 

    Error: Cannot find module '/Users/nuno-peakros/Documents/Peakros OS/namedrop/playwright.config.ts'
    Require stack:
    - /Users/nuno-peakros/Documents/Peakros OS/namedrop/node_modules/playwright/lib/transform/transform.js
    - /Users/nuno-peakros/Documents/Peakros OS/namedrop/node_modules/playwright/lib/common/configLoader.js
    - /Users/nuno-peakros/Documents/Peakros OS/namedrop/node_modules/playwright/lib/worker/workerMain.js
    - /Users/nuno-peakros/Documents/Peakros OS/namedrop/node_modules/playwright/lib/common/process.js
]]>
</failure>
</testcase>
<testcase name="Accessibility › should have proper ARIA attributes" classname="accessibility.spec.ts" time="0">
<failure message="accessibility.spec.ts:64:7 should have proper ARIA attributes" type="FAILURE">
<![CDATA[  [Microsoft Edge] › accessibility.spec.ts:64:7 › Accessibility › should have proper ARIA attributes 

    Error: Cannot find module '/Users/nuno-peakros/Documents/Peakros OS/namedrop/playwright.config.ts'
    Require stack:
    - /Users/nuno-peakros/Documents/Peakros OS/namedrop/node_modules/playwright/lib/transform/transform.js
    - /Users/nuno-peakros/Documents/Peakros OS/namedrop/node_modules/playwright/lib/common/configLoader.js
    - /Users/nuno-peakros/Documents/Peakros OS/namedrop/node_modules/playwright/lib/worker/workerMain.js
    - /Users/nuno-peakros/Documents/Peakros OS/namedrop/node_modules/playwright/lib/common/process.js
]]>
</failure>
</testcase>
<testcase name="Accessibility › should have proper form labels" classname="accessibility.spec.ts" time="0">
<failure message="accessibility.spec.ts:83:7 should have proper form labels" type="FAILURE">
<![CDATA[  [Microsoft Edge] › accessibility.spec.ts:83:7 › Accessibility › should have proper form labels ───

    Error: Cannot find module '/Users/nuno-peakros/Documents/Peakros OS/namedrop/playwright.config.ts'
    Require stack:
    - /Users/nuno-peakros/Documents/Peakros OS/namedrop/node_modules/playwright/lib/transform/transform.js
    - /Users/nuno-peakros/Documents/Peakros OS/namedrop/node_modules/playwright/lib/common/configLoader.js
    - /Users/nuno-peakros/Documents/Peakros OS/namedrop/node_modules/playwright/lib/worker/workerMain.js
    - /Users/nuno-peakros/Documents/Peakros OS/namedrop/node_modules/playwright/lib/common/process.js
]]>
</failure>
</testcase>
<testcase name="Accessibility › should have proper color contrast" classname="accessibility.spec.ts" time="0">
<failure message="accessibility.spec.ts:101:7 should have proper color contrast" type="FAILURE">
<![CDATA[  [Microsoft Edge] › accessibility.spec.ts:101:7 › Accessibility › should have proper color contrast 

    Error: Cannot find module '/Users/nuno-peakros/Documents/Peakros OS/namedrop/playwright.config.ts'
    Require stack:
    - /Users/nuno-peakros/Documents/Peakros OS/namedrop/node_modules/playwright/lib/transform/transform.js
    - /Users/nuno-peakros/Documents/Peakros OS/namedrop/node_modules/playwright/lib/common/configLoader.js
    - /Users/nuno-peakros/Documents/Peakros OS/namedrop/node_modules/playwright/lib/worker/workerMain.js
    - /Users/nuno-peakros/Documents/Peakros OS/namedrop/node_modules/playwright/lib/common/process.js
]]>
</failure>
</testcase>
<testcase name="Accessibility › should handle screen reader announcements" classname="accessibility.spec.ts" time="0">
<failure message="accessibility.spec.ts:120:7 should handle screen reader announcements" type="FAILURE">
<![CDATA[  [Microsoft Edge] › accessibility.spec.ts:120:7 › Accessibility › should handle screen reader announcements 

    Error: Cannot find module '/Users/nuno-peakros/Documents/Peakros OS/namedrop/playwright.config.ts'
    Require stack:
    - /Users/nuno-peakros/Documents/Peakros OS/namedrop/node_modules/playwright/lib/transform/transform.js
    - /Users/nuno-peakros/Documents/Peakros OS/namedrop/node_modules/playwright/lib/common/configLoader.js
    - /Users/nuno-peakros/Documents/Peakros OS/namedrop/node_modules/playwright/lib/worker/workerMain.js
    - /Users/nuno-peakros/Documents/Peakros OS/namedrop/node_modules/playwright/lib/common/process.js
]]>
</failure>
</testcase>
<testcase name="Accessibility › should have proper table structure" classname="accessibility.spec.ts" time="0">
<failure message="accessibility.spec.ts:130:7 should have proper table structure" type="FAILURE">
<![CDATA[  [Microsoft Edge] › accessibility.spec.ts:130:7 › Accessibility › should have proper table structure 

    Error: Cannot find module '/Users/nuno-peakros/Documents/Peakros OS/namedrop/playwright.config.ts'
    Require stack:
    - /Users/nuno-peakros/Documents/Peakros OS/namedrop/node_modules/playwright/lib/transform/transform.js
    - /Users/nuno-peakros/Documents/Peakros OS/namedrop/node_modules/playwright/lib/common/configLoader.js
    - /Users/nuno-peakros/Documents/Peakros OS/namedrop/node_modules/playwright/lib/worker/workerMain.js
    - /Users/nuno-peakros/Documents/Peakros OS/namedrop/node_modules/playwright/lib/common/process.js
]]>
</failure>
</testcase>
<testcase name="Accessibility › should handle modal accessibility" classname="accessibility.spec.ts" time="0">
<failure message="accessibility.spec.ts:151:7 should handle modal accessibility" type="FAILURE">
<![CDATA[  [Microsoft Edge] › accessibility.spec.ts:151:7 › Accessibility › should handle modal accessibility 

    Error: Cannot find module '/Users/nuno-peakros/Documents/Peakros OS/namedrop/playwright.config.ts'
    Require stack:
    - /Users/nuno-peakros/Documents/Peakros OS/namedrop/node_modules/playwright/lib/transform/transform.js
    - /Users/nuno-peakros/Documents/Peakros OS/namedrop/node_modules/playwright/lib/common/configLoader.js
    - /Users/nuno-peakros/Documents/Peakros OS/namedrop/node_modules/playwright/lib/worker/workerMain.js
    - /Users/nuno-peakros/Documents/Peakros OS/namedrop/node_modules/playwright/lib/common/process.js
]]>
</failure>
</testcase>
<testcase name="Accessibility › should have proper error handling" classname="accessibility.spec.ts" time="0">
<failure message="accessibility.spec.ts:167:7 should have proper error handling" type="FAILURE">
<![CDATA[  [Microsoft Edge] › accessibility.spec.ts:167:7 › Accessibility › should have proper error handling 

    Error: Cannot find module '/Users/nuno-peakros/Documents/Peakros OS/namedrop/playwright.config.ts'
    Require stack:
    - /Users/nuno-peakros/Documents/Peakros OS/namedrop/node_modules/playwright/lib/transform/transform.js
    - /Users/nuno-peakros/Documents/Peakros OS/namedrop/node_modules/playwright/lib/common/configLoader.js
    - /Users/nuno-peakros/Documents/Peakros OS/namedrop/node_modules/playwright/lib/worker/workerMain.js
    - /Users/nuno-peakros/Documents/Peakros OS/namedrop/node_modules/playwright/lib/common/process.js
]]>
</failure>
</testcase>
<testcase name="Accessibility › should be responsive and accessible on mobile" classname="accessibility.spec.ts" time="0">
<failure message="accessibility.spec.ts:182:7 should be responsive and accessible on mobile" type="FAILURE">
<![CDATA[  [Microsoft Edge] › accessibility.spec.ts:182:7 › Accessibility › should be responsive and accessible on mobile 

    Error: Cannot find module '/Users/nuno-peakros/Documents/Peakros OS/namedrop/playwright.config.ts'
    Require stack:
    - /Users/nuno-peakros/Documents/Peakros OS/namedrop/node_modules/playwright/lib/transform/transform.js
    - /Users/nuno-peakros/Documents/Peakros OS/namedrop/node_modules/playwright/lib/common/configLoader.js
    - /Users/nuno-peakros/Documents/Peakros OS/namedrop/node_modules/playwright/lib/worker/workerMain.js
    - /Users/nuno-peakros/Documents/Peakros OS/namedrop/node_modules/playwright/lib/common/process.js
]]>
</failure>
</testcase>
<testcase name="Accessibility › should handle high contrast mode" classname="accessibility.spec.ts" time="0">
<failure message="accessibility.spec.ts:197:7 should handle high contrast mode" type="FAILURE">
<![CDATA[  [Microsoft Edge] › accessibility.spec.ts:197:7 › Accessibility › should handle high contrast mode 

    Error: Cannot find module '/Users/nuno-peakros/Documents/Peakros OS/namedrop/playwright.config.ts'
    Require stack:
    - /Users/nuno-peakros/Documents/Peakros OS/namedrop/node_modules/playwright/lib/transform/transform.js
    - /Users/nuno-peakros/Documents/Peakros OS/namedrop/node_modules/playwright/lib/common/configLoader.js
    - /Users/nuno-peakros/Documents/Peakros OS/namedrop/node_modules/playwright/lib/worker/workerMain.js
    - /Users/nuno-peakros/Documents/Peakros OS/namedrop/node_modules/playwright/lib/common/process.js
]]>
</failure>
</testcase>
<testcase name="Accessibility › should have proper skip links" classname="accessibility.spec.ts" time="0">
<failure message="accessibility.spec.ts:217:7 should have proper skip links" type="FAILURE">
<![CDATA[  [Microsoft Edge] › accessibility.spec.ts:217:7 › Accessibility › should have proper skip links ───

    Error: Cannot find module '/Users/nuno-peakros/Documents/Peakros OS/namedrop/playwright.config.ts'
    Require stack:
    - /Users/nuno-peakros/Documents/Peakros OS/namedrop/node_modules/playwright/lib/transform/transform.js
    - /Users/nuno-peakros/Documents/Peakros OS/namedrop/node_modules/playwright/lib/common/configLoader.js
    - /Users/nuno-peakros/Documents/Peakros OS/namedrop/node_modules/playwright/lib/worker/workerMain.js
    - /Users/nuno-peakros/Documents/Peakros OS/namedrop/node_modules/playwright/lib/common/process.js
]]>
</failure>
</testcase>
<testcase name="Accessibility › should handle reduced motion preferences" classname="accessibility.spec.ts" time="0">
<failure message="accessibility.spec.ts:233:7 should handle reduced motion preferences" type="FAILURE">
<![CDATA[  [Microsoft Edge] › accessibility.spec.ts:233:7 › Accessibility › should handle reduced motion preferences 

    Error: Cannot find module '/Users/nuno-peakros/Documents/Peakros OS/namedrop/playwright.config.ts'
    Require stack:
    - /Users/nuno-peakros/Documents/Peakros OS/namedrop/node_modules/playwright/lib/transform/transform.js
    - /Users/nuno-peakros/Documents/Peakros OS/namedrop/node_modules/playwright/lib/common/configLoader.js
    - /Users/nuno-peakros/Documents/Peakros OS/namedrop/node_modules/playwright/lib/worker/workerMain.js
    - /Users/nuno-peakros/Documents/Peakros OS/namedrop/node_modules/playwright/lib/common/process.js
]]>
</failure>
</testcase>
<testcase name="Accessibility › should have proper language attributes" classname="accessibility.spec.ts" time="0">
<failure message="accessibility.spec.ts:255:7 should have proper language attributes" type="FAILURE">
<![CDATA[  [Microsoft Edge] › accessibility.spec.ts:255:7 › Accessibility › should have proper language attributes 

    Error: Cannot find module '/Users/nuno-peakros/Documents/Peakros OS/namedrop/playwright.config.ts'
    Require stack:
    - /Users/nuno-peakros/Documents/Peakros OS/namedrop/node_modules/playwright/lib/transform/transform.js
    - /Users/nuno-peakros/Documents/Peakros OS/namedrop/node_modules/playwright/lib/common/configLoader.js
    - /Users/nuno-peakros/Documents/Peakros OS/namedrop/node_modules/playwright/lib/worker/workerMain.js
    - /Users/nuno-peakros/Documents/Peakros OS/namedrop/node_modules/playwright/lib/common/process.js
]]>
</failure>
</testcase>
<testcase name="Accessibility › should handle zoom up to 200%" classname="accessibility.spec.ts" time="0">
<failure message="accessibility.spec.ts:267:7 should handle zoom up to 200%" type="FAILURE">
<![CDATA[  [Microsoft Edge] › accessibility.spec.ts:267:7 › Accessibility › should handle zoom up to 200% ───

    Error: Cannot find module '/Users/nuno-peakros/Documents/Peakros OS/namedrop/playwright.config.ts'
    Require stack:
    - /Users/nuno-peakros/Documents/Peakros OS/namedrop/node_modules/playwright/lib/transform/transform.js
    - /Users/nuno-peakros/Documents/Peakros OS/namedrop/node_modules/playwright/lib/common/configLoader.js
    - /Users/nuno-peakros/Documents/Peakros OS/namedrop/node_modules/playwright/lib/worker/workerMain.js
    - /Users/nuno-peakros/Documents/Peakros OS/namedrop/node_modules/playwright/lib/common/process.js
]]>
</failure>
</testcase>
</testsuite>
<testsuite name="auth-flow.spec.ts" timestamp="2025-10-02T17:03:39.228Z" hostname="Microsoft Edge" tests="14" failures="14" skipped="0" time="0" errors="0">
<testcase name="Authentication Flow › should display login form correctly" classname="auth-flow.spec.ts" time="0">
<failure message="auth-flow.spec.ts:21:7 should display login form correctly" type="FAILURE">
<![CDATA[  [Microsoft Edge] › auth-flow.spec.ts:21:7 › Authentication Flow › should display login form correctly 

    Error: Cannot find module '/Users/nuno-peakros/Documents/Peakros OS/namedrop/playwright.config.ts'
    Require stack:
    - /Users/nuno-peakros/Documents/Peakros OS/namedrop/node_modules/playwright/lib/transform/transform.js
    - /Users/nuno-peakros/Documents/Peakros OS/namedrop/node_modules/playwright/lib/common/configLoader.js
    - /Users/nuno-peakros/Documents/Peakros OS/namedrop/node_modules/playwright/lib/worker/workerMain.js
    - /Users/nuno-peakros/Documents/Peakros OS/namedrop/node_modules/playwright/lib/common/process.js
]]>
</failure>
</testcase>
<testcase name="Authentication Flow › should show validation errors for invalid input" classname="auth-flow.spec.ts" time="0">
<failure message="auth-flow.spec.ts:34:7 should show validation errors for invalid input" type="FAILURE">
<![CDATA[  [Microsoft Edge] › auth-flow.spec.ts:34:7 › Authentication Flow › should show validation errors for invalid input 

    Error: Cannot find module '/Users/nuno-peakros/Documents/Peakros OS/namedrop/playwright.config.ts'
    Require stack:
    - /Users/nuno-peakros/Documents/Peakros OS/namedrop/node_modules/playwright/lib/transform/transform.js
    - /Users/nuno-peakros/Documents/Peakros OS/namedrop/node_modules/playwright/lib/common/configLoader.js
    - /Users/nuno-peakros/Documents/Peakros OS/namedrop/node_modules/playwright/lib/worker/workerMain.js
    - /Users/nuno-peakros/Documents/Peakros OS/namedrop/node_modules/playwright/lib/common/process.js
]]>
</failure>
</testcase>
<testcase name="Authentication Flow › should handle login with invalid credentials" classname="auth-flow.spec.ts" time="0">
<failure message="auth-flow.spec.ts:45:7 should handle login with invalid credentials" type="FAILURE">
<![CDATA[  [Microsoft Edge] › auth-flow.spec.ts:45:7 › Authentication Flow › should handle login with invalid credentials 

    Error: Cannot find module '/Users/nuno-peakros/Documents/Peakros OS/namedrop/playwright.config.ts'
    Require stack:
    - /Users/nuno-peakros/Documents/Peakros OS/namedrop/node_modules/playwright/lib/transform/transform.js
    - /Users/nuno-peakros/Documents/Peakros OS/namedrop/node_modules/playwright/lib/common/configLoader.js
    - /Users/nuno-peakros/Documents/Peakros OS/namedrop/node_modules/playwright/lib/worker/workerMain.js
    - /Users/nuno-peakros/Documents/Peakros OS/namedrop/node_modules/playwright/lib/common/process.js
]]>
</failure>
</testcase>
<testcase name="Authentication Flow › should handle successful login" classname="auth-flow.spec.ts" time="0">
<failure message="auth-flow.spec.ts:70:7 should handle successful login" type="FAILURE">
<![CDATA[  [Microsoft Edge] › auth-flow.spec.ts:70:7 › Authentication Flow › should handle successful login ─

    Error: Cannot find module '/Users/nuno-peakros/Documents/Peakros OS/namedrop/playwright.config.ts'
    Require stack:
    - /Users/nuno-peakros/Documents/Peakros OS/namedrop/node_modules/playwright/lib/transform/transform.js
    - /Users/nuno-peakros/Documents/Peakros OS/namedrop/node_modules/playwright/lib/common/configLoader.js
    - /Users/nuno-peakros/Documents/Peakros OS/namedrop/node_modules/playwright/lib/worker/workerMain.js
    - /Users/nuno-peakros/Documents/Peakros OS/namedrop/node_modules/playwright/lib/common/process.js
]]>
</failure>
</testcase>
<testcase name="Authentication Flow › should handle rate limiting" classname="auth-flow.spec.ts" time="0">
<failure message="auth-flow.spec.ts:107:7 should handle rate limiting" type="FAILURE">
<![CDATA[  [Microsoft Edge] › auth-flow.spec.ts:107:7 › Authentication Flow › should handle rate limiting ───

    Error: Cannot find module '/Users/nuno-peakros/Documents/Peakros OS/namedrop/playwright.config.ts'
    Require stack:
    - /Users/nuno-peakros/Documents/Peakros OS/namedrop/node_modules/playwright/lib/transform/transform.js
    - /Users/nuno-peakros/Documents/Peakros OS/namedrop/node_modules/playwright/lib/common/configLoader.js
    - /Users/nuno-peakros/Documents/Peakros OS/namedrop/node_modules/playwright/lib/worker/workerMain.js
    - /Users/nuno-peakros/Documents/Peakros OS/namedrop/node_modules/playwright/lib/common/process.js
]]>
</failure>
</testcase>
<testcase name="Authentication Flow › should navigate to email verification page" classname="auth-flow.spec.ts" time="0">
<failure message="auth-flow.spec.ts:133:7 should navigate to email verification page" type="FAILURE">
<![CDATA[  [Microsoft Edge] › auth-flow.spec.ts:133:7 › Authentication Flow › should navigate to email verification page 

    Error: Cannot find module '/Users/nuno-peakros/Documents/Peakros OS/namedrop/playwright.config.ts'
    Require stack:
    - /Users/nuno-peakros/Documents/Peakros OS/namedrop/node_modules/playwright/lib/transform/transform.js
    - /Users/nuno-peakros/Documents/Peakros OS/namedrop/node_modules/playwright/lib/common/configLoader.js
    - /Users/nuno-peakros/Documents/Peakros OS/namedrop/node_modules/playwright/lib/worker/workerMain.js
    - /Users/nuno-peakros/Documents/Peakros OS/namedrop/node_modules/playwright/lib/common/process.js
]]>
</failure>
</testcase>
<testcase name="Authentication Flow › should handle email verification" classname="auth-flow.spec.ts" time="0">
<failure message="auth-flow.spec.ts:145:7 should handle email verification" type="FAILURE">
<![CDATA[  [Microsoft Edge] › auth-flow.spec.ts:145:7 › Authentication Flow › should handle email verification 

    Error: Cannot find module '/Users/nuno-peakros/Documents/Peakros OS/namedrop/playwright.config.ts'
    Require stack:
    - /Users/nuno-peakros/Documents/Peakros OS/namedrop/node_modules/playwright/lib/transform/transform.js
    - /Users/nuno-peakros/Documents/Peakros OS/namedrop/node_modules/playwright/lib/common/configLoader.js
    - /Users/nuno-peakros/Documents/Peakros OS/namedrop/node_modules/playwright/lib/worker/workerMain.js
    - /Users/nuno-peakros/Documents/Peakros OS/namedrop/node_modules/playwright/lib/common/process.js
]]>
</failure>
</testcase>
<testcase name="Authentication Flow › should handle password reset flow" classname="auth-flow.spec.ts" time="0">
<failure message="auth-flow.spec.ts:174:7 should handle password reset flow" type="FAILURE">
<![CDATA[  [Microsoft Edge] › auth-flow.spec.ts:174:7 › Authentication Flow › should handle password reset flow 

    Error: Cannot find module '/Users/nuno-peakros/Documents/Peakros OS/namedrop/playwright.config.ts'
    Require stack:
    - /Users/nuno-peakros/Documents/Peakros OS/namedrop/node_modules/playwright/lib/transform/transform.js
    - /Users/nuno-peakros/Documents/Peakros OS/namedrop/node_modules/playwright/lib/common/configLoader.js
    - /Users/nuno-peakros/Documents/Peakros OS/namedrop/node_modules/playwright/lib/worker/workerMain.js
    - /Users/nuno-peakros/Documents/Peakros OS/namedrop/node_modules/playwright/lib/common/process.js
]]>
</failure>
</testcase>
<testcase name="Authentication Flow › should handle password change flow" classname="auth-flow.spec.ts" time="0">
<failure message="auth-flow.spec.ts:204:7 should handle password change flow" type="FAILURE">
<![CDATA[  [Microsoft Edge] › auth-flow.spec.ts:204:7 › Authentication Flow › should handle password change flow 

    Error: Cannot find module '/Users/nuno-peakros/Documents/Peakros OS/namedrop/playwright.config.ts'
    Require stack:
    - /Users/nuno-peakros/Documents/Peakros OS/namedrop/node_modules/playwright/lib/transform/transform.js
    - /Users/nuno-peakros/Documents/Peakros OS/namedrop/node_modules/playwright/lib/common/configLoader.js
    - /Users/nuno-peakros/Documents/Peakros OS/namedrop/node_modules/playwright/lib/worker/workerMain.js
    - /Users/nuno-peakros/Documents/Peakros OS/namedrop/node_modules/playwright/lib/common/process.js
]]>
</failure>
</testcase>
<testcase name="Authentication Flow › should validate password confirmation" classname="auth-flow.spec.ts" time="0">
<failure message="auth-flow.spec.ts:237:7 should validate password confirmation" type="FAILURE">
<![CDATA[  [Microsoft Edge] › auth-flow.spec.ts:237:7 › Authentication Flow › should validate password confirmation 

    Error: Cannot find module '/Users/nuno-peakros/Documents/Peakros OS/namedrop/playwright.config.ts'
    Require stack:
    - /Users/nuno-peakros/Documents/Peakros OS/namedrop/node_modules/playwright/lib/transform/transform.js
    - /Users/nuno-peakros/Documents/Peakros OS/namedrop/node_modules/playwright/lib/common/configLoader.js
    - /Users/nuno-peakros/Documents/Peakros OS/namedrop/node_modules/playwright/lib/worker/workerMain.js
    - /Users/nuno-peakros/Documents/Peakros OS/namedrop/node_modules/playwright/lib/common/process.js
]]>
</failure>
</testcase>
<testcase name="Authentication Flow › should handle logout" classname="auth-flow.spec.ts" time="0">
<failure message="auth-flow.spec.ts:251:7 should handle logout" type="FAILURE">
<![CDATA[  [Microsoft Edge] › auth-flow.spec.ts:251:7 › Authentication Flow › should handle logout ──────────

    Error: Cannot find module '/Users/nuno-peakros/Documents/Peakros OS/namedrop/playwright.config.ts'
    Require stack:
    - /Users/nuno-peakros/Documents/Peakros OS/namedrop/node_modules/playwright/lib/transform/transform.js
    - /Users/nuno-peakros/Documents/Peakros OS/namedrop/node_modules/playwright/lib/common/configLoader.js
    - /Users/nuno-peakros/Documents/Peakros OS/namedrop/node_modules/playwright/lib/worker/workerMain.js
    - /Users/nuno-peakros/Documents/Peakros OS/namedrop/node_modules/playwright/lib/common/process.js
]]>
</failure>
</testcase>
<testcase name="Authentication Flow › should handle network errors gracefully" classname="auth-flow.spec.ts" time="0">
<failure message="auth-flow.spec.ts:306:7 should handle network errors gracefully" type="FAILURE">
<![CDATA[  [Microsoft Edge] › auth-flow.spec.ts:306:7 › Authentication Flow › should handle network errors gracefully 

    Error: Cannot find module '/Users/nuno-peakros/Documents/Peakros OS/namedrop/playwright.config.ts'
    Require stack:
    - /Users/nuno-peakros/Documents/Peakros OS/namedrop/node_modules/playwright/lib/transform/transform.js
    - /Users/nuno-peakros/Documents/Peakros OS/namedrop/node_modules/playwright/lib/common/configLoader.js
    - /Users/nuno-peakros/Documents/Peakros OS/namedrop/node_modules/playwright/lib/worker/workerMain.js
    - /Users/nuno-peakros/Documents/Peakros OS/namedrop/node_modules/playwright/lib/common/process.js
]]>
</failure>
</testcase>
<testcase name="Authentication Flow › should be responsive on mobile devices" classname="auth-flow.spec.ts" time="0">
<failure message="auth-flow.spec.ts:321:7 should be responsive on mobile devices" type="FAILURE">
<![CDATA[  [Microsoft Edge] › auth-flow.spec.ts:321:7 › Authentication Flow › should be responsive on mobile devices 

    Error: Cannot find module '/Users/nuno-peakros/Documents/Peakros OS/namedrop/playwright.config.ts'
    Require stack:
    - /Users/nuno-peakros/Documents/Peakros OS/namedrop/node_modules/playwright/lib/transform/transform.js
    - /Users/nuno-peakros/Documents/Peakros OS/namedrop/node_modules/playwright/lib/common/configLoader.js
    - /Users/nuno-peakros/Documents/Peakros OS/namedrop/node_modules/playwright/lib/worker/workerMain.js
    - /Users/nuno-peakros/Documents/Peakros OS/namedrop/node_modules/playwright/lib/common/process.js
]]>
</failure>
</testcase>
<testcase name="Authentication Flow › should have proper accessibility attributes" classname="auth-flow.spec.ts" time="0">
<failure message="auth-flow.spec.ts:340:7 should have proper accessibility attributes" type="FAILURE">
<![CDATA[  [Microsoft Edge] › auth-flow.spec.ts:340:7 › Authentication Flow › should have proper accessibility attributes 

    Error: Cannot find module '/Users/nuno-peakros/Documents/Peakros OS/namedrop/playwright.config.ts'
    Require stack:
    - /Users/nuno-peakros/Documents/Peakros OS/namedrop/node_modules/playwright/lib/transform/transform.js
    - /Users/nuno-peakros/Documents/Peakros OS/namedrop/node_modules/playwright/lib/common/configLoader.js
    - /Users/nuno-peakros/Documents/Peakros OS/namedrop/node_modules/playwright/lib/worker/workerMain.js
    - /Users/nuno-peakros/Documents/Peakros OS/namedrop/node_modules/playwright/lib/common/process.js
]]>
</failure>
</testcase>
</testsuite>
<testsuite name="performance-monitoring.spec.ts" timestamp="2025-10-02T17:03:39.228Z" hostname="Microsoft Edge" tests="14" failures="14" skipped="0" time="0" errors="0">
<testcase name="Performance Monitoring › should display performance metrics" classname="performance-monitoring.spec.ts" time="0">
<failure message="performance-monitoring.spec.ts:19:7 should display performance metrics" type="FAILURE">
<![CDATA[  [Microsoft Edge] › performance-monitoring.spec.ts:19:7 › Performance Monitoring › should display performance metrics 

    Error: Cannot find module '/Users/nuno-peakros/Documents/Peakros OS/namedrop/playwright.config.ts'
    Require stack:
    - /Users/nuno-peakros/Documents/Peakros OS/namedrop/node_modules/playwright/lib/transform/transform.js
    - /Users/nuno-peakros/Documents/Peakros OS/namedrop/node_modules/playwright/lib/common/configLoader.js
    - /Users/nuno-peakros/Documents/Peakros OS/namedrop/node_modules/playwright/lib/worker/workerMain.js
    - /Users/nuno-peakros/Documents/Peakros OS/namedrop/node_modules/playwright/lib/common/process.js
]]>
</failure>
</testcase>
<testcase name="Performance Monitoring › should display performance tips" classname="performance-monitoring.spec.ts" time="0">
<failure message="performance-monitoring.spec.ts:26:7 should display performance tips" type="FAILURE">
<![CDATA[  [Microsoft Edge] › performance-monitoring.spec.ts:26:7 › Performance Monitoring › should display performance tips 

    Error: Cannot find module '/Users/nuno-peakros/Documents/Peakros OS/namedrop/playwright.config.ts'
    Require stack:
    - /Users/nuno-peakros/Documents/Peakros OS/namedrop/node_modules/playwright/lib/transform/transform.js
    - /Users/nuno-peakros/Documents/Peakros OS/namedrop/node_modules/playwright/lib/common/configLoader.js
    - /Users/nuno-peakros/Documents/Peakros OS/namedrop/node_modules/playwright/lib/worker/workerMain.js
    - /Users/nuno-peakros/Documents/Peakros OS/namedrop/node_modules/playwright/lib/common/process.js
]]>
</failure>
</testcase>
<testcase name="Performance Monitoring › should display performance standards" classname="performance-monitoring.spec.ts" time="0">
<failure message="performance-monitoring.spec.ts:35:7 should display performance standards" type="FAILURE">
<![CDATA[  [Microsoft Edge] › performance-monitoring.spec.ts:35:7 › Performance Monitoring › should display performance standards 

    Error: Cannot find module '/Users/nuno-peakros/Documents/Peakros OS/namedrop/playwright.config.ts'
    Require stack:
    - /Users/nuno-peakros/Documents/Peakros OS/namedrop/node_modules/playwright/lib/transform/transform.js
    - /Users/nuno-peakros/Documents/Peakros OS/namedrop/node_modules/playwright/lib/common/configLoader.js
    - /Users/nuno-peakros/Documents/Peakros OS/namedrop/node_modules/playwright/lib/worker/workerMain.js
    - /Users/nuno-peakros/Documents/Peakros OS/namedrop/node_modules/playwright/lib/common/process.js
]]>
</failure>
</testcase>
<testcase name="Performance Monitoring › should show refresh button" classname="performance-monitoring.spec.ts" time="0">
<failure message="performance-monitoring.spec.ts:44:7 should show refresh button" type="FAILURE">
<![CDATA[  [Microsoft Edge] › performance-monitoring.spec.ts:44:7 › Performance Monitoring › should show refresh button 

    Error: Cannot find module '/Users/nuno-peakros/Documents/Peakros OS/namedrop/playwright.config.ts'
    Require stack:
    - /Users/nuno-peakros/Documents/Peakros OS/namedrop/node_modules/playwright/lib/transform/transform.js
    - /Users/nuno-peakros/Documents/Peakros OS/namedrop/node_modules/playwright/lib/common/configLoader.js
    - /Users/nuno-peakros/Documents/Peakros OS/namedrop/node_modules/playwright/lib/worker/workerMain.js
    - /Users/nuno-peakros/Documents/Peakros OS/namedrop/node_modules/playwright/lib/common/process.js
]]>
</failure>
</testcase>
<testcase name="Performance Monitoring › should refresh metrics when button is clicked" classname="performance-monitoring.spec.ts" time="0">
<failure message="performance-monitoring.spec.ts:49:7 should refresh metrics when button is clicked" type="FAILURE">
<![CDATA[  [Microsoft Edge] › performance-monitoring.spec.ts:49:7 › Performance Monitoring › should refresh metrics when button is clicked 

    Error: Cannot find module '/Users/nuno-peakros/Documents/Peakros OS/namedrop/playwright.config.ts'
    Require stack:
    - /Users/nuno-peakros/Documents/Peakros OS/namedrop/node_modules/playwright/lib/transform/transform.js
    - /Users/nuno-peakros/Documents/Peakros OS/namedrop/node_modules/playwright/lib/common/configLoader.js
    - /Users/nuno-peakros/Documents/Peakros OS/namedrop/node_modules/playwright/lib/worker/workerMain.js
    - /Users/nuno-peakros/Documents/Peakros OS/namedrop/node_modules/playwright/lib/common/process.js
]]>
</failure>
</testcase>
<testcase name="Performance Monitoring › should display performance score" classname="performance-monitoring.spec.ts" time="0">
<failure message="performance-monitoring.spec.ts:60:7 should display performance score" type="FAILURE">
<![CDATA[  [Microsoft Edge] › performance-monitoring.spec.ts:60:7 › Performance Monitoring › should display performance score 

    Error: Cannot find module '/Users/nuno-peakros/Documents/Peakros OS/namedrop/playwright.config.ts'
    Require stack:
    - /Users/nuno-peakros/Documents/Peakros OS/namedrop/node_modules/playwright/lib/transform/transform.js
    - /Users/nuno-peakros/Documents/Peakros OS/namedrop/node_modules/playwright/lib/common/configLoader.js
    - /Users/nuno-peakros/Documents/Peakros OS/namedrop/node_modules/playwright/lib/worker/workerMain.js
    - /Users/nuno-peakros/Documents/Peakros OS/namedrop/node_modules/playwright/lib/common/process.js
]]>
</failure>
</testcase>
<testcase name="Performance Monitoring › should display bundle size information" classname="performance-monitoring.spec.ts" time="0">
<failure message="performance-monitoring.spec.ts:69:7 should display bundle size information" type="FAILURE">
<![CDATA[  [Microsoft Edge] › performance-monitoring.spec.ts:69:7 › Performance Monitoring › should display bundle size information 

    Error: Cannot find module '/Users/nuno-peakros/Documents/Peakros OS/namedrop/playwright.config.ts'
    Require stack:
    - /Users/nuno-peakros/Documents/Peakros OS/namedrop/node_modules/playwright/lib/transform/transform.js
    - /Users/nuno-peakros/Documents/Peakros OS/namedrop/node_modules/playwright/lib/common/configLoader.js
    - /Users/nuno-peakros/Documents/Peakros OS/namedrop/node_modules/playwright/lib/worker/workerMain.js
    - /Users/nuno-peakros/Documents/Peakros OS/namedrop/node_modules/playwright/lib/common/process.js
]]>
</failure>
</testcase>
<testcase name="Performance Monitoring › should handle unsupported environment gracefully" classname="performance-monitoring.spec.ts" time="0">
<failure message="performance-monitoring.spec.ts:76:7 should handle unsupported environment gracefully" type="FAILURE">
<![CDATA[  [Microsoft Edge] › performance-monitoring.spec.ts:76:7 › Performance Monitoring › should handle unsupported environment gracefully 

    Error: Cannot find module '/Users/nuno-peakros/Documents/Peakros OS/namedrop/playwright.config.ts'
    Require stack:
    - /Users/nuno-peakros/Documents/Peakros OS/namedrop/node_modules/playwright/lib/transform/transform.js
    - /Users/nuno-peakros/Documents/Peakros OS/namedrop/node_modules/playwright/lib/common/configLoader.js
    - /Users/nuno-peakros/Documents/Peakros OS/namedrop/node_modules/playwright/lib/worker/workerMain.js
    - /Users/nuno-peakros/Documents/Peakros OS/namedrop/node_modules/playwright/lib/common/process.js
]]>
</failure>
</testcase>
<testcase name="Performance Monitoring › should update metrics in real-time" classname="performance-monitoring.spec.ts" time="0">
<failure message="performance-monitoring.spec.ts:92:7 should update metrics in real-time" type="FAILURE">
<![CDATA[  [Microsoft Edge] › performance-monitoring.spec.ts:92:7 › Performance Monitoring › should update metrics in real-time 

    Error: Cannot find module '/Users/nuno-peakros/Documents/Peakros OS/namedrop/playwright.config.ts'
    Require stack:
    - /Users/nuno-peakros/Documents/Peakros OS/namedrop/node_modules/playwright/lib/transform/transform.js
    - /Users/nuno-peakros/Documents/Peakros OS/namedrop/node_modules/playwright/lib/common/configLoader.js
    - /Users/nuno-peakros/Documents/Peakros OS/namedrop/node_modules/playwright/lib/worker/workerMain.js
    - /Users/nuno-peakros/Documents/Peakros OS/namedrop/node_modules/playwright/lib/common/process.js
]]>
</failure>
</testcase>
<testcase name="Performance Monitoring › should display performance recommendations" classname="performance-monitoring.spec.ts" time="0">
<failure message="performance-monitoring.spec.ts:106:7 should display performance recommendations" type="FAILURE">
<![CDATA[  [Microsoft Edge] › performance-monitoring.spec.ts:106:7 › Performance Monitoring › should display performance recommendations 

    Error: Cannot find module '/Users/nuno-peakros/Documents/Peakros OS/namedrop/playwright.config.ts'
    Require stack:
    - /Users/nuno-peakros/Documents/Peakros OS/namedrop/node_modules/playwright/lib/transform/transform.js
    - /Users/nuno-peakros/Documents/Peakros OS/namedrop/node_modules/playwright/lib/common/configLoader.js
    - /Users/nuno-peakros/Documents/Peakros OS/namedrop/node_modules/playwright/lib/worker/workerMain.js
    - /Users/nuno-peakros/Documents/Peakros OS/namedrop/node_modules/playwright/lib/common/process.js
]]>
</failure>
</testcase>
<testcase name="Performance Monitoring › should show performance thresholds" classname="performance-monitoring.spec.ts" time="0">
<failure message="performance-monitoring.spec.ts:123:7 should show performance thresholds" type="FAILURE">
<![CDATA[  [Microsoft Edge] › performance-monitoring.spec.ts:123:7 › Performance Monitoring › should show performance thresholds 

    Error: Cannot find module '/Users/nuno-peakros/Documents/Peakros OS/namedrop/playwright.config.ts'
    Require stack:
    - /Users/nuno-peakros/Documents/Peakros OS/namedrop/node_modules/playwright/lib/transform/transform.js
    - /Users/nuno-peakros/Documents/Peakros OS/namedrop/node_modules/playwright/lib/common/configLoader.js
    - /Users/nuno-peakros/Documents/Peakros OS/namedrop/node_modules/playwright/lib/worker/workerMain.js
    - /Users/nuno-peakros/Documents/Peakros OS/namedrop/node_modules/playwright/lib/common/process.js
]]>
</failure>
</testcase>
<testcase name="Performance Monitoring › should be responsive on mobile" classname="performance-monitoring.spec.ts" time="0">
<failure message="performance-monitoring.spec.ts:131:7 should be responsive on mobile" type="FAILURE">
<![CDATA[  [Microsoft Edge] › performance-monitoring.spec.ts:131:7 › Performance Monitoring › should be responsive on mobile 

    Error: Cannot find module '/Users/nuno-peakros/Documents/Peakros OS/namedrop/playwright.config.ts'
    Require stack:
    - /Users/nuno-peakros/Documents/Peakros OS/namedrop/node_modules/playwright/lib/transform/transform.js
    - /Users/nuno-peakros/Documents/Peakros OS/namedrop/node_modules/playwright/lib/common/configLoader.js
    - /Users/nuno-peakros/Documents/Peakros OS/namedrop/node_modules/playwright/lib/worker/workerMain.js
    - /Users/nuno-peakros/Documents/Peakros OS/namedrop/node_modules/playwright/lib/common/process.js
]]>
</failure>
</testcase>
<testcase name="Performance Monitoring › should be responsive on tablet" classname="performance-monitoring.spec.ts" time="0">
<failure message="performance-monitoring.spec.ts:141:7 should be responsive on tablet" type="FAILURE">
<![CDATA[  [Microsoft Edge] › performance-monitoring.spec.ts:141:7 › Performance Monitoring › should be responsive on tablet 

    Error: Cannot find module '/Users/nuno-peakros/Documents/Peakros OS/namedrop/playwright.config.ts'
    Require stack:
    - /Users/nuno-peakros/Documents/Peakros OS/namedrop/node_modules/playwright/lib/transform/transform.js
    - /Users/nuno-peakros/Documents/Peakros OS/namedrop/node_modules/playwright/lib/common/configLoader.js
    - /Users/nuno-peakros/Documents/Peakros OS/namedrop/node_modules/playwright/lib/worker/workerMain.js
    - /Users/nuno-peakros/Documents/Peakros OS/namedrop/node_modules/playwright/lib/common/process.js
]]>
</failure>
</testcase>
<testcase name="Performance Monitoring › should be accessible" classname="performance-monitoring.spec.ts" time="0">
<failure message="performance-monitoring.spec.ts:151:7 should be accessible" type="FAILURE">
<![CDATA[  [Microsoft Edge] › performance-monitoring.spec.ts:151:7 › Performance Monitoring › should be accessible 

    Error: Cannot find module '/Users/nuno-peakros/Documents/Peakros OS/namedrop/playwright.config.ts'
    Require stack:
    - /Users/nuno-peakros/Documents/Peakros OS/namedrop/node_modules/playwright/lib/transform/transform.js
    - /Users/nuno-peakros/Documents/Peakros OS/namedrop/node_modules/playwright/lib/common/configLoader.js
    - /Users/nuno-peakros/Documents/Peakros OS/namedrop/node_modules/playwright/lib/worker/workerMain.js
    - /Users/nuno-peakros/Documents/Peakros OS/namedrop/node_modules/playwright/lib/common/process.js
]]>
</failure>
</testcase>
</testsuite>
<testsuite name="security.spec.ts" timestamp="2025-10-02T17:03:39.228Z" hostname="Microsoft Edge" tests="20" failures="20" skipped="0" time="0" errors="0">
<testcase name="Security › should prevent SQL injection in login form" classname="security.spec.ts" time="0">
<failure message="security.spec.ts:23:7 should prevent SQL injection in login form" type="FAILURE">
<![CDATA[  [Microsoft Edge] › security.spec.ts:23:7 › Security › should prevent SQL injection in login form ─

    Error: Cannot find module '/Users/nuno-peakros/Documents/Peakros OS/namedrop/playwright.config.ts'
    Require stack:
    - /Users/nuno-peakros/Documents/Peakros OS/namedrop/node_modules/playwright/lib/transform/transform.js
    - /Users/nuno-peakros/Documents/Peakros OS/namedrop/node_modules/playwright/lib/common/configLoader.js
    - /Users/nuno-peakros/Documents/Peakros OS/namedrop/node_modules/playwright/lib/worker/workerMain.js
    - /Users/nuno-peakros/Documents/Peakros OS/namedrop/node_modules/playwright/lib/common/process.js
]]>
</failure>
</testcase>
<testcase name="Security › should prevent XSS in login form" classname="security.spec.ts" time="0">
<failure message="security.spec.ts:34:7 should prevent XSS in login form" type="FAILURE">
<![CDATA[  [Microsoft Edge] › security.spec.ts:34:7 › Security › should prevent XSS in login form ───────────

    Error: Cannot find module '/Users/nuno-peakros/Documents/Peakros OS/namedrop/playwright.config.ts'
    Require stack:
    - /Users/nuno-peakros/Documents/Peakros OS/namedrop/node_modules/playwright/lib/transform/transform.js
    - /Users/nuno-peakros/Documents/Peakros OS/namedrop/node_modules/playwright/lib/common/configLoader.js
    - /Users/nuno-peakros/Documents/Peakros OS/namedrop/node_modules/playwright/lib/worker/workerMain.js
    - /Users/nuno-peakros/Documents/Peakros OS/namedrop/node_modules/playwright/lib/common/process.js
]]>
</failure>
</testcase>
<testcase name="Security › should enforce rate limiting on login attempts" classname="security.spec.ts" time="0">
<failure message="security.spec.ts:48:7 should enforce rate limiting on login attempts" type="FAILURE">
<![CDATA[  [Microsoft Edge] › security.spec.ts:48:7 › Security › should enforce rate limiting on login attempts 

    Error: Cannot find module '/Users/nuno-peakros/Documents/Peakros OS/namedrop/playwright.config.ts'
    Require stack:
    - /Users/nuno-peakros/Documents/Peakros OS/namedrop/node_modules/playwright/lib/transform/transform.js
    - /Users/nuno-peakros/Documents/Peakros OS/namedrop/node_modules/playwright/lib/common/configLoader.js
    - /Users/nuno-peakros/Documents/Peakros OS/namedrop/node_modules/playwright/lib/worker/workerMain.js
    - /Users/nuno-peakros/Documents/Peakros OS/namedrop/node_modules/playwright/lib/common/process.js
]]>
</failure>
</testcase>
<testcase name="Security › should have proper security headers" classname="security.spec.ts" time="0">
<failure message="security.spec.ts:61:7 should have proper security headers" type="FAILURE">
<![CDATA[  [Microsoft Edge] › security.spec.ts:61:7 › Security › should have proper security headers ────────

    Error: Cannot find module '/Users/nuno-peakros/Documents/Peakros OS/namedrop/playwright.config.ts'
    Require stack:
    - /Users/nuno-peakros/Documents/Peakros OS/namedrop/node_modules/playwright/lib/transform/transform.js
    - /Users/nuno-peakros/Documents/Peakros OS/namedrop/node_modules/playwright/lib/common/configLoader.js
    - /Users/nuno-peakros/Documents/Peakros OS/namedrop/node_modules/playwright/lib/worker/workerMain.js
    - /Users/nuno-peakros/Documents/Peakros OS/namedrop/node_modules/playwright/lib/common/process.js
]]>
</failure>
</testcase>
<testcase name="Security › should prevent CSRF attacks" classname="security.spec.ts" time="0">
<failure message="security.spec.ts:72:7 should prevent CSRF attacks" type="FAILURE">
<![CDATA[  [Microsoft Edge] › security.spec.ts:72:7 › Security › should prevent CSRF attacks ────────────────

    Error: Cannot find module '/Users/nuno-peakros/Documents/Peakros OS/namedrop/playwright.config.ts'
    Require stack:
    - /Users/nuno-peakros/Documents/Peakros OS/namedrop/node_modules/playwright/lib/transform/transform.js
    - /Users/nuno-peakros/Documents/Peakros OS/namedrop/node_modules/playwright/lib/common/configLoader.js
    - /Users/nuno-peakros/Documents/Peakros OS/namedrop/node_modules/playwright/lib/worker/workerMain.js
    - /Users/nuno-peakros/Documents/Peakros OS/namedrop/node_modules/playwright/lib/common/process.js
]]>
</failure>
</testcase>
<testcase name="Security › should validate file uploads" classname="security.spec.ts" time="0">
<failure message="security.spec.ts:85:7 should validate file uploads" type="FAILURE">
<![CDATA[  [Microsoft Edge] › security.spec.ts:85:7 › Security › should validate file uploads ───────────────

    Error: Cannot find module '/Users/nuno-peakros/Documents/Peakros OS/namedrop/playwright.config.ts'
    Require stack:
    - /Users/nuno-peakros/Documents/Peakros OS/namedrop/node_modules/playwright/lib/transform/transform.js
    - /Users/nuno-peakros/Documents/Peakros OS/namedrop/node_modules/playwright/lib/common/configLoader.js
    - /Users/nuno-peakros/Documents/Peakros OS/namedrop/node_modules/playwright/lib/worker/workerMain.js
    - /Users/nuno-peakros/Documents/Peakros OS/namedrop/node_modules/playwright/lib/common/process.js
]]>
</failure>
</testcase>
<testcase name="Security › should prevent directory traversal" classname="security.spec.ts" time="0">
<failure message="security.spec.ts:107:7 should prevent directory traversal" type="FAILURE">
<![CDATA[  [Microsoft Edge] › security.spec.ts:107:7 › Security › should prevent directory traversal ────────

    Error: Cannot find module '/Users/nuno-peakros/Documents/Peakros OS/namedrop/playwright.config.ts'
    Require stack:
    - /Users/nuno-peakros/Documents/Peakros OS/namedrop/node_modules/playwright/lib/transform/transform.js
    - /Users/nuno-peakros/Documents/Peakros OS/namedrop/node_modules/playwright/lib/common/configLoader.js
    - /Users/nuno-peakros/Documents/Peakros OS/namedrop/node_modules/playwright/lib/worker/workerMain.js
    - /Users/nuno-peakros/Documents/Peakros OS/namedrop/node_modules/playwright/lib/common/process.js
]]>
</failure>
</testcase>
<testcase name="Security › should enforce HTTPS in production" classname="security.spec.ts" time="0">
<failure message="security.spec.ts:122:7 should enforce HTTPS in production" type="FAILURE">
<![CDATA[  [Microsoft Edge] › security.spec.ts:122:7 › Security › should enforce HTTPS in production ────────

    Error: Cannot find module '/Users/nuno-peakros/Documents/Peakros OS/namedrop/playwright.config.ts'
    Require stack:
    - /Users/nuno-peakros/Documents/Peakros OS/namedrop/node_modules/playwright/lib/transform/transform.js
    - /Users/nuno-peakros/Documents/Peakros OS/namedrop/node_modules/playwright/lib/common/configLoader.js
    - /Users/nuno-peakros/Documents/Peakros OS/namedrop/node_modules/playwright/lib/worker/workerMain.js
    - /Users/nuno-peakros/Documents/Peakros OS/namedrop/node_modules/playwright/lib/common/process.js
]]>
</failure>
</testcase>
<testcase name="Security › should prevent clickjacking" classname="security.spec.ts" time="0">
<failure message="security.spec.ts:129:7 should prevent clickjacking" type="FAILURE">
<![CDATA[  [Microsoft Edge] › security.spec.ts:129:7 › Security › should prevent clickjacking ───────────────

    Error: Cannot find module '/Users/nuno-peakros/Documents/Peakros OS/namedrop/playwright.config.ts'
    Require stack:
    - /Users/nuno-peakros/Documents/Peakros OS/namedrop/node_modules/playwright/lib/transform/transform.js
    - /Users/nuno-peakros/Documents/Peakros OS/namedrop/node_modules/playwright/lib/common/configLoader.js
    - /Users/nuno-peakros/Documents/Peakros OS/namedrop/node_modules/playwright/lib/worker/workerMain.js
    - /Users/nuno-peakros/Documents/Peakros OS/namedrop/node_modules/playwright/lib/common/process.js
]]>
</failure>
</testcase>
<testcase name="Security › should validate input length limits" classname="security.spec.ts" time="0">
<failure message="security.spec.ts:137:7 should validate input length limits" type="FAILURE">
<![CDATA[  [Microsoft Edge] › security.spec.ts:137:7 › Security › should validate input length limits ───────

    Error: Cannot find module '/Users/nuno-peakros/Documents/Peakros OS/namedrop/playwright.config.ts'
    Require stack:
    - /Users/nuno-peakros/Documents/Peakros OS/namedrop/node_modules/playwright/lib/transform/transform.js
    - /Users/nuno-peakros/Documents/Peakros OS/namedrop/node_modules/playwright/lib/common/configLoader.js
    - /Users/nuno-peakros/Documents/Peakros OS/namedrop/node_modules/playwright/lib/worker/workerMain.js
    - /Users/nuno-peakros/Documents/Peakros OS/namedrop/node_modules/playwright/lib/common/process.js
]]>
</failure>
</testcase>
<testcase name="Security › should prevent open redirects" classname="security.spec.ts" time="0">
<failure message="security.spec.ts:149:7 should prevent open redirects" type="FAILURE">
<![CDATA[  [Microsoft Edge] › security.spec.ts:149:7 › Security › should prevent open redirects ─────────────

    Error: Cannot find module '/Users/nuno-peakros/Documents/Peakros OS/namedrop/playwright.config.ts'
    Require stack:
    - /Users/nuno-peakros/Documents/Peakros OS/namedrop/node_modules/playwright/lib/transform/transform.js
    - /Users/nuno-peakros/Documents/Peakros OS/namedrop/node_modules/playwright/lib/common/configLoader.js
    - /Users/nuno-peakros/Documents/Peakros OS/namedrop/node_modules/playwright/lib/worker/workerMain.js
    - /Users/nuno-peakros/Documents/Peakros OS/namedrop/node_modules/playwright/lib/common/process.js
]]>
</failure>
</testcase>
<testcase name="Security › should sanitize user input in display" classname="security.spec.ts" time="0">
<failure message="security.spec.ts:167:7 should sanitize user input in display" type="FAILURE">
<![CDATA[  [Microsoft Edge] › security.spec.ts:167:7 › Security › should sanitize user input in display ─────

    Error: Cannot find module '/Users/nuno-peakros/Documents/Peakros OS/namedrop/playwright.config.ts'
    Require stack:
    - /Users/nuno-peakros/Documents/Peakros OS/namedrop/node_modules/playwright/lib/transform/transform.js
    - /Users/nuno-peakros/Documents/Peakros OS/namedrop/node_modules/playwright/lib/common/configLoader.js
    - /Users/nuno-peakros/Documents/Peakros OS/namedrop/node_modules/playwright/lib/worker/workerMain.js
    - /Users/nuno-peakros/Documents/Peakros OS/namedrop/node_modules/playwright/lib/common/process.js
]]>
</failure>
</testcase>
<testcase name="Security › should enforce session timeout" classname="security.spec.ts" time="0">
<failure message="security.spec.ts:187:7 should enforce session timeout" type="FAILURE">
<![CDATA[  [Microsoft Edge] › security.spec.ts:187:7 › Security › should enforce session timeout ────────────

    Error: Cannot find module '/Users/nuno-peakros/Documents/Peakros OS/namedrop/playwright.config.ts'
    Require stack:
    - /Users/nuno-peakros/Documents/Peakros OS/namedrop/node_modules/playwright/lib/transform/transform.js
    - /Users/nuno-peakros/Documents/Peakros OS/namedrop/node_modules/playwright/lib/common/configLoader.js
    - /Users/nuno-peakros/Documents/Peakros OS/namedrop/node_modules/playwright/lib/worker/workerMain.js
    - /Users/nuno-peakros/Documents/Peakros OS/namedrop/node_modules/playwright/lib/common/process.js
]]>
</failure>
</testcase>
<testcase name="Security › should prevent privilege escalation" classname="security.spec.ts" time="0">
<failure message="security.spec.ts:203:7 should prevent privilege escalation" type="FAILURE">
<![CDATA[  [Microsoft Edge] › security.spec.ts:203:7 › Security › should prevent privilege escalation ───────

    Error: Cannot find module '/Users/nuno-peakros/Documents/Peakros OS/namedrop/playwright.config.ts'
    Require stack:
    - /Users/nuno-peakros/Documents/Peakros OS/namedrop/node_modules/playwright/lib/transform/transform.js
    - /Users/nuno-peakros/Documents/Peakros OS/namedrop/node_modules/playwright/lib/common/configLoader.js
    - /Users/nuno-peakros/Documents/Peakros OS/namedrop/node_modules/playwright/lib/worker/workerMain.js
    - /Users/nuno-peakros/Documents/Peakros OS/namedrop/node_modules/playwright/lib/common/process.js
]]>
</failure>
</testcase>
<testcase name="Security › should validate CSRF tokens on state-changing requests" classname="security.spec.ts" time="0">
<failure message="security.spec.ts:216:7 should validate CSRF tokens on state-changing requests" type="FAILURE">
<![CDATA[  [Microsoft Edge] › security.spec.ts:216:7 › Security › should validate CSRF tokens on state-changing requests 

    Error: Cannot find module '/Users/nuno-peakros/Documents/Peakros OS/namedrop/playwright.config.ts'
    Require stack:
    - /Users/nuno-peakros/Documents/Peakros OS/namedrop/node_modules/playwright/lib/transform/transform.js
    - /Users/nuno-peakros/Documents/Peakros OS/namedrop/node_modules/playwright/lib/common/configLoader.js
    - /Users/nuno-peakros/Documents/Peakros OS/namedrop/node_modules/playwright/lib/worker/workerMain.js
    - /Users/nuno-peakros/Documents/Peakros OS/namedrop/node_modules/playwright/lib/common/process.js
]]>
</failure>
</testcase>
<testcase name="Security › should prevent information disclosure in error messages" classname="security.spec.ts" time="0">
<failure message="security.spec.ts:234:7 should prevent information disclosure in error messages" type="FAILURE">
<![CDATA[  [Microsoft Edge] › security.spec.ts:234:7 › Security › should prevent information disclosure in error messages 

    Error: Cannot find module '/Users/nuno-peakros/Documents/Peakros OS/namedrop/playwright.config.ts'
    Require stack:
    - /Users/nuno-peakros/Documents/Peakros OS/namedrop/node_modules/playwright/lib/transform/transform.js
    - /Users/nuno-peakros/Documents/Peakros OS/namedrop/node_modules/playwright/lib/common/configLoader.js
    - /Users/nuno-peakros/Documents/Peakros OS/namedrop/node_modules/playwright/lib/worker/workerMain.js
    - /Users/nuno-peakros/Documents/Peakros OS/namedrop/node_modules/playwright/lib/common/process.js
]]>
</failure>
</testcase>
<testcase name="Security › should enforce content security policy" classname="security.spec.ts" time="0">
<failure message="security.spec.ts:245:7 should enforce content security policy" type="FAILURE">
<![CDATA[  [Microsoft Edge] › security.spec.ts:245:7 › Security › should enforce content security policy ────

    Error: Cannot find module '/Users/nuno-peakros/Documents/Peakros OS/namedrop/playwright.config.ts'
    Require stack:
    - /Users/nuno-peakros/Documents/Peakros OS/namedrop/node_modules/playwright/lib/transform/transform.js
    - /Users/nuno-peakros/Documents/Peakros OS/namedrop/node_modules/playwright/lib/common/configLoader.js
    - /Users/nuno-peakros/Documents/Peakros OS/namedrop/node_modules/playwright/lib/worker/workerMain.js
    - /Users/nuno-peakros/Documents/Peakros OS/namedrop/node_modules/playwright/lib/common/process.js
]]>
</failure>
</testcase>
<testcase name="Security › should prevent timing attacks" classname="security.spec.ts" time="0">
<failure message="security.spec.ts:254:7 should prevent timing attacks" type="FAILURE">
<![CDATA[  [Microsoft Edge] › security.spec.ts:254:7 › Security › should prevent timing attacks ─────────────

    Error: Cannot find module '/Users/nuno-peakros/Documents/Peakros OS/namedrop/playwright.config.ts'
    Require stack:
    - /Users/nuno-peakros/Documents/Peakros OS/namedrop/node_modules/playwright/lib/transform/transform.js
    - /Users/nuno-peakros/Documents/Peakros OS/namedrop/node_modules/playwright/lib/common/configLoader.js
    - /Users/nuno-peakros/Documents/Peakros OS/namedrop/node_modules/playwright/lib/worker/workerMain.js
    - /Users/nuno-peakros/Documents/Peakros OS/namedrop/node_modules/playwright/lib/common/process.js
]]>
</failure>
</testcase>
<testcase name="Security › should handle security headers correctly" classname="security.spec.ts" time="0">
<failure message="security.spec.ts:278:7 should handle security headers correctly" type="FAILURE">
<![CDATA[  [Microsoft Edge] › security.spec.ts:278:7 › Security › should handle security headers correctly ──

    Error: Cannot find module '/Users/nuno-peakros/Documents/Peakros OS/namedrop/playwright.config.ts'
    Require stack:
    - /Users/nuno-peakros/Documents/Peakros OS/namedrop/node_modules/playwright/lib/transform/transform.js
    - /Users/nuno-peakros/Documents/Peakros OS/namedrop/node_modules/playwright/lib/common/configLoader.js
    - /Users/nuno-peakros/Documents/Peakros OS/namedrop/node_modules/playwright/lib/worker/workerMain.js
    - /Users/nuno-peakros/Documents/Peakros OS/namedrop/node_modules/playwright/lib/common/process.js
]]>
</failure>
</testcase>
<testcase name="Security › should prevent brute force attacks" classname="security.spec.ts" time="0">
<failure message="security.spec.ts:289:7 should prevent brute force attacks" type="FAILURE">
<![CDATA[  [Microsoft Edge] › security.spec.ts:289:7 › Security › should prevent brute force attacks ────────

    Error: Cannot find module '/Users/nuno-peakros/Documents/Peakros OS/namedrop/playwright.config.ts'
    Require stack:
    - /Users/nuno-peakros/Documents/Peakros OS/namedrop/node_modules/playwright/lib/transform/transform.js
    - /Users/nuno-peakros/Documents/Peakros OS/namedrop/node_modules/playwright/lib/common/configLoader.js
    - /Users/nuno-peakros/Documents/Peakros OS/namedrop/node_modules/playwright/lib/worker/workerMain.js
    - /Users/nuno-peakros/Documents/Peakros OS/namedrop/node_modules/playwright/lib/common/process.js
]]>
</failure>
</testcase>
</testsuite>
<testsuite name="user-management.spec.ts" timestamp="2025-10-02T17:03:39.228Z" hostname="Microsoft Edge" tests="18" failures="18" skipped="0" time="0" errors="0">
<testcase name="User Management Flow › should display user management interface correctly" classname="user-management.spec.ts" time="0">
<failure message="user-management.spec.ts:137:7 should display user management interface correctly" type="FAILURE">
<![CDATA[  [Microsoft Edge] › user-management.spec.ts:137:7 › User Management Flow › should display user management interface correctly 

    Error: Cannot find module '/Users/nuno-peakros/Documents/Peakros OS/namedrop/playwright.config.ts'
    Require stack:
    - /Users/nuno-peakros/Documents/Peakros OS/namedrop/node_modules/playwright/lib/transform/transform.js
    - /Users/nuno-peakros/Documents/Peakros OS/namedrop/node_modules/playwright/lib/common/configLoader.js
    - /Users/nuno-peakros/Documents/Peakros OS/namedrop/node_modules/playwright/lib/worker/workerMain.js
    - /Users/nuno-peakros/Documents/Peakros OS/namedrop/node_modules/playwright/lib/common/process.js
]]>
</failure>
</testcase>
<testcase name="User Management Flow › should search users correctly" classname="user-management.spec.ts" time="0">
<failure message="user-management.spec.ts:158:7 should search users correctly" type="FAILURE">
<![CDATA[  [Microsoft Edge] › user-management.spec.ts:158:7 › User Management Flow › should search users correctly 

    Error: Cannot find module '/Users/nuno-peakros/Documents/Peakros OS/namedrop/playwright.config.ts'
    Require stack:
    - /Users/nuno-peakros/Documents/Peakros OS/namedrop/node_modules/playwright/lib/transform/transform.js
    - /Users/nuno-peakros/Documents/Peakros OS/namedrop/node_modules/playwright/lib/common/configLoader.js
    - /Users/nuno-peakros/Documents/Peakros OS/namedrop/node_modules/playwright/lib/worker/workerMain.js
    - /Users/nuno-peakros/Documents/Peakros OS/namedrop/node_modules/playwright/lib/common/process.js
]]>
</failure>
</testcase>
<testcase name="User Management Flow › should filter users by role" classname="user-management.spec.ts" time="0">
<failure message="user-management.spec.ts:169:7 should filter users by role" type="FAILURE">
<![CDATA[  [Microsoft Edge] › user-management.spec.ts:169:7 › User Management Flow › should filter users by role 

    Error: Cannot find module '/Users/nuno-peakros/Documents/Peakros OS/namedrop/playwright.config.ts'
    Require stack:
    - /Users/nuno-peakros/Documents/Peakros OS/namedrop/node_modules/playwright/lib/transform/transform.js
    - /Users/nuno-peakros/Documents/Peakros OS/namedrop/node_modules/playwright/lib/common/configLoader.js
    - /Users/nuno-peakros/Documents/Peakros OS/namedrop/node_modules/playwright/lib/worker/workerMain.js
    - /Users/nuno-peakros/Documents/Peakros OS/namedrop/node_modules/playwright/lib/common/process.js
]]>
</failure>
</testcase>
<testcase name="User Management Flow › should filter users by status" classname="user-management.spec.ts" time="0">
<failure message="user-management.spec.ts:181:7 should filter users by status" type="FAILURE">
<![CDATA[  [Microsoft Edge] › user-management.spec.ts:181:7 › User Management Flow › should filter users by status 

    Error: Cannot find module '/Users/nuno-peakros/Documents/Peakros OS/namedrop/playwright.config.ts'
    Require stack:
    - /Users/nuno-peakros/Documents/Peakros OS/namedrop/node_modules/playwright/lib/transform/transform.js
    - /Users/nuno-peakros/Documents/Peakros OS/namedrop/node_modules/playwright/lib/common/configLoader.js
    - /Users/nuno-peakros/Documents/Peakros OS/namedrop/node_modules/playwright/lib/worker/workerMain.js
    - /Users/nuno-peakros/Documents/Peakros OS/namedrop/node_modules/playwright/lib/common/process.js
]]>
</failure>
</testcase>
<testcase name="User Management Flow › should create a new user" classname="user-management.spec.ts" time="0">
<failure message="user-management.spec.ts:193:7 should create a new user" type="FAILURE">
<![CDATA[  [Microsoft Edge] › user-management.spec.ts:193:7 › User Management Flow › should create a new user 

    Error: Cannot find module '/Users/nuno-peakros/Documents/Peakros OS/namedrop/playwright.config.ts'
    Require stack:
    - /Users/nuno-peakros/Documents/Peakros OS/namedrop/node_modules/playwright/lib/transform/transform.js
    - /Users/nuno-peakros/Documents/Peakros OS/namedrop/node_modules/playwright/lib/common/configLoader.js
    - /Users/nuno-peakros/Documents/Peakros OS/namedrop/node_modules/playwright/lib/worker/workerMain.js
    - /Users/nuno-peakros/Documents/Peakros OS/namedrop/node_modules/playwright/lib/common/process.js
]]>
</failure>
</testcase>
<testcase name="User Management Flow › should select users for bulk operations" classname="user-management.spec.ts" time="0">
<failure message="user-management.spec.ts:203:7 should select users for bulk operations" type="FAILURE">
<![CDATA[  [Microsoft Edge] › user-management.spec.ts:203:7 › User Management Flow › should select users for bulk operations 

    Error: Cannot find module '/Users/nuno-peakros/Documents/Peakros OS/namedrop/playwright.config.ts'
    Require stack:
    - /Users/nuno-peakros/Documents/Peakros OS/namedrop/node_modules/playwright/lib/transform/transform.js
    - /Users/nuno-peakros/Documents/Peakros OS/namedrop/node_modules/playwright/lib/common/configLoader.js
    - /Users/nuno-peakros/Documents/Peakros OS/namedrop/node_modules/playwright/lib/worker/workerMain.js
    - /Users/nuno-peakros/Documents/Peakros OS/namedrop/node_modules/playwright/lib/common/process.js
]]>
</failure>
</testcase>
<testcase name="User Management Flow › should select all users" classname="user-management.spec.ts" time="0">
<failure message="user-management.spec.ts:216:7 should select all users" type="FAILURE">
<![CDATA[  [Microsoft Edge] › user-management.spec.ts:216:7 › User Management Flow › should select all users 

    Error: Cannot find module '/Users/nuno-peakros/Documents/Peakros OS/namedrop/playwright.config.ts'
    Require stack:
    - /Users/nuno-peakros/Documents/Peakros OS/namedrop/node_modules/playwright/lib/transform/transform.js
    - /Users/nuno-peakros/Documents/Peakros OS/namedrop/node_modules/playwright/lib/common/configLoader.js
    - /Users/nuno-peakros/Documents/Peakros OS/namedrop/node_modules/playwright/lib/worker/workerMain.js
    - /Users/nuno-peakros/Documents/Peakros OS/namedrop/node_modules/playwright/lib/common/process.js
]]>
</failure>
</testcase>
<testcase name="User Management Flow › should toggle user status" classname="user-management.spec.ts" time="0">
<failure message="user-management.spec.ts:229:7 should toggle user status" type="FAILURE">
<![CDATA[  [Microsoft Edge] › user-management.spec.ts:229:7 › User Management Flow › should toggle user status 

    Error: Cannot find module '/Users/nuno-peakros/Documents/Peakros OS/namedrop/playwright.config.ts'
    Require stack:
    - /Users/nuno-peakros/Documents/Peakros OS/namedrop/node_modules/playwright/lib/transform/transform.js
    - /Users/nuno-peakros/Documents/Peakros OS/namedrop/node_modules/playwright/lib/common/configLoader.js
    - /Users/nuno-peakros/Documents/Peakros OS/namedrop/node_modules/playwright/lib/worker/workerMain.js
    - /Users/nuno-peakros/Documents/Peakros OS/namedrop/node_modules/playwright/lib/common/process.js
]]>
</failure>
</testcase>
<testcase name="User Management Flow › should resend verification email" classname="user-management.spec.ts" time="0">
<failure message="user-management.spec.ts:242:7 should resend verification email" type="FAILURE">
<![CDATA[  [Microsoft Edge] › user-management.spec.ts:242:7 › User Management Flow › should resend verification email 

    Error: Cannot find module '/Users/nuno-peakros/Documents/Peakros OS/namedrop/playwright.config.ts'
    Require stack:
    - /Users/nuno-peakros/Documents/Peakros OS/namedrop/node_modules/playwright/lib/transform/transform.js
    - /Users/nuno-peakros/Documents/Peakros OS/namedrop/node_modules/playwright/lib/common/configLoader.js
    - /Users/nuno-peakros/Documents/Peakros OS/namedrop/node_modules/playwright/lib/worker/workerMain.js
    - /Users/nuno-peakros/Documents/Peakros OS/namedrop/node_modules/playwright/lib/common/process.js
]]>
</failure>
</testcase>
<testcase name="User Management Flow › should delete a user" classname="user-management.spec.ts" time="0">
<failure message="user-management.spec.ts:266:7 should delete a user" type="FAILURE">
<![CDATA[  [Microsoft Edge] › user-management.spec.ts:266:7 › User Management Flow › should delete a user ───

    Error: Cannot find module '/Users/nuno-peakros/Documents/Peakros OS/namedrop/playwright.config.ts'
    Require stack:
    - /Users/nuno-peakros/Documents/Peakros OS/namedrop/node_modules/playwright/lib/transform/transform.js
    - /Users/nuno-peakros/Documents/Peakros OS/namedrop/node_modules/playwright/lib/common/configLoader.js
    - /Users/nuno-peakros/Documents/Peakros OS/namedrop/node_modules/playwright/lib/worker/workerMain.js
    - /Users/nuno-peakros/Documents/Peakros OS/namedrop/node_modules/playwright/lib/common/process.js
]]>
</failure>
</testcase>
<testcase name="User Management Flow › should handle pagination" classname="user-management.spec.ts" time="0">
<failure message="user-management.spec.ts:285:7 should handle pagination" type="FAILURE">
<![CDATA[  [Microsoft Edge] › user-management.spec.ts:285:7 › User Management Flow › should handle pagination 

    Error: Cannot find module '/Users/nuno-peakros/Documents/Peakros OS/namedrop/playwright.config.ts'
    Require stack:
    - /Users/nuno-peakros/Documents/Peakros OS/namedrop/node_modules/playwright/lib/transform/transform.js
    - /Users/nuno-peakros/Documents/Peakros OS/namedrop/node_modules/playwright/lib/common/configLoader.js
    - /Users/nuno-peakros/Documents/Peakros OS/namedrop/node_modules/playwright/lib/worker/workerMain.js
    - /Users/nuno-peakros/Documents/Peakros OS/namedrop/node_modules/playwright/lib/common/process.js
]]>
</failure>
</testcase>
<testcase name="User Management Flow › should display loading state" classname="user-management.spec.ts" time="0">
<failure message="user-management.spec.ts:328:7 should display loading state" type="FAILURE">
<![CDATA[  [Microsoft Edge] › user-management.spec.ts:328:7 › User Management Flow › should display loading state 

    Error: Cannot find module '/Users/nuno-peakros/Documents/Peakros OS/namedrop/playwright.config.ts'
    Require stack:
    - /Users/nuno-peakros/Documents/Peakros OS/namedrop/node_modules/playwright/lib/transform/transform.js
    - /Users/nuno-peakros/Documents/Peakros OS/namedrop/node_modules/playwright/lib/common/configLoader.js
    - /Users/nuno-peakros/Documents/Peakros OS/namedrop/node_modules/playwright/lib/worker/workerMain.js
    - /Users/nuno-peakros/Documents/Peakros OS/namedrop/node_modules/playwright/lib/common/process.js
]]>
</failure>
</testcase>
<testcase name="User Management Flow › should display error state" classname="user-management.spec.ts" time="0">
<failure message="user-management.spec.ts:346:7 should display error state" type="FAILURE">
<![CDATA[  [Microsoft Edge] › user-management.spec.ts:346:7 › User Management Flow › should display error state 

    Error: Cannot find module '/Users/nuno-peakros/Documents/Peakros OS/namedrop/playwright.config.ts'
    Require stack:
    - /Users/nuno-peakros/Documents/Peakros OS/namedrop/node_modules/playwright/lib/transform/transform.js
    - /Users/nuno-peakros/Documents/Peakros OS/namedrop/node_modules/playwright/lib/common/configLoader.js
    - /Users/nuno-peakros/Documents/Peakros OS/namedrop/node_modules/playwright/lib/worker/workerMain.js
    - /Users/nuno-peakros/Documents/Peakros OS/namedrop/node_modules/playwright/lib/common/process.js
]]>
</failure>
</testcase>
<testcase name="User Management Flow › should display empty state when no users found" classname="user-management.spec.ts" time="0">
<failure message="user-management.spec.ts:369:7 should display empty state when no users found" type="FAILURE">
<![CDATA[  [Microsoft Edge] › user-management.spec.ts:369:7 › User Management Flow › should display empty state when no users found 

    Error: Cannot find module '/Users/nuno-peakros/Documents/Peakros OS/namedrop/playwright.config.ts'
    Require stack:
    - /Users/nuno-peakros/Documents/Peakros OS/namedrop/node_modules/playwright/lib/transform/transform.js
    - /Users/nuno-peakros/Documents/Peakros OS/namedrop/node_modules/playwright/lib/common/configLoader.js
    - /Users/nuno-peakros/Documents/Peakros OS/namedrop/node_modules/playwright/lib/worker/workerMain.js
    - /Users/nuno-peakros/Documents/Peakros OS/namedrop/node_modules/playwright/lib/common/process.js
]]>
</failure>
</testcase>
<testcase name="User Management Flow › should handle search with no results" classname="user-management.spec.ts" time="0">
<failure message="user-management.spec.ts:401:7 should handle search with no results" type="FAILURE">
<![CDATA[  [Microsoft Edge] › user-management.spec.ts:401:7 › User Management Flow › should handle search with no results 

    Error: Cannot find module '/Users/nuno-peakros/Documents/Peakros OS/namedrop/playwright.config.ts'
    Require stack:
    - /Users/nuno-peakros/Documents/Peakros OS/namedrop/node_modules/playwright/lib/transform/transform.js
    - /Users/nuno-peakros/Documents/Peakros OS/namedrop/node_modules/playwright/lib/common/configLoader.js
    - /Users/nuno-peakros/Documents/Peakros OS/namedrop/node_modules/playwright/lib/worker/workerMain.js
    - /Users/nuno-peakros/Documents/Peakros OS/namedrop/node_modules/playwright/lib/common/process.js
]]>
</failure>
</testcase>
<testcase name="User Management Flow › should be responsive on mobile devices" classname="user-management.spec.ts" time="0">
<failure message="user-management.spec.ts:441:7 should be responsive on mobile devices" type="FAILURE">
<![CDATA[  [Microsoft Edge] › user-management.spec.ts:441:7 › User Management Flow › should be responsive on mobile devices 

    Error: Cannot find module '/Users/nuno-peakros/Documents/Peakros OS/namedrop/playwright.config.ts'
    Require stack:
    - /Users/nuno-peakros/Documents/Peakros OS/namedrop/node_modules/playwright/lib/transform/transform.js
    - /Users/nuno-peakros/Documents/Peakros OS/namedrop/node_modules/playwright/lib/common/configLoader.js
    - /Users/nuno-peakros/Documents/Peakros OS/namedrop/node_modules/playwright/lib/worker/workerMain.js
    - /Users/nuno-peakros/Documents/Peakros OS/namedrop/node_modules/playwright/lib/common/process.js
]]>
</failure>
</testcase>
<testcase name="User Management Flow › should have proper accessibility attributes" classname="user-management.spec.ts" time="0">
<failure message="user-management.spec.ts:455:7 should have proper accessibility attributes" type="FAILURE">
<![CDATA[  [Microsoft Edge] › user-management.spec.ts:455:7 › User Management Flow › should have proper accessibility attributes 

    Error: Cannot find module '/Users/nuno-peakros/Documents/Peakros OS/namedrop/playwright.config.ts'
    Require stack:
    - /Users/nuno-peakros/Documents/Peakros OS/namedrop/node_modules/playwright/lib/transform/transform.js
    - /Users/nuno-peakros/Documents/Peakros OS/namedrop/node_modules/playwright/lib/common/configLoader.js
    - /Users/nuno-peakros/Documents/Peakros OS/namedrop/node_modules/playwright/lib/worker/workerMain.js
    - /Users/nuno-peakros/Documents/Peakros OS/namedrop/node_modules/playwright/lib/common/process.js
]]>
</failure>
</testcase>
<testcase name="User Management Flow › should handle keyboard navigation" classname="user-management.spec.ts" time="0">
<failure message="user-management.spec.ts:475:7 should handle keyboard navigation" type="FAILURE">
<![CDATA[  [Microsoft Edge] › user-management.spec.ts:475:7 › User Management Flow › should handle keyboard navigation 

    Error: Cannot find module '/Users/nuno-peakros/Documents/Peakros OS/namedrop/playwright.config.ts'
    Require stack:
    - /Users/nuno-peakros/Documents/Peakros OS/namedrop/node_modules/playwright/lib/transform/transform.js
    - /Users/nuno-peakros/Documents/Peakros OS/namedrop/node_modules/playwright/lib/common/configLoader.js
    - /Users/nuno-peakros/Documents/Peakros OS/namedrop/node_modules/playwright/lib/worker/workerMain.js
    - /Users/nuno-peakros/Documents/Peakros OS/namedrop/node_modules/playwright/lib/common/process.js
]]>
</failure>
</testcase>
</testsuite>
<testsuite name="accessibility.spec.ts" timestamp="2025-10-02T17:03:39.228Z" hostname="Google Chrome" tests="16" failures="16" skipped="0" time="0" errors="0">
<testcase name="Accessibility › should have proper heading structure" classname="accessibility.spec.ts" time="0">
<failure message="accessibility.spec.ts:21:7 should have proper heading structure" type="FAILURE">
<![CDATA[  [Google Chrome] › accessibility.spec.ts:21:7 › Accessibility › should have proper heading structure 

    Error: Cannot find module '/Users/nuno-peakros/Documents/Peakros OS/namedrop/playwright.config.ts'
    Require stack:
    - /Users/nuno-peakros/Documents/Peakros OS/namedrop/node_modules/playwright/lib/transform/transform.js
    - /Users/nuno-peakros/Documents/Peakros OS/namedrop/node_modules/playwright/lib/common/configLoader.js
    - /Users/nuno-peakros/Documents/Peakros OS/namedrop/node_modules/playwright/lib/worker/workerMain.js
    - /Users/nuno-peakros/Documents/Peakros OS/namedrop/node_modules/playwright/lib/common/process.js
]]>
</failure>
</testcase>
<testcase name="Accessibility › should be keyboard navigable" classname="accessibility.spec.ts" time="0">
<failure message="accessibility.spec.ts:28:7 should be keyboard navigable" type="FAILURE">
<![CDATA[  [Google Chrome] › accessibility.spec.ts:28:7 › Accessibility › should be keyboard navigable ──────

    Error: Cannot find module '/Users/nuno-peakros/Documents/Peakros OS/namedrop/playwright.config.ts'
    Require stack:
    - /Users/nuno-peakros/Documents/Peakros OS/namedrop/node_modules/playwright/lib/transform/transform.js
    - /Users/nuno-peakros/Documents/Peakros OS/namedrop/node_modules/playwright/lib/common/configLoader.js
    - /Users/nuno-peakros/Documents/Peakros OS/namedrop/node_modules/playwright/lib/worker/workerMain.js
    - /Users/nuno-peakros/Documents/Peakros OS/namedrop/node_modules/playwright/lib/common/process.js
]]>
</failure>
</testcase>
<testcase name="Accessibility › should have proper focus indicators" classname="accessibility.spec.ts" time="0">
<failure message="accessibility.spec.ts:46:7 should have proper focus indicators" type="FAILURE">
<![CDATA[  [Google Chrome] › accessibility.spec.ts:46:7 › Accessibility › should have proper focus indicators 

    Error: Cannot find module '/Users/nuno-peakros/Documents/Peakros OS/namedrop/playwright.config.ts'
    Require stack:
    - /Users/nuno-peakros/Documents/Peakros OS/namedrop/node_modules/playwright/lib/transform/transform.js
    - /Users/nuno-peakros/Documents/Peakros OS/namedrop/node_modules/playwright/lib/common/configLoader.js
    - /Users/nuno-peakros/Documents/Peakros OS/namedrop/node_modules/playwright/lib/worker/workerMain.js
    - /Users/nuno-peakros/Documents/Peakros OS/namedrop/node_modules/playwright/lib/common/process.js
]]>
</failure>
</testcase>
<testcase name="Accessibility › should have proper ARIA attributes" classname="accessibility.spec.ts" time="0">
<failure message="accessibility.spec.ts:64:7 should have proper ARIA attributes" type="FAILURE">
<![CDATA[  [Google Chrome] › accessibility.spec.ts:64:7 › Accessibility › should have proper ARIA attributes 

    Error: Cannot find module '/Users/nuno-peakros/Documents/Peakros OS/namedrop/playwright.config.ts'
    Require stack:
    - /Users/nuno-peakros/Documents/Peakros OS/namedrop/node_modules/playwright/lib/transform/transform.js
    - /Users/nuno-peakros/Documents/Peakros OS/namedrop/node_modules/playwright/lib/common/configLoader.js
    - /Users/nuno-peakros/Documents/Peakros OS/namedrop/node_modules/playwright/lib/worker/workerMain.js
    - /Users/nuno-peakros/Documents/Peakros OS/namedrop/node_modules/playwright/lib/common/process.js
]]>
</failure>
</testcase>
<testcase name="Accessibility › should have proper form labels" classname="accessibility.spec.ts" time="0">
<failure message="accessibility.spec.ts:83:7 should have proper form labels" type="FAILURE">
<![CDATA[  [Google Chrome] › accessibility.spec.ts:83:7 › Accessibility › should have proper form labels ────

    Error: Cannot find module '/Users/nuno-peakros/Documents/Peakros OS/namedrop/playwright.config.ts'
    Require stack:
    - /Users/nuno-peakros/Documents/Peakros OS/namedrop/node_modules/playwright/lib/transform/transform.js
    - /Users/nuno-peakros/Documents/Peakros OS/namedrop/node_modules/playwright/lib/common/configLoader.js
    - /Users/nuno-peakros/Documents/Peakros OS/namedrop/node_modules/playwright/lib/worker/workerMain.js
    - /Users/nuno-peakros/Documents/Peakros OS/namedrop/node_modules/playwright/lib/common/process.js
]]>
</failure>
</testcase>
<testcase name="Accessibility › should have proper color contrast" classname="accessibility.spec.ts" time="0">
<failure message="accessibility.spec.ts:101:7 should have proper color contrast" type="FAILURE">
<![CDATA[  [Google Chrome] › accessibility.spec.ts:101:7 › Accessibility › should have proper color contrast 

    Error: Cannot find module '/Users/nuno-peakros/Documents/Peakros OS/namedrop/playwright.config.ts'
    Require stack:
    - /Users/nuno-peakros/Documents/Peakros OS/namedrop/node_modules/playwright/lib/transform/transform.js
    - /Users/nuno-peakros/Documents/Peakros OS/namedrop/node_modules/playwright/lib/common/configLoader.js
    - /Users/nuno-peakros/Documents/Peakros OS/namedrop/node_modules/playwright/lib/worker/workerMain.js
    - /Users/nuno-peakros/Documents/Peakros OS/namedrop/node_modules/playwright/lib/common/process.js
]]>
</failure>
</testcase>
<testcase name="Accessibility › should handle screen reader announcements" classname="accessibility.spec.ts" time="0">
<failure message="accessibility.spec.ts:120:7 should handle screen reader announcements" type="FAILURE">
<![CDATA[  [Google Chrome] › accessibility.spec.ts:120:7 › Accessibility › should handle screen reader announcements 

    Error: Cannot find module '/Users/nuno-peakros/Documents/Peakros OS/namedrop/playwright.config.ts'
    Require stack:
    - /Users/nuno-peakros/Documents/Peakros OS/namedrop/node_modules/playwright/lib/transform/transform.js
    - /Users/nuno-peakros/Documents/Peakros OS/namedrop/node_modules/playwright/lib/common/configLoader.js
    - /Users/nuno-peakros/Documents/Peakros OS/namedrop/node_modules/playwright/lib/worker/workerMain.js
    - /Users/nuno-peakros/Documents/Peakros OS/namedrop/node_modules/playwright/lib/common/process.js
]]>
</failure>
</testcase>
<testcase name="Accessibility › should have proper table structure" classname="accessibility.spec.ts" time="0">
<failure message="accessibility.spec.ts:130:7 should have proper table structure" type="FAILURE">
<![CDATA[  [Google Chrome] › accessibility.spec.ts:130:7 › Accessibility › should have proper table structure 

    Error: Cannot find module '/Users/nuno-peakros/Documents/Peakros OS/namedrop/playwright.config.ts'
    Require stack:
    - /Users/nuno-peakros/Documents/Peakros OS/namedrop/node_modules/playwright/lib/transform/transform.js
    - /Users/nuno-peakros/Documents/Peakros OS/namedrop/node_modules/playwright/lib/common/configLoader.js
    - /Users/nuno-peakros/Documents/Peakros OS/namedrop/node_modules/playwright/lib/worker/workerMain.js
    - /Users/nuno-peakros/Documents/Peakros OS/namedrop/node_modules/playwright/lib/common/process.js
]]>
</failure>
</testcase>
<testcase name="Accessibility › should handle modal accessibility" classname="accessibility.spec.ts" time="0">
<failure message="accessibility.spec.ts:151:7 should handle modal accessibility" type="FAILURE">
<![CDATA[  [Google Chrome] › accessibility.spec.ts:151:7 › Accessibility › should handle modal accessibility 

    Error: Cannot find module '/Users/nuno-peakros/Documents/Peakros OS/namedrop/playwright.config.ts'
    Require stack:
    - /Users/nuno-peakros/Documents/Peakros OS/namedrop/node_modules/playwright/lib/transform/transform.js
    - /Users/nuno-peakros/Documents/Peakros OS/namedrop/node_modules/playwright/lib/common/configLoader.js
    - /Users/nuno-peakros/Documents/Peakros OS/namedrop/node_modules/playwright/lib/worker/workerMain.js
    - /Users/nuno-peakros/Documents/Peakros OS/namedrop/node_modules/playwright/lib/common/process.js
]]>
</failure>
</testcase>
<testcase name="Accessibility › should have proper error handling" classname="accessibility.spec.ts" time="0">
<failure message="accessibility.spec.ts:167:7 should have proper error handling" type="FAILURE">
<![CDATA[  [Google Chrome] › accessibility.spec.ts:167:7 › Accessibility › should have proper error handling 

    Error: Cannot find module '/Users/nuno-peakros/Documents/Peakros OS/namedrop/playwright.config.ts'
    Require stack:
    - /Users/nuno-peakros/Documents/Peakros OS/namedrop/node_modules/playwright/lib/transform/transform.js
    - /Users/nuno-peakros/Documents/Peakros OS/namedrop/node_modules/playwright/lib/common/configLoader.js
    - /Users/nuno-peakros/Documents/Peakros OS/namedrop/node_modules/playwright/lib/worker/workerMain.js
    - /Users/nuno-peakros/Documents/Peakros OS/namedrop/node_modules/playwright/lib/common/process.js
]]>
</failure>
</testcase>
<testcase name="Accessibility › should be responsive and accessible on mobile" classname="accessibility.spec.ts" time="0">
<failure message="accessibility.spec.ts:182:7 should be responsive and accessible on mobile" type="FAILURE">
<![CDATA[  [Google Chrome] › accessibility.spec.ts:182:7 › Accessibility › should be responsive and accessible on mobile 

    Error: Cannot find module '/Users/nuno-peakros/Documents/Peakros OS/namedrop/playwright.config.ts'
    Require stack:
    - /Users/nuno-peakros/Documents/Peakros OS/namedrop/node_modules/playwright/lib/transform/transform.js
    - /Users/nuno-peakros/Documents/Peakros OS/namedrop/node_modules/playwright/lib/common/configLoader.js
    - /Users/nuno-peakros/Documents/Peakros OS/namedrop/node_modules/playwright/lib/worker/workerMain.js
    - /Users/nuno-peakros/Documents/Peakros OS/namedrop/node_modules/playwright/lib/common/process.js
]]>
</failure>
</testcase>
<testcase name="Accessibility › should handle high contrast mode" classname="accessibility.spec.ts" time="0">
<failure message="accessibility.spec.ts:197:7 should handle high contrast mode" type="FAILURE">
<![CDATA[  [Google Chrome] › accessibility.spec.ts:197:7 › Accessibility › should handle high contrast mode ─

    Error: Cannot find module '/Users/nuno-peakros/Documents/Peakros OS/namedrop/playwright.config.ts'
    Require stack:
    - /Users/nuno-peakros/Documents/Peakros OS/namedrop/node_modules/playwright/lib/transform/transform.js
    - /Users/nuno-peakros/Documents/Peakros OS/namedrop/node_modules/playwright/lib/common/configLoader.js
    - /Users/nuno-peakros/Documents/Peakros OS/namedrop/node_modules/playwright/lib/worker/workerMain.js
    - /Users/nuno-peakros/Documents/Peakros OS/namedrop/node_modules/playwright/lib/common/process.js
]]>
</failure>
</testcase>
<testcase name="Accessibility › should have proper skip links" classname="accessibility.spec.ts" time="0">
<failure message="accessibility.spec.ts:217:7 should have proper skip links" type="FAILURE">
<![CDATA[  [Google Chrome] › accessibility.spec.ts:217:7 › Accessibility › should have proper skip links ────

    Error: Cannot find module '/Users/nuno-peakros/Documents/Peakros OS/namedrop/playwright.config.ts'
    Require stack:
    - /Users/nuno-peakros/Documents/Peakros OS/namedrop/node_modules/playwright/lib/transform/transform.js
    - /Users/nuno-peakros/Documents/Peakros OS/namedrop/node_modules/playwright/lib/common/configLoader.js
    - /Users/nuno-peakros/Documents/Peakros OS/namedrop/node_modules/playwright/lib/worker/workerMain.js
    - /Users/nuno-peakros/Documents/Peakros OS/namedrop/node_modules/playwright/lib/common/process.js
]]>
</failure>
</testcase>
<testcase name="Accessibility › should handle reduced motion preferences" classname="accessibility.spec.ts" time="0">
<failure message="accessibility.spec.ts:233:7 should handle reduced motion preferences" type="FAILURE">
<![CDATA[  [Google Chrome] › accessibility.spec.ts:233:7 › Accessibility › should handle reduced motion preferences 

    Error: Cannot find module '/Users/nuno-peakros/Documents/Peakros OS/namedrop/playwright.config.ts'
    Require stack:
    - /Users/nuno-peakros/Documents/Peakros OS/namedrop/node_modules/playwright/lib/transform/transform.js
    - /Users/nuno-peakros/Documents/Peakros OS/namedrop/node_modules/playwright/lib/common/configLoader.js
    - /Users/nuno-peakros/Documents/Peakros OS/namedrop/node_modules/playwright/lib/worker/workerMain.js
    - /Users/nuno-peakros/Documents/Peakros OS/namedrop/node_modules/playwright/lib/common/process.js
]]>
</failure>
</testcase>
<testcase name="Accessibility › should have proper language attributes" classname="accessibility.spec.ts" time="0">
<failure message="accessibility.spec.ts:255:7 should have proper language attributes" type="FAILURE">
<![CDATA[  [Google Chrome] › accessibility.spec.ts:255:7 › Accessibility › should have proper language attributes 

    Error: Cannot find module '/Users/nuno-peakros/Documents/Peakros OS/namedrop/playwright.config.ts'
    Require stack:
    - /Users/nuno-peakros/Documents/Peakros OS/namedrop/node_modules/playwright/lib/transform/transform.js
    - /Users/nuno-peakros/Documents/Peakros OS/namedrop/node_modules/playwright/lib/common/configLoader.js
    - /Users/nuno-peakros/Documents/Peakros OS/namedrop/node_modules/playwright/lib/worker/workerMain.js
    - /Users/nuno-peakros/Documents/Peakros OS/namedrop/node_modules/playwright/lib/common/process.js
]]>
</failure>
</testcase>
<testcase name="Accessibility › should handle zoom up to 200%" classname="accessibility.spec.ts" time="0">
<failure message="accessibility.spec.ts:267:7 should handle zoom up to 200%" type="FAILURE">
<![CDATA[  [Google Chrome] › accessibility.spec.ts:267:7 › Accessibility › should handle zoom up to 200% ────

    Error: Cannot find module '/Users/nuno-peakros/Documents/Peakros OS/namedrop/playwright.config.ts'
    Require stack:
    - /Users/nuno-peakros/Documents/Peakros OS/namedrop/node_modules/playwright/lib/transform/transform.js
    - /Users/nuno-peakros/Documents/Peakros OS/namedrop/node_modules/playwright/lib/common/configLoader.js
    - /Users/nuno-peakros/Documents/Peakros OS/namedrop/node_modules/playwright/lib/worker/workerMain.js
    - /Users/nuno-peakros/Documents/Peakros OS/namedrop/node_modules/playwright/lib/common/process.js
]]>
</failure>
</testcase>
</testsuite>
<testsuite name="auth-flow.spec.ts" timestamp="2025-10-02T17:03:39.228Z" hostname="Google Chrome" tests="14" failures="14" skipped="0" time="0" errors="0">
<testcase name="Authentication Flow › should display login form correctly" classname="auth-flow.spec.ts" time="0">
<failure message="auth-flow.spec.ts:21:7 should display login form correctly" type="FAILURE">
<![CDATA[  [Google Chrome] › auth-flow.spec.ts:21:7 › Authentication Flow › should display login form correctly 

    Error: Cannot find module '/Users/nuno-peakros/Documents/Peakros OS/namedrop/playwright.config.ts'
    Require stack:
    - /Users/nuno-peakros/Documents/Peakros OS/namedrop/node_modules/playwright/lib/transform/transform.js
    - /Users/nuno-peakros/Documents/Peakros OS/namedrop/node_modules/playwright/lib/common/configLoader.js
    - /Users/nuno-peakros/Documents/Peakros OS/namedrop/node_modules/playwright/lib/worker/workerMain.js
    - /Users/nuno-peakros/Documents/Peakros OS/namedrop/node_modules/playwright/lib/common/process.js
]]>
</failure>
</testcase>
<testcase name="Authentication Flow › should show validation errors for invalid input" classname="auth-flow.spec.ts" time="0">
<failure message="auth-flow.spec.ts:34:7 should show validation errors for invalid input" type="FAILURE">
<![CDATA[  [Google Chrome] › auth-flow.spec.ts:34:7 › Authentication Flow › should show validation errors for invalid input 

    Error: Cannot find module '/Users/nuno-peakros/Documents/Peakros OS/namedrop/playwright.config.ts'
    Require stack:
    - /Users/nuno-peakros/Documents/Peakros OS/namedrop/node_modules/playwright/lib/transform/transform.js
    - /Users/nuno-peakros/Documents/Peakros OS/namedrop/node_modules/playwright/lib/common/configLoader.js
    - /Users/nuno-peakros/Documents/Peakros OS/namedrop/node_modules/playwright/lib/worker/workerMain.js
    - /Users/nuno-peakros/Documents/Peakros OS/namedrop/node_modules/playwright/lib/common/process.js
]]>
</failure>
</testcase>
<testcase name="Authentication Flow › should handle login with invalid credentials" classname="auth-flow.spec.ts" time="0">
<failure message="auth-flow.spec.ts:45:7 should handle login with invalid credentials" type="FAILURE">
<![CDATA[  [Google Chrome] › auth-flow.spec.ts:45:7 › Authentication Flow › should handle login with invalid credentials 

    Error: Cannot find module '/Users/nuno-peakros/Documents/Peakros OS/namedrop/playwright.config.ts'
    Require stack:
    - /Users/nuno-peakros/Documents/Peakros OS/namedrop/node_modules/playwright/lib/transform/transform.js
    - /Users/nuno-peakros/Documents/Peakros OS/namedrop/node_modules/playwright/lib/common/configLoader.js
    - /Users/nuno-peakros/Documents/Peakros OS/namedrop/node_modules/playwright/lib/worker/workerMain.js
    - /Users/nuno-peakros/Documents/Peakros OS/namedrop/node_modules/playwright/lib/common/process.js
]]>
</failure>
</testcase>
<testcase name="Authentication Flow › should handle successful login" classname="auth-flow.spec.ts" time="0">
<failure message="auth-flow.spec.ts:70:7 should handle successful login" type="FAILURE">
<![CDATA[  [Google Chrome] › auth-flow.spec.ts:70:7 › Authentication Flow › should handle successful login ──

    Error: Cannot find module '/Users/nuno-peakros/Documents/Peakros OS/namedrop/playwright.config.ts'
    Require stack:
    - /Users/nuno-peakros/Documents/Peakros OS/namedrop/node_modules/playwright/lib/transform/transform.js
    - /Users/nuno-peakros/Documents/Peakros OS/namedrop/node_modules/playwright/lib/common/configLoader.js
    - /Users/nuno-peakros/Documents/Peakros OS/namedrop/node_modules/playwright/lib/worker/workerMain.js
    - /Users/nuno-peakros/Documents/Peakros OS/namedrop/node_modules/playwright/lib/common/process.js
]]>
</failure>
</testcase>
<testcase name="Authentication Flow › should handle rate limiting" classname="auth-flow.spec.ts" time="0">
<failure message="auth-flow.spec.ts:107:7 should handle rate limiting" type="FAILURE">
<![CDATA[  [Google Chrome] › auth-flow.spec.ts:107:7 › Authentication Flow › should handle rate limiting ────

    Error: Cannot find module '/Users/nuno-peakros/Documents/Peakros OS/namedrop/playwright.config.ts'
    Require stack:
    - /Users/nuno-peakros/Documents/Peakros OS/namedrop/node_modules/playwright/lib/transform/transform.js
    - /Users/nuno-peakros/Documents/Peakros OS/namedrop/node_modules/playwright/lib/common/configLoader.js
    - /Users/nuno-peakros/Documents/Peakros OS/namedrop/node_modules/playwright/lib/worker/workerMain.js
    - /Users/nuno-peakros/Documents/Peakros OS/namedrop/node_modules/playwright/lib/common/process.js
]]>
</failure>
</testcase>
<testcase name="Authentication Flow › should navigate to email verification page" classname="auth-flow.spec.ts" time="0">
<failure message="auth-flow.spec.ts:133:7 should navigate to email verification page" type="FAILURE">
<![CDATA[  [Google Chrome] › auth-flow.spec.ts:133:7 › Authentication Flow › should navigate to email verification page 

    Error: Cannot find module '/Users/nuno-peakros/Documents/Peakros OS/namedrop/playwright.config.ts'
    Require stack:
    - /Users/nuno-peakros/Documents/Peakros OS/namedrop/node_modules/playwright/lib/transform/transform.js
    - /Users/nuno-peakros/Documents/Peakros OS/namedrop/node_modules/playwright/lib/common/configLoader.js
    - /Users/nuno-peakros/Documents/Peakros OS/namedrop/node_modules/playwright/lib/worker/workerMain.js
    - /Users/nuno-peakros/Documents/Peakros OS/namedrop/node_modules/playwright/lib/common/process.js
]]>
</failure>
</testcase>
<testcase name="Authentication Flow › should handle email verification" classname="auth-flow.spec.ts" time="0">
<failure message="auth-flow.spec.ts:145:7 should handle email verification" type="FAILURE">
<![CDATA[  [Google Chrome] › auth-flow.spec.ts:145:7 › Authentication Flow › should handle email verification 

    Error: Cannot find module '/Users/nuno-peakros/Documents/Peakros OS/namedrop/playwright.config.ts'
    Require stack:
    - /Users/nuno-peakros/Documents/Peakros OS/namedrop/node_modules/playwright/lib/transform/transform.js
    - /Users/nuno-peakros/Documents/Peakros OS/namedrop/node_modules/playwright/lib/common/configLoader.js
    - /Users/nuno-peakros/Documents/Peakros OS/namedrop/node_modules/playwright/lib/worker/workerMain.js
    - /Users/nuno-peakros/Documents/Peakros OS/namedrop/node_modules/playwright/lib/common/process.js
]]>
</failure>
</testcase>
<testcase name="Authentication Flow › should handle password reset flow" classname="auth-flow.spec.ts" time="0">
<failure message="auth-flow.spec.ts:174:7 should handle password reset flow" type="FAILURE">
<![CDATA[  [Google Chrome] › auth-flow.spec.ts:174:7 › Authentication Flow › should handle password reset flow 

    Error: Cannot find module '/Users/nuno-peakros/Documents/Peakros OS/namedrop/playwright.config.ts'
    Require stack:
    - /Users/nuno-peakros/Documents/Peakros OS/namedrop/node_modules/playwright/lib/transform/transform.js
    - /Users/nuno-peakros/Documents/Peakros OS/namedrop/node_modules/playwright/lib/common/configLoader.js
    - /Users/nuno-peakros/Documents/Peakros OS/namedrop/node_modules/playwright/lib/worker/workerMain.js
    - /Users/nuno-peakros/Documents/Peakros OS/namedrop/node_modules/playwright/lib/common/process.js
]]>
</failure>
</testcase>
<testcase name="Authentication Flow › should handle password change flow" classname="auth-flow.spec.ts" time="0">
<failure message="auth-flow.spec.ts:204:7 should handle password change flow" type="FAILURE">
<![CDATA[  [Google Chrome] › auth-flow.spec.ts:204:7 › Authentication Flow › should handle password change flow 

    Error: Cannot find module '/Users/nuno-peakros/Documents/Peakros OS/namedrop/playwright.config.ts'
    Require stack:
    - /Users/nuno-peakros/Documents/Peakros OS/namedrop/node_modules/playwright/lib/transform/transform.js
    - /Users/nuno-peakros/Documents/Peakros OS/namedrop/node_modules/playwright/lib/common/configLoader.js
    - /Users/nuno-peakros/Documents/Peakros OS/namedrop/node_modules/playwright/lib/worker/workerMain.js
    - /Users/nuno-peakros/Documents/Peakros OS/namedrop/node_modules/playwright/lib/common/process.js
]]>
</failure>
</testcase>
<testcase name="Authentication Flow › should validate password confirmation" classname="auth-flow.spec.ts" time="0">
<failure message="auth-flow.spec.ts:237:7 should validate password confirmation" type="FAILURE">
<![CDATA[  [Google Chrome] › auth-flow.spec.ts:237:7 › Authentication Flow › should validate password confirmation 

    Error: Cannot find module '/Users/nuno-peakros/Documents/Peakros OS/namedrop/playwright.config.ts'
    Require stack:
    - /Users/nuno-peakros/Documents/Peakros OS/namedrop/node_modules/playwright/lib/transform/transform.js
    - /Users/nuno-peakros/Documents/Peakros OS/namedrop/node_modules/playwright/lib/common/configLoader.js
    - /Users/nuno-peakros/Documents/Peakros OS/namedrop/node_modules/playwright/lib/worker/workerMain.js
    - /Users/nuno-peakros/Documents/Peakros OS/namedrop/node_modules/playwright/lib/common/process.js
]]>
</failure>
</testcase>
<testcase name="Authentication Flow › should handle logout" classname="auth-flow.spec.ts" time="0">
<failure message="auth-flow.spec.ts:251:7 should handle logout" type="FAILURE">
<![CDATA[  [Google Chrome] › auth-flow.spec.ts:251:7 › Authentication Flow › should handle logout ───────────

    Error: Cannot find module '/Users/nuno-peakros/Documents/Peakros OS/namedrop/playwright.config.ts'
    Require stack:
    - /Users/nuno-peakros/Documents/Peakros OS/namedrop/node_modules/playwright/lib/transform/transform.js
    - /Users/nuno-peakros/Documents/Peakros OS/namedrop/node_modules/playwright/lib/common/configLoader.js
    - /Users/nuno-peakros/Documents/Peakros OS/namedrop/node_modules/playwright/lib/worker/workerMain.js
    - /Users/nuno-peakros/Documents/Peakros OS/namedrop/node_modules/playwright/lib/common/process.js
]]>
</failure>
</testcase>
<testcase name="Authentication Flow › should handle network errors gracefully" classname="auth-flow.spec.ts" time="0">
<failure message="auth-flow.spec.ts:306:7 should handle network errors gracefully" type="FAILURE">
<![CDATA[  [Google Chrome] › auth-flow.spec.ts:306:7 › Authentication Flow › should handle network errors gracefully 

    Error: Cannot find module '/Users/nuno-peakros/Documents/Peakros OS/namedrop/playwright.config.ts'
    Require stack:
    - /Users/nuno-peakros/Documents/Peakros OS/namedrop/node_modules/playwright/lib/transform/transform.js
    - /Users/nuno-peakros/Documents/Peakros OS/namedrop/node_modules/playwright/lib/common/configLoader.js
    - /Users/nuno-peakros/Documents/Peakros OS/namedrop/node_modules/playwright/lib/worker/workerMain.js
    - /Users/nuno-peakros/Documents/Peakros OS/namedrop/node_modules/playwright/lib/common/process.js
]]>
</failure>
</testcase>
<testcase name="Authentication Flow › should be responsive on mobile devices" classname="auth-flow.spec.ts" time="0">
<failure message="auth-flow.spec.ts:321:7 should be responsive on mobile devices" type="FAILURE">
<![CDATA[  [Google Chrome] › auth-flow.spec.ts:321:7 › Authentication Flow › should be responsive on mobile devices 

    Error: Cannot find module '/Users/nuno-peakros/Documents/Peakros OS/namedrop/playwright.config.ts'
    Require stack:
    - /Users/nuno-peakros/Documents/Peakros OS/namedrop/node_modules/playwright/lib/transform/transform.js
    - /Users/nuno-peakros/Documents/Peakros OS/namedrop/node_modules/playwright/lib/common/configLoader.js
    - /Users/nuno-peakros/Documents/Peakros OS/namedrop/node_modules/playwright/lib/worker/workerMain.js
    - /Users/nuno-peakros/Documents/Peakros OS/namedrop/node_modules/playwright/lib/common/process.js
]]>
</failure>
</testcase>
<testcase name="Authentication Flow › should have proper accessibility attributes" classname="auth-flow.spec.ts" time="0">
<failure message="auth-flow.spec.ts:340:7 should have proper accessibility attributes" type="FAILURE">
<![CDATA[  [Google Chrome] › auth-flow.spec.ts:340:7 › Authentication Flow › should have proper accessibility attributes 

    Error: Cannot find module '/Users/nuno-peakros/Documents/Peakros OS/namedrop/playwright.config.ts'
    Require stack:
    - /Users/nuno-peakros/Documents/Peakros OS/namedrop/node_modules/playwright/lib/transform/transform.js
    - /Users/nuno-peakros/Documents/Peakros OS/namedrop/node_modules/playwright/lib/common/configLoader.js
    - /Users/nuno-peakros/Documents/Peakros OS/namedrop/node_modules/playwright/lib/worker/workerMain.js
    - /Users/nuno-peakros/Documents/Peakros OS/namedrop/node_modules/playwright/lib/common/process.js
]]>
</failure>
</testcase>
</testsuite>
<testsuite name="performance-monitoring.spec.ts" timestamp="2025-10-02T17:03:39.228Z" hostname="Google Chrome" tests="14" failures="14" skipped="0" time="0" errors="0">
<testcase name="Performance Monitoring › should display performance metrics" classname="performance-monitoring.spec.ts" time="0">
<failure message="performance-monitoring.spec.ts:19:7 should display performance metrics" type="FAILURE">
<![CDATA[  [Google Chrome] › performance-monitoring.spec.ts:19:7 › Performance Monitoring › should display performance metrics 

    Error: Cannot find module '/Users/nuno-peakros/Documents/Peakros OS/namedrop/playwright.config.ts'
    Require stack:
    - /Users/nuno-peakros/Documents/Peakros OS/namedrop/node_modules/playwright/lib/transform/transform.js
    - /Users/nuno-peakros/Documents/Peakros OS/namedrop/node_modules/playwright/lib/common/configLoader.js
    - /Users/nuno-peakros/Documents/Peakros OS/namedrop/node_modules/playwright/lib/worker/workerMain.js
    - /Users/nuno-peakros/Documents/Peakros OS/namedrop/node_modules/playwright/lib/common/process.js
]]>
</failure>
</testcase>
<testcase name="Performance Monitoring › should display performance tips" classname="performance-monitoring.spec.ts" time="0">
<failure message="performance-monitoring.spec.ts:26:7 should display performance tips" type="FAILURE">
<![CDATA[  [Google Chrome] › performance-monitoring.spec.ts:26:7 › Performance Monitoring › should display performance tips 

    Error: Cannot find module '/Users/nuno-peakros/Documents/Peakros OS/namedrop/playwright.config.ts'
    Require stack:
    - /Users/nuno-peakros/Documents/Peakros OS/namedrop/node_modules/playwright/lib/transform/transform.js
    - /Users/nuno-peakros/Documents/Peakros OS/namedrop/node_modules/playwright/lib/common/configLoader.js
    - /Users/nuno-peakros/Documents/Peakros OS/namedrop/node_modules/playwright/lib/worker/workerMain.js
    - /Users/nuno-peakros/Documents/Peakros OS/namedrop/node_modules/playwright/lib/common/process.js
]]>
</failure>
</testcase>
<testcase name="Performance Monitoring › should display performance standards" classname="performance-monitoring.spec.ts" time="0">
<failure message="performance-monitoring.spec.ts:35:7 should display performance standards" type="FAILURE">
<![CDATA[  [Google Chrome] › performance-monitoring.spec.ts:35:7 › Performance Monitoring › should display performance standards 

    Error: Cannot find module '/Users/nuno-peakros/Documents/Peakros OS/namedrop/playwright.config.ts'
    Require stack:
    - /Users/nuno-peakros/Documents/Peakros OS/namedrop/node_modules/playwright/lib/transform/transform.js
    - /Users/nuno-peakros/Documents/Peakros OS/namedrop/node_modules/playwright/lib/common/configLoader.js
    - /Users/nuno-peakros/Documents/Peakros OS/namedrop/node_modules/playwright/lib/worker/workerMain.js
    - /Users/nuno-peakros/Documents/Peakros OS/namedrop/node_modules/playwright/lib/common/process.js
]]>
</failure>
</testcase>
<testcase name="Performance Monitoring › should show refresh button" classname="performance-monitoring.spec.ts" time="0">
<failure message="performance-monitoring.spec.ts:44:7 should show refresh button" type="FAILURE">
<![CDATA[  [Google Chrome] › performance-monitoring.spec.ts:44:7 › Performance Monitoring › should show refresh button 

    Error: Cannot find module '/Users/nuno-peakros/Documents/Peakros OS/namedrop/playwright.config.ts'
    Require stack:
    - /Users/nuno-peakros/Documents/Peakros OS/namedrop/node_modules/playwright/lib/transform/transform.js
    - /Users/nuno-peakros/Documents/Peakros OS/namedrop/node_modules/playwright/lib/common/configLoader.js
    - /Users/nuno-peakros/Documents/Peakros OS/namedrop/node_modules/playwright/lib/worker/workerMain.js
    - /Users/nuno-peakros/Documents/Peakros OS/namedrop/node_modules/playwright/lib/common/process.js
]]>
</failure>
</testcase>
<testcase name="Performance Monitoring › should refresh metrics when button is clicked" classname="performance-monitoring.spec.ts" time="0">
<failure message="performance-monitoring.spec.ts:49:7 should refresh metrics when button is clicked" type="FAILURE">
<![CDATA[  [Google Chrome] › performance-monitoring.spec.ts:49:7 › Performance Monitoring › should refresh metrics when button is clicked 

    Error: Cannot find module '/Users/nuno-peakros/Documents/Peakros OS/namedrop/playwright.config.ts'
    Require stack:
    - /Users/nuno-peakros/Documents/Peakros OS/namedrop/node_modules/playwright/lib/transform/transform.js
    - /Users/nuno-peakros/Documents/Peakros OS/namedrop/node_modules/playwright/lib/common/configLoader.js
    - /Users/nuno-peakros/Documents/Peakros OS/namedrop/node_modules/playwright/lib/worker/workerMain.js
    - /Users/nuno-peakros/Documents/Peakros OS/namedrop/node_modules/playwright/lib/common/process.js
]]>
</failure>
</testcase>
<testcase name="Performance Monitoring › should display performance score" classname="performance-monitoring.spec.ts" time="0">
<failure message="performance-monitoring.spec.ts:60:7 should display performance score" type="FAILURE">
<![CDATA[  [Google Chrome] › performance-monitoring.spec.ts:60:7 › Performance Monitoring › should display performance score 

    Error: Cannot find module '/Users/nuno-peakros/Documents/Peakros OS/namedrop/playwright.config.ts'
    Require stack:
    - /Users/nuno-peakros/Documents/Peakros OS/namedrop/node_modules/playwright/lib/transform/transform.js
    - /Users/nuno-peakros/Documents/Peakros OS/namedrop/node_modules/playwright/lib/common/configLoader.js
    - /Users/nuno-peakros/Documents/Peakros OS/namedrop/node_modules/playwright/lib/worker/workerMain.js
    - /Users/nuno-peakros/Documents/Peakros OS/namedrop/node_modules/playwright/lib/common/process.js
]]>
</failure>
</testcase>
<testcase name="Performance Monitoring › should display bundle size information" classname="performance-monitoring.spec.ts" time="0">
<failure message="performance-monitoring.spec.ts:69:7 should display bundle size information" type="FAILURE">
<![CDATA[  [Google Chrome] › performance-monitoring.spec.ts:69:7 › Performance Monitoring › should display bundle size information 

    Error: Cannot find module '/Users/nuno-peakros/Documents/Peakros OS/namedrop/playwright.config.ts'
    Require stack:
    - /Users/nuno-peakros/Documents/Peakros OS/namedrop/node_modules/playwright/lib/transform/transform.js
    - /Users/nuno-peakros/Documents/Peakros OS/namedrop/node_modules/playwright/lib/common/configLoader.js
    - /Users/nuno-peakros/Documents/Peakros OS/namedrop/node_modules/playwright/lib/worker/workerMain.js
    - /Users/nuno-peakros/Documents/Peakros OS/namedrop/node_modules/playwright/lib/common/process.js
]]>
</failure>
</testcase>
<testcase name="Performance Monitoring › should handle unsupported environment gracefully" classname="performance-monitoring.spec.ts" time="0">
<failure message="performance-monitoring.spec.ts:76:7 should handle unsupported environment gracefully" type="FAILURE">
<![CDATA[  [Google Chrome] › performance-monitoring.spec.ts:76:7 › Performance Monitoring › should handle unsupported environment gracefully 

    Error: Cannot find module '/Users/nuno-peakros/Documents/Peakros OS/namedrop/playwright.config.ts'
    Require stack:
    - /Users/nuno-peakros/Documents/Peakros OS/namedrop/node_modules/playwright/lib/transform/transform.js
    - /Users/nuno-peakros/Documents/Peakros OS/namedrop/node_modules/playwright/lib/common/configLoader.js
    - /Users/nuno-peakros/Documents/Peakros OS/namedrop/node_modules/playwright/lib/worker/workerMain.js
    - /Users/nuno-peakros/Documents/Peakros OS/namedrop/node_modules/playwright/lib/common/process.js
]]>
</failure>
</testcase>
<testcase name="Performance Monitoring › should update metrics in real-time" classname="performance-monitoring.spec.ts" time="0">
<failure message="performance-monitoring.spec.ts:92:7 should update metrics in real-time" type="FAILURE">
<![CDATA[  [Google Chrome] › performance-monitoring.spec.ts:92:7 › Performance Monitoring › should update metrics in real-time 

    Error: Cannot find module '/Users/nuno-peakros/Documents/Peakros OS/namedrop/playwright.config.ts'
    Require stack:
    - /Users/nuno-peakros/Documents/Peakros OS/namedrop/node_modules/playwright/lib/transform/transform.js
    - /Users/nuno-peakros/Documents/Peakros OS/namedrop/node_modules/playwright/lib/common/configLoader.js
    - /Users/nuno-peakros/Documents/Peakros OS/namedrop/node_modules/playwright/lib/worker/workerMain.js
    - /Users/nuno-peakros/Documents/Peakros OS/namedrop/node_modules/playwright/lib/common/process.js
]]>
</failure>
</testcase>
<testcase name="Performance Monitoring › should display performance recommendations" classname="performance-monitoring.spec.ts" time="0">
<failure message="performance-monitoring.spec.ts:106:7 should display performance recommendations" type="FAILURE">
<![CDATA[  [Google Chrome] › performance-monitoring.spec.ts:106:7 › Performance Monitoring › should display performance recommendations 

    Error: Cannot find module '/Users/nuno-peakros/Documents/Peakros OS/namedrop/playwright.config.ts'
    Require stack:
    - /Users/nuno-peakros/Documents/Peakros OS/namedrop/node_modules/playwright/lib/transform/transform.js
    - /Users/nuno-peakros/Documents/Peakros OS/namedrop/node_modules/playwright/lib/common/configLoader.js
    - /Users/nuno-peakros/Documents/Peakros OS/namedrop/node_modules/playwright/lib/worker/workerMain.js
    - /Users/nuno-peakros/Documents/Peakros OS/namedrop/node_modules/playwright/lib/common/process.js
]]>
</failure>
</testcase>
<testcase name="Performance Monitoring › should show performance thresholds" classname="performance-monitoring.spec.ts" time="0">
<failure message="performance-monitoring.spec.ts:123:7 should show performance thresholds" type="FAILURE">
<![CDATA[  [Google Chrome] › performance-monitoring.spec.ts:123:7 › Performance Monitoring › should show performance thresholds 

    Error: Cannot find module '/Users/nuno-peakros/Documents/Peakros OS/namedrop/playwright.config.ts'
    Require stack:
    - /Users/nuno-peakros/Documents/Peakros OS/namedrop/node_modules/playwright/lib/transform/transform.js
    - /Users/nuno-peakros/Documents/Peakros OS/namedrop/node_modules/playwright/lib/common/configLoader.js
    - /Users/nuno-peakros/Documents/Peakros OS/namedrop/node_modules/playwright/lib/worker/workerMain.js
    - /Users/nuno-peakros/Documents/Peakros OS/namedrop/node_modules/playwright/lib/common/process.js
]]>
</failure>
</testcase>
<testcase name="Performance Monitoring › should be responsive on mobile" classname="performance-monitoring.spec.ts" time="0">
<failure message="performance-monitoring.spec.ts:131:7 should be responsive on mobile" type="FAILURE">
<![CDATA[  [Google Chrome] › performance-monitoring.spec.ts:131:7 › Performance Monitoring › should be responsive on mobile 

    Error: Cannot find module '/Users/nuno-peakros/Documents/Peakros OS/namedrop/playwright.config.ts'
    Require stack:
    - /Users/nuno-peakros/Documents/Peakros OS/namedrop/node_modules/playwright/lib/transform/transform.js
    - /Users/nuno-peakros/Documents/Peakros OS/namedrop/node_modules/playwright/lib/common/configLoader.js
    - /Users/nuno-peakros/Documents/Peakros OS/namedrop/node_modules/playwright/lib/worker/workerMain.js
    - /Users/nuno-peakros/Documents/Peakros OS/namedrop/node_modules/playwright/lib/common/process.js
]]>
</failure>
</testcase>
<testcase name="Performance Monitoring › should be responsive on tablet" classname="performance-monitoring.spec.ts" time="0">
<failure message="performance-monitoring.spec.ts:141:7 should be responsive on tablet" type="FAILURE">
<![CDATA[  [Google Chrome] › performance-monitoring.spec.ts:141:7 › Performance Monitoring › should be responsive on tablet 

    Error: Cannot find module '/Users/nuno-peakros/Documents/Peakros OS/namedrop/playwright.config.ts'
    Require stack:
    - /Users/nuno-peakros/Documents/Peakros OS/namedrop/node_modules/playwright/lib/transform/transform.js
    - /Users/nuno-peakros/Documents/Peakros OS/namedrop/node_modules/playwright/lib/common/configLoader.js
    - /Users/nuno-peakros/Documents/Peakros OS/namedrop/node_modules/playwright/lib/worker/workerMain.js
    - /Users/nuno-peakros/Documents/Peakros OS/namedrop/node_modules/playwright/lib/common/process.js
]]>
</failure>
</testcase>
<testcase name="Performance Monitoring › should be accessible" classname="performance-monitoring.spec.ts" time="0">
<failure message="performance-monitoring.spec.ts:151:7 should be accessible" type="FAILURE">
<![CDATA[  [Google Chrome] › performance-monitoring.spec.ts:151:7 › Performance Monitoring › should be accessible 

    Error: Cannot find module '/Users/nuno-peakros/Documents/Peakros OS/namedrop/playwright.config.ts'
    Require stack:
    - /Users/nuno-peakros/Documents/Peakros OS/namedrop/node_modules/playwright/lib/transform/transform.js
    - /Users/nuno-peakros/Documents/Peakros OS/namedrop/node_modules/playwright/lib/common/configLoader.js
    - /Users/nuno-peakros/Documents/Peakros OS/namedrop/node_modules/playwright/lib/worker/workerMain.js
    - /Users/nuno-peakros/Documents/Peakros OS/namedrop/node_modules/playwright/lib/common/process.js
]]>
</failure>
</testcase>
</testsuite>
<testsuite name="security.spec.ts" timestamp="2025-10-02T17:03:39.228Z" hostname="Google Chrome" tests="20" failures="20" skipped="0" time="0" errors="0">
<testcase name="Security › should prevent SQL injection in login form" classname="security.spec.ts" time="0">
<failure message="security.spec.ts:23:7 should prevent SQL injection in login form" type="FAILURE">
<![CDATA[  [Google Chrome] › security.spec.ts:23:7 › Security › should prevent SQL injection in login form ──

    Error: Cannot find module '/Users/nuno-peakros/Documents/Peakros OS/namedrop/playwright.config.ts'
    Require stack:
    - /Users/nuno-peakros/Documents/Peakros OS/namedrop/node_modules/playwright/lib/transform/transform.js
    - /Users/nuno-peakros/Documents/Peakros OS/namedrop/node_modules/playwright/lib/common/configLoader.js
    - /Users/nuno-peakros/Documents/Peakros OS/namedrop/node_modules/playwright/lib/worker/workerMain.js
    - /Users/nuno-peakros/Documents/Peakros OS/namedrop/node_modules/playwright/lib/common/process.js
]]>
</failure>
</testcase>
<testcase name="Security › should prevent XSS in login form" classname="security.spec.ts" time="0">
<failure message="security.spec.ts:34:7 should prevent XSS in login form" type="FAILURE">
<![CDATA[  [Google Chrome] › security.spec.ts:34:7 › Security › should prevent XSS in login form ────────────

    Error: Cannot find module '/Users/nuno-peakros/Documents/Peakros OS/namedrop/playwright.config.ts'
    Require stack:
    - /Users/nuno-peakros/Documents/Peakros OS/namedrop/node_modules/playwright/lib/transform/transform.js
    - /Users/nuno-peakros/Documents/Peakros OS/namedrop/node_modules/playwright/lib/common/configLoader.js
    - /Users/nuno-peakros/Documents/Peakros OS/namedrop/node_modules/playwright/lib/worker/workerMain.js
    - /Users/nuno-peakros/Documents/Peakros OS/namedrop/node_modules/playwright/lib/common/process.js
]]>
</failure>
</testcase>
<testcase name="Security › should enforce rate limiting on login attempts" classname="security.spec.ts" time="0">
<failure message="security.spec.ts:48:7 should enforce rate limiting on login attempts" type="FAILURE">
<![CDATA[  [Google Chrome] › security.spec.ts:48:7 › Security › should enforce rate limiting on login attempts 

    Error: Cannot find module '/Users/nuno-peakros/Documents/Peakros OS/namedrop/playwright.config.ts'
    Require stack:
    - /Users/nuno-peakros/Documents/Peakros OS/namedrop/node_modules/playwright/lib/transform/transform.js
    - /Users/nuno-peakros/Documents/Peakros OS/namedrop/node_modules/playwright/lib/common/configLoader.js
    - /Users/nuno-peakros/Documents/Peakros OS/namedrop/node_modules/playwright/lib/worker/workerMain.js
    - /Users/nuno-peakros/Documents/Peakros OS/namedrop/node_modules/playwright/lib/common/process.js
]]>
</failure>
</testcase>
<testcase name="Security › should have proper security headers" classname="security.spec.ts" time="0">
<failure message="security.spec.ts:61:7 should have proper security headers" type="FAILURE">
<![CDATA[  [Google Chrome] › security.spec.ts:61:7 › Security › should have proper security headers ─────────

    Error: Cannot find module '/Users/nuno-peakros/Documents/Peakros OS/namedrop/playwright.config.ts'
    Require stack:
    - /Users/nuno-peakros/Documents/Peakros OS/namedrop/node_modules/playwright/lib/transform/transform.js
    - /Users/nuno-peakros/Documents/Peakros OS/namedrop/node_modules/playwright/lib/common/configLoader.js
    - /Users/nuno-peakros/Documents/Peakros OS/namedrop/node_modules/playwright/lib/worker/workerMain.js
    - /Users/nuno-peakros/Documents/Peakros OS/namedrop/node_modules/playwright/lib/common/process.js
]]>
</failure>
</testcase>
<testcase name="Security › should prevent CSRF attacks" classname="security.spec.ts" time="0">
<failure message="security.spec.ts:72:7 should prevent CSRF attacks" type="FAILURE">
<![CDATA[  [Google Chrome] › security.spec.ts:72:7 › Security › should prevent CSRF attacks ─────────────────

    Error: Cannot find module '/Users/nuno-peakros/Documents/Peakros OS/namedrop/playwright.config.ts'
    Require stack:
    - /Users/nuno-peakros/Documents/Peakros OS/namedrop/node_modules/playwright/lib/transform/transform.js
    - /Users/nuno-peakros/Documents/Peakros OS/namedrop/node_modules/playwright/lib/common/configLoader.js
    - /Users/nuno-peakros/Documents/Peakros OS/namedrop/node_modules/playwright/lib/worker/workerMain.js
    - /Users/nuno-peakros/Documents/Peakros OS/namedrop/node_modules/playwright/lib/common/process.js
]]>
</failure>
</testcase>
<testcase name="Security › should validate file uploads" classname="security.spec.ts" time="0">
<failure message="security.spec.ts:85:7 should validate file uploads" type="FAILURE">
<![CDATA[  [Google Chrome] › security.spec.ts:85:7 › Security › should validate file uploads ────────────────

    Error: Cannot find module '/Users/nuno-peakros/Documents/Peakros OS/namedrop/playwright.config.ts'
    Require stack:
    - /Users/nuno-peakros/Documents/Peakros OS/namedrop/node_modules/playwright/lib/transform/transform.js
    - /Users/nuno-peakros/Documents/Peakros OS/namedrop/node_modules/playwright/lib/common/configLoader.js
    - /Users/nuno-peakros/Documents/Peakros OS/namedrop/node_modules/playwright/lib/worker/workerMain.js
    - /Users/nuno-peakros/Documents/Peakros OS/namedrop/node_modules/playwright/lib/common/process.js
]]>
</failure>
</testcase>
<testcase name="Security › should prevent directory traversal" classname="security.spec.ts" time="0">
<failure message="security.spec.ts:107:7 should prevent directory traversal" type="FAILURE">
<![CDATA[  [Google Chrome] › security.spec.ts:107:7 › Security › should prevent directory traversal ─────────

    Error: Cannot find module '/Users/nuno-peakros/Documents/Peakros OS/namedrop/playwright.config.ts'
    Require stack:
    - /Users/nuno-peakros/Documents/Peakros OS/namedrop/node_modules/playwright/lib/transform/transform.js
    - /Users/nuno-peakros/Documents/Peakros OS/namedrop/node_modules/playwright/lib/common/configLoader.js
    - /Users/nuno-peakros/Documents/Peakros OS/namedrop/node_modules/playwright/lib/worker/workerMain.js
    - /Users/nuno-peakros/Documents/Peakros OS/namedrop/node_modules/playwright/lib/common/process.js
]]>
</failure>
</testcase>
<testcase name="Security › should enforce HTTPS in production" classname="security.spec.ts" time="0">
<failure message="security.spec.ts:122:7 should enforce HTTPS in production" type="FAILURE">
<![CDATA[  [Google Chrome] › security.spec.ts:122:7 › Security › should enforce HTTPS in production ─────────

    Error: Cannot find module '/Users/nuno-peakros/Documents/Peakros OS/namedrop/playwright.config.ts'
    Require stack:
    - /Users/nuno-peakros/Documents/Peakros OS/namedrop/node_modules/playwright/lib/transform/transform.js
    - /Users/nuno-peakros/Documents/Peakros OS/namedrop/node_modules/playwright/lib/common/configLoader.js
    - /Users/nuno-peakros/Documents/Peakros OS/namedrop/node_modules/playwright/lib/worker/workerMain.js
    - /Users/nuno-peakros/Documents/Peakros OS/namedrop/node_modules/playwright/lib/common/process.js
]]>
</failure>
</testcase>
<testcase name="Security › should prevent clickjacking" classname="security.spec.ts" time="0">
<failure message="security.spec.ts:129:7 should prevent clickjacking" type="FAILURE">
<![CDATA[  [Google Chrome] › security.spec.ts:129:7 › Security › should prevent clickjacking ────────────────

    Error: Cannot find module '/Users/nuno-peakros/Documents/Peakros OS/namedrop/playwright.config.ts'
    Require stack:
    - /Users/nuno-peakros/Documents/Peakros OS/namedrop/node_modules/playwright/lib/transform/transform.js
    - /Users/nuno-peakros/Documents/Peakros OS/namedrop/node_modules/playwright/lib/common/configLoader.js
    - /Users/nuno-peakros/Documents/Peakros OS/namedrop/node_modules/playwright/lib/worker/workerMain.js
    - /Users/nuno-peakros/Documents/Peakros OS/namedrop/node_modules/playwright/lib/common/process.js
]]>
</failure>
</testcase>
<testcase name="Security › should validate input length limits" classname="security.spec.ts" time="0">
<failure message="security.spec.ts:137:7 should validate input length limits" type="FAILURE">
<![CDATA[  [Google Chrome] › security.spec.ts:137:7 › Security › should validate input length limits ────────

    Error: Cannot find module '/Users/nuno-peakros/Documents/Peakros OS/namedrop/playwright.config.ts'
    Require stack:
    - /Users/nuno-peakros/Documents/Peakros OS/namedrop/node_modules/playwright/lib/transform/transform.js
    - /Users/nuno-peakros/Documents/Peakros OS/namedrop/node_modules/playwright/lib/common/configLoader.js
    - /Users/nuno-peakros/Documents/Peakros OS/namedrop/node_modules/playwright/lib/worker/workerMain.js
    - /Users/nuno-peakros/Documents/Peakros OS/namedrop/node_modules/playwright/lib/common/process.js
]]>
</failure>
</testcase>
<testcase name="Security › should prevent open redirects" classname="security.spec.ts" time="0">
<failure message="security.spec.ts:149:7 should prevent open redirects" type="FAILURE">
<![CDATA[  [Google Chrome] › security.spec.ts:149:7 › Security › should prevent open redirects ──────────────

    Error: Cannot find module '/Users/nuno-peakros/Documents/Peakros OS/namedrop/playwright.config.ts'
    Require stack:
    - /Users/nuno-peakros/Documents/Peakros OS/namedrop/node_modules/playwright/lib/transform/transform.js
    - /Users/nuno-peakros/Documents/Peakros OS/namedrop/node_modules/playwright/lib/common/configLoader.js
    - /Users/nuno-peakros/Documents/Peakros OS/namedrop/node_modules/playwright/lib/worker/workerMain.js
    - /Users/nuno-peakros/Documents/Peakros OS/namedrop/node_modules/playwright/lib/common/process.js
]]>
</failure>
</testcase>
<testcase name="Security › should sanitize user input in display" classname="security.spec.ts" time="0">
<failure message="security.spec.ts:167:7 should sanitize user input in display" type="FAILURE">
<![CDATA[  [Google Chrome] › security.spec.ts:167:7 › Security › should sanitize user input in display ──────

    Error: Cannot find module '/Users/nuno-peakros/Documents/Peakros OS/namedrop/playwright.config.ts'
    Require stack:
    - /Users/nuno-peakros/Documents/Peakros OS/namedrop/node_modules/playwright/lib/transform/transform.js
    - /Users/nuno-peakros/Documents/Peakros OS/namedrop/node_modules/playwright/lib/common/configLoader.js
    - /Users/nuno-peakros/Documents/Peakros OS/namedrop/node_modules/playwright/lib/worker/workerMain.js
    - /Users/nuno-peakros/Documents/Peakros OS/namedrop/node_modules/playwright/lib/common/process.js
]]>
</failure>
</testcase>
<testcase name="Security › should enforce session timeout" classname="security.spec.ts" time="0">
<failure message="security.spec.ts:187:7 should enforce session timeout" type="FAILURE">
<![CDATA[  [Google Chrome] › security.spec.ts:187:7 › Security › should enforce session timeout ─────────────

    Error: Cannot find module '/Users/nuno-peakros/Documents/Peakros OS/namedrop/playwright.config.ts'
    Require stack:
    - /Users/nuno-peakros/Documents/Peakros OS/namedrop/node_modules/playwright/lib/transform/transform.js
    - /Users/nuno-peakros/Documents/Peakros OS/namedrop/node_modules/playwright/lib/common/configLoader.js
    - /Users/nuno-peakros/Documents/Peakros OS/namedrop/node_modules/playwright/lib/worker/workerMain.js
    - /Users/nuno-peakros/Documents/Peakros OS/namedrop/node_modules/playwright/lib/common/process.js
]]>
</failure>
</testcase>
<testcase name="Security › should prevent privilege escalation" classname="security.spec.ts" time="0">
<failure message="security.spec.ts:203:7 should prevent privilege escalation" type="FAILURE">
<![CDATA[  [Google Chrome] › security.spec.ts:203:7 › Security › should prevent privilege escalation ────────

    Error: Cannot find module '/Users/nuno-peakros/Documents/Peakros OS/namedrop/playwright.config.ts'
    Require stack:
    - /Users/nuno-peakros/Documents/Peakros OS/namedrop/node_modules/playwright/lib/transform/transform.js
    - /Users/nuno-peakros/Documents/Peakros OS/namedrop/node_modules/playwright/lib/common/configLoader.js
    - /Users/nuno-peakros/Documents/Peakros OS/namedrop/node_modules/playwright/lib/worker/workerMain.js
    - /Users/nuno-peakros/Documents/Peakros OS/namedrop/node_modules/playwright/lib/common/process.js
]]>
</failure>
</testcase>
<testcase name="Security › should validate CSRF tokens on state-changing requests" classname="security.spec.ts" time="0">
<failure message="security.spec.ts:216:7 should validate CSRF tokens on state-changing requests" type="FAILURE">
<![CDATA[  [Google Chrome] › security.spec.ts:216:7 › Security › should validate CSRF tokens on state-changing requests 

    Error: Cannot find module '/Users/nuno-peakros/Documents/Peakros OS/namedrop/playwright.config.ts'
    Require stack:
    - /Users/nuno-peakros/Documents/Peakros OS/namedrop/node_modules/playwright/lib/transform/transform.js
    - /Users/nuno-peakros/Documents/Peakros OS/namedrop/node_modules/playwright/lib/common/configLoader.js
    - /Users/nuno-peakros/Documents/Peakros OS/namedrop/node_modules/playwright/lib/worker/workerMain.js
    - /Users/nuno-peakros/Documents/Peakros OS/namedrop/node_modules/playwright/lib/common/process.js
]]>
</failure>
</testcase>
<testcase name="Security › should prevent information disclosure in error messages" classname="security.spec.ts" time="0">
<failure message="security.spec.ts:234:7 should prevent information disclosure in error messages" type="FAILURE">
<![CDATA[  [Google Chrome] › security.spec.ts:234:7 › Security › should prevent information disclosure in error messages 

    Error: Cannot find module '/Users/nuno-peakros/Documents/Peakros OS/namedrop/playwright.config.ts'
    Require stack:
    - /Users/nuno-peakros/Documents/Peakros OS/namedrop/node_modules/playwright/lib/transform/transform.js
    - /Users/nuno-peakros/Documents/Peakros OS/namedrop/node_modules/playwright/lib/common/configLoader.js
    - /Users/nuno-peakros/Documents/Peakros OS/namedrop/node_modules/playwright/lib/worker/workerMain.js
    - /Users/nuno-peakros/Documents/Peakros OS/namedrop/node_modules/playwright/lib/common/process.js
]]>
</failure>
</testcase>
<testcase name="Security › should enforce content security policy" classname="security.spec.ts" time="0">
<failure message="security.spec.ts:245:7 should enforce content security policy" type="FAILURE">
<![CDATA[  [Google Chrome] › security.spec.ts:245:7 › Security › should enforce content security policy ─────

    Error: Cannot find module '/Users/nuno-peakros/Documents/Peakros OS/namedrop/playwright.config.ts'
    Require stack:
    - /Users/nuno-peakros/Documents/Peakros OS/namedrop/node_modules/playwright/lib/transform/transform.js
    - /Users/nuno-peakros/Documents/Peakros OS/namedrop/node_modules/playwright/lib/common/configLoader.js
    - /Users/nuno-peakros/Documents/Peakros OS/namedrop/node_modules/playwright/lib/worker/workerMain.js
    - /Users/nuno-peakros/Documents/Peakros OS/namedrop/node_modules/playwright/lib/common/process.js
]]>
</failure>
</testcase>
<testcase name="Security › should prevent timing attacks" classname="security.spec.ts" time="0">
<failure message="security.spec.ts:254:7 should prevent timing attacks" type="FAILURE">
<![CDATA[  [Google Chrome] › security.spec.ts:254:7 › Security › should prevent timing attacks ──────────────

    Error: Cannot find module '/Users/nuno-peakros/Documents/Peakros OS/namedrop/playwright.config.ts'
    Require stack:
    - /Users/nuno-peakros/Documents/Peakros OS/namedrop/node_modules/playwright/lib/transform/transform.js
    - /Users/nuno-peakros/Documents/Peakros OS/namedrop/node_modules/playwright/lib/common/configLoader.js
    - /Users/nuno-peakros/Documents/Peakros OS/namedrop/node_modules/playwright/lib/worker/workerMain.js
    - /Users/nuno-peakros/Documents/Peakros OS/namedrop/node_modules/playwright/lib/common/process.js
]]>
</failure>
</testcase>
<testcase name="Security › should handle security headers correctly" classname="security.spec.ts" time="0">
<failure message="security.spec.ts:278:7 should handle security headers correctly" type="FAILURE">
<![CDATA[  [Google Chrome] › security.spec.ts:278:7 › Security › should handle security headers correctly ───

    Error: Cannot find module '/Users/nuno-peakros/Documents/Peakros OS/namedrop/playwright.config.ts'
    Require stack:
    - /Users/nuno-peakros/Documents/Peakros OS/namedrop/node_modules/playwright/lib/transform/transform.js
    - /Users/nuno-peakros/Documents/Peakros OS/namedrop/node_modules/playwright/lib/common/configLoader.js
    - /Users/nuno-peakros/Documents/Peakros OS/namedrop/node_modules/playwright/lib/worker/workerMain.js
    - /Users/nuno-peakros/Documents/Peakros OS/namedrop/node_modules/playwright/lib/common/process.js
]]>
</failure>
</testcase>
<testcase name="Security › should prevent brute force attacks" classname="security.spec.ts" time="0">
<failure message="security.spec.ts:289:7 should prevent brute force attacks" type="FAILURE">
<![CDATA[  [Google Chrome] › security.spec.ts:289:7 › Security › should prevent brute force attacks ─────────

    Error: Cannot find module '/Users/nuno-peakros/Documents/Peakros OS/namedrop/playwright.config.ts'
    Require stack:
    - /Users/nuno-peakros/Documents/Peakros OS/namedrop/node_modules/playwright/lib/transform/transform.js
    - /Users/nuno-peakros/Documents/Peakros OS/namedrop/node_modules/playwright/lib/common/configLoader.js
    - /Users/nuno-peakros/Documents/Peakros OS/namedrop/node_modules/playwright/lib/worker/workerMain.js
    - /Users/nuno-peakros/Documents/Peakros OS/namedrop/node_modules/playwright/lib/common/process.js
]]>
</failure>
</testcase>
</testsuite>
<testsuite name="user-management.spec.ts" timestamp="2025-10-02T17:03:39.228Z" hostname="Google Chrome" tests="18" failures="18" skipped="0" time="0" errors="0">
<testcase name="User Management Flow › should display user management interface correctly" classname="user-management.spec.ts" time="0">
<failure message="user-management.spec.ts:137:7 should display user management interface correctly" type="FAILURE">
<![CDATA[  [Google Chrome] › user-management.spec.ts:137:7 › User Management Flow › should display user management interface correctly 

    Error: Cannot find module '/Users/nuno-peakros/Documents/Peakros OS/namedrop/playwright.config.ts'
    Require stack:
    - /Users/nuno-peakros/Documents/Peakros OS/namedrop/node_modules/playwright/lib/transform/transform.js
    - /Users/nuno-peakros/Documents/Peakros OS/namedrop/node_modules/playwright/lib/common/configLoader.js
    - /Users/nuno-peakros/Documents/Peakros OS/namedrop/node_modules/playwright/lib/worker/workerMain.js
    - /Users/nuno-peakros/Documents/Peakros OS/namedrop/node_modules/playwright/lib/common/process.js
]]>
</failure>
</testcase>
<testcase name="User Management Flow › should search users correctly" classname="user-management.spec.ts" time="0">
<failure message="user-management.spec.ts:158:7 should search users correctly" type="FAILURE">
<![CDATA[  [Google Chrome] › user-management.spec.ts:158:7 › User Management Flow › should search users correctly 

    Error: Cannot find module '/Users/nuno-peakros/Documents/Peakros OS/namedrop/playwright.config.ts'
    Require stack:
    - /Users/nuno-peakros/Documents/Peakros OS/namedrop/node_modules/playwright/lib/transform/transform.js
    - /Users/nuno-peakros/Documents/Peakros OS/namedrop/node_modules/playwright/lib/common/configLoader.js
    - /Users/nuno-peakros/Documents/Peakros OS/namedrop/node_modules/playwright/lib/worker/workerMain.js
    - /Users/nuno-peakros/Documents/Peakros OS/namedrop/node_modules/playwright/lib/common/process.js
]]>
</failure>
</testcase>
<testcase name="User Management Flow › should filter users by role" classname="user-management.spec.ts" time="0">
<failure message="user-management.spec.ts:169:7 should filter users by role" type="FAILURE">
<![CDATA[  [Google Chrome] › user-management.spec.ts:169:7 › User Management Flow › should filter users by role 

    Error: Cannot find module '/Users/nuno-peakros/Documents/Peakros OS/namedrop/playwright.config.ts'
    Require stack:
    - /Users/nuno-peakros/Documents/Peakros OS/namedrop/node_modules/playwright/lib/transform/transform.js
    - /Users/nuno-peakros/Documents/Peakros OS/namedrop/node_modules/playwright/lib/common/configLoader.js
    - /Users/nuno-peakros/Documents/Peakros OS/namedrop/node_modules/playwright/lib/worker/workerMain.js
    - /Users/nuno-peakros/Documents/Peakros OS/namedrop/node_modules/playwright/lib/common/process.js
]]>
</failure>
</testcase>
<testcase name="User Management Flow › should filter users by status" classname="user-management.spec.ts" time="0">
<failure message="user-management.spec.ts:181:7 should filter users by status" type="FAILURE">
<![CDATA[  [Google Chrome] › user-management.spec.ts:181:7 › User Management Flow › should filter users by status 

    Error: Cannot find module '/Users/nuno-peakros/Documents/Peakros OS/namedrop/playwright.config.ts'
    Require stack:
    - /Users/nuno-peakros/Documents/Peakros OS/namedrop/node_modules/playwright/lib/transform/transform.js
    - /Users/nuno-peakros/Documents/Peakros OS/namedrop/node_modules/playwright/lib/common/configLoader.js
    - /Users/nuno-peakros/Documents/Peakros OS/namedrop/node_modules/playwright/lib/worker/workerMain.js
    - /Users/nuno-peakros/Documents/Peakros OS/namedrop/node_modules/playwright/lib/common/process.js
]]>
</failure>
</testcase>
<testcase name="User Management Flow › should create a new user" classname="user-management.spec.ts" time="0">
<failure message="user-management.spec.ts:193:7 should create a new user" type="FAILURE">
<![CDATA[  [Google Chrome] › user-management.spec.ts:193:7 › User Management Flow › should create a new user 

    Error: Cannot find module '/Users/nuno-peakros/Documents/Peakros OS/namedrop/playwright.config.ts'
    Require stack:
    - /Users/nuno-peakros/Documents/Peakros OS/namedrop/node_modules/playwright/lib/transform/transform.js
    - /Users/nuno-peakros/Documents/Peakros OS/namedrop/node_modules/playwright/lib/common/configLoader.js
    - /Users/nuno-peakros/Documents/Peakros OS/namedrop/node_modules/playwright/lib/worker/workerMain.js
    - /Users/nuno-peakros/Documents/Peakros OS/namedrop/node_modules/playwright/lib/common/process.js
]]>
</failure>
</testcase>
<testcase name="User Management Flow › should select users for bulk operations" classname="user-management.spec.ts" time="0">
<failure message="user-management.spec.ts:203:7 should select users for bulk operations" type="FAILURE">
<![CDATA[  [Google Chrome] › user-management.spec.ts:203:7 › User Management Flow › should select users for bulk operations 

    Error: Cannot find module '/Users/nuno-peakros/Documents/Peakros OS/namedrop/playwright.config.ts'
    Require stack:
    - /Users/nuno-peakros/Documents/Peakros OS/namedrop/node_modules/playwright/lib/transform/transform.js
    - /Users/nuno-peakros/Documents/Peakros OS/namedrop/node_modules/playwright/lib/common/configLoader.js
    - /Users/nuno-peakros/Documents/Peakros OS/namedrop/node_modules/playwright/lib/worker/workerMain.js
    - /Users/nuno-peakros/Documents/Peakros OS/namedrop/node_modules/playwright/lib/common/process.js
]]>
</failure>
</testcase>
<testcase name="User Management Flow › should select all users" classname="user-management.spec.ts" time="0">
<failure message="user-management.spec.ts:216:7 should select all users" type="FAILURE">
<![CDATA[  [Google Chrome] › user-management.spec.ts:216:7 › User Management Flow › should select all users ─

    Error: Cannot find module '/Users/nuno-peakros/Documents/Peakros OS/namedrop/playwright.config.ts'
    Require stack:
    - /Users/nuno-peakros/Documents/Peakros OS/namedrop/node_modules/playwright/lib/transform/transform.js
    - /Users/nuno-peakros/Documents/Peakros OS/namedrop/node_modules/playwright/lib/common/configLoader.js
    - /Users/nuno-peakros/Documents/Peakros OS/namedrop/node_modules/playwright/lib/worker/workerMain.js
    - /Users/nuno-peakros/Documents/Peakros OS/namedrop/node_modules/playwright/lib/common/process.js
]]>
</failure>
</testcase>
<testcase name="User Management Flow › should toggle user status" classname="user-management.spec.ts" time="0">
<failure message="user-management.spec.ts:229:7 should toggle user status" type="FAILURE">
<![CDATA[  [Google Chrome] › user-management.spec.ts:229:7 › User Management Flow › should toggle user status 

    Error: Cannot find module '/Users/nuno-peakros/Documents/Peakros OS/namedrop/playwright.config.ts'
    Require stack:
    - /Users/nuno-peakros/Documents/Peakros OS/namedrop/node_modules/playwright/lib/transform/transform.js
    - /Users/nuno-peakros/Documents/Peakros OS/namedrop/node_modules/playwright/lib/common/configLoader.js
    - /Users/nuno-peakros/Documents/Peakros OS/namedrop/node_modules/playwright/lib/worker/workerMain.js
    - /Users/nuno-peakros/Documents/Peakros OS/namedrop/node_modules/playwright/lib/common/process.js
]]>
</failure>
</testcase>
<testcase name="User Management Flow › should resend verification email" classname="user-management.spec.ts" time="0">
<failure message="user-management.spec.ts:242:7 should resend verification email" type="FAILURE">
<![CDATA[  [Google Chrome] › user-management.spec.ts:242:7 › User Management Flow › should resend verification email 

    Error: Cannot find module '/Users/nuno-peakros/Documents/Peakros OS/namedrop/playwright.config.ts'
    Require stack:
    - /Users/nuno-peakros/Documents/Peakros OS/namedrop/node_modules/playwright/lib/transform/transform.js
    - /Users/nuno-peakros/Documents/Peakros OS/namedrop/node_modules/playwright/lib/common/configLoader.js
    - /Users/nuno-peakros/Documents/Peakros OS/namedrop/node_modules/playwright/lib/worker/workerMain.js
    - /Users/nuno-peakros/Documents/Peakros OS/namedrop/node_modules/playwright/lib/common/process.js
]]>
</failure>
</testcase>
<testcase name="User Management Flow › should delete a user" classname="user-management.spec.ts" time="0">
<failure message="user-management.spec.ts:266:7 should delete a user" type="FAILURE">
<![CDATA[  [Google Chrome] › user-management.spec.ts:266:7 › User Management Flow › should delete a user ────

    Error: Cannot find module '/Users/nuno-peakros/Documents/Peakros OS/namedrop/playwright.config.ts'
    Require stack:
    - /Users/nuno-peakros/Documents/Peakros OS/namedrop/node_modules/playwright/lib/transform/transform.js
    - /Users/nuno-peakros/Documents/Peakros OS/namedrop/node_modules/playwright/lib/common/configLoader.js
    - /Users/nuno-peakros/Documents/Peakros OS/namedrop/node_modules/playwright/lib/worker/workerMain.js
    - /Users/nuno-peakros/Documents/Peakros OS/namedrop/node_modules/playwright/lib/common/process.js
]]>
</failure>
</testcase>
<testcase name="User Management Flow › should handle pagination" classname="user-management.spec.ts" time="0">
<failure message="user-management.spec.ts:285:7 should handle pagination" type="FAILURE">
<![CDATA[  [Google Chrome] › user-management.spec.ts:285:7 › User Management Flow › should handle pagination 

    Error: Cannot find module '/Users/nuno-peakros/Documents/Peakros OS/namedrop/playwright.config.ts'
    Require stack:
    - /Users/nuno-peakros/Documents/Peakros OS/namedrop/node_modules/playwright/lib/transform/transform.js
    - /Users/nuno-peakros/Documents/Peakros OS/namedrop/node_modules/playwright/lib/common/configLoader.js
    - /Users/nuno-peakros/Documents/Peakros OS/namedrop/node_modules/playwright/lib/worker/workerMain.js
    - /Users/nuno-peakros/Documents/Peakros OS/namedrop/node_modules/playwright/lib/common/process.js
]]>
</failure>
</testcase>
<testcase name="User Management Flow › should display loading state" classname="user-management.spec.ts" time="0">
<failure message="user-management.spec.ts:328:7 should display loading state" type="FAILURE">
<![CDATA[  [Google Chrome] › user-management.spec.ts:328:7 › User Management Flow › should display loading state 

    Error: Cannot find module '/Users/nuno-peakros/Documents/Peakros OS/namedrop/playwright.config.ts'
    Require stack:
    - /Users/nuno-peakros/Documents/Peakros OS/namedrop/node_modules/playwright/lib/transform/transform.js
    - /Users/nuno-peakros/Documents/Peakros OS/namedrop/node_modules/playwright/lib/common/configLoader.js
    - /Users/nuno-peakros/Documents/Peakros OS/namedrop/node_modules/playwright/lib/worker/workerMain.js
    - /Users/nuno-peakros/Documents/Peakros OS/namedrop/node_modules/playwright/lib/common/process.js
]]>
</failure>
</testcase>
<testcase name="User Management Flow › should display error state" classname="user-management.spec.ts" time="0">
<failure message="user-management.spec.ts:346:7 should display error state" type="FAILURE">
<![CDATA[  [Google Chrome] › user-management.spec.ts:346:7 › User Management Flow › should display error state 

    Error: Cannot find module '/Users/nuno-peakros/Documents/Peakros OS/namedrop/playwright.config.ts'
    Require stack:
    - /Users/nuno-peakros/Documents/Peakros OS/namedrop/node_modules/playwright/lib/transform/transform.js
    - /Users/nuno-peakros/Documents/Peakros OS/namedrop/node_modules/playwright/lib/common/configLoader.js
    - /Users/nuno-peakros/Documents/Peakros OS/namedrop/node_modules/playwright/lib/worker/workerMain.js
    - /Users/nuno-peakros/Documents/Peakros OS/namedrop/node_modules/playwright/lib/common/process.js
]]>
</failure>
</testcase>
<testcase name="User Management Flow › should display empty state when no users found" classname="user-management.spec.ts" time="0">
<failure message="user-management.spec.ts:369:7 should display empty state when no users found" type="FAILURE">
<![CDATA[  [Google Chrome] › user-management.spec.ts:369:7 › User Management Flow › should display empty state when no users found 

    Error: Cannot find module '/Users/nuno-peakros/Documents/Peakros OS/namedrop/playwright.config.ts'
    Require stack:
    - /Users/nuno-peakros/Documents/Peakros OS/namedrop/node_modules/playwright/lib/transform/transform.js
    - /Users/nuno-peakros/Documents/Peakros OS/namedrop/node_modules/playwright/lib/common/configLoader.js
    - /Users/nuno-peakros/Documents/Peakros OS/namedrop/node_modules/playwright/lib/worker/workerMain.js
    - /Users/nuno-peakros/Documents/Peakros OS/namedrop/node_modules/playwright/lib/common/process.js
]]>
</failure>
</testcase>
<testcase name="User Management Flow › should handle search with no results" classname="user-management.spec.ts" time="0">
<failure message="user-management.spec.ts:401:7 should handle search with no results" type="FAILURE">
<![CDATA[  [Google Chrome] › user-management.spec.ts:401:7 › User Management Flow › should handle search with no results 

    Error: Cannot find module '/Users/nuno-peakros/Documents/Peakros OS/namedrop/playwright.config.ts'
    Require stack:
    - /Users/nuno-peakros/Documents/Peakros OS/namedrop/node_modules/playwright/lib/transform/transform.js
    - /Users/nuno-peakros/Documents/Peakros OS/namedrop/node_modules/playwright/lib/common/configLoader.js
    - /Users/nuno-peakros/Documents/Peakros OS/namedrop/node_modules/playwright/lib/worker/workerMain.js
    - /Users/nuno-peakros/Documents/Peakros OS/namedrop/node_modules/playwright/lib/common/process.js
]]>
</failure>
</testcase>
<testcase name="User Management Flow › should be responsive on mobile devices" classname="user-management.spec.ts" time="0">
<failure message="user-management.spec.ts:441:7 should be responsive on mobile devices" type="FAILURE">
<![CDATA[  [Google Chrome] › user-management.spec.ts:441:7 › User Management Flow › should be responsive on mobile devices 

    Error: Cannot find module '/Users/nuno-peakros/Documents/Peakros OS/namedrop/playwright.config.ts'
    Require stack:
    - /Users/nuno-peakros/Documents/Peakros OS/namedrop/node_modules/playwright/lib/transform/transform.js
    - /Users/nuno-peakros/Documents/Peakros OS/namedrop/node_modules/playwright/lib/common/configLoader.js
    - /Users/nuno-peakros/Documents/Peakros OS/namedrop/node_modules/playwright/lib/worker/workerMain.js
    - /Users/nuno-peakros/Documents/Peakros OS/namedrop/node_modules/playwright/lib/common/process.js
]]>
</failure>
</testcase>
<testcase name="User Management Flow › should have proper accessibility attributes" classname="user-management.spec.ts" time="0">
<failure message="user-management.spec.ts:455:7 should have proper accessibility attributes" type="FAILURE">
<![CDATA[  [Google Chrome] › user-management.spec.ts:455:7 › User Management Flow › should have proper accessibility attributes 

    Error: Cannot find module '/Users/nuno-peakros/Documents/Peakros OS/namedrop/playwright.config.ts'
    Require stack:
    - /Users/nuno-peakros/Documents/Peakros OS/namedrop/node_modules/playwright/lib/transform/transform.js
    - /Users/nuno-peakros/Documents/Peakros OS/namedrop/node_modules/playwright/lib/common/configLoader.js
    - /Users/nuno-peakros/Documents/Peakros OS/namedrop/node_modules/playwright/lib/worker/workerMain.js
    - /Users/nuno-peakros/Documents/Peakros OS/namedrop/node_modules/playwright/lib/common/process.js
]]>
</failure>
</testcase>
<testcase name="User Management Flow › should handle keyboard navigation" classname="user-management.spec.ts" time="0">
<failure message="user-management.spec.ts:475:7 should handle keyboard navigation" type="FAILURE">
<![CDATA[  [Google Chrome] › user-management.spec.ts:475:7 › User Management Flow › should handle keyboard navigation 

    Error: Cannot find module '/Users/nuno-peakros/Documents/Peakros OS/namedrop/playwright.config.ts'
    Require stack:
    - /Users/nuno-peakros/Documents/Peakros OS/namedrop/node_modules/playwright/lib/transform/transform.js
    - /Users/nuno-peakros/Documents/Peakros OS/namedrop/node_modules/playwright/lib/common/configLoader.js
    - /Users/nuno-peakros/Documents/Peakros OS/namedrop/node_modules/playwright/lib/worker/workerMain.js
    - /Users/nuno-peakros/Documents/Peakros OS/namedrop/node_modules/playwright/lib/common/process.js
]]>
</failure>
</testcase>
</testsuite>
</testsuites>